INFO:werkzeug: * Running on http://127.0.0.1:5000/ (Press CTRL+C to quit)
INFO:werkzeug: * Running on http://127.0.0.1:5000/ (Press CTRL+C to quit)
INFO:root:before_request
INFO:werkzeug:127.0.0.1 - - [02/Oct/2019 11:32:31] "GET /htmltest HTTP/1.1" 200 -
INFO:root:before_request
INFO:werkzeug:127.0.0.1 - - [02/Oct/2019 11:32:48] "POST /login HTTP/1.1" 200 -
INFO:werkzeug: * Running on http://127.0.0.1:5000/ (Press CTRL+C to quit)
INFO:root:before_request
INFO:werkzeug:127.0.0.1 - - [02/Oct/2019 11:50:03] "GET /news/main HTTP/1.1" 200 -
INFO:root:before_request
INFO:werkzeug:127.0.0.1 - - [02/Oct/2019 11:50:19] "GET /news/sports HTTP/1.1" 200 -
INFO:werkzeug: * Running on http://127.0.0.1:5000/ (Press CTRL+C to quit)
INFO:root:before_request
INFO:werkzeug:127.0.0.1 - - [02/Oct/2019 12:17:24] "GET /htmltest HTTP/1.1" 200 -
INFO:root:before_request
INFO:werkzeug:127.0.0.1 - - [02/Oct/2019 12:18:41] "GET /htmltest HTTP/1.1" 200 -
INFO:root:before_request
INFO:werkzeug:127.0.0.1 - - [02/Oct/2019 12:18:42] "GET /htmltest HTTP/1.1" 200 -
INFO:werkzeug: * Running on http://127.0.0.1:5000/ (Press CTRL+C to quit)
INFO:root:before_request
INFO:werkzeug:127.0.0.1 - - [02/Oct/2019 12:18:50] "GET /htmltest HTTP/1.1" 200 -
INFO:werkzeug: * Running on http://127.0.0.1:5000/ (Press CTRL+C to quit)
INFO:root:before_request
INFO:werkzeug:127.0.0.1 - - [02/Oct/2019 12:30:30] "GET /htmltest HTTP/1.1" 200 -
INFO:root:before_request
INFO:root:before_request
INFO:werkzeug:127.0.0.1 - - [02/Oct/2019 12:30:30] "GET /static/css/bootstrap.min.css HTTP/1.1" 200 -
INFO:werkzeug:127.0.0.1 - - [02/Oct/2019 12:30:30] "GET /static/js/bootstrap.min.js HTTP/1.1" 200 -
INFO:root:before_request
INFO:werkzeug:127.0.0.1 - - [02/Oct/2019 12:30:30] "GET /static/css/bootstrap.min.css.map HTTP/1.1" 200 -
INFO:root:before_request
INFO:werkzeug:127.0.0.1 - - [02/Oct/2019 12:30:30] "GET /static/js/bootstrap.min.js.map HTTP/1.1" 200 -
INFO:root:before_request
INFO:werkzeug:127.0.0.1 - - [02/Oct/2019 12:30:31] "GET /htmltest HTTP/1.1" 200 -
INFO:root:before_request
INFO:werkzeug:127.0.0.1 - - [02/Oct/2019 12:30:31] "GET /htmltest HTTP/1.1" 200 -
INFO:root:before_request
INFO:werkzeug:127.0.0.1 - - [02/Oct/2019 12:30:31] "GET /htmltest HTTP/1.1" 200 -
INFO:werkzeug: * Running on http://127.0.0.1:5000/ (Press CTRL+C to quit)
INFO:root:before_request
INFO:werkzeug:127.0.0.1 - - [02/Oct/2019 12:30:39] "GET / HTTP/1.1" 200 -
INFO:root:before_request
INFO:werkzeug:127.0.0.1 - - [02/Oct/2019 12:30:46] "GET /htmltest HTTP/1.1" 200 -
INFO:werkzeug: * Running on http://127.0.0.1:5000/ (Press CTRL+C to quit)
INFO:root:before_request
INFO:werkzeug:127.0.0.1 - - [02/Oct/2019 12:33:17] "GET /htmltest HTTP/1.1" 200 -
INFO:root:before_request
INFO:werkzeug:127.0.0.1 - - [02/Oct/2019 12:33:17] "GET /htmltest HTTP/1.1" 200 -
INFO:root:before_request
INFO:werkzeug:127.0.0.1 - - [02/Oct/2019 12:33:18] "GET /htmltest HTTP/1.1" 200 -
INFO:root:before_request
INFO:werkzeug:127.0.0.1 - - [02/Oct/2019 12:33:18] "GET /htmltest HTTP/1.1" 200 -
INFO:root:before_request
INFO:werkzeug:127.0.0.1 - - [02/Oct/2019 12:33:18] "GET /htmltest HTTP/1.1" 200 -
INFO:root:before_request
INFO:werkzeug:127.0.0.1 - - [02/Oct/2019 12:33:27] "GET /htmltest HTTP/1.1" 200 -
INFO:root:before_request
INFO:werkzeug:127.0.0.1 - - [02/Oct/2019 12:33:28] "GET /htmltest HTTP/1.1" 200 -
INFO:root:before_request
INFO:werkzeug:127.0.0.1 - - [02/Oct/2019 12:33:28] "GET /htmltest HTTP/1.1" 200 -
INFO:root:before_request
INFO:werkzeug:127.0.0.1 - - [02/Oct/2019 12:33:29] "GET /htmltest HTTP/1.1" 200 -
INFO:root:before_request
INFO:werkzeug:127.0.0.1 - - [02/Oct/2019 12:35:23] "GET / HTTP/1.1" 200 -
INFO:werkzeug: * Running on http://127.0.0.1:5000/ (Press CTRL+C to quit)
INFO:root:before_request
INFO:werkzeug:127.0.0.1 - - [02/Oct/2019 12:35:32] "GET / HTTP/1.1" 200 -
INFO:root:before_request
INFO:werkzeug:127.0.0.1 - - [02/Oct/2019 12:36:48] "GET / HTTP/1.1" 200 -
INFO:werkzeug: * Running on http://127.0.0.1:5000/ (Press CTRL+C to quit)
INFO:root:before_request
INFO:werkzeug:127.0.0.1 - - [02/Oct/2019 12:36:53] "GET / HTTP/1.1" 200 -
INFO:root:before_request
INFO:werkzeug:127.0.0.1 - - [02/Oct/2019 12:37:19] "GET / HTTP/1.1" 200 -
INFO:root:before_request
INFO:werkzeug:127.0.0.1 - - [02/Oct/2019 12:37:19] "GET / HTTP/1.1" 200 -
INFO:root:before_request
INFO:werkzeug:127.0.0.1 - - [02/Oct/2019 12:49:22] "GET / HTTP/1.1" 200 -
INFO:werkzeug: * Running on http://127.0.0.1:5000/ (Press CTRL+C to quit)
INFO:werkzeug: * Running on http://127.0.0.1:5000/ (Press CTRL+C to quit)
INFO:werkzeug:127.0.0.1 - - [08/Oct/2019 11:22:36] "GET / HTTP/1.1" 200 -
INFO:werkzeug:127.0.0.1 - - [08/Oct/2019 11:22:36] "GET /static/css/bootstrap.min.css HTTP/1.1" 200 -
INFO:werkzeug:127.0.0.1 - - [08/Oct/2019 11:22:37] "GET /static/js/bootstrap.min.js HTTP/1.1" 200 -
INFO:werkzeug:127.0.0.1 - - [08/Oct/2019 11:22:37] "GET /favicon.ico HTTP/1.1" 404 -
INFO:werkzeug:127.0.0.1 - - [08/Oct/2019 11:22:41] "GET /static/js/bootstrap.min.js.map HTTP/1.1" 200 -
INFO:werkzeug:127.0.0.1 - - [08/Oct/2019 11:22:42] "GET /static/css/bootstrap.min.css.map HTTP/1.1" 200 -
INFO:werkzeug:127.0.0.1 - - [08/Oct/2019 11:23:03] "GET / HTTP/1.1" 200 -
INFO:werkzeug: * Running on http://127.0.0.1:5000/ (Press CTRL+C to quit)
INFO:werkzeug:127.0.0.1 - - [08/Oct/2019 11:23:25] "GET / HTTP/1.1" 200 -
INFO:werkzeug: * Running on http://127.0.0.1:5000/ (Press CTRL+C to quit)
INFO:werkzeug:127.0.0.1 - - [08/Oct/2019 11:26:38] "GET / HTTP/1.1" 200 -
INFO:werkzeug: * Running on http://127.0.0.1:5000/ (Press CTRL+C to quit)
INFO:werkzeug:127.0.0.1 - - [08/Oct/2019 11:27:21] "GET / HTTP/1.1" 200 -
INFO:werkzeug: * Running on http://127.0.0.1:5000/ (Press CTRL+C to quit)
INFO:werkzeug:127.0.0.1 - - [08/Oct/2019 11:27:40] "GET / HTTP/1.1" 200 -
INFO:werkzeug:127.0.0.1 - - [08/Oct/2019 11:27:41] "GET / HTTP/1.1" 200 -
INFO:werkzeug:127.0.0.1 - - [08/Oct/2019 11:27:42] "GET / HTTP/1.1" 200 -
INFO:werkzeug: * Running on http://127.0.0.1:5000/ (Press CTRL+C to quit)
INFO:werkzeug:127.0.0.1 - - [08/Oct/2019 11:32:12] "GET / HTTP/1.1" 200 -
INFO:werkzeug: * Running on http://127.0.0.1:5000/ (Press CTRL+C to quit)
INFO:werkzeug:127.0.0.1 - - [08/Oct/2019 11:35:50] "GET / HTTP/1.1" 200 -
INFO:werkzeug: * Running on http://127.0.0.1:5000/ (Press CTRL+C to quit)
INFO:werkzeug:127.0.0.1 - - [08/Oct/2019 11:41:07] "GET / HTTP/1.1" 200 -
INFO:werkzeug:127.0.0.1 - - [08/Oct/2019 11:41:08] "GET / HTTP/1.1" 200 -
INFO:werkzeug:127.0.0.1 - - [08/Oct/2019 11:41:08] "GET / HTTP/1.1" 200 -
INFO:werkzeug:127.0.0.1 - - [08/Oct/2019 11:41:09] "GET / HTTP/1.1" 200 -
INFO:werkzeug:127.0.0.1 - - [08/Oct/2019 11:42:23] "GET / HTTP/1.1" 200 -
INFO:werkzeug: * Running on http://127.0.0.1:5000/ (Press CTRL+C to quit)
INFO:werkzeug:127.0.0.1 - - [08/Oct/2019 11:42:42] "GET / HTTP/1.1" 200 -
INFO:werkzeug:127.0.0.1 - - [08/Oct/2019 11:42:42] "GET / HTTP/1.1" 200 -
INFO:werkzeug:127.0.0.1 - - [08/Oct/2019 11:42:43] "GET / HTTP/1.1" 200 -
INFO:werkzeug:127.0.0.1 - - [08/Oct/2019 11:42:43] "GET / HTTP/1.1" 200 -
INFO:werkzeug: * Running on http://127.0.0.1:5000/ (Press CTRL+C to quit)
INFO:werkzeug:127.0.0.1 - - [08/Oct/2019 11:43:06] "GET / HTTP/1.1" 200 -
INFO:werkzeug: * Running on http://127.0.0.1:5000/ (Press CTRL+C to quit)
INFO:werkzeug:127.0.0.1 - - [08/Oct/2019 11:46:41] "GET / HTTP/1.1" 200 -
INFO:werkzeug:127.0.0.1 - - [08/Oct/2019 11:46:42] "GET / HTTP/1.1" 200 -
INFO:werkzeug:127.0.0.1 - - [08/Oct/2019 11:46:42] "GET / HTTP/1.1" 200 -
INFO:werkzeug:127.0.0.1 - - [08/Oct/2019 11:46:43] "GET / HTTP/1.1" 200 -
INFO:werkzeug:127.0.0.1 - - [08/Oct/2019 11:46:43] "GET / HTTP/1.1" 200 -
INFO:werkzeug:127.0.0.1 - - [08/Oct/2019 11:46:44] "GET / HTTP/1.1" 200 -
INFO:werkzeug:127.0.0.1 - - [08/Oct/2019 11:46:44] "GET / HTTP/1.1" 200 -
INFO:werkzeug:127.0.0.1 - - [08/Oct/2019 11:46:44] "GET / HTTP/1.1" 200 -
INFO:werkzeug:127.0.0.1 - - [08/Oct/2019 11:46:44] "GET / HTTP/1.1" 200 -
INFO:werkzeug:127.0.0.1 - - [08/Oct/2019 11:46:44] "GET / HTTP/1.1" 200 -
INFO:werkzeug:127.0.0.1 - - [08/Oct/2019 11:47:02] "GET / HTTP/1.1" 200 -
INFO:werkzeug:127.0.0.1 - - [08/Oct/2019 11:47:02] "GET / HTTP/1.1" 200 -
INFO:werkzeug:127.0.0.1 - - [08/Oct/2019 11:47:02] "GET / HTTP/1.1" 200 -
INFO:werkzeug:127.0.0.1 - - [08/Oct/2019 11:47:02] "GET / HTTP/1.1" 200 -
INFO:werkzeug:127.0.0.1 - - [08/Oct/2019 11:47:02] "GET / HTTP/1.1" 200 -
INFO:werkzeug:127.0.0.1 - - [08/Oct/2019 11:47:03] "GET / HTTP/1.1" 200 -
INFO:werkzeug:127.0.0.1 - - [08/Oct/2019 11:47:03] "GET / HTTP/1.1" 200 -
INFO:werkzeug:127.0.0.1 - - [08/Oct/2019 11:47:03] "GET / HTTP/1.1" 200 -
INFO:werkzeug:127.0.0.1 - - [08/Oct/2019 11:47:04] "GET / HTTP/1.1" 200 -
INFO:werkzeug:127.0.0.1 - - [08/Oct/2019 11:47:04] "GET / HTTP/1.1" 200 -
INFO:werkzeug:127.0.0.1 - - [08/Oct/2019 11:47:04] "GET / HTTP/1.1" 200 -
INFO:werkzeug:127.0.0.1 - - [08/Oct/2019 11:47:04] "GET / HTTP/1.1" 200 -
INFO:werkzeug:127.0.0.1 - - [08/Oct/2019 11:47:04] "GET / HTTP/1.1" 200 -
INFO:werkzeug:127.0.0.1 - - [08/Oct/2019 11:47:05] "GET / HTTP/1.1" 200 -
INFO:werkzeug: * Running on http://127.0.0.1:5000/ (Press CTRL+C to quit)
INFO:werkzeug:127.0.0.1 - - [08/Oct/2019 11:47:11] "GET / HTTP/1.1" 200 -
INFO:werkzeug:127.0.0.1 - - [08/Oct/2019 11:47:11] "GET / HTTP/1.1" 200 -
INFO:werkzeug:127.0.0.1 - - [08/Oct/2019 11:47:12] "GET / HTTP/1.1" 200 -
INFO:werkzeug:127.0.0.1 - - [08/Oct/2019 11:47:12] "GET / HTTP/1.1" 200 -
INFO:werkzeug:127.0.0.1 - - [08/Oct/2019 11:47:12] "GET / HTTP/1.1" 200 -
INFO:werkzeug:127.0.0.1 - - [08/Oct/2019 11:47:12] "GET / HTTP/1.1" 200 -
INFO:werkzeug:127.0.0.1 - - [08/Oct/2019 11:47:13] "GET / HTTP/1.1" 200 -
INFO:werkzeug: * Running on http://127.0.0.1:5000/ (Press CTRL+C to quit)
INFO:werkzeug:127.0.0.1 - - [08/Oct/2019 11:47:20] "GET / HTTP/1.1" 200 -
INFO:werkzeug:127.0.0.1 - - [08/Oct/2019 11:47:20] "GET / HTTP/1.1" 200 -
INFO:werkzeug:127.0.0.1 - - [08/Oct/2019 11:47:21] "GET / HTTP/1.1" 200 -
INFO:werkzeug:127.0.0.1 - - [08/Oct/2019 11:47:21] "GET / HTTP/1.1" 200 -
INFO:werkzeug:127.0.0.1 - - [08/Oct/2019 11:47:21] "GET / HTTP/1.1" 200 -
INFO:werkzeug:127.0.0.1 - - [08/Oct/2019 11:47:21] "GET / HTTP/1.1" 200 -
INFO:werkzeug:127.0.0.1 - - [08/Oct/2019 11:47:21] "GET / HTTP/1.1" 200 -
INFO:werkzeug:127.0.0.1 - - [08/Oct/2019 11:47:22] "GET / HTTP/1.1" 200 -
INFO:werkzeug:127.0.0.1 - - [08/Oct/2019 11:47:23] "GET / HTTP/1.1" 200 -
INFO:werkzeug:127.0.0.1 - - [08/Oct/2019 11:47:23] "GET / HTTP/1.1" 200 -
INFO:werkzeug:127.0.0.1 - - [08/Oct/2019 11:47:23] "GET / HTTP/1.1" 200 -
INFO:werkzeug:127.0.0.1 - - [08/Oct/2019 11:47:24] "GET / HTTP/1.1" 200 -
INFO:werkzeug:127.0.0.1 - - [08/Oct/2019 11:47:24] "GET / HTTP/1.1" 200 -
INFO:werkzeug:127.0.0.1 - - [08/Oct/2019 11:47:24] "GET / HTTP/1.1" 200 -
INFO:werkzeug:127.0.0.1 - - [08/Oct/2019 11:47:24] "GET / HTTP/1.1" 200 -
INFO:werkzeug:127.0.0.1 - - [08/Oct/2019 11:47:24] "GET / HTTP/1.1" 200 -
INFO:werkzeug:127.0.0.1 - - [08/Oct/2019 11:47:53] "GET / HTTP/1.1" 200 -
INFO:werkzeug:127.0.0.1 - - [08/Oct/2019 11:47:53] "GET / HTTP/1.1" 200 -
INFO:werkzeug:127.0.0.1 - - [08/Oct/2019 11:47:54] "GET / HTTP/1.1" 200 -
INFO:werkzeug: * Running on http://127.0.0.1:5000/ (Press CTRL+C to quit)
INFO:werkzeug:127.0.0.1 - - [08/Oct/2019 11:47:58] "GET / HTTP/1.1" 200 -
INFO:werkzeug:127.0.0.1 - - [08/Oct/2019 11:47:58] "GET / HTTP/1.1" 200 -
INFO:werkzeug:127.0.0.1 - - [08/Oct/2019 11:47:59] "GET / HTTP/1.1" 200 -
INFO:werkzeug:127.0.0.1 - - [08/Oct/2019 11:47:59] "GET / HTTP/1.1" 200 -
INFO:werkzeug:127.0.0.1 - - [08/Oct/2019 11:47:59] "GET / HTTP/1.1" 200 -
INFO:werkzeug:127.0.0.1 - - [08/Oct/2019 11:48:00] "GET / HTTP/1.1" 200 -
INFO:werkzeug:127.0.0.1 - - [08/Oct/2019 11:48:00] "GET / HTTP/1.1" 200 -
INFO:werkzeug:127.0.0.1 - - [08/Oct/2019 11:48:00] "GET / HTTP/1.1" 200 -
INFO:werkzeug:127.0.0.1 - - [08/Oct/2019 11:48:01] "GET / HTTP/1.1" 200 -
INFO:werkzeug:127.0.0.1 - - [08/Oct/2019 11:48:01] "GET / HTTP/1.1" 200 -
INFO:werkzeug: * Running on http://127.0.0.1:5000/ (Press CTRL+C to quit)
INFO:werkzeug:127.0.0.1 - - [08/Oct/2019 11:49:59] "GET / HTTP/1.1" 200 -
INFO:werkzeug:127.0.0.1 - - [08/Oct/2019 11:50:01] "GET / HTTP/1.1" 200 -
INFO:werkzeug:127.0.0.1 - - [08/Oct/2019 11:50:01] "GET / HTTP/1.1" 200 -
INFO:werkzeug:127.0.0.1 - - [08/Oct/2019 11:50:01] "GET / HTTP/1.1" 200 -
INFO:werkzeug:127.0.0.1 - - [08/Oct/2019 11:50:01] "GET / HTTP/1.1" 200 -
INFO:werkzeug:127.0.0.1 - - [08/Oct/2019 11:50:02] "GET / HTTP/1.1" 200 -
INFO:werkzeug:127.0.0.1 - - [08/Oct/2019 11:50:02] "GET / HTTP/1.1" 200 -
INFO:werkzeug:127.0.0.1 - - [08/Oct/2019 11:50:03] "GET / HTTP/1.1" 200 -
INFO:werkzeug:127.0.0.1 - - [08/Oct/2019 11:50:03] "GET / HTTP/1.1" 200 -
INFO:werkzeug:127.0.0.1 - - [08/Oct/2019 11:50:04] "GET / HTTP/1.1" 200 -
INFO:werkzeug:127.0.0.1 - - [08/Oct/2019 11:50:04] "GET / HTTP/1.1" 200 -
INFO:werkzeug:127.0.0.1 - - [08/Oct/2019 11:50:04] "GET / HTTP/1.1" 200 -
INFO:werkzeug:127.0.0.1 - - [08/Oct/2019 11:50:04] "GET / HTTP/1.1" 200 -
INFO:werkzeug:127.0.0.1 - - [08/Oct/2019 11:50:05] "GET / HTTP/1.1" 200 -
INFO:werkzeug: * Running on http://127.0.0.1:5000/ (Press CTRL+C to quit)
INFO:werkzeug:127.0.0.1 - - [08/Oct/2019 11:51:08] "GET / HTTP/1.1" 200 -
INFO:werkzeug:127.0.0.1 - - [08/Oct/2019 11:51:12] "GET / HTTP/1.1" 200 -
INFO:werkzeug:127.0.0.1 - - [08/Oct/2019 11:52:30] "GET / HTTP/1.1" 200 -
INFO:werkzeug:127.0.0.1 - - [08/Oct/2019 11:52:32] "GET / HTTP/1.1" 200 -
INFO:werkzeug:127.0.0.1 - - [08/Oct/2019 11:52:33] "GET / HTTP/1.1" 200 -
INFO:werkzeug:127.0.0.1 - - [08/Oct/2019 11:52:33] "GET / HTTP/1.1" 200 -
INFO:werkzeug:127.0.0.1 - - [08/Oct/2019 11:52:34] "GET / HTTP/1.1" 200 -
INFO:werkzeug:127.0.0.1 - - [08/Oct/2019 11:52:34] "GET / HTTP/1.1" 200 -
INFO:werkzeug: * Running on http://127.0.0.1:5000/ (Press CTRL+C to quit)
INFO:werkzeug:127.0.0.1 - - [08/Oct/2019 11:52:37] "GET / HTTP/1.1" 200 -
INFO:werkzeug: * Running on http://127.0.0.1:5000/ (Press CTRL+C to quit)
INFO:werkzeug:127.0.0.1 - - [08/Oct/2019 11:53:42] "GET / HTTP/1.1" 200 -
INFO:werkzeug: * Running on http://127.0.0.1:5000/ (Press CTRL+C to quit)
INFO:werkzeug:127.0.0.1 - - [08/Oct/2019 12:07:35] "GET / HTTP/1.1" 200 -
INFO:werkzeug:127.0.0.1 - - [08/Oct/2019 12:07:42] "GET / HTTP/1.1" 200 -
INFO:werkzeug:127.0.0.1 - - [08/Oct/2019 12:10:09] "GET / HTTP/1.1" 200 -
INFO:werkzeug:127.0.0.1 - - [08/Oct/2019 12:11:54] "GET / HTTP/1.1" 200 -
INFO:werkzeug: * Running on http://127.0.0.1:5000/ (Press CTRL+C to quit)
INFO:werkzeug:127.0.0.1 - - [08/Oct/2019 12:11:58] "GET / HTTP/1.1" 200 -
INFO:werkzeug:127.0.0.1 - - [08/Oct/2019 12:11:59] "GET / HTTP/1.1" 200 -
INFO:werkzeug:127.0.0.1 - - [08/Oct/2019 12:11:59] "GET / HTTP/1.1" 200 -
INFO:werkzeug:127.0.0.1 - - [08/Oct/2019 12:12:00] "GET / HTTP/1.1" 200 -
INFO:werkzeug:127.0.0.1 - - [08/Oct/2019 12:12:00] "GET / HTTP/1.1" 200 -
INFO:werkzeug:127.0.0.1 - - [08/Oct/2019 12:12:00] "GET / HTTP/1.1" 200 -
INFO:werkzeug:127.0.0.1 - - [08/Oct/2019 12:12:01] "GET / HTTP/1.1" 200 -
INFO:werkzeug: * Running on http://127.0.0.1:5000/ (Press CTRL+C to quit)
INFO:werkzeug:127.0.0.1 - - [08/Oct/2019 12:13:09] "GET / HTTP/1.1" 200 -
INFO:werkzeug: * Running on http://127.0.0.1:5000/ (Press CTRL+C to quit)
INFO:werkzeug:127.0.0.1 - - [08/Oct/2019 12:14:28] "GET / HTTP/1.1" 200 -
INFO:werkzeug: * Running on http://127.0.0.1:5000/ (Press CTRL+C to quit)
INFO:werkzeug:127.0.0.1 - - [08/Oct/2019 12:15:04] "GET / HTTP/1.1" 200 -
INFO:werkzeug: * Running on http://127.0.0.1:5000/ (Press CTRL+C to quit)
INFO:werkzeug:127.0.0.1 - - [08/Oct/2019 12:16:18] "GET / HTTP/1.1" 200 -
INFO:werkzeug: * Running on http://127.0.0.1:5000/ (Press CTRL+C to quit)
INFO:werkzeug:127.0.0.1 - - [08/Oct/2019 12:16:50] "GET / HTTP/1.1" 200 -
INFO:werkzeug: * Running on http://127.0.0.1:5000/ (Press CTRL+C to quit)
INFO:werkzeug:127.0.0.1 - - [08/Oct/2019 12:17:06] "GET / HTTP/1.1" 200 -
INFO:werkzeug: * Running on http://127.0.0.1:5000/ (Press CTRL+C to quit)
INFO:werkzeug:127.0.0.1 - - [08/Oct/2019 12:17:31] "GET / HTTP/1.1" 200 -
INFO:werkzeug: * Running on http://127.0.0.1:5000/ (Press CTRL+C to quit)
INFO:werkzeug:127.0.0.1 - - [08/Oct/2019 12:19:33] "GET / HTTP/1.1" 200 -
INFO:werkzeug: * Running on http://127.0.0.1:5000/ (Press CTRL+C to quit)
INFO:werkzeug:127.0.0.1 - - [08/Oct/2019 12:19:53] "GET / HTTP/1.1" 200 -
INFO:werkzeug: * Running on http://127.0.0.1:5000/ (Press CTRL+C to quit)
INFO:werkzeug:127.0.0.1 - - [08/Oct/2019 12:23:07] "GET / HTTP/1.1" 200 -
INFO:werkzeug:127.0.0.1 - - [08/Oct/2019 12:25:22] "GET / HTTP/1.1" 200 -
INFO:werkzeug:127.0.0.1 - - [08/Oct/2019 12:25:23] "GET / HTTP/1.1" 200 -
INFO:werkzeug: * Running on http://127.0.0.1:5000/ (Press CTRL+C to quit)
INFO:werkzeug:127.0.0.1 - - [08/Oct/2019 12:25:26] "GET / HTTP/1.1" 200 -
INFO:werkzeug:127.0.0.1 - - [08/Oct/2019 12:25:26] "GET /images/iu.jpg HTTP/1.1" 404 -
INFO:werkzeug:127.0.0.1 - - [08/Oct/2019 12:26:01] "GET / HTTP/1.1" 200 -
INFO:werkzeug:127.0.0.1 - - [08/Oct/2019 12:26:01] "GET /images/iu.jpg HTTP/1.1" 404 -
INFO:werkzeug: * Running on http://127.0.0.1:5000/ (Press CTRL+C to quit)
INFO:werkzeug:127.0.0.1 - - [08/Oct/2019 12:26:04] "GET / HTTP/1.1" 200 -
INFO:werkzeug:127.0.0.1 - - [08/Oct/2019 12:26:04] "GET /images/iu.jpg HTTP/1.1" 404 -
INFO:werkzeug:127.0.0.1 - - [08/Oct/2019 12:26:05] "GET / HTTP/1.1" 200 -
INFO:werkzeug:127.0.0.1 - - [08/Oct/2019 12:26:05] "GET /images/iu.jpg HTTP/1.1" 404 -
INFO:werkzeug:127.0.0.1 - - [08/Oct/2019 12:26:08] "GET / HTTP/1.1" 200 -
INFO:werkzeug:127.0.0.1 - - [08/Oct/2019 12:26:08] "GET /images/iu.jpg HTTP/1.1" 404 -
INFO:werkzeug:127.0.0.1 - - [08/Oct/2019 12:26:11] "GET / HTTP/1.1" 200 -
INFO:werkzeug:127.0.0.1 - - [08/Oct/2019 12:26:11] "GET /images/iu.jpg HTTP/1.1" 404 -
INFO:werkzeug:127.0.0.1 - - [08/Oct/2019 12:26:12] "GET / HTTP/1.1" 200 -
INFO:werkzeug:127.0.0.1 - - [08/Oct/2019 12:26:12] "GET / HTTP/1.1" 200 -
INFO:werkzeug:127.0.0.1 - - [08/Oct/2019 12:26:12] "GET /images/iu.jpg HTTP/1.1" 404 -
INFO:werkzeug:127.0.0.1 - - [08/Oct/2019 12:26:13] "GET / HTTP/1.1" 200 -
INFO:werkzeug:127.0.0.1 - - [08/Oct/2019 12:26:13] "GET /images/iu.jpg HTTP/1.1" 404 -
INFO:werkzeug: * Running on http://127.0.0.1:5000/ (Press CTRL+C to quit)
INFO:werkzeug:127.0.0.1 - - [08/Oct/2019 12:26:53] "GET / HTTP/1.1" 200 -
INFO:werkzeug:127.0.0.1 - - [08/Oct/2019 12:26:53] "GET /images/iu.jpg HTTP/1.1" 404 -
INFO:werkzeug: * Running on http://127.0.0.1:5000/ (Press CTRL+C to quit)
INFO:werkzeug:127.0.0.1 - - [08/Oct/2019 12:27:26] "GET / HTTP/1.1" 200 -
INFO:werkzeug:127.0.0.1 - - [08/Oct/2019 12:27:27] "GET / HTTP/1.1" 200 -
INFO:werkzeug: * Running on http://127.0.0.1:5000/ (Press CTRL+C to quit)
INFO:werkzeug:127.0.0.1 - - [08/Oct/2019 12:27:58] "GET / HTTP/1.1" 200 -
INFO:werkzeug:127.0.0.1 - - [08/Oct/2019 12:28:30] "GET / HTTP/1.1" 200 -
INFO:werkzeug:127.0.0.1 - - [08/Oct/2019 12:28:30] "GET / HTTP/1.1" 200 -
INFO:werkzeug:127.0.0.1 - - [08/Oct/2019 12:28:31] "GET / HTTP/1.1" 200 -
INFO:werkzeug:127.0.0.1 - - [08/Oct/2019 12:28:31] "GET / HTTP/1.1" 200 -
INFO:werkzeug:127.0.0.1 - - [08/Oct/2019 12:28:31] "GET / HTTP/1.1" 200 -
INFO:werkzeug: * Running on http://127.0.0.1:5000/ (Press CTRL+C to quit)
INFO:werkzeug:127.0.0.1 - - [08/Oct/2019 12:28:57] "GET / HTTP/1.1" 200 -
INFO:werkzeug:127.0.0.1 - - [08/Oct/2019 12:28:57] "GET /images/iu.jpg HTTP/1.1" 404 -
INFO:werkzeug:127.0.0.1 - - [08/Oct/2019 12:28:58] "GET / HTTP/1.1" 200 -
INFO:werkzeug:127.0.0.1 - - [08/Oct/2019 12:28:58] "GET /images/iu.jpg HTTP/1.1" 404 -
INFO:werkzeug:127.0.0.1 - - [08/Oct/2019 12:29:01] "GET / HTTP/1.1" 200 -
INFO:werkzeug:127.0.0.1 - - [08/Oct/2019 12:29:01] "GET /images/iu.jpg HTTP/1.1" 404 -
INFO:werkzeug: * Running on http://127.0.0.1:5000/ (Press CTRL+C to quit)
INFO:werkzeug:127.0.0.1 - - [08/Oct/2019 12:29:42] "GET / HTTP/1.1" 200 -
INFO:werkzeug:127.0.0.1 - - [08/Oct/2019 12:29:42] "GET /images/iu.jpg HTTP/1.1" 404 -
INFO:werkzeug:127.0.0.1 - - [08/Oct/2019 12:29:42] "GET / HTTP/1.1" 200 -
INFO:werkzeug:127.0.0.1 - - [08/Oct/2019 12:29:43] "GET /images/iu.jpg HTTP/1.1" 404 -
INFO:werkzeug:127.0.0.1 - - [08/Oct/2019 12:29:43] "GET / HTTP/1.1" 200 -
INFO:werkzeug:127.0.0.1 - - [08/Oct/2019 12:29:43] "GET /images/iu.jpg HTTP/1.1" 404 -
INFO:werkzeug: * Running on http://127.0.0.1:5000/ (Press CTRL+C to quit)
INFO:werkzeug:127.0.0.1 - - [08/Oct/2019 12:30:12] "GET / HTTP/1.1" 200 -
INFO:werkzeug:127.0.0.1 - - [08/Oct/2019 12:30:12] "GET /images/IUSIBAL.jpg HTTP/1.1" 404 -
INFO:werkzeug:127.0.0.1 - - [08/Oct/2019 12:30:13] "GET / HTTP/1.1" 200 -
INFO:werkzeug:127.0.0.1 - - [08/Oct/2019 12:30:13] "GET / HTTP/1.1" 200 -
INFO:werkzeug:127.0.0.1 - - [08/Oct/2019 12:30:13] "GET / HTTP/1.1" 200 -
INFO:werkzeug:127.0.0.1 - - [08/Oct/2019 12:30:13] "GET /images/IUSIBAL.jpg HTTP/1.1" 404 -
INFO:werkzeug:127.0.0.1 - - [08/Oct/2019 12:30:14] "GET / HTTP/1.1" 200 -
INFO:werkzeug:127.0.0.1 - - [08/Oct/2019 12:30:14] "GET /images/IUSIBAL.jpg HTTP/1.1" 404 -
INFO:werkzeug:127.0.0.1 - - [08/Oct/2019 12:30:14] "GET / HTTP/1.1" 200 -
INFO:werkzeug:127.0.0.1 - - [08/Oct/2019 12:30:14] "GET / HTTP/1.1" 200 -
INFO:werkzeug:127.0.0.1 - - [08/Oct/2019 12:30:14] "GET /images/IUSIBAL.jpg HTTP/1.1" 404 -
INFO:werkzeug:127.0.0.1 - - [08/Oct/2019 12:30:14] "GET / HTTP/1.1" 200 -
INFO:werkzeug:127.0.0.1 - - [08/Oct/2019 12:30:14] "GET /images/IUSIBAL.jpg HTTP/1.1" 404 -
INFO:werkzeug:127.0.0.1 - - [08/Oct/2019 12:30:14] "GET / HTTP/1.1" 200 -
INFO:werkzeug:127.0.0.1 - - [08/Oct/2019 12:30:14] "GET /images/IUSIBAL.jpg HTTP/1.1" 404 -
INFO:werkzeug: * Running on http://127.0.0.1:5000/ (Press CTRL+C to quit)
INFO:werkzeug:127.0.0.1 - - [08/Oct/2019 12:30:51] "GET / HTTP/1.1" 200 -
INFO:werkzeug: * Running on http://127.0.0.1:5000/ (Press CTRL+C to quit)
INFO:werkzeug:127.0.0.1 - - [08/Oct/2019 12:32:18] "GET / HTTP/1.1" 200 -
INFO:werkzeug: * Running on http://127.0.0.1:5000/ (Press CTRL+C to quit)
INFO:werkzeug:127.0.0.1 - - [08/Oct/2019 12:32:38] "GET / HTTP/1.1" 200 -
INFO:werkzeug: * Running on http://127.0.0.1:5000/ (Press CTRL+C to quit)
INFO:werkzeug:127.0.0.1 - - [08/Oct/2019 12:34:25] "GET / HTTP/1.1" 200 -
INFO:werkzeug: * Running on http://127.0.0.1:5000/ (Press CTRL+C to quit)
INFO:werkzeug:127.0.0.1 - - [08/Oct/2019 12:34:45] "GET / HTTP/1.1" 200 -
INFO:werkzeug:127.0.0.1 - - [08/Oct/2019 12:35:42] "GET / HTTP/1.1" 200 -
INFO:werkzeug: * Running on http://127.0.0.1:5000/ (Press CTRL+C to quit)
INFO:werkzeug:127.0.0.1 - - [08/Oct/2019 12:35:47] "GET / HTTP/1.1" 200 -
INFO:werkzeug:127.0.0.1 - - [08/Oct/2019 12:36:41] "GET / HTTP/1.1" 200 -
INFO:werkzeug: * Running on http://127.0.0.1:5000/ (Press CTRL+C to quit)
INFO:werkzeug:127.0.0.1 - - [08/Oct/2019 12:41:18] "GET / HTTP/1.1" 200 -
INFO:werkzeug: * Running on http://127.0.0.1:5000/ (Press CTRL+C to quit)
INFO:werkzeug:127.0.0.1 - - [08/Oct/2019 12:46:35] "GET / HTTP/1.1" 200 -
INFO:werkzeug: * Running on http://127.0.0.1:5000/ (Press CTRL+C to quit)
INFO:werkzeug:127.0.0.1 - - [08/Oct/2019 12:48:00] "GET / HTTP/1.1" 200 -
INFO:werkzeug: * Running on http://127.0.0.1:5000/ (Press CTRL+C to quit)
INFO:werkzeug:127.0.0.1 - - [08/Oct/2019 12:48:52] "GET / HTTP/1.1" 200 -
INFO:werkzeug: * Running on http://127.0.0.1:5000/ (Press CTRL+C to quit)
INFO:werkzeug:127.0.0.1 - - [08/Oct/2019 12:50:26] "GET / HTTP/1.1" 200 -
INFO:werkzeug: * Running on http://127.0.0.1:5000/ (Press CTRL+C to quit)
INFO:werkzeug:127.0.0.1 - - [22/Oct/2019 12:04:59] "GET / HTTP/1.1" 200 -
INFO:werkzeug:127.0.0.1 - - [22/Oct/2019 12:04:59] "GET /static/css/bootstrap.min.css HTTP/1.1" 304 -
INFO:werkzeug:127.0.0.1 - - [22/Oct/2019 12:04:59] "GET /static/js/bootstrap.min.js HTTP/1.1" 200 -
INFO:werkzeug:127.0.0.1 - - [22/Oct/2019 12:04:59] "GET /favicon.ico HTTP/1.1" 404 -
INFO:werkzeug:127.0.0.1 - - [22/Oct/2019 12:40:14] "GET /resource/resource_check HTTP/1.1" 404 -
INFO:werkzeug:127.0.0.1 - - [22/Oct/2019 12:40:39] "GET /resource/resource_check HTTP/1.1" 404 -
INFO:werkzeug:127.0.0.1 - - [22/Oct/2019 12:40:41] "GET /resource/resource_check HTTP/1.1" 404 -
INFO:werkzeug:127.0.0.1 - - [22/Oct/2019 12:40:42] "GET /resource/resource_check HTTP/1.1" 404 -
INFO:werkzeug:127.0.0.1 - - [22/Oct/2019 12:40:42] "GET /resource/resource_check HTTP/1.1" 404 -
INFO:werkzeug:127.0.0.1 - - [22/Oct/2019 12:40:43] "GET /resource/resource_check HTTP/1.1" 404 -
INFO:werkzeug:127.0.0.1 - - [22/Oct/2019 12:40:44] "GET /resource/resource_check HTTP/1.1" 404 -
INFO:werkzeug:127.0.0.1 - - [22/Oct/2019 12:40:45] "GET /resource/resource_check HTTP/1.1" 404 -
INFO:werkzeug: * Running on http://127.0.0.1:5000/ (Press CTRL+C to quit)
INFO:werkzeug:127.0.0.1 - - [22/Oct/2019 12:41:55] "GET /resource/resource_check HTTP/1.1" 404 -
INFO:werkzeug:127.0.0.1 - - [22/Oct/2019 12:41:56] "GET /resource/resource_check HTTP/1.1" 404 -
INFO:werkzeug:127.0.0.1 - - [22/Oct/2019 12:41:56] "GET /resource/resource_check HTTP/1.1" 404 -
INFO:werkzeug:127.0.0.1 - - [22/Oct/2019 12:42:00] "GET / HTTP/1.1" 200 -
INFO:werkzeug:127.0.0.1 - - [22/Oct/2019 12:42:13] "GET /resource/resource_check HTTP/1.1" 404 -
INFO:werkzeug:127.0.0.1 - - [22/Oct/2019 12:42:54] "GET /resource/resource_check HTTP/1.1" 404 -
INFO:werkzeug:127.0.0.1 - - [22/Oct/2019 12:42:57] "GET / HTTP/1.1" 200 -
INFO:werkzeug:127.0.0.1 - - [22/Oct/2019 12:43:03] "GET /resource HTTP/1.1" 404 -
INFO:werkzeug:127.0.0.1 - - [22/Oct/2019 12:43:08] "GET /resource HTTP/1.1" 404 -
INFO:werkzeug:127.0.0.1 - - [22/Oct/2019 12:43:20] "GET /resource/resource_check HTTP/1.1" 404 -
INFO:werkzeug: * Running on http://127.0.0.1:5000/ (Press CTRL+C to quit)
INFO:werkzeug:127.0.0.1 - - [22/Oct/2019 12:44:20] "GET /resource/resource_check HTTP/1.1" 200 -
INFO:werkzeug: * Running on http://127.0.0.1:5000/ (Press CTRL+C to quit)
INFO:werkzeug:127.0.0.1 - - [23/Oct/2019 11:38:42] "GET / HTTP/1.1" 200 -
INFO:werkzeug:127.0.0.1 - - [23/Oct/2019 11:38:42] "GET /static/css/bootstrap.min.css HTTP/1.1" 304 -
INFO:werkzeug:127.0.0.1 - - [23/Oct/2019 11:38:42] "GET /static/js/bootstrap.min.js HTTP/1.1" 304 -
INFO:werkzeug:127.0.0.1 - - [23/Oct/2019 11:38:43] "GET /favicon.ico HTTP/1.1" 404 -
INFO:werkzeug:127.0.0.1 - - [23/Oct/2019 11:38:57] "GET /resource/resource_check HTTP/1.1" 200 -
INFO:werkzeug: * Running on http://127.0.0.1:5000/ (Press CTRL+C to quit)
INFO:werkzeug:127.0.0.1 - - [23/Oct/2019 11:45:01] "GET /resource/t1 HTTP/1.1" 200 -
INFO:werkzeug:127.0.0.1 - - [23/Oct/2019 11:46:35] "GET /resource/t13213213 HTTP/1.1" 404 -
INFO:werkzeug:127.0.0.1 - - [23/Oct/2019 12:19:09] "GET /resource/t1 HTTP/1.1" 200 -
INFO:werkzeug:127.0.0.1 - - [23/Oct/2019 12:19:14] "GET /resource/t1 HTTP/1.1" 200 -
INFO:werkzeug:127.0.0.1 - - [23/Oct/2019 12:21:31] "DELETE /resource/t1 HTTP/1.1" 204 -
INFO:werkzeug:127.0.0.1 - - [23/Oct/2019 12:22:03] "GET /resource/t1 HTTP/1.1" 404 -
INFO:werkzeug:127.0.0.1 - - [23/Oct/2019 12:22:23] "GET /resource/t2 HTTP/1.1" 200 -
INFO:werkzeug:127.0.0.1 - - [23/Oct/2019 12:26:15] "GET /resource/t2 HTTP/1.1" 200 -
INFO:werkzeug:127.0.0.1 - - [23/Oct/2019 12:26:31] "PUT /resource/t2 HTTP/1.1" 200 -
INFO:werkzeug:127.0.0.1 - - [23/Oct/2019 12:27:24] "GET /resource/t2 HTTP/1.1" 200 -
INFO:werkzeug:127.0.0.1 - - [23/Oct/2019 12:29:17] "GET /resource/t2?temperature=100 HTTP/1.1" 200 -
INFO:werkzeug:127.0.0.1 - - [23/Oct/2019 12:30:48] "GET /resource/t2?temperature=100 HTTP/1.1" 200 -
INFO:werkzeug:127.0.0.1 - - [23/Oct/2019 12:30:54] "GET /resource/t2?temperature=100 HTTP/1.1" 200 -
INFO:werkzeug: * Running on http://127.0.0.1:5000/ (Press CTRL+C to quit)
INFO:werkzeug:127.0.0.1 - - [23/Oct/2019 12:38:36] "GET /resource/resource_creation HTTP/1.1" 404 -
INFO:werkzeug:127.0.0.1 - - [23/Oct/2019 12:41:38] "GET /resource/resource_check HTTP/1.1" 200 -
INFO:werkzeug:127.0.0.1 - - [23/Oct/2019 12:41:45] "POST /resource/resource_creation HTTP/1.1" 405 -
INFO:werkzeug:127.0.0.1 - - [23/Oct/2019 12:41:56] "POST /resource_creation HTTP/1.1" 404 -
INFO:werkzeug:127.0.0.1 - - [23/Oct/2019 12:42:00] "GET /resource/resource_check HTTP/1.1" 200 -
INFO:werkzeug:127.0.0.1 - - [23/Oct/2019 12:42:19] "POST /resource_creation HTTP/1.1" 404 -
INFO:werkzeug: * Running on http://127.0.0.1:5000/ (Press CTRL+C to quit)
INFO:werkzeug:127.0.0.1 - - [29/Oct/2019 11:13:10] "GET / HTTP/1.1" 200 -
INFO:werkzeug:127.0.0.1 - - [29/Oct/2019 11:13:10] "GET /static/css/bootstrap.min.css HTTP/1.1" 304 -
INFO:werkzeug:127.0.0.1 - - [29/Oct/2019 11:13:10] "GET /static/js/bootstrap.min.js HTTP/1.1" 304 -
INFO:werkzeug:127.0.0.1 - - [29/Oct/2019 11:13:15] "GET /resource/resource_check HTTP/1.1" 200 -
INFO:werkzeug:127.0.0.1 - - [29/Oct/2019 11:13:15] "GET /favicon.ico HTTP/1.1" 404 -
INFO:werkzeug:127.0.0.1 - - [29/Oct/2019 11:15:47] "PUT /resource/t2/temperature=100000 HTTP/1.1" 404 -
INFO:werkzeug:127.0.0.1 - - [29/Oct/2019 11:16:16] "GET /resource/resource_check HTTP/1.1" 200 -
INFO:werkzeug:127.0.0.1 - - [29/Oct/2019 11:17:32] "PUT /resource/resource_check/t2%3Etemperature=100000 HTTP/1.1" 404 -
INFO:werkzeug:127.0.0.1 - - [29/Oct/2019 11:17:57] "GET /resource/resource_check HTTP/1.1" 200 -
INFO:werkzeug:127.0.0.1 - - [29/Oct/2019 11:18:07] "PUT /resource/resource_check/t2?temperature=100000 HTTP/1.1" 404 -
INFO:werkzeug:127.0.0.1 - - [29/Oct/2019 11:18:26] "PUT /resource/resource_check/t2?temperature=100000 HTTP/1.1" 404 -
INFO:werkzeug:127.0.0.1 - - [29/Oct/2019 11:18:38] "GET /resource/resource_check HTTP/1.1" 200 -
INFO:werkzeug:127.0.0.1 - - [29/Oct/2019 11:18:39] "GET /resource/resource_check HTTP/1.1" 200 -
INFO:werkzeug:127.0.0.1 - - [29/Oct/2019 11:19:56] "PUT /resource/t2?temperature=100 HTTP/1.1" 400 -
INFO:werkzeug:127.0.0.1 - - [29/Oct/2019 11:20:23] "PUT /resource/t2?temperature=100 HTTP/1.1" 400 -
INFO:werkzeug:127.0.0.1 - - [29/Oct/2019 11:21:27] "GET /resource/t2 HTTP/1.1" 200 -
INFO:werkzeug:127.0.0.1 - - [29/Oct/2019 11:21:30] "GET /resource/resource_check HTTP/1.1" 200 -
INFO:werkzeug:127.0.0.1 - - [29/Oct/2019 11:21:36] "GET /resource/resource_check HTTP/1.1" 200 -
INFO:werkzeug:127.0.0.1 - - [29/Oct/2019 11:22:30] "PUT /resource/t2 HTTP/1.1" 200 -
INFO:werkzeug:127.0.0.1 - - [29/Oct/2019 11:22:34] "GET /resource/resource_check HTTP/1.1" 200 -
INFO:werkzeug:127.0.0.1 - - [29/Oct/2019 11:24:25] "PUT /resource/t2 HTTP/1.1" 400 -
INFO:werkzeug:127.0.0.1 - - [29/Oct/2019 11:24:37] "PUT /resource/t2 HTTP/1.1" 400 -
INFO:werkzeug:127.0.0.1 - - [29/Oct/2019 11:24:43] "PUT /resource/t2 HTTP/1.1" 200 -
INFO:werkzeug:127.0.0.1 - - [29/Oct/2019 11:24:47] "GET /resource/resource_check HTTP/1.1" 200 -
INFO:werkzeug:127.0.0.1 - - [29/Oct/2019 11:33:07] "POST /resource_creation HTTP/1.1" 404 -
INFO:werkzeug:127.0.0.1 - - [29/Oct/2019 11:33:30] "POST /resource_creation HTTP/1.1" 404 -
INFO:werkzeug:127.0.0.1 - - [29/Oct/2019 11:33:47] "POST /resource_creation HTTP/1.1" 404 -
INFO:werkzeug:127.0.0.1 - - [29/Oct/2019 11:33:49] "POST /resource_creation HTTP/1.1" 404 -
INFO:werkzeug:127.0.0.1 - - [29/Oct/2019 11:34:15] "POST /resource_creation HTTP/1.1" 404 -
INFO:werkzeug:127.0.0.1 - - [29/Oct/2019 11:34:47] "GET /resource/resource_check HTTP/1.1" 200 -
INFO:werkzeug:127.0.0.1 - - [29/Oct/2019 11:35:05] "POST /resource_creation HTTP/1.1" 404 -
INFO:werkzeug: * Running on http://127.0.0.1:5000/ (Press CTRL+C to quit)
INFO:werkzeug:127.0.0.1 - - [29/Oct/2019 11:36:00] "POST /resource_creation HTTP/1.1" 404 -
INFO:werkzeug:127.0.0.1 - - [29/Oct/2019 11:36:25] "POST /resource/resource_creation HTTP/1.1" 201 -
INFO:werkzeug:127.0.0.1 - - [29/Oct/2019 11:36:34] "GET /resource/resource_check HTTP/1.1" 200 -
INFO:werkzeug:127.0.0.1 - - [29/Oct/2019 11:36:43] "POST /resource/resource_creation HTTP/1.1" 201 -
INFO:werkzeug:127.0.0.1 - - [29/Oct/2019 11:36:51] "POST /resource/resource_creation HTTP/1.1" 201 -
INFO:werkzeug:127.0.0.1 - - [29/Oct/2019 11:36:53] "GET /resource/resource_check HTTP/1.1" 200 -
INFO:werkzeug: * Running on http://127.0.0.1:5000/ (Press CTRL+C to quit)
INFO:werkzeug:127.0.0.1 - - [29/Oct/2019 11:45:35] "GET /resource/location/2gonhakgwan HTTP/1.1" 200 -
ERROR:app:Exception on /resource/location/1 [GET]
Traceback (most recent call last):
  File "C:\Users\admin\Anaconda3\envs\my_env\lib\site-packages\flask\app.py", line 1949, in full_dispatch_request
    rv = self.dispatch_request()
  File "C:\Users\admin\Anaconda3\envs\my_env\lib\site-packages\flask\app.py", line 1935, in dispatch_request
    return self.view_functions[rule.endpoint](**req.view_args)
  File "C:\Users\admin\Anaconda3\envs\my_env\lib\site-packages\flask_restful\__init__.py", line 458, in wrapper
    resp = resource(*args, **kwargs)
  File "C:\Users\admin\Anaconda3\envs\my_env\lib\site-packages\flask\views.py", line 89, in view
    return self.dispatch_request(*args, **kwargs)
  File "C:\Users\admin\Anaconda3\envs\my_env\lib\site-packages\flask_restful\__init__.py", line 573, in dispatch_request
    resp = meth(*args, **kwargs)
  File "C:\Users\admin\PycharmProjects\web_service_2\rest_server\resource.py", line 74, in get
    temperature = self.temperature_resource_db.readByLocation(location=location)
  File "C:\Users\admin\PycharmProjects\web_service_2\database\resource_db_access.py", line 77, in readByLocation
    "id": row[0],
TypeError: 'NoneType' object is not subscriptable
INFO:werkzeug:127.0.0.1 - - [29/Oct/2019 11:49:38] "GET /resource/location/1 HTTP/1.1" 500 -
INFO:werkzeug:127.0.0.1 - - [29/Oct/2019 11:49:46] "GET /resource/location/2gonhakgwan HTTP/1.1" 200 -
INFO:werkzeug: * Running on http://127.0.0.1:5000/ (Press CTRL+C to quit)
INFO:werkzeug:127.0.0.1 - - [29/Oct/2019 12:24:31] "GET /resource/resource_check HTTP/1.1" 200 -
INFO:werkzeug:127.0.0.1 - - [29/Oct/2019 12:24:38] "GET /resource/t4 HTTP/1.1" 200 -
ERROR:app:Exception on /resource/location/1st [GET]
Traceback (most recent call last):
  File "C:\Users\admin\Anaconda3\envs\my_env\lib\site-packages\flask\app.py", line 1949, in full_dispatch_request
    rv = self.dispatch_request()
  File "C:\Users\admin\Anaconda3\envs\my_env\lib\site-packages\flask\app.py", line 1935, in dispatch_request
    return self.view_functions[rule.endpoint](**req.view_args)
  File "C:\Users\admin\Anaconda3\envs\my_env\lib\site-packages\flask_restful\__init__.py", line 458, in wrapper
    resp = resource(*args, **kwargs)
  File "C:\Users\admin\Anaconda3\envs\my_env\lib\site-packages\flask\views.py", line 89, in view
    return self.dispatch_request(*args, **kwargs)
  File "C:\Users\admin\Anaconda3\envs\my_env\lib\site-packages\flask_restful\__init__.py", line 573, in dispatch_request
    resp = meth(*args, **kwargs)
  File "C:\Users\admin\PycharmProjects\web_service_2\rest_server\resource.py", line 74, in get
    temperature = self.temperature_resource_db.readByLocation(location=location)
  File "C:\Users\admin\PycharmProjects\web_service_2\database\resource_db_access.py", line 77, in readByLocation
    "id": row[0],
TypeError: 'NoneType' object is not subscriptable
INFO:werkzeug:127.0.0.1 - - [29/Oct/2019 12:24:38] "GET /resource/location/1st HTTP/1.1" 500 -
INFO:werkzeug:127.0.0.1 - - [29/Oct/2019 12:25:16] "DELETE /resource/t4 HTTP/1.1" 204 -
INFO:werkzeug:127.0.0.1 - - [29/Oct/2019 12:27:03] "POST /resource/resource_creation HTTP/1.1" 409 -
INFO:werkzeug:127.0.0.1 - - [29/Oct/2019 12:27:14] "POST /resource/resource_creation HTTP/1.1" 201 -
INFO:werkzeug:127.0.0.1 - - [29/Oct/2019 12:27:17] "GET /resource/resource_check HTTP/1.1" 200 -
INFO:werkzeug:127.0.0.1 - - [29/Oct/2019 12:27:48] "PUT /resource/t2 HTTP/1.1" 200 -
INFO:werkzeug:127.0.0.1 - - [29/Oct/2019 12:27:50] "GET /resource/resource_check HTTP/1.1" 200 -
INFO:werkzeug:127.0.0.1 - - [29/Oct/2019 12:28:00] "PUT /resource/t3 HTTP/1.1" 200 -
INFO:werkzeug:127.0.0.1 - - [29/Oct/2019 12:28:05] "PUT /resource/t4 HTTP/1.1" 404 -
INFO:werkzeug:127.0.0.1 - - [29/Oct/2019 12:28:08] "GET /resource/resource_check HTTP/1.1" 200 -
INFO:werkzeug:127.0.0.1 - - [29/Oct/2019 12:28:15] "PUT /resource/t5 HTTP/1.1" 200 -
INFO:werkzeug:127.0.0.1 - - [29/Oct/2019 12:28:18] "GET /resource/resource_check HTTP/1.1" 200 -
INFO:werkzeug:127.0.0.1 - - [29/Oct/2019 12:28:28] "PUT /resource/t5 HTTP/1.1" 200 -
INFO:werkzeug:127.0.0.1 - - [29/Oct/2019 12:28:34] "GET /resource/resource_check HTTP/1.1" 200 -
INFO:werkzeug:127.0.0.1 - - [29/Oct/2019 12:28:34] "GET /resource/resource_check HTTP/1.1" 200 -
INFO:werkzeug:127.0.0.1 - - [29/Oct/2019 12:28:35] "GET /resource/resource_check HTTP/1.1" 200 -
INFO:werkzeug:127.0.0.1 - - [29/Oct/2019 12:28:42] "PUT /resource/t5 HTTP/1.1" 200 -
INFO:werkzeug:127.0.0.1 - - [29/Oct/2019 12:28:53] "PUT /resource/t5 HTTP/1.1" 200 -
INFO:werkzeug:127.0.0.1 - - [29/Oct/2019 12:28:55] "GET /resource/resource_check HTTP/1.1" 200 -
INFO:werkzeug:127.0.0.1 - - [29/Oct/2019 12:29:29] "PUT /resource/t5 HTTP/1.1" 200 -
INFO:werkzeug:127.0.0.1 - - [29/Oct/2019 12:29:33] "GET /resource/resource_check HTTP/1.1" 200 -
INFO:werkzeug:127.0.0.1 - - [29/Oct/2019 12:29:33] "GET /resource/resource_check HTTP/1.1" 200 -
INFO:werkzeug:127.0.0.1 - - [29/Oct/2019 12:29:34] "GET /resource/resource_check HTTP/1.1" 200 -
INFO:werkzeug:127.0.0.1 - - [29/Oct/2019 12:29:41] "PUT /resource/t5 HTTP/1.1" 200 -
INFO:werkzeug:127.0.0.1 - - [29/Oct/2019 12:29:57] "DELETE /resource/t7 HTTP/1.1" 204 -
INFO:werkzeug:127.0.0.1 - - [29/Oct/2019 12:30:09] "GET /resource/resource_check HTTP/1.1" 200 -
INFO:werkzeug:127.0.0.1 - - [29/Oct/2019 12:31:18] "GET /resource/t4 HTTP/1.1" 404 -
INFO:werkzeug:127.0.0.1 - - [29/Oct/2019 12:31:18] "GET /resource/location/1st HTTP/1.1" 200 -
INFO:werkzeug:127.0.0.1 - - [29/Oct/2019 12:31:44] "GET /resource/t5 HTTP/1.1" 200 -
INFO:werkzeug:127.0.0.1 - - [29/Oct/2019 12:31:44] "GET /resource/location/1st HTTP/1.1" 200 -
INFO:werkzeug:127.0.0.1 - - [29/Oct/2019 12:32:45] "GET /resource/t5 HTTP/1.1" 200 -
INFO:werkzeug:127.0.0.1 - - [29/Oct/2019 12:32:45] "GET /resource/location/1st HTTP/1.1" 200 -
INFO:werkzeug:127.0.0.1 - - [29/Oct/2019 12:33:41] "POST /resource/resource_creation HTTP/1.1" 201 -
INFO:werkzeug:127.0.0.1 - - [29/Oct/2019 12:33:43] "GET /resource/resource_check HTTP/1.1" 200 -
INFO:werkzeug: * Running on http://127.0.0.1:5000/ (Press CTRL+C to quit)
INFO:werkzeug:127.0.0.1 - - [30/Oct/2019 12:48:36] "GET /news/images HTTP/1.1" 200 -
INFO:werkzeug:127.0.0.1 - - [30/Oct/2019 12:48:36] "GET /favicon.ico HTTP/1.1" 404 -
INFO:werkzeug: * Running on http://127.0.0.1:5000/ (Press CTRL+C to quit)
ERROR:app:Exception on /news/images [GET]
Traceback (most recent call last):
  File "C:\Users\admin\Anaconda3\envs\my_env\lib\site-packages\flask\app.py", line 2446, in wsgi_app
    response = self.full_dispatch_request()
  File "C:\Users\admin\Anaconda3\envs\my_env\lib\site-packages\flask\app.py", line 1951, in full_dispatch_request
    rv = self.handle_user_exception(e)
  File "C:\Users\admin\Anaconda3\envs\my_env\lib\site-packages\flask_restful\__init__.py", line 269, in error_router
    return original_handler(e)
  File "C:\Users\admin\Anaconda3\envs\my_env\lib\site-packages\flask\app.py", line 1820, in handle_user_exception
    reraise(exc_type, exc_value, tb)
  File "C:\Users\admin\Anaconda3\envs\my_env\lib\site-packages\flask\_compat.py", line 39, in reraise
    raise value
  File "C:\Users\admin\Anaconda3\envs\my_env\lib\site-packages\flask\app.py", line 1949, in full_dispatch_request
    rv = self.dispatch_request()
  File "C:\Users\admin\Anaconda3\envs\my_env\lib\site-packages\flask\app.py", line 1935, in dispatch_request
    return self.view_functions[rule.endpoint](**req.view_args)
  File "C:\Users\admin\PycharmProjects\web_service_2\news.py", line 35, in images
    'images.html', images=images
UnboundLocalError: local variable 'images' referenced before assignment
INFO:werkzeug:127.0.0.1 - - [05/Nov/2019 11:13:50] "GET /news/images HTTP/1.1" 500 -
INFO:werkzeug:127.0.0.1 - - [05/Nov/2019 11:13:50] "GET /favicon.ico HTTP/1.1" 404 -
ERROR:app:Exception on /news/images [GET]
Traceback (most recent call last):
  File "C:\Users\admin\Anaconda3\envs\my_env\lib\site-packages\flask\app.py", line 2446, in wsgi_app
    response = self.full_dispatch_request()
  File "C:\Users\admin\Anaconda3\envs\my_env\lib\site-packages\flask\app.py", line 1951, in full_dispatch_request
    rv = self.handle_user_exception(e)
  File "C:\Users\admin\Anaconda3\envs\my_env\lib\site-packages\flask_restful\__init__.py", line 269, in error_router
    return original_handler(e)
  File "C:\Users\admin\Anaconda3\envs\my_env\lib\site-packages\flask\app.py", line 1820, in handle_user_exception
    reraise(exc_type, exc_value, tb)
  File "C:\Users\admin\Anaconda3\envs\my_env\lib\site-packages\flask\_compat.py", line 39, in reraise
    raise value
  File "C:\Users\admin\Anaconda3\envs\my_env\lib\site-packages\flask\app.py", line 1949, in full_dispatch_request
    rv = self.dispatch_request()
  File "C:\Users\admin\Anaconda3\envs\my_env\lib\site-packages\flask\app.py", line 1935, in dispatch_request
    return self.view_functions[rule.endpoint](**req.view_args)
  File "C:\Users\admin\PycharmProjects\web_service_2\news.py", line 35, in images
    'images.html', images=images
UnboundLocalError: local variable 'images' referenced before assignment
INFO:werkzeug:127.0.0.1 - - [05/Nov/2019 11:13:52] "GET /news/images HTTP/1.1" 500 -
INFO:werkzeug: * Running on http://127.0.0.1:5000/ (Press CTRL+C to quit)
ERROR:app:Exception on /news/images [GET]
Traceback (most recent call last):
  File "C:\Users\admin\Anaconda3\envs\my_env\lib\site-packages\flask\app.py", line 2446, in wsgi_app
    response = self.full_dispatch_request()
  File "C:\Users\admin\Anaconda3\envs\my_env\lib\site-packages\flask\app.py", line 1951, in full_dispatch_request
    rv = self.handle_user_exception(e)
  File "C:\Users\admin\Anaconda3\envs\my_env\lib\site-packages\flask_restful\__init__.py", line 269, in error_router
    return original_handler(e)
  File "C:\Users\admin\Anaconda3\envs\my_env\lib\site-packages\flask\app.py", line 1820, in handle_user_exception
    reraise(exc_type, exc_value, tb)
  File "C:\Users\admin\Anaconda3\envs\my_env\lib\site-packages\flask\_compat.py", line 39, in reraise
    raise value
  File "C:\Users\admin\Anaconda3\envs\my_env\lib\site-packages\flask\app.py", line 1949, in full_dispatch_request
    rv = self.dispatch_request()
  File "C:\Users\admin\Anaconda3\envs\my_env\lib\site-packages\flask\app.py", line 1935, in dispatch_request
    return self.view_functions[rule.endpoint](**req.view_args)
  File "C:\Users\admin\PycharmProjects\web_service_2\news.py", line 35, in images
    'images.html', images=images
UnboundLocalError: local variable 'images' referenced before assignment
INFO:werkzeug:127.0.0.1 - - [05/Nov/2019 11:16:31] "GET /news/images HTTP/1.1" 500 -
ERROR:app:Exception on /news/images [GET]
Traceback (most recent call last):
  File "C:\Users\admin\Anaconda3\envs\my_env\lib\site-packages\flask\app.py", line 2446, in wsgi_app
    response = self.full_dispatch_request()
  File "C:\Users\admin\Anaconda3\envs\my_env\lib\site-packages\flask\app.py", line 1951, in full_dispatch_request
    rv = self.handle_user_exception(e)
  File "C:\Users\admin\Anaconda3\envs\my_env\lib\site-packages\flask_restful\__init__.py", line 269, in error_router
    return original_handler(e)
  File "C:\Users\admin\Anaconda3\envs\my_env\lib\site-packages\flask\app.py", line 1820, in handle_user_exception
    reraise(exc_type, exc_value, tb)
  File "C:\Users\admin\Anaconda3\envs\my_env\lib\site-packages\flask\_compat.py", line 39, in reraise
    raise value
  File "C:\Users\admin\Anaconda3\envs\my_env\lib\site-packages\flask\app.py", line 1949, in full_dispatch_request
    rv = self.dispatch_request()
  File "C:\Users\admin\Anaconda3\envs\my_env\lib\site-packages\flask\app.py", line 1935, in dispatch_request
    return self.view_functions[rule.endpoint](**req.view_args)
  File "C:\Users\admin\PycharmProjects\web_service_2\news.py", line 35, in images
    'images.html', images=images
UnboundLocalError: local variable 'images' referenced before assignment
INFO:werkzeug:127.0.0.1 - - [05/Nov/2019 11:16:32] "GET /news/images HTTP/1.1" 500 -
ERROR:app:Exception on /news/images [GET]
Traceback (most recent call last):
  File "C:\Users\admin\Anaconda3\envs\my_env\lib\site-packages\flask\app.py", line 2446, in wsgi_app
    response = self.full_dispatch_request()
  File "C:\Users\admin\Anaconda3\envs\my_env\lib\site-packages\flask\app.py", line 1951, in full_dispatch_request
    rv = self.handle_user_exception(e)
  File "C:\Users\admin\Anaconda3\envs\my_env\lib\site-packages\flask_restful\__init__.py", line 269, in error_router
    return original_handler(e)
  File "C:\Users\admin\Anaconda3\envs\my_env\lib\site-packages\flask\app.py", line 1820, in handle_user_exception
    reraise(exc_type, exc_value, tb)
  File "C:\Users\admin\Anaconda3\envs\my_env\lib\site-packages\flask\_compat.py", line 39, in reraise
    raise value
  File "C:\Users\admin\Anaconda3\envs\my_env\lib\site-packages\flask\app.py", line 1949, in full_dispatch_request
    rv = self.dispatch_request()
  File "C:\Users\admin\Anaconda3\envs\my_env\lib\site-packages\flask\app.py", line 1935, in dispatch_request
    return self.view_functions[rule.endpoint](**req.view_args)
  File "C:\Users\admin\PycharmProjects\web_service_2\news.py", line 35, in images
    'images.html', images=images
UnboundLocalError: local variable 'images' referenced before assignment
INFO:werkzeug:127.0.0.1 - - [05/Nov/2019 11:17:38] "GET /news/images HTTP/1.1" 500 -
ERROR:app:Exception on /news/images [GET]
Traceback (most recent call last):
  File "C:\Users\admin\Anaconda3\envs\my_env\lib\site-packages\flask\app.py", line 2446, in wsgi_app
    response = self.full_dispatch_request()
  File "C:\Users\admin\Anaconda3\envs\my_env\lib\site-packages\flask\app.py", line 1951, in full_dispatch_request
    rv = self.handle_user_exception(e)
  File "C:\Users\admin\Anaconda3\envs\my_env\lib\site-packages\flask_restful\__init__.py", line 269, in error_router
    return original_handler(e)
  File "C:\Users\admin\Anaconda3\envs\my_env\lib\site-packages\flask\app.py", line 1820, in handle_user_exception
    reraise(exc_type, exc_value, tb)
  File "C:\Users\admin\Anaconda3\envs\my_env\lib\site-packages\flask\_compat.py", line 39, in reraise
    raise value
  File "C:\Users\admin\Anaconda3\envs\my_env\lib\site-packages\flask\app.py", line 1949, in full_dispatch_request
    rv = self.dispatch_request()
  File "C:\Users\admin\Anaconda3\envs\my_env\lib\site-packages\flask\app.py", line 1935, in dispatch_request
    return self.view_functions[rule.endpoint](**req.view_args)
  File "C:\Users\admin\PycharmProjects\web_service_2\news.py", line 35, in images
    'images.html', images=images
UnboundLocalError: local variable 'images' referenced before assignment
INFO:werkzeug:127.0.0.1 - - [05/Nov/2019 11:17:40] "GET /news/images HTTP/1.1" 500 -
ERROR:app:Exception on /news/images [GET]
Traceback (most recent call last):
  File "C:\Users\admin\Anaconda3\envs\my_env\lib\site-packages\flask\app.py", line 2446, in wsgi_app
    response = self.full_dispatch_request()
  File "C:\Users\admin\Anaconda3\envs\my_env\lib\site-packages\flask\app.py", line 1951, in full_dispatch_request
    rv = self.handle_user_exception(e)
  File "C:\Users\admin\Anaconda3\envs\my_env\lib\site-packages\flask_restful\__init__.py", line 269, in error_router
    return original_handler(e)
  File "C:\Users\admin\Anaconda3\envs\my_env\lib\site-packages\flask\app.py", line 1820, in handle_user_exception
    reraise(exc_type, exc_value, tb)
  File "C:\Users\admin\Anaconda3\envs\my_env\lib\site-packages\flask\_compat.py", line 39, in reraise
    raise value
  File "C:\Users\admin\Anaconda3\envs\my_env\lib\site-packages\flask\app.py", line 1949, in full_dispatch_request
    rv = self.dispatch_request()
  File "C:\Users\admin\Anaconda3\envs\my_env\lib\site-packages\flask\app.py", line 1935, in dispatch_request
    return self.view_functions[rule.endpoint](**req.view_args)
  File "C:\Users\admin\PycharmProjects\web_service_2\news.py", line 35, in images
    'images.html', images=images
UnboundLocalError: local variable 'images' referenced before assignment
INFO:werkzeug:127.0.0.1 - - [05/Nov/2019 11:19:22] "GET /news/images HTTP/1.1" 500 -
ERROR:app:Exception on /news/images [GET]
Traceback (most recent call last):
  File "C:\Users\admin\Anaconda3\envs\my_env\lib\site-packages\flask\app.py", line 2446, in wsgi_app
    response = self.full_dispatch_request()
  File "C:\Users\admin\Anaconda3\envs\my_env\lib\site-packages\flask\app.py", line 1951, in full_dispatch_request
    rv = self.handle_user_exception(e)
  File "C:\Users\admin\Anaconda3\envs\my_env\lib\site-packages\flask_restful\__init__.py", line 269, in error_router
    return original_handler(e)
  File "C:\Users\admin\Anaconda3\envs\my_env\lib\site-packages\flask\app.py", line 1820, in handle_user_exception
    reraise(exc_type, exc_value, tb)
  File "C:\Users\admin\Anaconda3\envs\my_env\lib\site-packages\flask\_compat.py", line 39, in reraise
    raise value
  File "C:\Users\admin\Anaconda3\envs\my_env\lib\site-packages\flask\app.py", line 1949, in full_dispatch_request
    rv = self.dispatch_request()
  File "C:\Users\admin\Anaconda3\envs\my_env\lib\site-packages\flask\app.py", line 1935, in dispatch_request
    return self.view_functions[rule.endpoint](**req.view_args)
  File "C:\Users\admin\PycharmProjects\web_service_2\news.py", line 35, in images
    'images.html', images=images
UnboundLocalError: local variable 'images' referenced before assignment
INFO:werkzeug:127.0.0.1 - - [05/Nov/2019 11:20:23] "GET /news/images HTTP/1.1" 500 -
ERROR:app:Exception on /news/images [GET]
Traceback (most recent call last):
  File "C:\Users\admin\Anaconda3\envs\my_env\lib\site-packages\flask\app.py", line 2446, in wsgi_app
    response = self.full_dispatch_request()
  File "C:\Users\admin\Anaconda3\envs\my_env\lib\site-packages\flask\app.py", line 1951, in full_dispatch_request
    rv = self.handle_user_exception(e)
  File "C:\Users\admin\Anaconda3\envs\my_env\lib\site-packages\flask_restful\__init__.py", line 269, in error_router
    return original_handler(e)
  File "C:\Users\admin\Anaconda3\envs\my_env\lib\site-packages\flask\app.py", line 1820, in handle_user_exception
    reraise(exc_type, exc_value, tb)
  File "C:\Users\admin\Anaconda3\envs\my_env\lib\site-packages\flask\_compat.py", line 39, in reraise
    raise value
  File "C:\Users\admin\Anaconda3\envs\my_env\lib\site-packages\flask\app.py", line 1949, in full_dispatch_request
    rv = self.dispatch_request()
  File "C:\Users\admin\Anaconda3\envs\my_env\lib\site-packages\flask\app.py", line 1935, in dispatch_request
    return self.view_functions[rule.endpoint](**req.view_args)
  File "C:\Users\admin\PycharmProjects\web_service_2\news.py", line 35, in images
    'images.html', images=images
UnboundLocalError: local variable 'images' referenced before assignment
INFO:werkzeug:127.0.0.1 - - [05/Nov/2019 11:20:26] "GET /news/images HTTP/1.1" 500 -
ERROR:app:Exception on /news/images [GET]
Traceback (most recent call last):
  File "C:\Users\admin\Anaconda3\envs\my_env\lib\site-packages\flask\app.py", line 2446, in wsgi_app
    response = self.full_dispatch_request()
  File "C:\Users\admin\Anaconda3\envs\my_env\lib\site-packages\flask\app.py", line 1951, in full_dispatch_request
    rv = self.handle_user_exception(e)
  File "C:\Users\admin\Anaconda3\envs\my_env\lib\site-packages\flask_restful\__init__.py", line 269, in error_router
    return original_handler(e)
  File "C:\Users\admin\Anaconda3\envs\my_env\lib\site-packages\flask\app.py", line 1820, in handle_user_exception
    reraise(exc_type, exc_value, tb)
  File "C:\Users\admin\Anaconda3\envs\my_env\lib\site-packages\flask\_compat.py", line 39, in reraise
    raise value
  File "C:\Users\admin\Anaconda3\envs\my_env\lib\site-packages\flask\app.py", line 1949, in full_dispatch_request
    rv = self.dispatch_request()
  File "C:\Users\admin\Anaconda3\envs\my_env\lib\site-packages\flask\app.py", line 1935, in dispatch_request
    return self.view_functions[rule.endpoint](**req.view_args)
  File "C:\Users\admin\PycharmProjects\web_service_2\news.py", line 35, in images
    'images.html', images=images
UnboundLocalError: local variable 'images' referenced before assignment
INFO:werkzeug:127.0.0.1 - - [05/Nov/2019 11:20:33] "GET /news/images HTTP/1.1" 500 -
ERROR:app:Exception on /news/images [GET]
Traceback (most recent call last):
  File "C:\Users\admin\Anaconda3\envs\my_env\lib\site-packages\flask\app.py", line 2446, in wsgi_app
    response = self.full_dispatch_request()
  File "C:\Users\admin\Anaconda3\envs\my_env\lib\site-packages\flask\app.py", line 1951, in full_dispatch_request
    rv = self.handle_user_exception(e)
  File "C:\Users\admin\Anaconda3\envs\my_env\lib\site-packages\flask_restful\__init__.py", line 269, in error_router
    return original_handler(e)
  File "C:\Users\admin\Anaconda3\envs\my_env\lib\site-packages\flask\app.py", line 1820, in handle_user_exception
    reraise(exc_type, exc_value, tb)
  File "C:\Users\admin\Anaconda3\envs\my_env\lib\site-packages\flask\_compat.py", line 39, in reraise
    raise value
  File "C:\Users\admin\Anaconda3\envs\my_env\lib\site-packages\flask\app.py", line 1949, in full_dispatch_request
    rv = self.dispatch_request()
  File "C:\Users\admin\Anaconda3\envs\my_env\lib\site-packages\flask\app.py", line 1935, in dispatch_request
    return self.view_functions[rule.endpoint](**req.view_args)
  File "C:\Users\admin\PycharmProjects\web_service_2\news.py", line 35, in images
    'images.html', images=images
UnboundLocalError: local variable 'images' referenced before assignment
INFO:werkzeug:127.0.0.1 - - [05/Nov/2019 11:20:34] "GET /news/images HTTP/1.1" 500 -
INFO:werkzeug: * Running on http://127.0.0.1:5000/ (Press CTRL+C to quit)
INFO:werkzeug:127.0.0.1 - - [05/Nov/2019 11:20:50] "GET /news/images HTTP/1.1" 200 -
INFO:werkzeug:127.0.0.1 - - [05/Nov/2019 11:21:08] "GET /news/images HTTP/1.1" 200 -
INFO:werkzeug: * Running on http://127.0.0.1:5000/ (Press CTRL+C to quit)
INFO:werkzeug:127.0.0.1 - - [05/Nov/2019 11:22:07] "GET /news/images HTTP/1.1" 200 -
INFO:werkzeug:127.0.0.1 - - [05/Nov/2019 11:22:52] "GET /news/images HTTP/1.1" 200 -
INFO:werkzeug: * Running on http://127.0.0.1:5000/ (Press CTRL+C to quit)
INFO:werkzeug:127.0.0.1 - - [05/Nov/2019 11:23:18] "GET /news/images HTTP/1.1" 200 -
INFO:werkzeug:127.0.0.1 - - [05/Nov/2019 11:23:28] "GET /news/images HTTP/1.1" 200 -
INFO:werkzeug:127.0.0.1 - - [05/Nov/2019 11:23:30] "GET /news/images HTTP/1.1" 200 -
INFO:werkzeug: * Running on http://127.0.0.1:5000/ (Press CTRL+C to quit)
INFO:werkzeug: * Restarting with stat
WARNING:werkzeug: * Debugger is active!
INFO:werkzeug: * Debugger PIN: 248-030-515
INFO:werkzeug: * Running on http://localhost:5000/ (Press CTRL+C to quit)
INFO:werkzeug: * Restarting with stat
WARNING:werkzeug: * Debugger is active!
INFO:werkzeug: * Debugger PIN: 248-030-515
INFO:werkzeug: * Running on http://localhost:8080/ (Press CTRL+C to quit)
INFO:werkzeug:127.0.0.1 - - [05/Nov/2019 11:25:05] "GET /news/images HTTP/1.1" 200 -
INFO:werkzeug:127.0.0.1 - - [05/Nov/2019 11:25:05] "GET /favicon.ico HTTP/1.1" 404 -
INFO:werkzeug:127.0.0.1 - - [05/Nov/2019 11:25:14] "GET /news/images HTTP/1.1" 200 -
INFO:werkzeug: * Detected change in 'C:\\Users\\admin\\PycharmProjects\\web_service_2\\news.py', reloading
INFO:werkzeug: * Restarting with stat
WARNING:werkzeug: * Debugger is active!
INFO:werkzeug: * Debugger PIN: 248-030-515
INFO:werkzeug: * Running on http://localhost:8080/ (Press CTRL+C to quit)
INFO:werkzeug:127.0.0.1 - - [05/Nov/2019 11:25:32] "GET /news/images HTTP/1.1" 200 -
INFO:werkzeug: * Detected change in 'C:\\Users\\admin\\PycharmProjects\\web_service_2\\news.py', reloading
INFO:werkzeug: * Restarting with stat
WARNING:werkzeug: * Debugger is active!
INFO:werkzeug: * Debugger PIN: 248-030-515
INFO:werkzeug: * Running on http://localhost:8080/ (Press CTRL+C to quit)
INFO:werkzeug:127.0.0.1 - - [05/Nov/2019 11:26:48] "GET /news/images HTTP/1.1" 200 -
INFO:werkzeug:127.0.0.1 - - [05/Nov/2019 11:26:49] "GET /news/images HTTP/1.1" 200 -
INFO:werkzeug:127.0.0.1 - - [05/Nov/2019 11:26:50] "GET /news/images HTTP/1.1" 200 -
INFO:werkzeug:127.0.0.1 - - [05/Nov/2019 11:26:54] "GET /news/images HTTP/1.1" 200 -
INFO:werkzeug:127.0.0.1 - - [05/Nov/2019 11:26:55] "GET /news/images HTTP/1.1" 200 -
INFO:werkzeug:127.0.0.1 - - [05/Nov/2019 11:26:55] "GET /news/images HTTP/1.1" 200 -
INFO:werkzeug:127.0.0.1 - - [05/Nov/2019 11:26:56] "GET /news/images HTTP/1.1" 200 -
INFO:werkzeug: * Detected change in 'C:\\Users\\admin\\PycharmProjects\\web_service_2\\news.py', reloading
INFO:werkzeug: * Restarting with stat
WARNING:werkzeug: * Debugger is active!
INFO:werkzeug: * Debugger PIN: 248-030-515
INFO:werkzeug: * Running on http://localhost:8080/ (Press CTRL+C to quit)
INFO:werkzeug:127.0.0.1 - - [05/Nov/2019 11:27:07] "GET /news/images HTTP/1.1" 200 -
INFO:werkzeug:127.0.0.1 - - [05/Nov/2019 11:27:07] "GET /news/images HTTP/1.1" 200 -
INFO:werkzeug:127.0.0.1 - - [05/Nov/2019 11:27:08] "GET /news/images HTTP/1.1" 200 -
INFO:werkzeug:127.0.0.1 - - [05/Nov/2019 11:27:08] "GET /news/images HTTP/1.1" 200 -
INFO:werkzeug:127.0.0.1 - - [05/Nov/2019 11:30:37] "GET /news/images HTTP/1.1" 200 -
INFO:werkzeug:127.0.0.1 - - [05/Nov/2019 11:33:15] "GET /news/images HTTP/1.1" 200 -
INFO:werkzeug:127.0.0.1 - - [05/Nov/2019 11:33:15] "GET /news/['http://t1.daumcdn.net/news/201603/17/SpoChosun/20160317091126573kflk.jpg',%20'http://www.viva100.com/mnt/images/file/2015y/09m/17d/20150917001432116_1.jpg',%20'http://t1.daumcdn.net/news/201603/17/SpoChosun/20160317091126876vvok.jpg',%20'http://www.viva100.com/mnt/images/file/2016y/01m/26d/20160126001621384_1.jpg',%20'http://t1.daumcdn.net/news/201601/25/SpoChosun/20160125093626622cbcf.jpg',%20'http://www.viva100.com/mnt/images/file/2016y/02m/23d/20160223001601556_2.jpg',%20'http://www.viva100.com/mnt/images/file/2016y/02m/16d/20160216001351227_1.jpg',%20'http://tenasia.hankyung.com/webwp_kr/wp-content/uploads/2015/03/2015032412170618409-540x810.jpg',%20'http://t1.daumcdn.net/news/201603/22/SpoChosun/20160322120036158fkmf.jpg',%20'http://tenasia.hankyung.com/webwp_kr/wp-content/uploads/2014/03/2014031812412878677.jpg',%20'http://t1.daumcdn.net/news/201602/19/SpoChosun/20160219084146140fssk.jpg',%20'http://mblogthumb2.phinf.naver.net/20140309_20/sodid70_1394368469804jDcw5_PNG/jyjy.PNG?type=w2%27,%20%27https://t2.search.daumcdn.net/argon/600x0_65_wr/BjMoJcRlV15%27,%20%27http://cfile4.uf.tistory.com/image/993E1F485D55086210D0D9%27,%20%27http://t1.daumcdn.net/news/201512/22/ned/20151222151803587uqje.jpg%27,%20%27http://t1.daumcdn.net/news/201603/22/SpoChosun/20160322120036336yuuw.jpg%27,%20%27http://postfiles12.naver.net/20160824_123/youngdosa93_1472017495992aE1v1_JPEG/%B1%E8%B0%ED%C0%BA.jpg?type=w3%27,%20%27http://t1.daumcdn.net/news/201512/22/10asia/20151222163636662jkll.jpg%27,%20%27http://postfiles9.naver.net/20160216_152/greatlove7_1455612022928PHe0f_JPEG/%B1%E8%B0%ED%C0%BA.jpg?type=w3%27,%20%27http://cfile25.uf.tistory.com/image/994F74385D4BBE0F0E5F63%27,%20%27http://t1.daumcdn.net/news/201602/14/tvdaily/20160214144311460ggvd.jpg%27,%20%27http://t1.daumcdn.net/news/201510/15/tvdaily/20151015201806030mwlt.jpg%27,%20%27http://postfiles4.naver.net/20130406_115/reverie_j_1365248552944qBJrh_JPEG/%B1%E8%B0%ED%C0%BA.jpg?type=w1%27,%20%27http://t1.daumcdn.net/news/201509/01/ilgansports/20150901132607707pxnb.jpg%27,%20%27http://postfiles10.naver.net/20140825_265/jkyiir_1408959394821yIdV6_JPEG/%B1%E8%B0%ED%C0%BA6.jpg?type=w1%27,%20%27http://www.viva100.com/mnt/images/file/2015y/10m/29d/20151029001526043_1.jpg%27,%20%27http://postfiles2.naver.net/20150502_49/jkyiir_1430565514894OA4uc_JPEG/%B1%E8%B0%ED%C0%BA1.jpg?type=w1%27,%20%27http://t1.daumcdn.net/news/201512/23/10asia/20151223170819594rczi.jpg%27,%20%27http://postfiles8.naver.net/20160131_263/pjwbabo12_1454241343593o6aKv_JPEG/%B1%E8%B0%ED%C0%BA_00004.jpg?type=w580%27,%20%27http://t1.daumcdn.net/news/201604/04/starnews/20160404102126137rwbb.jpg%27,%20%27http://img.etnews.com/news/article/2016/01/19/article_19002747118709.jpg%27,%20%27http://postfiles3.naver.net/20130804_226/jkyiir_1375603180415sX95h_JPEG/%B1%E8%B0%ED%C0%BA11.jpg?type=w1%27,%20%27http://postfiles10.naver.net/20140825_233/jkyiir_14089593877346j86R_JPEG/%B1%E8%B0%ED%C0%BA.jpg?type=w1%27,%20%27http://t1.daumcdn.net/news/201507/28/sportschosun/20150728202508180nxnh.jpg%27,%20%27http://t1.daumcdn.net/news/201602/18/SpoChosun/20160218092701906lipq.jpg%27,%20%27http://postfiles14.naver.net/20150406_141/sungthree_1428285353227CdOlt_JPEG/%B1%E8%B0%ED%C0%BA3.jpg?type=w2%27,%20%27http://cfile227.uf.daum.net/image/214F48485498D1E53242C5%27,%20%27http://t1.daumcdn.net/news/201504/20/ned/20150420161605023.php%27,%20%27http://t1.daumcdn.net/news/201507/28/etnews/20150728133503441gktr.jpg%27,%20%27http://t1.daumcdn.net/news/201603/22/SpoChosun/20160322162845093miet.jpg%27,%20%27http://t1.daumcdn.net/news/201602/16/10asia/20160216104819109tgxg.jpg%27,%20%27http://t1.daumcdn.net/news/201602/14/tvdaily/20160214144308563dxyc.jpg%27,%20%27http://cfile28.uf.tistory.com/image/99ECD0485D550863122CF0%27,%20%27http://postfiles13.naver.net/20160825_60/bbcocat_1472089584328I7MVL_JPEG/%B1%E8%B0%ED%C0%BA01.JPG?type=w3%27,%20%27http://t1.daumcdn.net/news/201508/20/SpoChosun/20150820095607294mtja.jpg%27,%20%27http://t1.daumcdn.net/news/201601/26/ned/20160126180402350nlgh.jpg%27,%20%27http://t1.daumcdn.net/news/201603/16/tvdaily/20160316063304029ompg.jpg%27,%20%27http://t1.daumcdn.net/news/201603/22/SpoChosun/20160322120036484arpc.jpg%27,%20%27http://t1.daumcdn.net/news/201512/23/ned/20151223132402867kfpc.jpg%27,%20%27http://postfiles16.naver.net/20140316_175/qozja99_1394964481175Hj7ys_JPEG/%B1%E8%B0%ED%C0%BA.jpg?type=w2%27,%20%27https://www.fashionseoul.com/wp-content/uploads/2018/05/20180502_kimkoeun_02-min-683x1024.jpg%27,%20%27https://www.fashionseoul.com/wp-content/uploads/2017/03/20170315_t-2.jpg%27,%20%27https://t1.daumcdn.net/news/201908/15/seoul/20190815230103525jtuu.jpg%27,%20%27http://img.marieclairekorea.com/2019/08/mck_5d5e21f66f9aa-562x712.jpg%27,%20%27https://www.fashionseoul.com/wp-content/uploads/2017/06/20170605_TRIWA-3.jpg%27,%20%27http://img.marieclairekorea.com/2019/08/mck_5d5e21f063997-562x712.jpg%27,%20%27https://t1.daumcdn.net/news/201905/06/newsis/20190506104444891atxe.jpg%27,%20%27https://t1.daumcdn.net/news/201805/04/seoul/20180504143103848btkv.jpg%27,%20%27https://t1.daumcdn.net/news/201807/06/seoul/20180706033631894aecq.jpg%27,%20%27https://t1.daumcdn.net/news/201910/07/seoul/20191007170232008xbao.jpg%27,%20%27http://www.viva100.com/mnt/images/file/2019y/05m/06d/20190506000124101_1.jpg%27,%20%27https://t1.daumcdn.net/news/201910/07/seoul/20191007170228826lycn.jpg%27,%20%27https://www.fashionseoul.com/wp-content/uploads/2019/01/20190123_kimgoeun_03-min.jpg%27,%20%27http://img.marieclairekorea.com/2019/08/mck_5d5e2201d1a2d-562x712.jpg%27,%20%27https://search1.daumcdn.net/thumb/C160x200/?fname=http%3A%2F%2Fcfile169.uf.daum.net%2Fimage%2F224EF037AAA93CC823DAE0%27,%20%27http://www.viva100.com/mnt/images/file/2019y/10m/07d/2019100701000489700021071.jpg%27,%20%27http://cfile10.uf.tistory.com/image/99BE863C5BE7C3FD04DD19%27,%20%27https://t1.daumcdn.net/news/201806/27/tvdaily/20180627154102142wpsp.jpg%27,%20%27https://t1.daumcdn.net/news/201905/28/tvdaily/20190528155534269rbgl.jpg%27,%20%27http://cfile10.uf.tistory.com/image/99530A3B5BE7C1803380DF%27,%20%27https://t1.daumcdn.net/news/201908/09/newsis/20190809142535449avia.jpg%27,%20%27http://www.viva100.com/mnt/images/file/2016y/05m/06d/2016050601000379400017321.jpg%27,%20%27https://t1.daumcdn.net/news/201905/20/newsis/20190520091017973kphg.jpg%27,%20%27http://cfile29.uf.tistory.com/image/9906474B5D9B101D16372A%27,%20%27http://tenasia.hankyung.com/webwp_kr/wp-content/uploads/2019/05/2019052821220919560-540x360.jpg%27,%20%27http://www.viva100.com/mnt/images/file/2019y/08m/29d/20190829001314217_1.jpg%27,%20%27https://t1.daumcdn.net/news/201905/08/10asia/20190508201442321fbti.jpg%27,%20%27https://t1.daumcdn.net/news/201805/04/starnews/20180504113030268djno.jpg%27,%20%27https://t1.daumcdn.net/news/201803/28/tvdaily/20180328194704279payn.jpg%27,%20%27https://t1.daumcdn.net/news/201907/15/10asia/20190715113530917vjyb.jpg%27] HTTP/1.1" 404 -
INFO:werkzeug:127.0.0.1 - - [05/Nov/2019 11:33:34] "GET /news/images HTTP/1.1" 200 -
INFO:werkzeug:127.0.0.1 - - [05/Nov/2019 11:33:34] "GET /news/%7B%20images%20%7D HTTP/1.1" 404 -
INFO:werkzeug:127.0.0.1 - - [05/Nov/2019 11:33:35] "GET /news/images HTTP/1.1" 200 -
INFO:werkzeug:127.0.0.1 - - [05/Nov/2019 11:33:35] "GET /news/%7B%20images%20%7D HTTP/1.1" 404 -
INFO:werkzeug:127.0.0.1 - - [05/Nov/2019 11:33:36] "GET /news/images HTTP/1.1" 200 -
INFO:werkzeug:127.0.0.1 - - [05/Nov/2019 11:33:36] "GET /news/%7B%20images%20%7D HTTP/1.1" 404 -
INFO:werkzeug:127.0.0.1 - - [05/Nov/2019 11:34:37] "GET /news/images HTTP/1.1" 500 -
INFO:werkzeug:127.0.0.1 - - [05/Nov/2019 11:34:37] "GET /news/images?__debugger__=yes&cmd=resource&f=style.css HTTP/1.1" 200 -
INFO:werkzeug:127.0.0.1 - - [05/Nov/2019 11:34:38] "GET /news/images?__debugger__=yes&cmd=resource&f=jquery.js HTTP/1.1" 200 -
INFO:werkzeug:127.0.0.1 - - [05/Nov/2019 11:34:38] "GET /news/images?__debugger__=yes&cmd=resource&f=debugger.js HTTP/1.1" 200 -
INFO:werkzeug:127.0.0.1 - - [05/Nov/2019 11:34:38] "GET /news/images?__debugger__=yes&cmd=resource&f=ubuntu.ttf HTTP/1.1" 200 -
INFO:werkzeug:127.0.0.1 - - [05/Nov/2019 11:34:38] "GET /news/images?__debugger__=yes&cmd=resource&f=console.png HTTP/1.1" 200 -
INFO:werkzeug:127.0.0.1 - - [05/Nov/2019 11:34:38] "GET /news/images?__debugger__=yes&cmd=resource&f=console.png HTTP/1.1" 200 -
INFO:werkzeug:127.0.0.1 - - [05/Nov/2019 11:35:35] "GET /news/images HTTP/1.1" 200 -
INFO:werkzeug: * Running on http://127.0.0.1:5000/ (Press CTRL+C to quit)
INFO:werkzeug: * Restarting with stat
WARNING:werkzeug: * Debugger is active!
INFO:werkzeug: * Debugger PIN: 248-030-515
INFO:werkzeug: * Running on http://localhost:8080/ (Press CTRL+C to quit)
INFO:werkzeug:127.0.0.1 - - [05/Nov/2019 11:36:32] "GET /news/images HTTP/1.1" 200 -
INFO:werkzeug:127.0.0.1 - - [05/Nov/2019 11:37:03] "GET /news/images HTTP/1.1" 200 -
INFO:werkzeug: * Detected change in 'C:\\Users\\admin\\PycharmProjects\\web_service_2\\news.py', reloading
INFO:werkzeug: * Restarting with stat
WARNING:werkzeug: * Debugger is active!
INFO:werkzeug: * Debugger PIN: 248-030-515
INFO:werkzeug: * Running on http://localhost:8080/ (Press CTRL+C to quit)
INFO:werkzeug:127.0.0.1 - - [05/Nov/2019 11:41:43] "GET /news/images HTTP/1.1" 200 -
INFO:werkzeug: * Detected change in 'C:\\Users\\admin\\PycharmProjects\\web_service_2\\news.py', reloading
INFO:werkzeug: * Restarting with stat
WARNING:werkzeug: * Debugger is active!
INFO:werkzeug: * Debugger PIN: 248-030-515
INFO:werkzeug: * Running on http://localhost:8080/ (Press CTRL+C to quit)
INFO:werkzeug:127.0.0.1 - - [05/Nov/2019 11:43:53] "GET /news/images HTTP/1.1" 200 -
INFO:werkzeug: * Detected change in 'C:\\Users\\admin\\PycharmProjects\\web_service_2\\news.py', reloading
INFO:werkzeug: * Restarting with stat
WARNING:werkzeug: * Debugger is active!
INFO:werkzeug: * Debugger PIN: 248-030-515
INFO:werkzeug: * Running on http://localhost:8080/ (Press CTRL+C to quit)
INFO:werkzeug:127.0.0.1 - - [05/Nov/2019 11:44:34] "GET /news/images HTTP/1.1" 200 -
INFO:werkzeug: * Detected change in 'C:\\Users\\admin\\PycharmProjects\\web_service_2\\news.py', reloading
INFO:werkzeug: * Restarting with stat
WARNING:werkzeug: * Debugger is active!
INFO:werkzeug: * Debugger PIN: 248-030-515
INFO:werkzeug: * Running on http://localhost:8080/ (Press CTRL+C to quit)
INFO:werkzeug:127.0.0.1 - - [05/Nov/2019 11:44:45] "GET /news/images HTTP/1.1" 200 -
INFO:werkzeug: * Detected change in 'C:\\Users\\admin\\PycharmProjects\\web_service_2\\news.py', reloading
INFO:werkzeug: * Restarting with stat
WARNING:werkzeug: * Debugger is active!
INFO:werkzeug: * Debugger PIN: 248-030-515
INFO:werkzeug: * Running on http://localhost:8080/ (Press CTRL+C to quit)
INFO:werkzeug:127.0.0.1 - - [05/Nov/2019 11:47:09] "GET /news/images HTTP/1.1" 200 -
INFO:werkzeug: * Restarting with stat
WARNING:werkzeug: * Debugger is active!
INFO:werkzeug: * Debugger PIN: 248-030-515
INFO:werkzeug: * Running on http://localhost:8080/ (Press CTRL+C to quit)
INFO:werkzeug:127.0.0.1 - - [05/Nov/2019 12:23:00] "GET /news/images HTTP/1.1" 200 -
INFO:werkzeug:127.0.0.1 - - [05/Nov/2019 12:23:12] "GET /index.html HTTP/1.1" 404 -
INFO:werkzeug:127.0.0.1 - - [05/Nov/2019 12:26:11] "GET / HTTP/1.1" 200 -
INFO:werkzeug:127.0.0.1 - - [05/Nov/2019 12:26:11] "GET /static/assets/css/material-dashboard.css?v=2.1.1 HTTP/1.1" 200 -
INFO:werkzeug:127.0.0.1 - - [05/Nov/2019 12:32:31] "GET / HTTP/1.1" 200 -
INFO:werkzeug:127.0.0.1 - - [05/Nov/2019 12:32:40] "GET / HTTP/1.1" 200 -
INFO:werkzeug:127.0.0.1 - - [05/Nov/2019 12:34:51] "GET / HTTP/1.1" 200 -
INFO:werkzeug:127.0.0.1 - - [05/Nov/2019 12:37:30] "GET / HTTP/1.1" 200 -
INFO:werkzeug:127.0.0.1 - - [05/Nov/2019 12:37:54] "GET / HTTP/1.1" 200 -
INFO:werkzeug:127.0.0.1 - - [05/Nov/2019 12:38:09] "GET / HTTP/1.1" 200 -
INFO:werkzeug:127.0.0.1 - - [05/Nov/2019 12:39:13] "GET / HTTP/1.1" 200 -
INFO:werkzeug:127.0.0.1 - - [05/Nov/2019 12:39:14] "GET /templates/Images.html HTTP/1.1" 404 -
INFO:werkzeug: * Restarting with stat
WARNING:werkzeug: * Debugger is active!
INFO:werkzeug: * Debugger PIN: 248-030-515
INFO:werkzeug: * Running on http://localhost:8080/ (Press CTRL+C to quit)
INFO:werkzeug:127.0.0.1 - - [05/Nov/2019 12:39:53] "GET / HTTP/1.1" 200 -
INFO:werkzeug:127.0.0.1 - - [05/Nov/2019 12:39:56] "GET /templates/Images.html HTTP/1.1" 404 -
INFO:werkzeug:127.0.0.1 - - [05/Nov/2019 12:40:23] "GET / HTTP/1.1" 200 -
INFO:werkzeug:127.0.0.1 - - [05/Nov/2019 12:40:24] "GET /templates/Images.html HTTP/1.1" 404 -
INFO:werkzeug:127.0.0.1 - - [05/Nov/2019 12:40:51] "GET / HTTP/1.1" 200 -
INFO:werkzeug:127.0.0.1 - - [05/Nov/2019 12:40:52] "GET /templates/Images.html HTTP/1.1" 404 -
INFO:werkzeug:127.0.0.1 - - [05/Nov/2019 12:41:24] "GET / HTTP/1.1" 200 -
INFO:werkzeug:127.0.0.1 - - [05/Nov/2019 12:41:25] "GET /templates/Images.html HTTP/1.1" 404 -
INFO:werkzeug:127.0.0.1 - - [05/Nov/2019 12:41:40] "GET /news/images HTTP/1.1" 200 -
INFO:werkzeug:127.0.0.1 - - [05/Nov/2019 12:42:06] "GET /news/images HTTP/1.1" 200 -
INFO:werkzeug:127.0.0.1 - - [05/Nov/2019 12:42:08] "GET /templates/Images.html HTTP/1.1" 404 -
INFO:werkzeug:127.0.0.1 - - [05/Nov/2019 12:42:12] "GET /news/images HTTP/1.1" 200 -
INFO:werkzeug:127.0.0.1 - - [05/Nov/2019 12:42:33] "GET /news/images HTTP/1.1" 200 -
INFO:werkzeug:127.0.0.1 - - [05/Nov/2019 12:42:34] "GET /news/images HTTP/1.1" 200 -
INFO:werkzeug:127.0.0.1 - - [05/Nov/2019 12:42:36] "GET /news/images HTTP/1.1" 200 -
INFO:werkzeug:127.0.0.1 - - [05/Nov/2019 12:42:45] "GET /news/images HTTP/1.1" 200 -
INFO:werkzeug:127.0.0.1 - - [05/Nov/2019 12:42:46] "GET /news/images HTTP/1.1" 200 -
INFO:werkzeug:127.0.0.1 - - [05/Nov/2019 12:42:47] "GET / HTTP/1.1" 200 -
INFO:werkzeug:127.0.0.1 - - [05/Nov/2019 12:42:48] "GET /news/images HTTP/1.1" 200 -
INFO:werkzeug:127.0.0.1 - - [05/Nov/2019 12:42:48] "GET / HTTP/1.1" 200 -
INFO:werkzeug:127.0.0.1 - - [05/Nov/2019 12:42:49] "GET /news/images HTTP/1.1" 200 -
INFO:werkzeug:127.0.0.1 - - [05/Nov/2019 12:42:50] "GET / HTTP/1.1" 200 -
INFO:werkzeug:127.0.0.1 - - [05/Nov/2019 12:42:50] "GET /news/images HTTP/1.1" 200 -
INFO:werkzeug:127.0.0.1 - - [05/Nov/2019 12:43:32] "GET /news/images HTTP/1.1" 200 -
INFO:werkzeug:127.0.0.1 - - [05/Nov/2019 12:43:32] "GET /news/images HTTP/1.1" 200 -
INFO:werkzeug:127.0.0.1 - - [05/Nov/2019 12:43:34] "GET /news/images HTTP/1.1" 200 -
INFO:werkzeug:127.0.0.1 - - [05/Nov/2019 12:43:44] "GET /news/images HTTP/1.1" 200 -
INFO:werkzeug:127.0.0.1 - - [05/Nov/2019 12:43:49] "GET /news/images HTTP/1.1" 200 -
INFO:werkzeug: * Detected change in 'C:\\Users\\admin\\PycharmProjects\\web_service_2\\app.py', reloading
INFO:werkzeug: * Restarting with stat
WARNING:werkzeug: * Debugger is active!
INFO:werkzeug: * Debugger PIN: 248-030-515
INFO:werkzeug: * Running on http://localhost:8080/ (Press CTRL+C to quit)
INFO:werkzeug:127.0.0.1 - - [05/Nov/2019 12:45:04] "GET /news/images HTTP/1.1" 200 -
INFO:werkzeug:127.0.0.1 - - [05/Nov/2019 12:45:05] "GET /news/images HTTP/1.1" 200 -
INFO:werkzeug: * Detected change in 'C:\\Users\\admin\\PycharmProjects\\web_service_2\\app.py', reloading
INFO:werkzeug: * Restarting with stat
WARNING:werkzeug: * Debugger is active!
INFO:werkzeug: * Debugger PIN: 248-030-515
INFO:werkzeug: * Running on http://localhost:8080/ (Press CTRL+C to quit)
INFO:werkzeug: * Detected change in 'C:\\Users\\admin\\PycharmProjects\\web_service_2\\news.py', reloading
INFO:werkzeug: * Restarting with stat
WARNING:werkzeug: * Debugger is active!
INFO:werkzeug: * Debugger PIN: 248-030-515
INFO:werkzeug: * Running on http://localhost:8080/ (Press CTRL+C to quit)
INFO:werkzeug:127.0.0.1 - - [05/Nov/2019 12:48:55] "GET /news/images HTTP/1.1" 200 -
INFO:werkzeug:127.0.0.1 - - [05/Nov/2019 12:48:59] "GET / HTTP/1.1" 200 -
INFO:werkzeug:127.0.0.1 - - [05/Nov/2019 12:48:59] "GET /news/images HTTP/1.1" 200 -
INFO:werkzeug:127.0.0.1 - - [05/Nov/2019 12:49:00] "GET /news/images HTTP/1.1" 200 -
INFO:werkzeug:127.0.0.1 - - [05/Nov/2019 12:49:00] "GET /news/images HTTP/1.1" 200 -
INFO:werkzeug:127.0.0.1 - - [05/Nov/2019 12:49:01] "GET /news/images HTTP/1.1" 200 -
INFO:werkzeug:127.0.0.1 - - [05/Nov/2019 12:49:01] "GET /news/images HTTP/1.1" 200 -
INFO:werkzeug:127.0.0.1 - - [05/Nov/2019 12:49:02] "GET /news/images HTTP/1.1" 200 -
INFO:werkzeug:127.0.0.1 - - [05/Nov/2019 12:49:04] "GET / HTTP/1.1" 200 -
INFO:werkzeug:127.0.0.1 - - [05/Nov/2019 12:49:05] "GET /news/images HTTP/1.1" 200 -
INFO:werkzeug:127.0.0.1 - - [05/Nov/2019 12:49:08] "GET /news/images HTTP/1.1" 200 -
INFO:werkzeug:127.0.0.1 - - [05/Nov/2019 12:49:09] "GET /news/images HTTP/1.1" 200 -
INFO:werkzeug:127.0.0.1 - - [05/Nov/2019 12:49:38] "GET /news/images HTTP/1.1" 200 -
INFO:werkzeug:127.0.0.1 - - [05/Nov/2019 12:49:39] "GET /news/images HTTP/1.1" 200 -
INFO:werkzeug:127.0.0.1 - - [05/Nov/2019 12:49:40] "GET / HTTP/1.1" 200 -
INFO:werkzeug:127.0.0.1 - - [05/Nov/2019 12:49:41] "GET /news/images HTTP/1.1" 200 -
INFO:werkzeug:127.0.0.1 - - [05/Nov/2019 12:49:42] "GET /news/images HTTP/1.1" 200 -
INFO:werkzeug: * Detected change in 'C:\\Users\\admin\\PycharmProjects\\web_service_2\\news.py', reloading
INFO:werkzeug: * Restarting with stat
WARNING:werkzeug: * Debugger is active!
INFO:werkzeug: * Debugger PIN: 248-030-515
INFO:werkzeug: * Running on http://localhost:8080/ (Press CTRL+C to quit)
INFO:werkzeug:127.0.0.1 - - [05/Nov/2019 12:50:12] "GET /news/images HTTP/1.1" 200 -
INFO:werkzeug:127.0.0.1 - - [05/Nov/2019 12:50:13] "GET / HTTP/1.1" 200 -
INFO:werkzeug:127.0.0.1 - - [05/Nov/2019 12:50:14] "GET /news/images HTTP/1.1" 200 -
INFO:werkzeug:127.0.0.1 - - [05/Nov/2019 12:50:15] "GET /news/images HTTP/1.1" 200 -
INFO:werkzeug:127.0.0.1 - - [05/Nov/2019 12:50:15] "GET /news/images HTTP/1.1" 200 -
INFO:werkzeug:127.0.0.1 - - [05/Nov/2019 12:50:16] "GET /news/images HTTP/1.1" 200 -
INFO:werkzeug:127.0.0.1 - - [05/Nov/2019 12:50:16] "GET /news/images HTTP/1.1" 200 -
INFO:werkzeug:127.0.0.1 - - [05/Nov/2019 12:50:17] "GET /news/images HTTP/1.1" 200 -
INFO:werkzeug:127.0.0.1 - - [05/Nov/2019 12:50:18] "GET /news/images HTTP/1.1" 200 -
INFO:werkzeug:127.0.0.1 - - [05/Nov/2019 12:50:19] "GET /news/images HTTP/1.1" 200 -
INFO:werkzeug:127.0.0.1 - - [05/Nov/2019 12:50:56] "GET /news/images HTTP/1.1" 200 -
INFO:werkzeug:127.0.0.1 - - [05/Nov/2019 12:50:56] "GET / HTTP/1.1" 200 -
INFO:werkzeug:127.0.0.1 - - [05/Nov/2019 12:50:59] "GET /news/images HTTP/1.1" 200 -
INFO:werkzeug: * Detected change in 'C:\\Users\\admin\\PycharmProjects\\web_service_2\\news.py', reloading
INFO:werkzeug: * Restarting with stat
WARNING:werkzeug: * Debugger is active!
INFO:werkzeug: * Debugger PIN: 248-030-515
INFO:werkzeug: * Running on http://localhost:8080/ (Press CTRL+C to quit)
INFO:werkzeug: * Detected change in 'C:\\Users\\admin\\PycharmProjects\\web_service_2\\news.py', reloading
INFO:werkzeug: * Restarting with stat
WARNING:werkzeug: * Debugger is active!
INFO:werkzeug: * Debugger PIN: 248-030-515
INFO:werkzeug: * Running on http://localhost:8080/ (Press CTRL+C to quit)
INFO:werkzeug:127.0.0.1 - - [05/Nov/2019 12:51:53] "GET /news/images HTTP/1.1" 200 -
INFO:werkzeug:127.0.0.1 - - [05/Nov/2019 12:51:54] "GET /news/images HTTP/1.1" 200 -
INFO:werkzeug:127.0.0.1 - - [05/Nov/2019 12:51:55] "GET / HTTP/1.1" 200 -
INFO:werkzeug:127.0.0.1 - - [05/Nov/2019 12:51:56] "GET /news/images HTTP/1.1" 200 -
INFO:werkzeug:127.0.0.1 - - [05/Nov/2019 12:51:57] "GET /news/images HTTP/1.1" 200 -
INFO:werkzeug:127.0.0.1 - - [05/Nov/2019 12:52:00] "GET / HTTP/1.1" 200 -
INFO:werkzeug:127.0.0.1 - - [05/Nov/2019 12:52:01] "GET /news/images HTTP/1.1" 200 -
INFO:werkzeug:127.0.0.1 - - [05/Nov/2019 12:52:12] "GET / HTTP/1.1" 200 -
INFO:werkzeug:127.0.0.1 - - [05/Nov/2019 12:52:13] "GET /news/images HTTP/1.1" 200 -
INFO:werkzeug:127.0.0.1 - - [05/Nov/2019 12:52:13] "GET / HTTP/1.1" 200 -
INFO:werkzeug:127.0.0.1 - - [05/Nov/2019 12:52:14] "GET /news/images HTTP/1.1" 200 -
INFO:werkzeug:127.0.0.1 - - [05/Nov/2019 12:52:14] "GET / HTTP/1.1" 200 -
INFO:werkzeug:127.0.0.1 - - [05/Nov/2019 12:52:15] "GET /news/images HTTP/1.1" 200 -
INFO:werkzeug:127.0.0.1 - - [05/Nov/2019 12:52:15] "GET / HTTP/1.1" 200 -
INFO:werkzeug:127.0.0.1 - - [05/Nov/2019 12:52:16] "GET /news/images HTTP/1.1" 200 -
INFO:werkzeug:127.0.0.1 - - [05/Nov/2019 12:52:38] "GET /news/images HTTP/1.1" 200 -
INFO:werkzeug:127.0.0.1 - - [05/Nov/2019 12:52:39] "GET / HTTP/1.1" 200 -
INFO:werkzeug:127.0.0.1 - - [05/Nov/2019 12:52:40] "GET /news/images HTTP/1.1" 200 -
INFO:werkzeug:127.0.0.1 - - [05/Nov/2019 12:52:40] "GET / HTTP/1.1" 200 -
INFO:werkzeug:127.0.0.1 - - [05/Nov/2019 12:52:42] "GET /news/images HTTP/1.1" 200 -
INFO:werkzeug:127.0.0.1 - - [05/Nov/2019 12:53:04] "GET / HTTP/1.1" 200 -
INFO:werkzeug:127.0.0.1 - - [05/Nov/2019 12:53:05] "GET /news/images HTTP/1.1" 200 -
INFO:werkzeug:127.0.0.1 - - [05/Nov/2019 12:53:05] "GET / HTTP/1.1" 200 -
INFO:werkzeug:127.0.0.1 - - [05/Nov/2019 12:53:20] "GET /news/images HTTP/1.1" 200 -
INFO:werkzeug:127.0.0.1 - - [05/Nov/2019 12:53:21] "GET / HTTP/1.1" 200 -
INFO:werkzeug:127.0.0.1 - - [05/Nov/2019 12:53:22] "GET /news/images HTTP/1.1" 200 -
INFO:werkzeug:127.0.0.1 - - [05/Nov/2019 12:53:56] "GET /news/images HTTP/1.1" 200 -
INFO:werkzeug:127.0.0.1 - - [05/Nov/2019 12:54:07] "GET / HTTP/1.1" 200 -
INFO:werkzeug:127.0.0.1 - - [05/Nov/2019 12:54:09] "GET /news/images HTTP/1.1" 200 -
INFO:werkzeug:127.0.0.1 - - [05/Nov/2019 12:54:25] "GET /news/images HTTP/1.1" 200 -
INFO:werkzeug:127.0.0.1 - - [05/Nov/2019 12:54:38] "GET /news/images HTTP/1.1" 200 -
INFO:werkzeug:127.0.0.1 - - [05/Nov/2019 12:54:38] "GET /news/images HTTP/1.1" 200 -
INFO:werkzeug:127.0.0.1 - - [05/Nov/2019 12:54:39] "GET /news/images HTTP/1.1" 200 -
INFO:werkzeug:127.0.0.1 - - [05/Nov/2019 12:54:39] "GET /news/images HTTP/1.1" 200 -
INFO:werkzeug:127.0.0.1 - - [05/Nov/2019 12:54:40] "GET /news/images HTTP/1.1" 200 -
INFO:werkzeug:127.0.0.1 - - [05/Nov/2019 12:54:40] "GET /news/images HTTP/1.1" 200 -
INFO:werkzeug:127.0.0.1 - - [05/Nov/2019 12:54:51] "GET /news/images HTTP/1.1" 200 -
INFO:werkzeug:127.0.0.1 - - [05/Nov/2019 12:54:52] "GET /news/images HTTP/1.1" 200 -
INFO:werkzeug:127.0.0.1 - - [05/Nov/2019 12:54:53] "GET /news/images HTTP/1.1" 200 -
INFO:werkzeug:127.0.0.1 - - [05/Nov/2019 12:54:53] "GET /news/images HTTP/1.1" 200 -
INFO:werkzeug:127.0.0.1 - - [05/Nov/2019 12:54:53] "GET /news/images HTTP/1.1" 200 -
INFO:werkzeug:127.0.0.1 - - [05/Nov/2019 12:54:58] "GET /news/images HTTP/1.1" 200 -
INFO:werkzeug:127.0.0.1 - - [05/Nov/2019 12:54:59] "GET /news/images HTTP/1.1" 200 -
INFO:werkzeug: * Detected change in 'C:\\Users\\admin\\PycharmProjects\\web_service_2\\news.py', reloading
INFO:werkzeug: * Restarting with stat
WARNING:werkzeug: * Debugger is active!
INFO:werkzeug: * Debugger PIN: 248-030-515
INFO:werkzeug: * Running on http://localhost:8080/ (Press CTRL+C to quit)
INFO:werkzeug:127.0.0.1 - - [05/Nov/2019 12:55:32] "GET /news/images HTTP/1.1" 200 -
INFO:werkzeug:127.0.0.1 - - [05/Nov/2019 12:55:41] "GET /news/images HTTP/1.1" 200 -
INFO:werkzeug: * Restarting with stat
WARNING:werkzeug: * Debugger is active!
INFO:werkzeug: * Debugger PIN: 248-030-515
INFO:werkzeug: * Running on http://localhost:8080/ (Press CTRL+C to quit)
INFO:werkzeug:127.0.0.1 - - [12/Nov/2019 11:14:04] "GET / HTTP/1.1" 200 -
INFO:werkzeug:127.0.0.1 - - [12/Nov/2019 11:14:04] "GET /static/assets/css/material-dashboard.css?v=2.1.1 HTTP/1.1" 304 -
INFO:werkzeug:127.0.0.1 - - [12/Nov/2019 11:14:05] "GET /favicon.ico HTTP/1.1" 404 -
INFO:werkzeug:127.0.0.1 - - [12/Nov/2019 11:14:07] "GET /news/images HTTP/1.1" 200 -
INFO:werkzeug:127.0.0.1 - - [12/Nov/2019 11:14:12] "GET /news/images HTTP/1.1" 200 -
INFO:werkzeug:127.0.0.1 - - [12/Nov/2019 11:14:12] "GET / HTTP/1.1" 200 -
INFO:werkzeug:127.0.0.1 - - [12/Nov/2019 11:14:13] "GET /news/images HTTP/1.1" 200 -
INFO:werkzeug:127.0.0.1 - - [12/Nov/2019 11:14:50] "GET /static/assets/css/dashboard-free.css.map HTTP/1.1" 404 -
INFO:werkzeug:127.0.0.1 - - [12/Nov/2019 11:15:00] "GET / HTTP/1.1" 200 -
INFO:werkzeug:127.0.0.1 - - [12/Nov/2019 11:15:00] "GET /static/assets/css/dashboard-free.css.map HTTP/1.1" 404 -
INFO:werkzeug:127.0.0.1 - - [12/Nov/2019 11:15:01] "GET /news/images HTTP/1.1" 200 -
INFO:werkzeug:127.0.0.1 - - [12/Nov/2019 11:15:01] "GET /static/assets/css/dashboard-free.css.map HTTP/1.1" 404 -
INFO:werkzeug:127.0.0.1 - - [12/Nov/2019 11:15:04] "GET /news/images HTTP/1.1" 200 -
INFO:werkzeug:127.0.0.1 - - [12/Nov/2019 11:15:04] "GET /static/assets/css/dashboard-free.css.map HTTP/1.1" 404 -
INFO:werkzeug: * Detected change in 'C:\\Users\\admin\\PycharmProjects\\web_service_2\\news.py', reloading
INFO:werkzeug: * Restarting with stat
INFO:werkzeug: * Restarting with stat
WARNING:werkzeug: * Debugger is active!
INFO:werkzeug: * Debugger PIN: 248-030-515
INFO:werkzeug: * Running on http://localhost:8080/ (Press CTRL+C to quit)
INFO:werkzeug:127.0.0.1 - - [12/Nov/2019 11:26:07] "GET / HTTP/1.1" 200 -
INFO:werkzeug:127.0.0.1 - - [12/Nov/2019 11:26:12] "GET /news/images HTTP/1.1" 200 -
INFO:werkzeug:127.0.0.1 - - [12/Nov/2019 11:26:13] "GET /news/books HTTP/1.1" 500 -
INFO:werkzeug:127.0.0.1 - - [12/Nov/2019 11:26:13] "GET /news/books?__debugger__=yes&cmd=resource&f=style.css HTTP/1.1" 200 -
INFO:werkzeug:127.0.0.1 - - [12/Nov/2019 11:26:13] "GET /news/books?__debugger__=yes&cmd=resource&f=debugger.js HTTP/1.1" 200 -
INFO:werkzeug:127.0.0.1 - - [12/Nov/2019 11:26:13] "GET /news/books?__debugger__=yes&cmd=resource&f=jquery.js HTTP/1.1" 200 -
INFO:werkzeug:127.0.0.1 - - [12/Nov/2019 11:26:13] "GET /news/books?__debugger__=yes&cmd=resource&f=ubuntu.ttf HTTP/1.1" 200 -
INFO:werkzeug:127.0.0.1 - - [12/Nov/2019 11:26:13] "GET /news/books?__debugger__=yes&cmd=resource&f=console.png HTTP/1.1" 200 -
INFO:werkzeug:127.0.0.1 - - [12/Nov/2019 11:26:14] "GET /news/books?__debugger__=yes&cmd=resource&f=console.png HTTP/1.1" 200 -
INFO:werkzeug:127.0.0.1 - - [12/Nov/2019 11:27:45] "GET /news/images HTTP/1.1" 200 -
INFO:werkzeug:127.0.0.1 - - [12/Nov/2019 11:27:46] "GET /news/books HTTP/1.1" 500 -
INFO:werkzeug:127.0.0.1 - - [12/Nov/2019 11:27:46] "GET /news/books?__debugger__=yes&cmd=resource&f=style.css HTTP/1.1" 200 -
INFO:werkzeug:127.0.0.1 - - [12/Nov/2019 11:27:46] "GET /news/books?__debugger__=yes&cmd=resource&f=jquery.js HTTP/1.1" 200 -
INFO:werkzeug:127.0.0.1 - - [12/Nov/2019 11:27:46] "GET /news/books?__debugger__=yes&cmd=resource&f=debugger.js HTTP/1.1" 200 -
INFO:werkzeug:127.0.0.1 - - [12/Nov/2019 11:27:47] "GET /news/books?__debugger__=yes&cmd=resource&f=ubuntu.ttf HTTP/1.1" 200 -
INFO:werkzeug:127.0.0.1 - - [12/Nov/2019 11:27:47] "GET /news/books?__debugger__=yes&cmd=resource&f=console.png HTTP/1.1" 200 -
INFO:werkzeug: * Detected change in 'C:\\Users\\admin\\PycharmProjects\\web_service_2\\app.py', reloading
INFO:werkzeug: * Restarting with stat
WARNING:werkzeug: * Debugger is active!
INFO:werkzeug: * Debugger PIN: 248-030-515
INFO:werkzeug: * Running on http://localhost:8080/ (Press CTRL+C to quit)
INFO:werkzeug:127.0.0.1 - - [12/Nov/2019 11:33:09] "GET / HTTP/1.1" 200 -
INFO:werkzeug:127.0.0.1 - - [12/Nov/2019 11:33:11] "GET /menus/images HTTP/1.1" 200 -
INFO:werkzeug:127.0.0.1 - - [12/Nov/2019 11:33:12] "GET /menus/books HTTP/1.1" 500 -
INFO:werkzeug:127.0.0.1 - - [12/Nov/2019 11:33:12] "GET /menus/books?__debugger__=yes&cmd=resource&f=style.css HTTP/1.1" 200 -
INFO:werkzeug:127.0.0.1 - - [12/Nov/2019 11:33:13] "GET /menus/books?__debugger__=yes&cmd=resource&f=jquery.js HTTP/1.1" 200 -
INFO:werkzeug:127.0.0.1 - - [12/Nov/2019 11:33:13] "GET /menus/books?__debugger__=yes&cmd=resource&f=debugger.js HTTP/1.1" 200 -
INFO:werkzeug:127.0.0.1 - - [12/Nov/2019 11:33:13] "GET /menus/books?__debugger__=yes&cmd=resource&f=ubuntu.ttf HTTP/1.1" 200 -
INFO:werkzeug:127.0.0.1 - - [12/Nov/2019 11:33:13] "GET /menus/books?__debugger__=yes&cmd=resource&f=console.png HTTP/1.1" 200 -
INFO:werkzeug:127.0.0.1 - - [12/Nov/2019 11:33:13] "GET /menus/books?__debugger__=yes&cmd=resource&f=console.png HTTP/1.1" 200 -
INFO:werkzeug:127.0.0.1 - - [12/Nov/2019 11:33:19] "GET /menus/books HTTP/1.1" 500 -
INFO:werkzeug:127.0.0.1 - - [12/Nov/2019 11:33:19] "GET /menus/books?__debugger__=yes&cmd=resource&f=style.css HTTP/1.1" 200 -
INFO:werkzeug:127.0.0.1 - - [12/Nov/2019 11:33:19] "GET /menus/books?__debugger__=yes&cmd=resource&f=jquery.js HTTP/1.1" 200 -
INFO:werkzeug:127.0.0.1 - - [12/Nov/2019 11:33:19] "GET /menus/books?__debugger__=yes&cmd=resource&f=debugger.js HTTP/1.1" 200 -
INFO:werkzeug:127.0.0.1 - - [12/Nov/2019 11:33:19] "GET /menus/books?__debugger__=yes&cmd=resource&f=ubuntu.ttf HTTP/1.1" 200 -
INFO:werkzeug:127.0.0.1 - - [12/Nov/2019 11:33:19] "GET /menus/books?__debugger__=yes&cmd=resource&f=console.png HTTP/1.1" 200 -
INFO:werkzeug: * Detected change in 'C:\\Users\\admin\\PycharmProjects\\web_service_2\\menus.py', reloading
INFO:werkzeug: * Restarting with stat
WARNING:werkzeug: * Debugger is active!
INFO:werkzeug: * Debugger PIN: 248-030-515
INFO:werkzeug: * Running on http://localhost:8080/ (Press CTRL+C to quit)
INFO:werkzeug:127.0.0.1 - - [12/Nov/2019 11:35:09] "GET /menus/books HTTP/1.1" 200 -
INFO:werkzeug:127.0.0.1 - - [12/Nov/2019 11:35:09] "GET /menus/documents HTTP/1.1" 404 -
INFO:werkzeug:127.0.0.1 - - [12/Nov/2019 11:35:09] "GET /menus/meta HTTP/1.1" 404 -
INFO:werkzeug:127.0.0.1 - - [12/Nov/2019 11:35:12] "GET /menus/images HTTP/1.1" 200 -
INFO:werkzeug:127.0.0.1 - - [12/Nov/2019 11:35:13] "GET /menus/images HTTP/1.1" 200 -
INFO:werkzeug:127.0.0.1 - - [12/Nov/2019 11:35:13] "GET / HTTP/1.1" 200 -
INFO:werkzeug:127.0.0.1 - - [12/Nov/2019 11:35:14] "GET /menus/books HTTP/1.1" 200 -
INFO:werkzeug:127.0.0.1 - - [12/Nov/2019 11:35:14] "GET /menus/documents HTTP/1.1" 404 -
INFO:werkzeug:127.0.0.1 - - [12/Nov/2019 11:35:14] "GET /menus/meta HTTP/1.1" 404 -
INFO:werkzeug:127.0.0.1 - - [12/Nov/2019 11:35:44] "GET /menus/books HTTP/1.1" 200 -
INFO:werkzeug:127.0.0.1 - - [12/Nov/2019 11:35:44] "GET /menus/documents HTTP/1.1" 404 -
INFO:werkzeug:127.0.0.1 - - [12/Nov/2019 11:35:45] "GET /menus/meta HTTP/1.1" 404 -
INFO:werkzeug: * Detected change in 'C:\\Users\\admin\\PycharmProjects\\web_service_2\\menus.py', reloading
INFO:werkzeug: * Restarting with stat
WARNING:werkzeug: * Debugger is active!
INFO:werkzeug: * Debugger PIN: 248-030-515
INFO:werkzeug: * Running on http://localhost:8080/ (Press CTRL+C to quit)
INFO:werkzeug:127.0.0.1 - - [12/Nov/2019 11:36:11] "GET /menus/books HTTP/1.1" 200 -
INFO:werkzeug:127.0.0.1 - - [12/Nov/2019 11:36:11] "GET /menus/%7B'authors':%20['기시미%20이치로',%20'고가%20후미타케'],%20'contents':%20'그의%20고민에%20“인간은%20변할%20수%20있고,%20누구나%20행복해%20질%20수%20있다.%20단%20그러기%20위해서는%20‘용기’가%20필요하다”고%20말한%20철학자가%20있다.%20바로%20프로이트,%20융과%20함께%20‘심리학의%203대%20거장’으로%20일컬어지고%20있는%20알프레드%20아들러다.%20%20『미움받을%20용기』는%20아들러%20심리학에%20관한%20일본의%201인자%20철학자%20기시미%20이치로와%20베스트셀러%20작가인%20고가%20후미타케의%20저서로,%20아들러의%20심리학을%20‘대화체’로%20쉽고%20맛깔나게%20정리하고%20있다.%20아들러%20심리학을%20공부한%20철학자와%20세상에%20부정적이고%20열등감',%20'datetime':%20'2014-11-17T00:00:00.000+09:00',%20'isbn':%20'8996991341%209788996991342',%20'price':%2014900,%20'publisher':%20'인플루엔셜',%20'sale_price':%2013410,%20'status':%20'정상판매',%20'thumbnail':%20'https://search1.kakaocdn.net/thumb/R120x174.q85/?fname=http%3A%2F%2Ft1.daumcdn.net%2Flbook%2Fimage%2F1467038%3Ftimestamp%3D20190731101452%27,%20%27title%27:%20%27미움받을%20용기(교보문고%20단독%20스페셜%20에디션)(리커버:K)%27,%20%27translators%27:%20[%27전경아%27],%20%27url%27:%20%27https://search.daum.net/search?w=bookpage&bookId=1467038&q=미움받을+용기%28교보문고+단독+스페셜+에디션%29%28리커버%3AK%29%27} HTTP/1.1" 404 -
INFO:werkzeug:127.0.0.1 - - [12/Nov/2019 11:36:11] "GET /menus/%7B'authors':%20['알프레드%20아들러'],%20'contents':%20'아들러가%20말하는%20‘용기’가%20이%20시대를%20사는%20독자들에게%20힘을%20발휘하는%20까닭은,%20용기를%20갖고%20주체적으로%20세상을%20살아나가는%20방법을%20탐구하는%20것이%20바로%20아들러%20자신의%20문제였기%20때문이다.%20아들러는%20자신이%20겪은%20그%20아픔을%20자신만의%20경험으로%20축소시키지%20않고%20사회%20전반의%20관심사로%20확장하였다.%20%20아들러는%20“난%20오늘부터%20용기%20있는%20사람이%20될%20거야”라고%20다짐한다고%20해서%20쉽게%20그%20힘을%20갖게%20되는%20것이%20아니라는%20점을%20잘%20알았다.%20아들러는%20건강한%20삶을%20살기%20위해%20자기%20삶의',%20'datetime':%20'2015-10-20T00:00:00.000+09:00',%20'isbn':%20'1157790380%209791157790388',%20'price':%2016000,%20'publisher':%20'스마트북',%20'sale_price':%2014400,%20'status':%20'정상판매',%20'thumbnail':%20'https://search1.kakaocdn.net/thumb/R120x174.q85/?fname=http%3A%2F%2Ft1.daumcdn.net%2Flbook%2Fimage%2F1577785%3Ftimestamp%3D20190131012431%27,%20%27title%27:%20%27오늘을%20살아갈%20용기%20아들러%20심리학%27,%20%27translators%27:%20[%27유진상%27],%20%27url%27:%20%27https://search.daum.net/search?w=bookpage&bookId=1577785&q=오늘을+살아갈+용기+아들러+심리학%27} HTTP/1.1" 404 -
INFO:werkzeug:127.0.0.1 - - [12/Nov/2019 11:36:11] "GET /menus/%7B'authors':%20['기시미%20이치로'],%20'contents':%20'',%20'datetime':%20'2017-09-01T00:00:00.000+09:00',%20'isbn':%20'7111495489%209787111495482',%20'price':%2027500,%20'publisher':%20'기계공업출판사',%20'sale_price':%2024750,%20'status':%20'정상판매',%20'thumbnail':%20'',%20'title':%20'피토염적용기(미움받을%20용기)',%20'translators':%20[],%20'url':%20'https://search.daum.net/search?w=bookpage&bookId=3445642&q=피토염적용기%28미움받을+용기%29%27} HTTP/1.1" 404 -
INFO:werkzeug:127.0.0.1 - - [12/Nov/2019 11:36:11] "GET /menus/%7B'authors':%20['기시미%20이치로'],%20'contents':%20'그의%20고민에%20“인간은%20변할%20수%20있고,%20누구나%20행복해%20질%20수%20있다.%20단%20그러기%20위해서는%20‘용기’가%20필요하다”고%20말한%20철학자가%20있다.%20바로%20프로이트,%20융과%20함께%20‘심리학의%203대%20거장’으로%20일컬어지고%20있는%20알프레드%20아들러다.%20『미움받을%20용기』는%20아들러%20심리학에%20관한%20일본의%201인자%20철학자%20기시미%20이치로와%20베스트셀러%20작가인%20고가%20후미타케의%20저서로,%20아들러의%20심리학을%20‘대화체’로%20쉽고%20맛깔나게%20정리하고%20있다.%20아들러%20심리학을%20공부한%20철학자와%20세상에%20부정적이고%20열등감%20많은',%20'datetime':%20'2015-04-09T00:00:00.000+09:00',%20'isbn':%20'%20480D150405880',%20'price':%200,%20'publisher':%20'인플루엔셜',%20'sale_price':%20-1,%20'status':%20'',%20'thumbnail':%20'https://search1.kakaocdn.net/thumb/R120x174.q85/?fname=http%3A%2F%2Ft1.daumcdn.net%2Flbook%2Fimage%2F4397724%3Ftimestamp%3D20190228152712%27,%20%27title%27:%20%27[samPle]%20미움받을%20용기%27,%20%27translators%27:%20[],%20%27url%27:%20%27https://search.daum.net/search?w=bookpage&bookId=4397724&q=%5BsamPle%5D+미움받을+용기%27} HTTP/1.1" 404 -
INFO:werkzeug:127.0.0.1 - - [12/Nov/2019 11:36:11] "GET /menus/%7B'authors':%20['기시미%20이치로'],%20'contents':%20'『엄마를%20위한%20미움받을%20용기』는%20기시미%20이치로가%20자신의%20육아%20경험을%20살려%20‘교육’이라는%20주제로%20아들러의%20심리학을%20풀어%20쓴%20책이다.%20실제로%20기시미%20이치로는%207년%20반%20동안%20아이들을%20직접%20보육원에%20데려다주고%20오는%20일을%20하였는데,%20그때%20생생하게%20경험하고%20느낀%20부분을%20아들러의%20심리학과%20접목시켜%20진정한%20부모%20자녀%20관계는%20무엇인지,%20자녀를%20기르는%20부모의%20행복은%20어디에%20있는지를%20찾고%20실질적이고%20구체적인%20방법을%20소개한다.%20%20가령,%20저자는%20아들러의%20심리학에서%20가장%20중요',%20'datetime':%20'2015-06-22T00:00:00.000+09:00',%20'isbn':%20'1157950531%209791157950539',%20'price':%2014000,%20'publisher':%20'스타북스',%20'sale_price':%2012600,%20'status':%20'정상판매',%20'thumbnail':%20'https://search1.kakaocdn.net/thumb/R120x174.q85/?fname=http%3A%2F%2Ft1.daumcdn.net%2Flbook%2Fimage%2F1581343%3Ftimestamp%3D20190131020231%27,%20%27title%27:%20%27엄마를%20위한%20미움받을%20용기%27,%20%27translators%27:%20[%27김현정%27],%20%27url%27:%20%27https://search.daum.net/search?w=bookpage&bookId=1581343&q=엄마를+위한+미움받을+용기%27} HTTP/1.1" 404 -
INFO:werkzeug:127.0.0.1 - - [12/Nov/2019 11:36:11] "GET /menus/%7B'authors':%20['기시미%20이치로',%20'고가%20후미타케'],%20'contents':%20'이미%20이%20시대의%20고전이%20된%20책!%202015년,%202016년,%202017년%20압도적%20인기의%20인문%20교양서%20시리즈를%20한%20권으로%20만난다!%20%20역대%20최장기간%20연속%20베스트셀러%201위의%20『미움받을%20용기』와%20출간%20한%20달%20만에%2015만%20부%20판매의%20『미움받을%20용기%202』를%20동시에%20만나는%20단%20한%20번의%20기회!%20%20인간은%20누구나%20변할%20수%20있고%20행복해질%20수%20있다.%20그러기%20위해서%20필요한%20건%20오직%20용기뿐이다.%20자유로워질%20용기,%20행복해질%20용기,%20그리고%20사랑할%20용기.%20자유와%20행복,%20사랑과%20진정한',%20'datetime':%20'2018-03-02T00:00:00.000+09:00',%20'isbn':%20'1186560657%209791186560655',%20'price':%2019800,%20'publisher':%20'인플루엔셜',%20'sale_price':%2017820,%20'status':%20'정상판매',%20'thumbnail':%20'https://search1.kakaocdn.net/thumb/R120x174.q85/?fname=http%3A%2F%2Ft1.daumcdn.net%2Flbook%2Fimage%2F1630448%3Ftimestamp%3D20190131094230%27,%20%27title%27:%20%27미움받을%20용기(특별%20합본호)(한정판)(양장본%20HardCover)%27,%20%27translators%27:%20[%27전경아%27],%20%27url%27:%20%27https://search.daum.net/search?w=bookpage&bookId=1630448&q=미움받을+용기%28특별+합본호%29%28한정판%29%28양장본+HardCover%29%27} HTTP/1.1" 404 -
INFO:werkzeug:127.0.0.1 - - [12/Nov/2019 11:36:11] "GET /menus/%7B'authors':%20['고가%20후미타케'],%20'contents':%20'고가%20후미타케는%20그의%20대표작인%20《미움받을%20용기》를%20쓴%20같은%20해에%20작가로서%20그%20구성력을%20인정받아%20비즈니스서%20대상%20심사위원특별상을%20수상했다.%20『작가의%20문장수업』은%20그가%2015년%20동안%20현장에서%20몸소%20겪으며%20터득한%20글쓰기%20노하우를%20담아낸%20책이다.%20글을%20잘%20쓰고자%20하는%20마음가짐은%20제쳐두고,%20실전에서%20당장%20도움이%20되는%20조언을%20‘리듬’,%20‘구성’,%20‘편집’을%20주제로%20강의%20형식으로%20정리했다.%20%20저자는%20글쓰기를%20‘작가의%20머릿속에%20맴도는%20이야깃거리가%20번역%20완성되는%20일',%20'datetime':%20'2015-09-02T00:00:00.000+09:00',%20'isbn':%20'8969520937%209788969520937',%20'price':%203600,%20'publisher':%20'경향BP',%20'sale_price':%203240,%20'status':%20'정상판매',%20'thumbnail':%20'https://search1.kakaocdn.net/thumb/R120x174.q85/?fname=http%3A%2F%2Ft1.daumcdn.net%2Flbook%2Fimage%2F949019%3Ftimestamp%3D20190126045910%27,%20%27title%27:%20%27작가의%20문장수업(미움받을%20용기%20고가%20후미타케)%27,%20%27translators%27:%20[%27정연주%27],%20%27url%27:%20%27https://search.daum.net/search?w=bookpage&bookId=949019&q=작가의+문장수업%28미움받을+용기+고가+후미타케%29%27} HTTP/1.1" 404 -
INFO:werkzeug:127.0.0.1 - - [12/Nov/2019 11:36:12] "GET /menus/%7B'authors':%20['기시미%20이치로',%20'고가%20후미타케'],%20'contents':%20'그의%20고민에%20“인간은%20변할%20수%20있고,%20누구나%20행복해%20질%20수%20있다.%20단%20그러기%20위해서는%20‘용기’가%20필요하다”고%20말한%20철학자가%20있다.%20바로%20프로이트,%20융과%20함께%20‘심리학의%203대%20거장’으로%20일컬어지고%20있는%20알프레드%20아들러다.%20%20『미움받을%20용기』는%20아들러%20심리학에%20관한%20일본의%201인자%20철학자%20기시미%20이치로와%20베스트셀러%20작가인%20고가%20후미타케의%20저서로,%20아들러의%20심리학을%20‘대화체’로%20쉽고%20맛깔나게%20정리하고%20있다.%20아들러%20심리학을%20공부한%20철학자와%20세상에%20부정적이고%20열등감',%20'datetime':%20'2014-12-11T00:00:00.000+09:00',%20'isbn':%20'%209788996991359',%20'price':%2011900,%20'publisher':%20'인플루엔셜',%20'sale_price':%20-1,%20'status':%20'정상판매',%20'thumbnail':%20'https://search1.kakaocdn.net/thumb/R120x174.q85/?fname=http%3A%2F%2Ft1.daumcdn.net%2Flbook%2Fimage%2F4591723%3Ftimestamp%3D20190301161244%27,%20%27title%27:%20%27미움받을%20용기%27,%20%27translators%27:%20[%27전경아%27],%20%27url%27:%20%27https://search.daum.net/search?w=bookpage&bookId=4591723&q=미움받을+용기%27} HTTP/1.1" 404 -
INFO:werkzeug:127.0.0.1 - - [12/Nov/2019 11:36:12] "GET /menus/%7B'authors':%20['기시미%20이치로'],%20'contents':%20'『아들러%20심리학을%20읽는%20밤』은%20아들러%20심리학에%20관한%20일본의%201인자%20철학자%20기시미%20이치로와%20베스트셀러%20작가인%20고가%20후미타케가%20공저한%20《미움받을%20용기》의%20원전이%20된%20책이다.%20저자%20기시미%20이치로가%20우연히%20아들러%20심리학에%20빠져들게%20되면서%20깨닫게%20된%20지식과%20통찰,%20그리고%20수많은%20상담을%20통해%20얻은%20임상%20경험과%20사례들%20중에서%20‘정수’만을%20정리해서%20명쾌하게%20설명하고%20있다.%20%20그렇다면%20왜%20지금%20아들러일까?%20아들러를%20흔히%20‘용기의%20심리학자’라고%20부르는%20데서%20그%20이유를%27,%20%27datetime%27:%20%272015-01-15T00:00:00.000+09:00%27,%20%27isbn%27:%20%278952230647%209788952230645%27,%20%27price%27:%2013800,%20%27publisher%27:%20%27살림%27,%20%27sale_price%27:%2012420,%20%27status%27:%20%27정상판매%27,%20%27thumbnail%27:%20%27https://search1.kakaocdn.net/thumb/R120x174.q85/?fname=http%3A%2F%2Ft1.daumcdn.net%2Flbook%2Fimage%2F635470%3Ftimestamp%3D20190124032830%27,%20%27title%27:%20%27아들러%20심리학을%20읽는%20밤%27,%20%27translators%27:%20[%27박재현%27],%20%27url%27:%20%27https://search.daum.net/search?w=bookpage&bookId=635470&q=아들러+심리학을+읽는+밤%27} HTTP/1.1" 404 -
INFO:werkzeug:127.0.0.1 - - [12/Nov/2019 11:36:12] "GET /menus/%7B'authors':%20['야마키%20슈%20(감수)'],%20'contents':%20'제시합니다.%20%20‘친구들이%20날%20단톡방에서%20왕따%20시켰어요!’,%20‘엄마가%20하나부터%20열까지%20다%20간섭해서%20짜증이%20나요.’,%20‘꿈이%20없으면%20안%20되나요?’%20등%20아이들이%20일상생활에서%20겪는%20다양한%20문제들을%20구체적인%20사례로%20다루고%20있어%20그것을%20자신에게%20적용하고%20용기를%20얻는%20데%20직접적인%20도움을%20줍니다.%20아이들의%20고민과%20아들러%20선생님이%20제시하는%20해결%20방법을%20‘만화’와%20‘Q&amp;A’,%20‘메신저’%20등과%20같은%20다양한%20방식으로%20보여%20주어%20각각의%20상황에%20좀%20더%20쉽게%20공감하고%20이해할%20수%20있도록%20했습니다%27,%20%27datetime%27:%20%272018-08-31T00:00:00.000+09:00%27,%20%27isbn%27:%20%278955824653%209788955824650%27,%20%27price%27:%2012000,%20%27publisher%27:%20%27길벗어린이%27,%20%27sale_price%27:%2010800,%20%27status%27:%20%27정상판매%27,%20%27thumbnail%27:%20%27https://search1.kakaocdn.net/thumb/R120x174.q85/?fname=http%3A%2F%2Ft1.daumcdn.net%2Flbook%2Fimage%2F3751093%27,%20%27title%27:%20%27아들러%20선생님%20고민있어요!(양장본%20HardCover)%27,%20%27translators%27:%20[%27전경아%27],%20%27url%27:%20%27https://search.daum.net/search?w=bookpage&bookId=3751093&q=아들러+선생님+고민있어요%21%28양장본+HardCover%29%27} HTTP/1.1" 404 -
INFO:werkzeug:127.0.0.1 - - [12/Nov/2019 11:36:44] "GET /menus/books HTTP/1.1" 200 -
INFO:werkzeug:127.0.0.1 - - [12/Nov/2019 11:36:51] "GET /menus/books HTTP/1.1" 200 -
INFO:werkzeug:127.0.0.1 - - [12/Nov/2019 11:36:52] "GET /menus/books HTTP/1.1" 200 -
INFO:werkzeug:127.0.0.1 - - [12/Nov/2019 11:36:54] "GET /static/assets/css/dashboard-free.css.map HTTP/1.1" 404 -
INFO:werkzeug:127.0.0.1 - - [12/Nov/2019 11:37:17] "GET /menus/books HTTP/1.1" 200 -
INFO:werkzeug:127.0.0.1 - - [12/Nov/2019 11:37:17] "GET /static/assets/css/dashboard-free.css.map HTTP/1.1" 404 -
INFO:werkzeug:127.0.0.1 - - [12/Nov/2019 11:37:18] "GET /menus/books HTTP/1.1" 200 -
INFO:werkzeug:127.0.0.1 - - [12/Nov/2019 11:37:18] "GET /static/assets/css/dashboard-free.css.map HTTP/1.1" 404 -
INFO:werkzeug:127.0.0.1 - - [12/Nov/2019 11:39:11] "GET /menus/books HTTP/1.1" 200 -
INFO:werkzeug:127.0.0.1 - - [12/Nov/2019 11:39:11] "GET /static/assets/css/dashboard-free.css.map HTTP/1.1" 404 -
INFO:werkzeug:127.0.0.1 - - [12/Nov/2019 11:39:43] "GET /menus/books HTTP/1.1" 200 -
INFO:werkzeug:127.0.0.1 - - [12/Nov/2019 11:39:49] "GET /static/assets/css/dashboard-free.css.map HTTP/1.1" 404 -
INFO:werkzeug: * Restarting with stat
WARNING:werkzeug: * Debugger is active!
INFO:werkzeug: * Debugger PIN: 248-030-515
INFO:werkzeug: * Running on http://localhost:8080/ (Press CTRL+C to quit)
INFO:werkzeug:127.0.0.1 - - [12/Nov/2019 11:44:18] "GET /menus/books HTTP/1.1" 500 -
INFO:werkzeug:127.0.0.1 - - [12/Nov/2019 11:44:18] "GET /menus/books?__debugger__=yes&cmd=resource&f=style.css HTTP/1.1" 200 -
INFO:werkzeug:127.0.0.1 - - [12/Nov/2019 11:44:18] "GET /menus/books?__debugger__=yes&cmd=resource&f=jquery.js HTTP/1.1" 200 -
INFO:werkzeug:127.0.0.1 - - [12/Nov/2019 11:44:18] "GET /menus/books?__debugger__=yes&cmd=resource&f=debugger.js HTTP/1.1" 200 -
INFO:werkzeug:127.0.0.1 - - [12/Nov/2019 11:44:18] "GET /menus/books?__debugger__=yes&cmd=resource&f=ubuntu.ttf HTTP/1.1" 200 -
INFO:werkzeug:127.0.0.1 - - [12/Nov/2019 11:44:18] "GET /menus/books?__debugger__=yes&cmd=resource&f=console.png HTTP/1.1" 200 -
INFO:werkzeug:127.0.0.1 - - [12/Nov/2019 11:44:19] "GET /menus/books?__debugger__=yes&cmd=resource&f=console.png HTTP/1.1" 200 -
INFO:werkzeug:127.0.0.1 - - [12/Nov/2019 11:44:20] "GET /static/assets/css/dashboard-free.css.map HTTP/1.1" 404 -
INFO:werkzeug:127.0.0.1 - - [12/Nov/2019 11:44:21] "GET /menus/images HTTP/1.1" 200 -
INFO:werkzeug:127.0.0.1 - - [12/Nov/2019 11:44:21] "GET /static/assets/css/dashboard-free.css.map HTTP/1.1" 404 -
INFO:werkzeug:127.0.0.1 - - [12/Nov/2019 11:44:22] "GET /menus/books HTTP/1.1" 500 -
INFO:werkzeug:127.0.0.1 - - [12/Nov/2019 11:44:22] "GET /menus/books?__debugger__=yes&cmd=resource&f=style.css HTTP/1.1" 200 -
INFO:werkzeug:127.0.0.1 - - [12/Nov/2019 11:44:22] "GET /menus/books?__debugger__=yes&cmd=resource&f=jquery.js HTTP/1.1" 200 -
INFO:werkzeug:127.0.0.1 - - [12/Nov/2019 11:44:22] "GET /menus/books?__debugger__=yes&cmd=resource&f=debugger.js HTTP/1.1" 200 -
INFO:werkzeug:127.0.0.1 - - [12/Nov/2019 11:44:22] "GET /menus/books?__debugger__=yes&cmd=resource&f=ubuntu.ttf HTTP/1.1" 200 -
INFO:werkzeug:127.0.0.1 - - [12/Nov/2019 11:44:22] "GET /menus/books?__debugger__=yes&cmd=resource&f=console.png HTTP/1.1" 200 -
INFO:werkzeug: * Detected change in 'C:\\Users\\admin\\PycharmProjects\\web_service_2\\menus.py', reloading
INFO:werkzeug: * Restarting with stat
WARNING:werkzeug: * Debugger is active!
INFO:werkzeug: * Debugger PIN: 248-030-515
INFO:werkzeug: * Running on http://localhost:8080/ (Press CTRL+C to quit)
INFO:werkzeug:127.0.0.1 - - [12/Nov/2019 11:44:52] "GET /menus/books HTTP/1.1" 500 -
INFO:werkzeug:127.0.0.1 - - [12/Nov/2019 11:44:52] "GET /menus/books?__debugger__=yes&cmd=resource&f=style.css HTTP/1.1" 200 -
INFO:werkzeug:127.0.0.1 - - [12/Nov/2019 11:44:52] "GET /menus/books?__debugger__=yes&cmd=resource&f=jquery.js HTTP/1.1" 200 -
INFO:werkzeug:127.0.0.1 - - [12/Nov/2019 11:44:52] "GET /menus/books?__debugger__=yes&cmd=resource&f=debugger.js HTTP/1.1" 200 -
INFO:werkzeug:127.0.0.1 - - [12/Nov/2019 11:44:53] "GET /menus/books?__debugger__=yes&cmd=resource&f=ubuntu.ttf HTTP/1.1" 200 -
INFO:werkzeug:127.0.0.1 - - [12/Nov/2019 11:44:53] "GET /menus/books?__debugger__=yes&cmd=resource&f=console.png HTTP/1.1" 200 -
INFO:werkzeug:127.0.0.1 - - [12/Nov/2019 11:44:53] "GET /menus/books?__debugger__=yes&cmd=resource&f=console.png HTTP/1.1" 200 -
INFO:werkzeug: * Detected change in 'C:\\Users\\admin\\PycharmProjects\\web_service_2\\menus.py', reloading
INFO:werkzeug: * Restarting with stat
WARNING:werkzeug: * Debugger is active!
INFO:werkzeug: * Debugger PIN: 248-030-515
INFO:werkzeug: * Running on http://localhost:8080/ (Press CTRL+C to quit)
INFO:werkzeug:127.0.0.1 - - [12/Nov/2019 11:45:36] "GET /menus/books HTTP/1.1" 200 -
INFO:werkzeug:127.0.0.1 - - [12/Nov/2019 11:45:36] "GET /static/assets/css/dashboard-free.css.map HTTP/1.1" 404 -
INFO:werkzeug: * Detected change in 'C:\\Users\\admin\\PycharmProjects\\web_service_2\\menus.py', reloading
INFO:werkzeug: * Restarting with stat
WARNING:werkzeug: * Debugger is active!
INFO:werkzeug: * Debugger PIN: 248-030-515
INFO:werkzeug: * Running on http://localhost:8080/ (Press CTRL+C to quit)
INFO:werkzeug: * Detected change in 'C:\\Users\\admin\\PycharmProjects\\web_service_2\\menus.py', reloading
INFO:werkzeug: * Restarting with stat
WARNING:werkzeug: * Debugger is active!
INFO:werkzeug: * Debugger PIN: 248-030-515
INFO:werkzeug: * Running on http://localhost:8080/ (Press CTRL+C to quit)
INFO:werkzeug:127.0.0.1 - - [12/Nov/2019 11:45:53] "GET /menus/books HTTP/1.1" 200 -
INFO:werkzeug:127.0.0.1 - - [12/Nov/2019 11:45:53] "GET /static/assets/css/dashboard-free.css.map HTTP/1.1" 404 -
INFO:werkzeug: * Detected change in 'C:\\Users\\admin\\PycharmProjects\\web_service_2\\menus.py', reloading
INFO:werkzeug: * Restarting with stat
WARNING:werkzeug: * Debugger is active!
INFO:werkzeug: * Debugger PIN: 248-030-515
INFO:werkzeug: * Running on http://localhost:8080/ (Press CTRL+C to quit)
INFO:werkzeug:127.0.0.1 - - [12/Nov/2019 11:46:20] "GET /menus/books HTTP/1.1" 200 -
INFO:werkzeug:127.0.0.1 - - [12/Nov/2019 11:46:20] "GET /static/assets/css/dashboard-free.css.map HTTP/1.1" 404 -
INFO:werkzeug: * Detected change in 'C:\\Users\\admin\\PycharmProjects\\web_service_2\\menus.py', reloading
INFO:werkzeug: * Restarting with stat
WARNING:werkzeug: * Debugger is active!
INFO:werkzeug: * Debugger PIN: 248-030-515
INFO:werkzeug: * Running on http://localhost:8080/ (Press CTRL+C to quit)
INFO:werkzeug:127.0.0.1 - - [12/Nov/2019 11:46:32] "GET /menus/books HTTP/1.1" 200 -
INFO:werkzeug:127.0.0.1 - - [12/Nov/2019 11:46:32] "GET /static/assets/css/dashboard-free.css.map HTTP/1.1" 404 -
INFO:werkzeug: * Detected change in 'C:\\Users\\admin\\PycharmProjects\\web_service_2\\menus.py', reloading
INFO:werkzeug: * Restarting with stat
WARNING:werkzeug: * Debugger is active!
INFO:werkzeug: * Debugger PIN: 248-030-515
INFO:werkzeug: * Running on http://localhost:8080/ (Press CTRL+C to quit)
INFO:werkzeug: * Detected change in 'C:\\Users\\admin\\PycharmProjects\\web_service_2\\menus.py', reloading
INFO:werkzeug: * Restarting with stat
WARNING:werkzeug: * Debugger is active!
INFO:werkzeug: * Debugger PIN: 248-030-515
INFO:werkzeug: * Running on http://localhost:8080/ (Press CTRL+C to quit)
INFO:werkzeug: * Running on http://127.0.0.1:5000/ (Press CTRL+C to quit)
INFO:werkzeug:127.0.0.1 - - [12/Nov/2019 11:49:36] "GET /menus/books HTTP/1.1" 200 -
INFO:werkzeug:127.0.0.1 - - [12/Nov/2019 11:49:36] "GET /static/assets/css/dashboard-free.css.map HTTP/1.1" 404 -
INFO:werkzeug:127.0.0.1 - - [12/Nov/2019 11:49:38] "GET /menus/images HTTP/1.1" 200 -
INFO:werkzeug:127.0.0.1 - - [12/Nov/2019 11:49:38] "GET /static/assets/css/dashboard-free.css.map HTTP/1.1" 404 -
INFO:werkzeug:127.0.0.1 - - [12/Nov/2019 11:49:38] "GET / HTTP/1.1" 200 -
INFO:werkzeug:127.0.0.1 - - [12/Nov/2019 11:49:38] "GET /static/assets/css/dashboard-free.css.map HTTP/1.1" 404 -
INFO:werkzeug:127.0.0.1 - - [12/Nov/2019 11:49:40] "GET /menus/images HTTP/1.1" 200 -
INFO:werkzeug:127.0.0.1 - - [12/Nov/2019 11:49:40] "GET /static/assets/css/dashboard-free.css.map HTTP/1.1" 404 -
INFO:werkzeug:127.0.0.1 - - [12/Nov/2019 11:49:40] "GET /menus/books HTTP/1.1" 200 -
INFO:werkzeug:127.0.0.1 - - [12/Nov/2019 11:49:40] "GET /static/assets/css/dashboard-free.css.map HTTP/1.1" 404 -
INFO:werkzeug:127.0.0.1 - - [12/Nov/2019 11:51:34] "GET /menus/books HTTP/1.1" 200 -
INFO:werkzeug:127.0.0.1 - - [12/Nov/2019 11:51:34] "GET /static/assets/css/dashboard-free.css.map HTTP/1.1" 404 -
INFO:werkzeug:127.0.0.1 - - [12/Nov/2019 11:55:05] "GET /menus/books HTTP/1.1" 200 -
INFO:werkzeug:127.0.0.1 - - [12/Nov/2019 11:55:05] "GET /static/assets/css/dashboard-free.css.map HTTP/1.1" 404 -
INFO:werkzeug:127.0.0.1 - - [12/Nov/2019 11:55:33] "GET /menus/books HTTP/1.1" 200 -
INFO:werkzeug:127.0.0.1 - - [12/Nov/2019 11:55:33] "GET /static/assets/css/dashboard-free.css.map HTTP/1.1" 404 -
INFO:werkzeug:127.0.0.1 - - [12/Nov/2019 11:56:17] "GET /menus/books HTTP/1.1" 200 -
INFO:werkzeug:127.0.0.1 - - [12/Nov/2019 11:56:17] "GET /static/assets/css/dashboard-free.css.map HTTP/1.1" 404 -
INFO:werkzeug: * Detected change in 'C:\\Users\\admin\\PycharmProjects\\web_service_2\\menus.py', reloading
INFO:werkzeug: * Restarting with stat
WARNING:werkzeug: * Debugger is active!
INFO:werkzeug: * Debugger PIN: 248-030-515
INFO:werkzeug: * Running on http://localhost:8080/ (Press CTRL+C to quit)
INFO:werkzeug: * Detected change in 'C:\\Users\\admin\\PycharmProjects\\web_service_2\\menus.py', reloading
INFO:werkzeug: * Restarting with stat
WARNING:werkzeug: * Debugger is active!
INFO:werkzeug: * Debugger PIN: 248-030-515
INFO:werkzeug: * Running on http://localhost:8080/ (Press CTRL+C to quit)
INFO:werkzeug:127.0.0.1 - - [12/Nov/2019 11:57:27] "GET /menus/books HTTP/1.1" 200 -
INFO:werkzeug:127.0.0.1 - - [12/Nov/2019 11:57:27] "GET /menus/%7B'authors':%20['체스터%20브라운'],%20'contents':%20'',%20'datetime':%20'2008-09-20T00:00:00.000+09:00',%20'isbn':%20'899078185X%209788990781857',%20'price':%209000,%20'publisher':%20'새만화책',%20'sale_price':%20-1,%20'status':%20'',%20'thumbnail':%20'https://search1.kakaocdn.net/thumb/R120x174.q85/?fname=http%3A%2F%2Ft1.daumcdn.net%2Flbook%2Fimage%2F1327893%3Ftimestamp%3D20190127210415%27,%20%27title%27:%20%27플레이보이(반양장)%27,%20%27translators%27:%20[%27김대중%27],%20%27url%27:%20%27https://search.daum.net/search?w=bookpage&bookId=1327893&q=플레이보이%28반양장%29%27} HTTP/1.1" 404 -
INFO:werkzeug:127.0.0.1 - - [12/Nov/2019 11:57:27] "GET /menus/%7B'authors':%20['스티븐%20와츠'],%20'contents':%20'',%20'datetime':%20'2011-06-18T00:00:00.000+09:00',%20'isbn':%20'8990976111%209788990976116',%20'price':%2025000,%20'publisher':%20'나무이야기',%20'sale_price':%2022500,%20'status':%20'정상판매',%20'thumbnail':%20'https://search1.kakaocdn.net/thumb/R120x174.q85/?fname=http%3A%2F%2Ft1.daumcdn.net%2Flbook%2Fimage%2F1337487%3Ftimestamp%3D20190127223410%27,%20%27title%27:%20%27미스터%20플레이보이(양장본%20HardCover)%27,%20%27translators%27:%20[%27고정아%27],%20%27url%27:%20%27https://search.daum.net/search?w=bookpage&bookId=1337487&q=미스터+플레이보이%28양장본+HardCover%29%27} HTTP/1.1" 404 -
INFO:werkzeug:127.0.0.1 - - [12/Nov/2019 11:57:27] "GET /menus/%7B'authors':%20['Uzui'],%20'contents':%20'여자라면%20환장을%20하는%20난봉꾼%20츠츠이는%20선배인%20타무라%20앞에서%20잔뜩%20취해,%20반쯤%20강제로%20안기게%20된다.%20상냥한%20선배인%20줄만%20알았던%20타무라는%20사실%20엄청난%20마성의%20게이였던%20것이다!!%20그%20이후에도%20타무라가%20자꾸만%20노리는%20바람에,%20충격을%20받은%20츠츠이는%20두려움%20속에%20사는%20게%20사는%20게%20아니다.%20그런%20중에%20마찬가지로%20타무라에게%20당한%20피해자라는%20시노다를%20만나게%20되어%20연인인%20척%20하자는%20제안을%20받는다.%20남자와%20이게%20무슨%20짓거리냐고%20생각하면서도,%20츠츠이는%20점점%20뒤가%20근질',%20'datetime':%20'2018-03-08T00:00:00.000+09:00',%20'isbn':%20'1127844253%209791127844257',%20'price':%205500,%20'publisher':%20'디앤씨미디어',%20'sale_price':%204950,%20'status':%20'정상판매',%20'thumbnail':%20'https://search1.kakaocdn.net/thumb/R120x174.q85/?fname=http%3A%2F%2Ft1.daumcdn.net%2Flbook%2Fimage%2F1533767%3Ftimestamp%3D20190130170723%27,%20%27title%27:%20%27플레이보이인%20내가%20바텀이%20되다니!!%27,%20%27translators%27:%20[],%20%27url%27:%20%27https://search.daum.net/search?w=bookpage&bookId=1533767&q=플레이보이인+내가+바텀이+되다니%21%21%27} HTTP/1.1" 404 -
INFO:werkzeug:127.0.0.1 - - [12/Nov/2019 11:57:27] "GET /menus/%7B'authors':%20['비주'],%20'contents':%20'플레이보이,%20총%203권의%20이야기를%2010%%20할인된%20가격으로%20볼%20수%20있는%20기회!%20%20“솔직히%20말해,%20너.%20그날%20딴%20년이랑%20잤지?”%20“내가%20그날%20누구랑%20잤다고%20쳐.%20그래%20봤자%20그냥%20하룻밤%20상대일%20뿐인데,%20그게%20그렇게%20중요해?”%20%20강남%20클럽%20문화의%20판도를%20뒤바꾼%20한%20남자가%20있었다.%20여자%20등쳐%20먹기는%20취미,%20원나잇은%20특기.%20나쁜%20남자의%20표본%20유마레에게%20사랑이란%20몸을%20섞기%20전까지%20나누는%20감성팔이에%20지나지%20않았다.%20파티%20팀%20플레이보이의%20리더로%20매일%20누구보다%20화려한%27,%20%27datetime%27:%20%272016-10-11T00:00:00.000+09:00%27,%20%27isbn%27:%20%27%209791131816660%27,%20%27price%27:%205000,%20%27publisher%27:%20%27라떼북%27,%20%27sale_price%27:%20-1,%20%27status%27:%20%27정상판매%27,%20%27thumbnail%27:%20%27https://search1.kakaocdn.net/thumb/R120x174.q85/?fname=http%3A%2F%2Ft1.daumcdn.net%2Flbook%2Fimage%2F4609576%3Ftimestamp%3D20190301184119%27,%20%27title%27:%20%27플레이보이%20(전3권)(완결)%27,%20%27translators%27:%20[],%20%27url%27:%20%27https://search.daum.net/search?w=bookpage&bookId=4609576&q=플레이보이+%28전3권%29%28완결%29%27} HTTP/1.1" 404 -
INFO:werkzeug:127.0.0.1 - - [12/Nov/2019 11:57:27] "GET /menus/%7B'authors':%20['앤디%20브룩'],%20'contents':%20'할리퀸%20로맨스%20HQ%20932%20『굿바이%20플레이보이』.%20아버지와%20오빠에게%20평생을%20억압받으며%20살아온%20것도%20모자라,%20마음에도%20없는%20정략결혼을%20할%20위험에%20처한%20나디아%20공주.%20참다못한%20그녀는%20조국에서%20도망쳐%20나와%20적국%20가즈비야로%20도망친다.%20내친김에%20그녀는%20양국%20간의%20해묵은%20반목과%20전쟁%20위협을%20종식할%20원대한%20계획을%20세운다.%20그것은%20바로%20가즈비야의%20왕자%20자예드를%20유혹해서%20자신의%20손안에%20넣는%20것!%20우여곡절%20끝에%20왕궁에%20도착한%20나디아는%20그의%20침실에%20숨어드는데…',%20'datetime':%20'2016-09-09T00:00:00.000+09:00',%20'isbn':%20'1132560373%209791132560371',%20'price':%205200,%20'publisher':%20'신영미디어',%20'sale_price':%204680,%20'status':%20'정상판매',%20'thumbnail':%20'https://search1.kakaocdn.net/thumb/R120x174.q85/?fname=http%3A%2F%2Ft1.daumcdn.net%2Flbook%2Fimage%2F1540048%3Ftimestamp%3D20190130181457%27,%20%27title%27:%20%27굿바이%20플레이보이(할리퀸%20로맨스%20HQ%20932)%27,%20%27translators%27:%20[%27주미라%27],%20%27url%27:%20%27https://search.daum.net/search?w=bookpage&bookId=1540048&q=굿바이+플레이보이%28할리퀸+로맨스+HQ+932%29%27} HTTP/1.1" 404 -
INFO:werkzeug:127.0.0.1 - - [12/Nov/2019 11:57:27] "GET /menus/%7B'authors':%20['Shiuko%20Kano'],%20'contents':%20'Shiuko%20Kano의%20만화%20『플레이보이%20블루스』%20제5권.%20폭넓은%20호스트진을%20보유한%20‘club%20dandy’에%20요시나리까지%20호스트로%20데뷔하자%20충격이%20퍼진다.%20그런%20가운데%20요시나리는%20락커룸에서%20키스를%20하는%20쥰스케와%20시노부의%20모습을%20보고%20만다.%20형이%20호스트를%20계속하는%20이유는%20시노부였던%20것이다.%20요시나리는%20당신도%20남자랑%20시험해볼래?라며%20하루토에게%20키스하려는%20등%20반항적으로%20나오지만%20하루토의%20헬프로%20붙은%20때%20사건이%20벌어진다.%27,%20%27datetime%27:%20%272014-09-15T00:00:00.000+09:00%27,%20%27isbn%27:%20%27892701068X%209788927010685%27,%20%27price%27:%205500,%20%27publisher%27:%20%27뉴루비코믹스%27,%20%27sale_price%27:%204950,%20%27status%27:%20%27정상판매%27,%20%27thumbnail%27:%20%27https://search1.kakaocdn.net/thumb/R120x174.q85/?fname=http%3A%2F%2Ft1.daumcdn.net%2Flbook%2Fimage%2F453238%3Ftimestamp%3D20190123061405%27,%20%27title%27:%20%27플레이보이%20블루스.%205%27,%20%27translators%27:%20[%27김명은%27],%20%27url%27:%20%27https://search.daum.net/search?w=bookpage&bookId=453238&q=플레이보이+블루스.+5%27} HTTP/1.1" 404 -
INFO:werkzeug:127.0.0.1 - - [12/Nov/2019 11:57:27] "GET /menus/%7B'authors':%20['Shiuko%20Kano'],%20'contents':%20'Shiuko%20Kano의%20BL%20만화%20『플레이보이%20블루스』%20제6권.%20부동의%20No.1%20쥰스케가%20기어이%20그%20말을%20내뱉었다.%20호스트를%20그만둔다는%20것은%20시노부와의%20이별을%20의미하는가…?%20그리고%20과거%20쥰스케의%20손님이었다는%20아라타의%20누나의%20심각한%20사정이%20알려지자%20결국%20두%20사람의%20관계는%20벼랑%20끝으로%20몰리는데…?!%27,%20%27datetime%27:%20%272017-02-15T00:00:00.000+09:00%27,%20%27isbn%27:%20%278927046765%209788927046769%27,%20%27price%27:%205500,%20%27publisher%27:%20%27현대지능개발사%27,%20%27sale_price%27:%204950,%20%27status%27:%20%27정상판매%27,%20%27thumbnail%27:%20%27https://search1.kakaocdn.net/thumb/R120x174.q85/?fname=http%3A%2F%2Ft1.daumcdn.net%2Flbook%2Fimage%2F453717%3Ftimestamp%3D20190123061833%27,%20%27title%27:%20%27플레이보이%20블루스.%206%27,%20%27translators%27:%20[%27김명은%27],%20%27url%27:%20%27https://search.daum.net/search?w=bookpage&bookId=453717&q=플레이보이+블루스.+6%27} HTTP/1.1" 404 -
INFO:werkzeug:127.0.0.1 - - [12/Nov/2019 11:57:27] "GET /menus/%7B'authors':%20['Shiuko%20Kano'],%20'contents':%20'',%20'datetime':%20'2008-12-30T00:00:00.000+09:00',%20'isbn':%20'8960028010%209788960028012',%20'price':%204500,%20'publisher':%20'뉴루비코믹스',%20'sale_price':%204050,%20'status':%20'정상판매',%20'thumbnail':%20'https://search1.kakaocdn.net/thumb/R120x174.q85/?fname=http%3A%2F%2Ft1.daumcdn.net%2Flbook%2Fimage%2F823323%3Ftimestamp%3D20190125063225%27,%20%27title%27:%20%27플레이보이%20블루스.%203%27,%20%27translators%27:%20[%27이문영%27],%20%27url%27:%20%27https://search.daum.net/search?w=bookpage&bookId=823323&q=플레이보이+블루스.+3%27} HTTP/1.1" 404 -
INFO:werkzeug:127.0.0.1 - - [12/Nov/2019 11:57:27] "GET /menus/%7B'authors':%20['Shiuko%20Kano'],%20'contents':%20'',%20'datetime':%20'2005-06-05T00:00:00.000+09:00',%20'isbn':%20'895657877X%209788956578774',%20'price':%204200,%20'publisher':%20'뉴루비코믹스',%20'sale_price':%203780,%20'status':%20'정상판매',%20'thumbnail':%20'https://search1.kakaocdn.net/thumb/R120x174.q85/?fname=http%3A%2F%2Ft1.daumcdn.net%2Flbook%2Fimage%2F736746%3Ftimestamp%3D20190124172233%27,%20%27title%27:%20%27플레이보이%20블루스.%202%27,%20%27translators%27:%20[%27이진아%27],%20%27url%27:%20%27https://search.daum.net/search?w=bookpage&bookId=736746&q=플레이보이+블루스.+2%27} HTTP/1.1" 404 -
INFO:werkzeug:127.0.0.1 - - [12/Nov/2019 11:57:27] "GET /menus/%7B'authors':%20['캐서린%20가베라'],%20'contents':%20'캐서린%20가베라의%20할리퀸%20로맨스소설%20『플레이보이%20길들이기』.%20불미스러운%20사건을%20계기로%20대회%20출전%20자격을%20박탈당하고만%20전문%20살사%20댄서%20젠.%20그%20후%20온%20동네를%20전전하며%20살사%20강의를%20하던%20그녀는%20어느%20날%20마이애미의%20명소인%20클럽%20‘루나아주르’에%20고용되는%20기쁨을%20맛보게%20된다.%20한껏%20들뜬%20마음으로%20첫%20출근을%20한%20그녀.%20준비를%20마친%20후%20기분%20좋게%20수업을%20시작한%20젠은%20시범을%20보이던%20중%20자신의%20고용주%20네이트와%20함께%20살사%20댄스를%20추게%20되고,%20매혹적인%20그의%20손길에%20예상치',%20'datetime':%20'2013-03-25T00:00:00.000+09:00',%20'isbn':%20'8941336864%209788941336860',%20'price':%205200,%20'publisher':%20'신영미디어',%20'sale_price':%204680,%20'status':%20'정상판매',%20'thumbnail':%20'https://search1.kakaocdn.net/thumb/R120x174.q85/?fname=http%3A%2F%2Ft1.daumcdn.net%2Flbook%2Fimage%2F569622%3Ftimestamp%3D20190123203403%27,%20%27title%27:%20%27플레이보이%20길들이기(할리퀸%20로맨스%20HQ%20598)%27,%20%27translators%27:%20[%27박선미%27],%20%27url%27:%20%27https://search.daum.net/search?w=bookpage&bookId=569622&q=플레이보이+길들이기%28할리퀸+로맨스+HQ+598%29%27} HTTP/1.1" 404 -
INFO:werkzeug:127.0.0.1 - - [12/Nov/2019 11:57:27] "GET /static/assets/css/dashboard-free.css.map HTTP/1.1" 404 -
INFO:werkzeug: * Detected change in 'C:\\Users\\admin\\PycharmProjects\\web_service_2\\menus.py', reloading
INFO:werkzeug: * Restarting with stat
WARNING:werkzeug: * Debugger is active!
INFO:werkzeug: * Debugger PIN: 248-030-515
INFO:werkzeug: * Running on http://localhost:8080/ (Press CTRL+C to quit)
INFO:werkzeug:127.0.0.1 - - [12/Nov/2019 11:58:21] "GET /menus/books HTTP/1.1" 500 -
INFO:werkzeug:127.0.0.1 - - [12/Nov/2019 11:58:21] "GET /menus/books?__debugger__=yes&cmd=resource&f=style.css HTTP/1.1" 200 -
INFO:werkzeug:127.0.0.1 - - [12/Nov/2019 11:58:21] "GET /menus/books?__debugger__=yes&cmd=resource&f=jquery.js HTTP/1.1" 200 -
INFO:werkzeug:127.0.0.1 - - [12/Nov/2019 11:58:21] "GET /menus/books?__debugger__=yes&cmd=resource&f=debugger.js HTTP/1.1" 200 -
INFO:werkzeug:127.0.0.1 - - [12/Nov/2019 11:58:22] "GET /menus/books?__debugger__=yes&cmd=resource&f=ubuntu.ttf HTTP/1.1" 200 -
INFO:werkzeug:127.0.0.1 - - [12/Nov/2019 11:58:22] "GET /menus/books?__debugger__=yes&cmd=resource&f=console.png HTTP/1.1" 200 -
INFO:werkzeug:127.0.0.1 - - [12/Nov/2019 11:58:22] "GET /menus/books?__debugger__=yes&cmd=resource&f=console.png HTTP/1.1" 200 -
INFO:werkzeug:127.0.0.1 - - [12/Nov/2019 11:58:23] "GET /static/assets/css/dashboard-free.css.map HTTP/1.1" 404 -
INFO:werkzeug: * Detected change in 'C:\\Users\\admin\\PycharmProjects\\web_service_2\\menus.py', reloading
INFO:werkzeug: * Restarting with stat
WARNING:werkzeug: * Debugger is active!
INFO:werkzeug: * Debugger PIN: 248-030-515
INFO:werkzeug: * Running on http://localhost:8080/ (Press CTRL+C to quit)
INFO:werkzeug:127.0.0.1 - - [12/Nov/2019 11:58:41] "GET /menus/images HTTP/1.1" 200 -
INFO:werkzeug:127.0.0.1 - - [12/Nov/2019 11:58:42] "GET /static/assets/css/dashboard-free.css.map HTTP/1.1" 404 -
INFO:werkzeug:127.0.0.1 - - [12/Nov/2019 11:58:43] "GET /menus/books HTTP/1.1" 200 -
INFO:werkzeug:127.0.0.1 - - [12/Nov/2019 11:58:43] "GET /menus/%7B'authors':%20['스티븐%20와츠'],%20'contents':%20'',%20'datetime':%20'2011-06-18T00:00:00.000+09:00',%20'isbn':%20'8990976111%209788990976116',%20'price':%2025000,%20'publisher':%20'나무이야기',%20'sale_price':%2022500,%20'status':%20'정상판매',%20'thumbnail':%20'https://search1.kakaocdn.net/thumb/R120x174.q85/?fname=http%3A%2F%2Ft1.daumcdn.net%2Flbook%2Fimage%2F1337487%3Ftimestamp%3D20190127223410%27,%20%27title%27:%20%27미스터%20플레이보이(양장본%20HardCover)%27,%20%27translators%27:%20[%27고정아%27],%20%27url%27:%20%27https://search.daum.net/search?w=bookpage&bookId=1337487&q=미스터+플레이보이%28양장본+HardCover%29%27} HTTP/1.1" 404 -
INFO:werkzeug:127.0.0.1 - - [12/Nov/2019 11:58:43] "GET /menus/%7B'authors':%20['캐서린%20가베라'],%20'contents':%20'캐서린%20가베라의%20할리퀸%20로맨스소설%20『플레이보이%20길들이기』.%20불미스러운%20사건을%20계기로%20대회%20출전%20자격을%20박탈당하고만%20전문%20살사%20댄서%20젠.%20그%20후%20온%20동네를%20전전하며%20살사%20강의를%20하던%20그녀는%20어느%20날%20마이애미의%20명소인%20클럽%20‘루나아주르’에%20고용되는%20기쁨을%20맛보게%20된다.%20한껏%20들뜬%20마음으로%20첫%20출근을%20한%20그녀.%20준비를%20마친%20후%20기분%20좋게%20수업을%20시작한%20젠은%20시범을%20보이던%20중%20자신의%20고용주%20네이트와%20함께%20살사%20댄스를%20추게%20되고,%20매혹적인%20그의%20손길에%20예상치',%20'datetime':%20'2013-03-25T00:00:00.000+09:00',%20'isbn':%20'8941336864%209788941336860',%20'price':%205200,%20'publisher':%20'신영미디어',%20'sale_price':%204680,%20'status':%20'정상판매',%20'thumbnail':%20'https://search1.kakaocdn.net/thumb/R120x174.q85/?fname=http%3A%2F%2Ft1.daumcdn.net%2Flbook%2Fimage%2F569622%3Ftimestamp%3D20190123203403%27,%20%27title%27:%20%27플레이보이%20길들이기(할리퀸%20로맨스%20HQ%20598)%27,%20%27translators%27:%20[%27박선미%27],%20%27url%27:%20%27https://search.daum.net/search?w=bookpage&bookId=569622&q=플레이보이+길들이기%28할리퀸+로맨스+HQ+598%29%27} HTTP/1.1" 404 -
INFO:werkzeug:127.0.0.1 - - [12/Nov/2019 11:58:43] "GET /menus/%7B'authors':%20['Uzui'],%20'contents':%20'여자라면%20환장을%20하는%20난봉꾼%20츠츠이는%20선배인%20타무라%20앞에서%20잔뜩%20취해,%20반쯤%20강제로%20안기게%20된다.%20상냥한%20선배인%20줄만%20알았던%20타무라는%20사실%20엄청난%20마성의%20게이였던%20것이다!!%20그%20이후에도%20타무라가%20자꾸만%20노리는%20바람에,%20충격을%20받은%20츠츠이는%20두려움%20속에%20사는%20게%20사는%20게%20아니다.%20그런%20중에%20마찬가지로%20타무라에게%20당한%20피해자라는%20시노다를%20만나게%20되어%20연인인%20척%20하자는%20제안을%20받는다.%20남자와%20이게%20무슨%20짓거리냐고%20생각하면서도,%20츠츠이는%20점점%20뒤가%20근질',%20'datetime':%20'2018-03-08T00:00:00.000+09:00',%20'isbn':%20'1127844253%209791127844257',%20'price':%205500,%20'publisher':%20'디앤씨미디어',%20'sale_price':%204950,%20'status':%20'정상판매',%20'thumbnail':%20'https://search1.kakaocdn.net/thumb/R120x174.q85/?fname=http%3A%2F%2Ft1.daumcdn.net%2Flbook%2Fimage%2F1533767%3Ftimestamp%3D20190130170723%27,%20%27title%27:%20%27플레이보이인%20내가%20바텀이%20되다니!!%27,%20%27translators%27:%20[],%20%27url%27:%20%27https://search.daum.net/search?w=bookpage&bookId=1533767&q=플레이보이인+내가+바텀이+되다니%21%21%27} HTTP/1.1" 404 -
INFO:werkzeug:127.0.0.1 - - [12/Nov/2019 11:58:43] "GET /menus/%7B'authors':%20['앤디%20브룩'],%20'contents':%20'할리퀸%20로맨스%20HQ%20932%20『굿바이%20플레이보이』.%20아버지와%20오빠에게%20평생을%20억압받으며%20살아온%20것도%20모자라,%20마음에도%20없는%20정략결혼을%20할%20위험에%20처한%20나디아%20공주.%20참다못한%20그녀는%20조국에서%20도망쳐%20나와%20적국%20가즈비야로%20도망친다.%20내친김에%20그녀는%20양국%20간의%20해묵은%20반목과%20전쟁%20위협을%20종식할%20원대한%20계획을%20세운다.%20그것은%20바로%20가즈비야의%20왕자%20자예드를%20유혹해서%20자신의%20손안에%20넣는%20것!%20우여곡절%20끝에%20왕궁에%20도착한%20나디아는%20그의%20침실에%20숨어드는데…',%20'datetime':%20'2016-09-09T00:00:00.000+09:00',%20'isbn':%20'1132560373%209791132560371',%20'price':%205200,%20'publisher':%20'신영미디어',%20'sale_price':%204680,%20'status':%20'정상판매',%20'thumbnail':%20'https://search1.kakaocdn.net/thumb/R120x174.q85/?fname=http%3A%2F%2Ft1.daumcdn.net%2Flbook%2Fimage%2F1540048%3Ftimestamp%3D20190130181457%27,%20%27title%27:%20%27굿바이%20플레이보이(할리퀸%20로맨스%20HQ%20932)%27,%20%27translators%27:%20[%27주미라%27],%20%27url%27:%20%27https://search.daum.net/search?w=bookpage&bookId=1540048&q=굿바이+플레이보이%28할리퀸+로맨스+HQ+932%29%27} HTTP/1.1" 404 -
INFO:werkzeug:127.0.0.1 - - [12/Nov/2019 11:58:43] "GET /menus/%7B'authors':%20['체스터%20브라운'],%20'contents':%20'',%20'datetime':%20'2008-09-20T00:00:00.000+09:00',%20'isbn':%20'899078185X%209788990781857',%20'price':%209000,%20'publisher':%20'새만화책',%20'sale_price':%20-1,%20'status':%20'',%20'thumbnail':%20'https://search1.kakaocdn.net/thumb/R120x174.q85/?fname=http%3A%2F%2Ft1.daumcdn.net%2Flbook%2Fimage%2F1327893%3Ftimestamp%3D20190127210415%27,%20%27title%27:%20%27플레이보이(반양장)%27,%20%27translators%27:%20[%27김대중%27],%20%27url%27:%20%27https://search.daum.net/search?w=bookpage&bookId=1327893&q=플레이보이%28반양장%29%27} HTTP/1.1" 404 -
INFO:werkzeug:127.0.0.1 - - [12/Nov/2019 11:58:43] "GET /menus/%7B'authors':%20['비주'],%20'contents':%20'플레이보이,%20총%203권의%20이야기를%2010%%20할인된%20가격으로%20볼%20수%20있는%20기회!%20%20“솔직히%20말해,%20너.%20그날%20딴%20년이랑%20잤지?”%20“내가%20그날%20누구랑%20잤다고%20쳐.%20그래%20봤자%20그냥%20하룻밤%20상대일%20뿐인데,%20그게%20그렇게%20중요해?”%20%20강남%20클럽%20문화의%20판도를%20뒤바꾼%20한%20남자가%20있었다.%20여자%20등쳐%20먹기는%20취미,%20원나잇은%20특기.%20나쁜%20남자의%20표본%20유마레에게%20사랑이란%20몸을%20섞기%20전까지%20나누는%20감성팔이에%20지나지%20않았다.%20파티%20팀%20플레이보이의%20리더로%20매일%20누구보다%20화려한%27,%20%27datetime%27:%20%272016-10-11T00:00:00.000+09:00%27,%20%27isbn%27:%20%27%209791131816660%27,%20%27price%27:%205000,%20%27publisher%27:%20%27라떼북%27,%20%27sale_price%27:%20-1,%20%27status%27:%20%27정상판매%27,%20%27thumbnail%27:%20%27https://search1.kakaocdn.net/thumb/R120x174.q85/?fname=http%3A%2F%2Ft1.daumcdn.net%2Flbook%2Fimage%2F4609576%3Ftimestamp%3D20190301184119%27,%20%27title%27:%20%27플레이보이%20(전3권)(완결)%27,%20%27translators%27:%20[],%20%27url%27:%20%27https://search.daum.net/search?w=bookpage&bookId=4609576&q=플레이보이+%28전3권%29%28완결%29%27} HTTP/1.1" 404 -
INFO:werkzeug:127.0.0.1 - - [12/Nov/2019 11:58:43] "GET /menus/%7B'authors':%20['Shiuko%20Kano'],%20'contents':%20'Shiuko%20Kano의%20만화%20『플레이보이%20블루스』%20제5권.%20폭넓은%20호스트진을%20보유한%20‘club%20dandy’에%20요시나리까지%20호스트로%20데뷔하자%20충격이%20퍼진다.%20그런%20가운데%20요시나리는%20락커룸에서%20키스를%20하는%20쥰스케와%20시노부의%20모습을%20보고%20만다.%20형이%20호스트를%20계속하는%20이유는%20시노부였던%20것이다.%20요시나리는%20당신도%20남자랑%20시험해볼래?라며%20하루토에게%20키스하려는%20등%20반항적으로%20나오지만%20하루토의%20헬프로%20붙은%20때%20사건이%20벌어진다.%27,%20%27datetime%27:%20%272014-09-15T00:00:00.000+09:00%27,%20%27isbn%27:%20%27892701068X%209788927010685%27,%20%27price%27:%205500,%20%27publisher%27:%20%27뉴루비코믹스%27,%20%27sale_price%27:%204950,%20%27status%27:%20%27정상판매%27,%20%27thumbnail%27:%20%27https://search1.kakaocdn.net/thumb/R120x174.q85/?fname=http%3A%2F%2Ft1.daumcdn.net%2Flbook%2Fimage%2F453238%3Ftimestamp%3D20190123061405%27,%20%27title%27:%20%27플레이보이%20블루스.%205%27,%20%27translators%27:%20[%27김명은%27],%20%27url%27:%20%27https://search.daum.net/search?w=bookpage&bookId=453238&q=플레이보이+블루스.+5%27} HTTP/1.1" 404 -
INFO:werkzeug:127.0.0.1 - - [12/Nov/2019 11:58:43] "GET /menus/%7B'authors':%20['Shiuko%20Kano'],%20'contents':%20'Shiuko%20Kano의%20BL%20만화%20『플레이보이%20블루스』%20제6권.%20부동의%20No.1%20쥰스케가%20기어이%20그%20말을%20내뱉었다.%20호스트를%20그만둔다는%20것은%20시노부와의%20이별을%20의미하는가…?%20그리고%20과거%20쥰스케의%20손님이었다는%20아라타의%20누나의%20심각한%20사정이%20알려지자%20결국%20두%20사람의%20관계는%20벼랑%20끝으로%20몰리는데…?!%27,%20%27datetime%27:%20%272017-02-15T00:00:00.000+09:00%27,%20%27isbn%27:%20%278927046765%209788927046769%27,%20%27price%27:%205500,%20%27publisher%27:%20%27현대지능개발사%27,%20%27sale_price%27:%204950,%20%27status%27:%20%27정상판매%27,%20%27thumbnail%27:%20%27https://search1.kakaocdn.net/thumb/R120x174.q85/?fname=http%3A%2F%2Ft1.daumcdn.net%2Flbook%2Fimage%2F453717%3Ftimestamp%3D20190123061833%27,%20%27title%27:%20%27플레이보이%20블루스.%206%27,%20%27translators%27:%20[%27김명은%27],%20%27url%27:%20%27https://search.daum.net/search?w=bookpage&bookId=453717&q=플레이보이+블루스.+6%27} HTTP/1.1" 404 -
INFO:werkzeug:127.0.0.1 - - [12/Nov/2019 11:58:43] "GET /menus/%7B'authors':%20['Shiuko%20Kano'],%20'contents':%20'',%20'datetime':%20'2008-12-30T00:00:00.000+09:00',%20'isbn':%20'8960028010%209788960028012',%20'price':%204500,%20'publisher':%20'뉴루비코믹스',%20'sale_price':%204050,%20'status':%20'정상판매',%20'thumbnail':%20'https://search1.kakaocdn.net/thumb/R120x174.q85/?fname=http%3A%2F%2Ft1.daumcdn.net%2Flbook%2Fimage%2F823323%3Ftimestamp%3D20190125063225%27,%20%27title%27:%20%27플레이보이%20블루스.%203%27,%20%27translators%27:%20[%27이문영%27],%20%27url%27:%20%27https://search.daum.net/search?w=bookpage&bookId=823323&q=플레이보이+블루스.+3%27} HTTP/1.1" 404 -
INFO:werkzeug:127.0.0.1 - - [12/Nov/2019 11:58:43] "GET /menus/%7B'authors':%20['Shiuko%20Kano'],%20'contents':%20'',%20'datetime':%20'2005-06-05T00:00:00.000+09:00',%20'isbn':%20'895657877X%209788956578774',%20'price':%204200,%20'publisher':%20'뉴루비코믹스',%20'sale_price':%203780,%20'status':%20'정상판매',%20'thumbnail':%20'https://search1.kakaocdn.net/thumb/R120x174.q85/?fname=http%3A%2F%2Ft1.daumcdn.net%2Flbook%2Fimage%2F736746%3Ftimestamp%3D20190124172233%27,%20%27title%27:%20%27플레이보이%20블루스.%202%27,%20%27translators%27:%20[%27이진아%27],%20%27url%27:%20%27https://search.daum.net/search?w=bookpage&bookId=736746&q=플레이보이+블루스.+2%27} HTTP/1.1" 404 -
INFO:werkzeug:127.0.0.1 - - [12/Nov/2019 11:58:43] "GET /static/assets/css/dashboard-free.css.map HTTP/1.1" 404 -
INFO:werkzeug:127.0.0.1 - - [12/Nov/2019 11:58:54] "GET /menus/images HTTP/1.1" 200 -
INFO:werkzeug:127.0.0.1 - - [12/Nov/2019 11:58:54] "GET /static/assets/css/dashboard-free.css.map HTTP/1.1" 404 -
INFO:werkzeug:127.0.0.1 - - [12/Nov/2019 11:58:59] "GET /menus/books HTTP/1.1" 200 -
INFO:werkzeug:127.0.0.1 - - [12/Nov/2019 11:58:59] "GET /menus/%7B'authors':%20['앤디%20브룩'],%20'contents':%20'할리퀸%20로맨스%20HQ%20932%20『굿바이%20플레이보이』.%20아버지와%20오빠에게%20평생을%20억압받으며%20살아온%20것도%20모자라,%20마음에도%20없는%20정략결혼을%20할%20위험에%20처한%20나디아%20공주.%20참다못한%20그녀는%20조국에서%20도망쳐%20나와%20적국%20가즈비야로%20도망친다.%20내친김에%20그녀는%20양국%20간의%20해묵은%20반목과%20전쟁%20위협을%20종식할%20원대한%20계획을%20세운다.%20그것은%20바로%20가즈비야의%20왕자%20자예드를%20유혹해서%20자신의%20손안에%20넣는%20것!%20우여곡절%20끝에%20왕궁에%20도착한%20나디아는%20그의%20침실에%20숨어드는데…',%20'datetime':%20'2016-09-09T00:00:00.000+09:00',%20'isbn':%20'1132560373%209791132560371',%20'price':%205200,%20'publisher':%20'신영미디어',%20'sale_price':%204680,%20'status':%20'정상판매',%20'thumbnail':%20'https://search1.kakaocdn.net/thumb/R120x174.q85/?fname=http%3A%2F%2Ft1.daumcdn.net%2Flbook%2Fimage%2F1540048%3Ftimestamp%3D20190130181457%27,%20%27title%27:%20%27굿바이%20플레이보이(할리퀸%20로맨스%20HQ%20932)%27,%20%27translators%27:%20[%27주미라%27],%20%27url%27:%20%27https://search.daum.net/search?w=bookpage&bookId=1540048&q=굿바이+플레이보이%28할리퀸+로맨스+HQ+932%29%27} HTTP/1.1" 404 -
INFO:werkzeug:127.0.0.1 - - [12/Nov/2019 11:58:59] "GET /menus/%7B'authors':%20['스티븐%20와츠'],%20'contents':%20'',%20'datetime':%20'2011-06-18T00:00:00.000+09:00',%20'isbn':%20'8990976111%209788990976116',%20'price':%2025000,%20'publisher':%20'나무이야기',%20'sale_price':%2022500,%20'status':%20'정상판매',%20'thumbnail':%20'https://search1.kakaocdn.net/thumb/R120x174.q85/?fname=http%3A%2F%2Ft1.daumcdn.net%2Flbook%2Fimage%2F1337487%3Ftimestamp%3D20190127223410%27,%20%27title%27:%20%27미스터%20플레이보이(양장본%20HardCover)%27,%20%27translators%27:%20[%27고정아%27],%20%27url%27:%20%27https://search.daum.net/search?w=bookpage&bookId=1337487&q=미스터+플레이보이%28양장본+HardCover%29%27} HTTP/1.1" 404 -
INFO:werkzeug:127.0.0.1 - - [12/Nov/2019 11:58:59] "GET /menus/%7B'authors':%20['Uzui'],%20'contents':%20'여자라면%20환장을%20하는%20난봉꾼%20츠츠이는%20선배인%20타무라%20앞에서%20잔뜩%20취해,%20반쯤%20강제로%20안기게%20된다.%20상냥한%20선배인%20줄만%20알았던%20타무라는%20사실%20엄청난%20마성의%20게이였던%20것이다!!%20그%20이후에도%20타무라가%20자꾸만%20노리는%20바람에,%20충격을%20받은%20츠츠이는%20두려움%20속에%20사는%20게%20사는%20게%20아니다.%20그런%20중에%20마찬가지로%20타무라에게%20당한%20피해자라는%20시노다를%20만나게%20되어%20연인인%20척%20하자는%20제안을%20받는다.%20남자와%20이게%20무슨%20짓거리냐고%20생각하면서도,%20츠츠이는%20점점%20뒤가%20근질',%20'datetime':%20'2018-03-08T00:00:00.000+09:00',%20'isbn':%20'1127844253%209791127844257',%20'price':%205500,%20'publisher':%20'디앤씨미디어',%20'sale_price':%204950,%20'status':%20'정상판매',%20'thumbnail':%20'https://search1.kakaocdn.net/thumb/R120x174.q85/?fname=http%3A%2F%2Ft1.daumcdn.net%2Flbook%2Fimage%2F1533767%3Ftimestamp%3D20190130170723%27,%20%27title%27:%20%27플레이보이인%20내가%20바텀이%20되다니!!%27,%20%27translators%27:%20[],%20%27url%27:%20%27https://search.daum.net/search?w=bookpage&bookId=1533767&q=플레이보이인+내가+바텀이+되다니%21%21%27} HTTP/1.1" 404 -
INFO:werkzeug:127.0.0.1 - - [12/Nov/2019 11:58:59] "GET /menus/%7B'authors':%20['캐서린%20가베라'],%20'contents':%20'캐서린%20가베라의%20할리퀸%20로맨스소설%20『플레이보이%20길들이기』.%20불미스러운%20사건을%20계기로%20대회%20출전%20자격을%20박탈당하고만%20전문%20살사%20댄서%20젠.%20그%20후%20온%20동네를%20전전하며%20살사%20강의를%20하던%20그녀는%20어느%20날%20마이애미의%20명소인%20클럽%20‘루나아주르’에%20고용되는%20기쁨을%20맛보게%20된다.%20한껏%20들뜬%20마음으로%20첫%20출근을%20한%20그녀.%20준비를%20마친%20후%20기분%20좋게%20수업을%20시작한%20젠은%20시범을%20보이던%20중%20자신의%20고용주%20네이트와%20함께%20살사%20댄스를%20추게%20되고,%20매혹적인%20그의%20손길에%20예상치',%20'datetime':%20'2013-03-25T00:00:00.000+09:00',%20'isbn':%20'8941336864%209788941336860',%20'price':%205200,%20'publisher':%20'신영미디어',%20'sale_price':%204680,%20'status':%20'정상판매',%20'thumbnail':%20'https://search1.kakaocdn.net/thumb/R120x174.q85/?fname=http%3A%2F%2Ft1.daumcdn.net%2Flbook%2Fimage%2F569622%3Ftimestamp%3D20190123203403%27,%20%27title%27:%20%27플레이보이%20길들이기(할리퀸%20로맨스%20HQ%20598)%27,%20%27translators%27:%20[%27박선미%27],%20%27url%27:%20%27https://search.daum.net/search?w=bookpage&bookId=569622&q=플레이보이+길들이기%28할리퀸+로맨스+HQ+598%29%27} HTTP/1.1" 404 -
INFO:werkzeug:127.0.0.1 - - [12/Nov/2019 11:58:59] "GET /menus/%7B'authors':%20['체스터%20브라운'],%20'contents':%20'',%20'datetime':%20'2008-09-20T00:00:00.000+09:00',%20'isbn':%20'899078185X%209788990781857',%20'price':%209000,%20'publisher':%20'새만화책',%20'sale_price':%20-1,%20'status':%20'',%20'thumbnail':%20'https://search1.kakaocdn.net/thumb/R120x174.q85/?fname=http%3A%2F%2Ft1.daumcdn.net%2Flbook%2Fimage%2F1327893%3Ftimestamp%3D20190127210415%27,%20%27title%27:%20%27플레이보이(반양장)%27,%20%27translators%27:%20[%27김대중%27],%20%27url%27:%20%27https://search.daum.net/search?w=bookpage&bookId=1327893&q=플레이보이%28반양장%29%27} HTTP/1.1" 404 -
INFO:werkzeug:127.0.0.1 - - [12/Nov/2019 11:58:59] "GET /menus/%7B'authors':%20['비주'],%20'contents':%20'플레이보이,%20총%203권의%20이야기를%2010%%20할인된%20가격으로%20볼%20수%20있는%20기회!%20%20“솔직히%20말해,%20너.%20그날%20딴%20년이랑%20잤지?”%20“내가%20그날%20누구랑%20잤다고%20쳐.%20그래%20봤자%20그냥%20하룻밤%20상대일%20뿐인데,%20그게%20그렇게%20중요해?”%20%20강남%20클럽%20문화의%20판도를%20뒤바꾼%20한%20남자가%20있었다.%20여자%20등쳐%20먹기는%20취미,%20원나잇은%20특기.%20나쁜%20남자의%20표본%20유마레에게%20사랑이란%20몸을%20섞기%20전까지%20나누는%20감성팔이에%20지나지%20않았다.%20파티%20팀%20플레이보이의%20리더로%20매일%20누구보다%20화려한%27,%20%27datetime%27:%20%272016-10-11T00:00:00.000+09:00%27,%20%27isbn%27:%20%27%209791131816660%27,%20%27price%27:%205000,%20%27publisher%27:%20%27라떼북%27,%20%27sale_price%27:%20-1,%20%27status%27:%20%27정상판매%27,%20%27thumbnail%27:%20%27https://search1.kakaocdn.net/thumb/R120x174.q85/?fname=http%3A%2F%2Ft1.daumcdn.net%2Flbook%2Fimage%2F4609576%3Ftimestamp%3D20190301184119%27,%20%27title%27:%20%27플레이보이%20(전3권)(완결)%27,%20%27translators%27:%20[],%20%27url%27:%20%27https://search.daum.net/search?w=bookpage&bookId=4609576&q=플레이보이+%28전3권%29%28완결%29%27} HTTP/1.1" 404 -
INFO:werkzeug:127.0.0.1 - - [12/Nov/2019 11:59:00] "GET /menus/%7B'authors':%20['Shiuko%20Kano'],%20'contents':%20'Shiuko%20Kano의%20만화%20『플레이보이%20블루스』%20제5권.%20폭넓은%20호스트진을%20보유한%20‘club%20dandy’에%20요시나리까지%20호스트로%20데뷔하자%20충격이%20퍼진다.%20그런%20가운데%20요시나리는%20락커룸에서%20키스를%20하는%20쥰스케와%20시노부의%20모습을%20보고%20만다.%20형이%20호스트를%20계속하는%20이유는%20시노부였던%20것이다.%20요시나리는%20당신도%20남자랑%20시험해볼래?라며%20하루토에게%20키스하려는%20등%20반항적으로%20나오지만%20하루토의%20헬프로%20붙은%20때%20사건이%20벌어진다.%27,%20%27datetime%27:%20%272014-09-15T00:00:00.000+09:00%27,%20%27isbn%27:%20%27892701068X%209788927010685%27,%20%27price%27:%205500,%20%27publisher%27:%20%27뉴루비코믹스%27,%20%27sale_price%27:%204950,%20%27status%27:%20%27정상판매%27,%20%27thumbnail%27:%20%27https://search1.kakaocdn.net/thumb/R120x174.q85/?fname=http%3A%2F%2Ft1.daumcdn.net%2Flbook%2Fimage%2F453238%3Ftimestamp%3D20190123061405%27,%20%27title%27:%20%27플레이보이%20블루스.%205%27,%20%27translators%27:%20[%27김명은%27],%20%27url%27:%20%27https://search.daum.net/search?w=bookpage&bookId=453238&q=플레이보이+블루스.+5%27} HTTP/1.1" 404 -
INFO:werkzeug:127.0.0.1 - - [12/Nov/2019 11:59:00] "GET /menus/%7B'authors':%20['Shiuko%20Kano'],%20'contents':%20'Shiuko%20Kano의%20BL%20만화%20『플레이보이%20블루스』%20제6권.%20부동의%20No.1%20쥰스케가%20기어이%20그%20말을%20내뱉었다.%20호스트를%20그만둔다는%20것은%20시노부와의%20이별을%20의미하는가…?%20그리고%20과거%20쥰스케의%20손님이었다는%20아라타의%20누나의%20심각한%20사정이%20알려지자%20결국%20두%20사람의%20관계는%20벼랑%20끝으로%20몰리는데…?!%27,%20%27datetime%27:%20%272017-02-15T00:00:00.000+09:00%27,%20%27isbn%27:%20%278927046765%209788927046769%27,%20%27price%27:%205500,%20%27publisher%27:%20%27현대지능개발사%27,%20%27sale_price%27:%204950,%20%27status%27:%20%27정상판매%27,%20%27thumbnail%27:%20%27https://search1.kakaocdn.net/thumb/R120x174.q85/?fname=http%3A%2F%2Ft1.daumcdn.net%2Flbook%2Fimage%2F453717%3Ftimestamp%3D20190123061833%27,%20%27title%27:%20%27플레이보이%20블루스.%206%27,%20%27translators%27:%20[%27김명은%27],%20%27url%27:%20%27https://search.daum.net/search?w=bookpage&bookId=453717&q=플레이보이+블루스.+6%27} HTTP/1.1" 404 -
INFO:werkzeug:127.0.0.1 - - [12/Nov/2019 11:59:00] "GET /menus/%7B'authors':%20['Shiuko%20Kano'],%20'contents':%20'',%20'datetime':%20'2008-12-30T00:00:00.000+09:00',%20'isbn':%20'8960028010%209788960028012',%20'price':%204500,%20'publisher':%20'뉴루비코믹스',%20'sale_price':%204050,%20'status':%20'정상판매',%20'thumbnail':%20'https://search1.kakaocdn.net/thumb/R120x174.q85/?fname=http%3A%2F%2Ft1.daumcdn.net%2Flbook%2Fimage%2F823323%3Ftimestamp%3D20190125063225%27,%20%27title%27:%20%27플레이보이%20블루스.%203%27,%20%27translators%27:%20[%27이문영%27],%20%27url%27:%20%27https://search.daum.net/search?w=bookpage&bookId=823323&q=플레이보이+블루스.+3%27} HTTP/1.1" 404 -
INFO:werkzeug:127.0.0.1 - - [12/Nov/2019 11:59:00] "GET /menus/%7B'authors':%20['Shiuko%20Kano'],%20'contents':%20'',%20'datetime':%20'2005-06-05T00:00:00.000+09:00',%20'isbn':%20'895657877X%209788956578774',%20'price':%204200,%20'publisher':%20'뉴루비코믹스',%20'sale_price':%203780,%20'status':%20'정상판매',%20'thumbnail':%20'https://search1.kakaocdn.net/thumb/R120x174.q85/?fname=http%3A%2F%2Ft1.daumcdn.net%2Flbook%2Fimage%2F736746%3Ftimestamp%3D20190124172233%27,%20%27title%27:%20%27플레이보이%20블루스.%202%27,%20%27translators%27:%20[%27이진아%27],%20%27url%27:%20%27https://search.daum.net/search?w=bookpage&bookId=736746&q=플레이보이+블루스.+2%27} HTTP/1.1" 404 -
INFO:werkzeug:127.0.0.1 - - [12/Nov/2019 11:59:00] "GET /static/assets/css/dashboard-free.css.map HTTP/1.1" 404 -
INFO:werkzeug:127.0.0.1 - - [12/Nov/2019 11:59:20] "GET /menus/books HTTP/1.1" 200 -
INFO:werkzeug:127.0.0.1 - - [12/Nov/2019 11:59:20] "GET /menus/%7B'authors':%20['체스터%20브라운'],%20'contents':%20'',%20'datetime':%20'2008-09-20T00:00:00.000+09:00',%20'isbn':%20'899078185X%209788990781857',%20'price':%209000,%20'publisher':%20'새만화책',%20'sale_price':%20-1,%20'status':%20'',%20'thumbnail':%20'https://search1.kakaocdn.net/thumb/R120x174.q85/?fname=http%3A%2F%2Ft1.daumcdn.net%2Flbook%2Fimage%2F1327893%3Ftimestamp%3D20190127210415%27,%20%27title%27:%20%27플레이보이(반양장)%27,%20%27translators%27:%20[%27김대중%27],%20%27url%27:%20%27https://search.daum.net/search?w=bookpage&bookId=1327893&q=플레이보이%28반양장%29%27} HTTP/1.1" 404 -
INFO:werkzeug:127.0.0.1 - - [12/Nov/2019 11:59:20] "GET /menus/%7B'authors':%20['Uzui'],%20'contents':%20'여자라면%20환장을%20하는%20난봉꾼%20츠츠이는%20선배인%20타무라%20앞에서%20잔뜩%20취해,%20반쯤%20강제로%20안기게%20된다.%20상냥한%20선배인%20줄만%20알았던%20타무라는%20사실%20엄청난%20마성의%20게이였던%20것이다!!%20그%20이후에도%20타무라가%20자꾸만%20노리는%20바람에,%20충격을%20받은%20츠츠이는%20두려움%20속에%20사는%20게%20사는%20게%20아니다.%20그런%20중에%20마찬가지로%20타무라에게%20당한%20피해자라는%20시노다를%20만나게%20되어%20연인인%20척%20하자는%20제안을%20받는다.%20남자와%20이게%20무슨%20짓거리냐고%20생각하면서도,%20츠츠이는%20점점%20뒤가%20근질',%20'datetime':%20'2018-03-08T00:00:00.000+09:00',%20'isbn':%20'1127844253%209791127844257',%20'price':%205500,%20'publisher':%20'디앤씨미디어',%20'sale_price':%204950,%20'status':%20'정상판매',%20'thumbnail':%20'https://search1.kakaocdn.net/thumb/R120x174.q85/?fname=http%3A%2F%2Ft1.daumcdn.net%2Flbook%2Fimage%2F1533767%3Ftimestamp%3D20190130170723%27,%20%27title%27:%20%27플레이보이인%20내가%20바텀이%20되다니!!%27,%20%27translators%27:%20[],%20%27url%27:%20%27https://search.daum.net/search?w=bookpage&bookId=1533767&q=플레이보이인+내가+바텀이+되다니%21%21%27} HTTP/1.1" 404 -
INFO:werkzeug:127.0.0.1 - - [12/Nov/2019 11:59:20] "GET /menus/%7B'authors':%20['스티븐%20와츠'],%20'contents':%20'',%20'datetime':%20'2011-06-18T00:00:00.000+09:00',%20'isbn':%20'8990976111%209788990976116',%20'price':%2025000,%20'publisher':%20'나무이야기',%20'sale_price':%2022500,%20'status':%20'정상판매',%20'thumbnail':%20'https://search1.kakaocdn.net/thumb/R120x174.q85/?fname=http%3A%2F%2Ft1.daumcdn.net%2Flbook%2Fimage%2F1337487%3Ftimestamp%3D20190127223410%27,%20%27title%27:%20%27미스터%20플레이보이(양장본%20HardCover)%27,%20%27translators%27:%20[%27고정아%27],%20%27url%27:%20%27https://search.daum.net/search?w=bookpage&bookId=1337487&q=미스터+플레이보이%28양장본+HardCover%29%27} HTTP/1.1" 404 -
INFO:werkzeug:127.0.0.1 - - [12/Nov/2019 11:59:20] "GET /menus/%7B'authors':%20['비주'],%20'contents':%20'플레이보이,%20총%203권의%20이야기를%2010%%20할인된%20가격으로%20볼%20수%20있는%20기회!%20%20“솔직히%20말해,%20너.%20그날%20딴%20년이랑%20잤지?”%20“내가%20그날%20누구랑%20잤다고%20쳐.%20그래%20봤자%20그냥%20하룻밤%20상대일%20뿐인데,%20그게%20그렇게%20중요해?”%20%20강남%20클럽%20문화의%20판도를%20뒤바꾼%20한%20남자가%20있었다.%20여자%20등쳐%20먹기는%20취미,%20원나잇은%20특기.%20나쁜%20남자의%20표본%20유마레에게%20사랑이란%20몸을%20섞기%20전까지%20나누는%20감성팔이에%20지나지%20않았다.%20파티%20팀%20플레이보이의%20리더로%20매일%20누구보다%20화려한%27,%20%27datetime%27:%20%272016-10-11T00:00:00.000+09:00%27,%20%27isbn%27:%20%27%209791131816660%27,%20%27price%27:%205000,%20%27publisher%27:%20%27라떼북%27,%20%27sale_price%27:%20-1,%20%27status%27:%20%27정상판매%27,%20%27thumbnail%27:%20%27https://search1.kakaocdn.net/thumb/R120x174.q85/?fname=http%3A%2F%2Ft1.daumcdn.net%2Flbook%2Fimage%2F4609576%3Ftimestamp%3D20190301184119%27,%20%27title%27:%20%27플레이보이%20(전3권)(완결)%27,%20%27translators%27:%20[],%20%27url%27:%20%27https://search.daum.net/search?w=bookpage&bookId=4609576&q=플레이보이+%28전3권%29%28완결%29%27} HTTP/1.1" 404 -
INFO:werkzeug:127.0.0.1 - - [12/Nov/2019 11:59:20] "GET /menus/%7B'authors':%20['Shiuko%20Kano'],%20'contents':%20'Shiuko%20Kano의%20만화%20『플레이보이%20블루스』%20제5권.%20폭넓은%20호스트진을%20보유한%20‘club%20dandy’에%20요시나리까지%20호스트로%20데뷔하자%20충격이%20퍼진다.%20그런%20가운데%20요시나리는%20락커룸에서%20키스를%20하는%20쥰스케와%20시노부의%20모습을%20보고%20만다.%20형이%20호스트를%20계속하는%20이유는%20시노부였던%20것이다.%20요시나리는%20당신도%20남자랑%20시험해볼래?라며%20하루토에게%20키스하려는%20등%20반항적으로%20나오지만%20하루토의%20헬프로%20붙은%20때%20사건이%20벌어진다.%27,%20%27datetime%27:%20%272014-09-15T00:00:00.000+09:00%27,%20%27isbn%27:%20%27892701068X%209788927010685%27,%20%27price%27:%205500,%20%27publisher%27:%20%27뉴루비코믹스%27,%20%27sale_price%27:%204950,%20%27status%27:%20%27정상판매%27,%20%27thumbnail%27:%20%27https://search1.kakaocdn.net/thumb/R120x174.q85/?fname=http%3A%2F%2Ft1.daumcdn.net%2Flbook%2Fimage%2F453238%3Ftimestamp%3D20190123061405%27,%20%27title%27:%20%27플레이보이%20블루스.%205%27,%20%27translators%27:%20[%27김명은%27],%20%27url%27:%20%27https://search.daum.net/search?w=bookpage&bookId=453238&q=플레이보이+블루스.+5%27} HTTP/1.1" 404 -
INFO:werkzeug:127.0.0.1 - - [12/Nov/2019 11:59:20] "GET /menus/%7B'authors':%20['앤디%20브룩'],%20'contents':%20'할리퀸%20로맨스%20HQ%20932%20『굿바이%20플레이보이』.%20아버지와%20오빠에게%20평생을%20억압받으며%20살아온%20것도%20모자라,%20마음에도%20없는%20정략결혼을%20할%20위험에%20처한%20나디아%20공주.%20참다못한%20그녀는%20조국에서%20도망쳐%20나와%20적국%20가즈비야로%20도망친다.%20내친김에%20그녀는%20양국%20간의%20해묵은%20반목과%20전쟁%20위협을%20종식할%20원대한%20계획을%20세운다.%20그것은%20바로%20가즈비야의%20왕자%20자예드를%20유혹해서%20자신의%20손안에%20넣는%20것!%20우여곡절%20끝에%20왕궁에%20도착한%20나디아는%20그의%20침실에%20숨어드는데…',%20'datetime':%20'2016-09-09T00:00:00.000+09:00',%20'isbn':%20'1132560373%209791132560371',%20'price':%205200,%20'publisher':%20'신영미디어',%20'sale_price':%204680,%20'status':%20'정상판매',%20'thumbnail':%20'https://search1.kakaocdn.net/thumb/R120x174.q85/?fname=http%3A%2F%2Ft1.daumcdn.net%2Flbook%2Fimage%2F1540048%3Ftimestamp%3D20190130181457%27,%20%27title%27:%20%27굿바이%20플레이보이(할리퀸%20로맨스%20HQ%20932)%27,%20%27translators%27:%20[%27주미라%27],%20%27url%27:%20%27https://search.daum.net/search?w=bookpage&bookId=1540048&q=굿바이+플레이보이%28할리퀸+로맨스+HQ+932%29%27} HTTP/1.1" 404 -
INFO:werkzeug:127.0.0.1 - - [12/Nov/2019 11:59:20] "GET /menus/%7B'authors':%20['Shiuko%20Kano'],%20'contents':%20'Shiuko%20Kano의%20BL%20만화%20『플레이보이%20블루스』%20제6권.%20부동의%20No.1%20쥰스케가%20기어이%20그%20말을%20내뱉었다.%20호스트를%20그만둔다는%20것은%20시노부와의%20이별을%20의미하는가…?%20그리고%20과거%20쥰스케의%20손님이었다는%20아라타의%20누나의%20심각한%20사정이%20알려지자%20결국%20두%20사람의%20관계는%20벼랑%20끝으로%20몰리는데…?!%27,%20%27datetime%27:%20%272017-02-15T00:00:00.000+09:00%27,%20%27isbn%27:%20%278927046765%209788927046769%27,%20%27price%27:%205500,%20%27publisher%27:%20%27현대지능개발사%27,%20%27sale_price%27:%204950,%20%27status%27:%20%27정상판매%27,%20%27thumbnail%27:%20%27https://search1.kakaocdn.net/thumb/R120x174.q85/?fname=http%3A%2F%2Ft1.daumcdn.net%2Flbook%2Fimage%2F453717%3Ftimestamp%3D20190123061833%27,%20%27title%27:%20%27플레이보이%20블루스.%206%27,%20%27translators%27:%20[%27김명은%27],%20%27url%27:%20%27https://search.daum.net/search?w=bookpage&bookId=453717&q=플레이보이+블루스.+6%27} HTTP/1.1" 404 -
INFO:werkzeug:127.0.0.1 - - [12/Nov/2019 11:59:21] "GET /menus/%7B'authors':%20['Shiuko%20Kano'],%20'contents':%20'',%20'datetime':%20'2008-12-30T00:00:00.000+09:00',%20'isbn':%20'8960028010%209788960028012',%20'price':%204500,%20'publisher':%20'뉴루비코믹스',%20'sale_price':%204050,%20'status':%20'정상판매',%20'thumbnail':%20'https://search1.kakaocdn.net/thumb/R120x174.q85/?fname=http%3A%2F%2Ft1.daumcdn.net%2Flbook%2Fimage%2F823323%3Ftimestamp%3D20190125063225%27,%20%27title%27:%20%27플레이보이%20블루스.%203%27,%20%27translators%27:%20[%27이문영%27],%20%27url%27:%20%27https://search.daum.net/search?w=bookpage&bookId=823323&q=플레이보이+블루스.+3%27} HTTP/1.1" 404 -
INFO:werkzeug:127.0.0.1 - - [12/Nov/2019 11:59:21] "GET /menus/%7B'authors':%20['Shiuko%20Kano'],%20'contents':%20'',%20'datetime':%20'2005-06-05T00:00:00.000+09:00',%20'isbn':%20'895657877X%209788956578774',%20'price':%204200,%20'publisher':%20'뉴루비코믹스',%20'sale_price':%203780,%20'status':%20'정상판매',%20'thumbnail':%20'https://search1.kakaocdn.net/thumb/R120x174.q85/?fname=http%3A%2F%2Ft1.daumcdn.net%2Flbook%2Fimage%2F736746%3Ftimestamp%3D20190124172233%27,%20%27title%27:%20%27플레이보이%20블루스.%202%27,%20%27translators%27:%20[%27이진아%27],%20%27url%27:%20%27https://search.daum.net/search?w=bookpage&bookId=736746&q=플레이보이+블루스.+2%27} HTTP/1.1" 404 -
INFO:werkzeug:127.0.0.1 - - [12/Nov/2019 11:59:21] "GET /menus/%7B'authors':%20['캐서린%20가베라'],%20'contents':%20'캐서린%20가베라의%20할리퀸%20로맨스소설%20『플레이보이%20길들이기』.%20불미스러운%20사건을%20계기로%20대회%20출전%20자격을%20박탈당하고만%20전문%20살사%20댄서%20젠.%20그%20후%20온%20동네를%20전전하며%20살사%20강의를%20하던%20그녀는%20어느%20날%20마이애미의%20명소인%20클럽%20‘루나아주르’에%20고용되는%20기쁨을%20맛보게%20된다.%20한껏%20들뜬%20마음으로%20첫%20출근을%20한%20그녀.%20준비를%20마친%20후%20기분%20좋게%20수업을%20시작한%20젠은%20시범을%20보이던%20중%20자신의%20고용주%20네이트와%20함께%20살사%20댄스를%20추게%20되고,%20매혹적인%20그의%20손길에%20예상치',%20'datetime':%20'2013-03-25T00:00:00.000+09:00',%20'isbn':%20'8941336864%209788941336860',%20'price':%205200,%20'publisher':%20'신영미디어',%20'sale_price':%204680,%20'status':%20'정상판매',%20'thumbnail':%20'https://search1.kakaocdn.net/thumb/R120x174.q85/?fname=http%3A%2F%2Ft1.daumcdn.net%2Flbook%2Fimage%2F569622%3Ftimestamp%3D20190123203403%27,%20%27title%27:%20%27플레이보이%20길들이기(할리퀸%20로맨스%20HQ%20598)%27,%20%27translators%27:%20[%27박선미%27],%20%27url%27:%20%27https://search.daum.net/search?w=bookpage&bookId=569622&q=플레이보이+길들이기%28할리퀸+로맨스+HQ+598%29%27} HTTP/1.1" 404 -
INFO:werkzeug:127.0.0.1 - - [12/Nov/2019 11:59:21] "GET /static/assets/css/dashboard-free.css.map HTTP/1.1" 404 -
INFO:werkzeug:127.0.0.1 - - [12/Nov/2019 11:59:36] "GET /menus/books HTTP/1.1" 200 -
INFO:werkzeug:127.0.0.1 - - [12/Nov/2019 11:59:36] "GET /static/assets/css/dashboard-free.css.map HTTP/1.1" 404 -
INFO:werkzeug:127.0.0.1 - - [12/Nov/2019 11:59:37] "GET /menus/books HTTP/1.1" 200 -
INFO:werkzeug:127.0.0.1 - - [12/Nov/2019 11:59:37] "GET /static/assets/css/dashboard-free.css.map HTTP/1.1" 404 -
INFO:werkzeug:127.0.0.1 - - [12/Nov/2019 11:59:38] "GET /menus/books HTTP/1.1" 200 -
INFO:werkzeug:127.0.0.1 - - [12/Nov/2019 11:59:38] "GET /static/assets/css/dashboard-free.css.map HTTP/1.1" 404 -
INFO:werkzeug:127.0.0.1 - - [12/Nov/2019 11:59:40] "GET /menus/books HTTP/1.1" 200 -
INFO:werkzeug:127.0.0.1 - - [12/Nov/2019 11:59:40] "GET /static/assets/css/dashboard-free.css.map HTTP/1.1" 404 -
INFO:werkzeug:127.0.0.1 - - [12/Nov/2019 12:00:21] "GET /menus/books HTTP/1.1" 200 -
INFO:werkzeug:127.0.0.1 - - [12/Nov/2019 12:00:22] "GET /static/assets/css/dashboard-free.css.map HTTP/1.1" 404 -
INFO:werkzeug:127.0.0.1 - - [12/Nov/2019 12:01:05] "GET /menus/books HTTP/1.1" 200 -
INFO:werkzeug:127.0.0.1 - - [12/Nov/2019 12:01:05] "GET /static/assets/css/dashboard-free.css.map HTTP/1.1" 404 -
INFO:werkzeug:127.0.0.1 - - [12/Nov/2019 12:01:28] "GET /menus/books HTTP/1.1" 200 -
INFO:werkzeug:127.0.0.1 - - [12/Nov/2019 12:01:28] "GET /menus/%7B'authors':%20['체스터%20브라운'],%20'contents':%20'',%20'datetime':%20'2008-09-20T00:00:00.000+09:00',%20'isbn':%20'899078185X%209788990781857',%20'price':%209000,%20'publisher':%20'새만화책',%20'sale_price':%20-1,%20'status':%20'',%20'thumbnail':%20'https://search1.kakaocdn.net/thumb/R120x174.q85/?fname=http%3A%2F%2Ft1.daumcdn.net%2Flbook%2Fimage%2F1327893%3Ftimestamp%3D20190127210415%27,%20%27title%27:%20%27플레이보이(반양장)%27,%20%27translators%27:%20[%27김대중%27],%20%27url%27:%20%27https://search.daum.net/search?w=bookpage&bookId=1327893&q=플레이보이%28반양장%29%27} HTTP/1.1" 404 -
INFO:werkzeug:127.0.0.1 - - [12/Nov/2019 12:01:28] "GET /menus/%7B'authors':%20['앤디%20브룩'],%20'contents':%20'할리퀸%20로맨스%20HQ%20932%20『굿바이%20플레이보이』.%20아버지와%20오빠에게%20평생을%20억압받으며%20살아온%20것도%20모자라,%20마음에도%20없는%20정략결혼을%20할%20위험에%20처한%20나디아%20공주.%20참다못한%20그녀는%20조국에서%20도망쳐%20나와%20적국%20가즈비야로%20도망친다.%20내친김에%20그녀는%20양국%20간의%20해묵은%20반목과%20전쟁%20위협을%20종식할%20원대한%20계획을%20세운다.%20그것은%20바로%20가즈비야의%20왕자%20자예드를%20유혹해서%20자신의%20손안에%20넣는%20것!%20우여곡절%20끝에%20왕궁에%20도착한%20나디아는%20그의%20침실에%20숨어드는데…',%20'datetime':%20'2016-09-09T00:00:00.000+09:00',%20'isbn':%20'1132560373%209791132560371',%20'price':%205200,%20'publisher':%20'신영미디어',%20'sale_price':%204680,%20'status':%20'정상판매',%20'thumbnail':%20'https://search1.kakaocdn.net/thumb/R120x174.q85/?fname=http%3A%2F%2Ft1.daumcdn.net%2Flbook%2Fimage%2F1540048%3Ftimestamp%3D20190130181457%27,%20%27title%27:%20%27굿바이%20플레이보이(할리퀸%20로맨스%20HQ%20932)%27,%20%27translators%27:%20[%27주미라%27],%20%27url%27:%20%27https://search.daum.net/search?w=bookpage&bookId=1540048&q=굿바이+플레이보이%28할리퀸+로맨스+HQ+932%29%27} HTTP/1.1" 404 -
INFO:werkzeug:127.0.0.1 - - [12/Nov/2019 12:01:28] "GET /menus/%7B'authors':%20['Uzui'],%20'contents':%20'여자라면%20환장을%20하는%20난봉꾼%20츠츠이는%20선배인%20타무라%20앞에서%20잔뜩%20취해,%20반쯤%20강제로%20안기게%20된다.%20상냥한%20선배인%20줄만%20알았던%20타무라는%20사실%20엄청난%20마성의%20게이였던%20것이다!!%20그%20이후에도%20타무라가%20자꾸만%20노리는%20바람에,%20충격을%20받은%20츠츠이는%20두려움%20속에%20사는%20게%20사는%20게%20아니다.%20그런%20중에%20마찬가지로%20타무라에게%20당한%20피해자라는%20시노다를%20만나게%20되어%20연인인%20척%20하자는%20제안을%20받는다.%20남자와%20이게%20무슨%20짓거리냐고%20생각하면서도,%20츠츠이는%20점점%20뒤가%20근질',%20'datetime':%20'2018-03-08T00:00:00.000+09:00',%20'isbn':%20'1127844253%209791127844257',%20'price':%205500,%20'publisher':%20'디앤씨미디어',%20'sale_price':%204950,%20'status':%20'정상판매',%20'thumbnail':%20'https://search1.kakaocdn.net/thumb/R120x174.q85/?fname=http%3A%2F%2Ft1.daumcdn.net%2Flbook%2Fimage%2F1533767%3Ftimestamp%3D20190130170723%27,%20%27title%27:%20%27플레이보이인%20내가%20바텀이%20되다니!!%27,%20%27translators%27:%20[],%20%27url%27:%20%27https://search.daum.net/search?w=bookpage&bookId=1533767&q=플레이보이인+내가+바텀이+되다니%21%21%27} HTTP/1.1" 404 -
INFO:werkzeug:127.0.0.1 - - [12/Nov/2019 12:01:28] "GET /menus/%7B'authors':%20['스티븐%20와츠'],%20'contents':%20'',%20'datetime':%20'2011-06-18T00:00:00.000+09:00',%20'isbn':%20'8990976111%209788990976116',%20'price':%2025000,%20'publisher':%20'나무이야기',%20'sale_price':%2022500,%20'status':%20'정상판매',%20'thumbnail':%20'https://search1.kakaocdn.net/thumb/R120x174.q85/?fname=http%3A%2F%2Ft1.daumcdn.net%2Flbook%2Fimage%2F1337487%3Ftimestamp%3D20190127223410%27,%20%27title%27:%20%27미스터%20플레이보이(양장본%20HardCover)%27,%20%27translators%27:%20[%27고정아%27],%20%27url%27:%20%27https://search.daum.net/search?w=bookpage&bookId=1337487&q=미스터+플레이보이%28양장본+HardCover%29%27} HTTP/1.1" 404 -
INFO:werkzeug:127.0.0.1 - - [12/Nov/2019 12:01:28] "GET /menus/%7B'authors':%20['비주'],%20'contents':%20'플레이보이,%20총%203권의%20이야기를%2010%%20할인된%20가격으로%20볼%20수%20있는%20기회!%20%20“솔직히%20말해,%20너.%20그날%20딴%20년이랑%20잤지?”%20“내가%20그날%20누구랑%20잤다고%20쳐.%20그래%20봤자%20그냥%20하룻밤%20상대일%20뿐인데,%20그게%20그렇게%20중요해?”%20%20강남%20클럽%20문화의%20판도를%20뒤바꾼%20한%20남자가%20있었다.%20여자%20등쳐%20먹기는%20취미,%20원나잇은%20특기.%20나쁜%20남자의%20표본%20유마레에게%20사랑이란%20몸을%20섞기%20전까지%20나누는%20감성팔이에%20지나지%20않았다.%20파티%20팀%20플레이보이의%20리더로%20매일%20누구보다%20화려한%27,%20%27datetime%27:%20%272016-10-11T00:00:00.000+09:00%27,%20%27isbn%27:%20%27%209791131816660%27,%20%27price%27:%205000,%20%27publisher%27:%20%27라떼북%27,%20%27sale_price%27:%20-1,%20%27status%27:%20%27정상판매%27,%20%27thumbnail%27:%20%27https://search1.kakaocdn.net/thumb/R120x174.q85/?fname=http%3A%2F%2Ft1.daumcdn.net%2Flbook%2Fimage%2F4609576%3Ftimestamp%3D20190301184119%27,%20%27title%27:%20%27플레이보이%20(전3권)(완결)%27,%20%27translators%27:%20[],%20%27url%27:%20%27https://search.daum.net/search?w=bookpage&bookId=4609576&q=플레이보이+%28전3권%29%28완결%29%27} HTTP/1.1" 404 -
INFO:werkzeug:127.0.0.1 - - [12/Nov/2019 12:01:28] "GET /menus/%7B'authors':%20['Shiuko%20Kano'],%20'contents':%20'Shiuko%20Kano의%20만화%20『플레이보이%20블루스』%20제5권.%20폭넓은%20호스트진을%20보유한%20‘club%20dandy’에%20요시나리까지%20호스트로%20데뷔하자%20충격이%20퍼진다.%20그런%20가운데%20요시나리는%20락커룸에서%20키스를%20하는%20쥰스케와%20시노부의%20모습을%20보고%20만다.%20형이%20호스트를%20계속하는%20이유는%20시노부였던%20것이다.%20요시나리는%20당신도%20남자랑%20시험해볼래?라며%20하루토에게%20키스하려는%20등%20반항적으로%20나오지만%20하루토의%20헬프로%20붙은%20때%20사건이%20벌어진다.%27,%20%27datetime%27:%20%272014-09-15T00:00:00.000+09:00%27,%20%27isbn%27:%20%27892701068X%209788927010685%27,%20%27price%27:%205500,%20%27publisher%27:%20%27뉴루비코믹스%27,%20%27sale_price%27:%204950,%20%27status%27:%20%27정상판매%27,%20%27thumbnail%27:%20%27https://search1.kakaocdn.net/thumb/R120x174.q85/?fname=http%3A%2F%2Ft1.daumcdn.net%2Flbook%2Fimage%2F453238%3Ftimestamp%3D20190123061405%27,%20%27title%27:%20%27플레이보이%20블루스.%205%27,%20%27translators%27:%20[%27김명은%27],%20%27url%27:%20%27https://search.daum.net/search?w=bookpage&bookId=453238&q=플레이보이+블루스.+5%27} HTTP/1.1" 404 -
INFO:werkzeug:127.0.0.1 - - [12/Nov/2019 12:01:28] "GET /menus/%7B'authors':%20['Shiuko%20Kano'],%20'contents':%20'Shiuko%20Kano의%20BL%20만화%20『플레이보이%20블루스』%20제6권.%20부동의%20No.1%20쥰스케가%20기어이%20그%20말을%20내뱉었다.%20호스트를%20그만둔다는%20것은%20시노부와의%20이별을%20의미하는가…?%20그리고%20과거%20쥰스케의%20손님이었다는%20아라타의%20누나의%20심각한%20사정이%20알려지자%20결국%20두%20사람의%20관계는%20벼랑%20끝으로%20몰리는데…?!%27,%20%27datetime%27:%20%272017-02-15T00:00:00.000+09:00%27,%20%27isbn%27:%20%278927046765%209788927046769%27,%20%27price%27:%205500,%20%27publisher%27:%20%27현대지능개발사%27,%20%27sale_price%27:%204950,%20%27status%27:%20%27정상판매%27,%20%27thumbnail%27:%20%27https://search1.kakaocdn.net/thumb/R120x174.q85/?fname=http%3A%2F%2Ft1.daumcdn.net%2Flbook%2Fimage%2F453717%3Ftimestamp%3D20190123061833%27,%20%27title%27:%20%27플레이보이%20블루스.%206%27,%20%27translators%27:%20[%27김명은%27],%20%27url%27:%20%27https://search.daum.net/search?w=bookpage&bookId=453717&q=플레이보이+블루스.+6%27} HTTP/1.1" 404 -
INFO:werkzeug:127.0.0.1 - - [12/Nov/2019 12:01:28] "GET /menus/%7B'authors':%20['Shiuko%20Kano'],%20'contents':%20'',%20'datetime':%20'2008-12-30T00:00:00.000+09:00',%20'isbn':%20'8960028010%209788960028012',%20'price':%204500,%20'publisher':%20'뉴루비코믹스',%20'sale_price':%204050,%20'status':%20'정상판매',%20'thumbnail':%20'https://search1.kakaocdn.net/thumb/R120x174.q85/?fname=http%3A%2F%2Ft1.daumcdn.net%2Flbook%2Fimage%2F823323%3Ftimestamp%3D20190125063225%27,%20%27title%27:%20%27플레이보이%20블루스.%203%27,%20%27translators%27:%20[%27이문영%27],%20%27url%27:%20%27https://search.daum.net/search?w=bookpage&bookId=823323&q=플레이보이+블루스.+3%27} HTTP/1.1" 404 -
INFO:werkzeug:127.0.0.1 - - [12/Nov/2019 12:01:29] "GET /menus/%7B'authors':%20['Shiuko%20Kano'],%20'contents':%20'',%20'datetime':%20'2005-06-05T00:00:00.000+09:00',%20'isbn':%20'895657877X%209788956578774',%20'price':%204200,%20'publisher':%20'뉴루비코믹스',%20'sale_price':%203780,%20'status':%20'정상판매',%20'thumbnail':%20'https://search1.kakaocdn.net/thumb/R120x174.q85/?fname=http%3A%2F%2Ft1.daumcdn.net%2Flbook%2Fimage%2F736746%3Ftimestamp%3D20190124172233%27,%20%27title%27:%20%27플레이보이%20블루스.%202%27,%20%27translators%27:%20[%27이진아%27],%20%27url%27:%20%27https://search.daum.net/search?w=bookpage&bookId=736746&q=플레이보이+블루스.+2%27} HTTP/1.1" 404 -
INFO:werkzeug:127.0.0.1 - - [12/Nov/2019 12:01:29] "GET /menus/%7B'authors':%20['캐서린%20가베라'],%20'contents':%20'캐서린%20가베라의%20할리퀸%20로맨스소설%20『플레이보이%20길들이기』.%20불미스러운%20사건을%20계기로%20대회%20출전%20자격을%20박탈당하고만%20전문%20살사%20댄서%20젠.%20그%20후%20온%20동네를%20전전하며%20살사%20강의를%20하던%20그녀는%20어느%20날%20마이애미의%20명소인%20클럽%20‘루나아주르’에%20고용되는%20기쁨을%20맛보게%20된다.%20한껏%20들뜬%20마음으로%20첫%20출근을%20한%20그녀.%20준비를%20마친%20후%20기분%20좋게%20수업을%20시작한%20젠은%20시범을%20보이던%20중%20자신의%20고용주%20네이트와%20함께%20살사%20댄스를%20추게%20되고,%20매혹적인%20그의%20손길에%20예상치',%20'datetime':%20'2013-03-25T00:00:00.000+09:00',%20'isbn':%20'8941336864%209788941336860',%20'price':%205200,%20'publisher':%20'신영미디어',%20'sale_price':%204680,%20'status':%20'정상판매',%20'thumbnail':%20'https://search1.kakaocdn.net/thumb/R120x174.q85/?fname=http%3A%2F%2Ft1.daumcdn.net%2Flbook%2Fimage%2F569622%3Ftimestamp%3D20190123203403%27,%20%27title%27:%20%27플레이보이%20길들이기(할리퀸%20로맨스%20HQ%20598)%27,%20%27translators%27:%20[%27박선미%27],%20%27url%27:%20%27https://search.daum.net/search?w=bookpage&bookId=569622&q=플레이보이+길들이기%28할리퀸+로맨스+HQ+598%29%27} HTTP/1.1" 404 -
INFO:werkzeug:127.0.0.1 - - [12/Nov/2019 12:01:29] "GET /static/assets/css/dashboard-free.css.map HTTP/1.1" 404 -
INFO:werkzeug: * Detected change in 'C:\\Users\\admin\\PycharmProjects\\web_service_2\\menus.py', reloading
INFO:werkzeug: * Restarting with stat
WARNING:werkzeug: * Debugger is active!
INFO:werkzeug: * Debugger PIN: 248-030-515
INFO:werkzeug: * Running on http://localhost:8080/ (Press CTRL+C to quit)
INFO:werkzeug:127.0.0.1 - - [12/Nov/2019 12:03:28] "GET /menus/books HTTP/1.1" 200 -
INFO:werkzeug:127.0.0.1 - - [12/Nov/2019 12:03:28] "GET /menus/%7B'authors':%20['체스터%20브라운'],%20'contents':%20'',%20'datetime':%20'2008-09-20T00:00:00.000+09:00',%20'isbn':%20'899078185X%209788990781857',%20'price':%209000,%20'publisher':%20'새만화책',%20'sale_price':%20-1,%20'status':%20'',%20'thumbnail':%20'https://search1.kakaocdn.net/thumb/R120x174.q85/?fname=http%3A%2F%2Ft1.daumcdn.net%2Flbook%2Fimage%2F1327893%3Ftimestamp%3D20190127210415%27,%20%27title%27:%20%27플레이보이(반양장)%27,%20%27translators%27:%20[%27김대중%27],%20%27url%27:%20%27https://search.daum.net/search?w=bookpage&bookId=1327893&q=플레이보이%28반양장%29%27} HTTP/1.1" 404 -
INFO:werkzeug:127.0.0.1 - - [12/Nov/2019 12:03:28] "GET /menus/%7B'authors':%20['스티븐%20와츠'],%20'contents':%20'',%20'datetime':%20'2011-06-18T00:00:00.000+09:00',%20'isbn':%20'8990976111%209788990976116',%20'price':%2025000,%20'publisher':%20'나무이야기',%20'sale_price':%2022500,%20'status':%20'정상판매',%20'thumbnail':%20'https://search1.kakaocdn.net/thumb/R120x174.q85/?fname=http%3A%2F%2Ft1.daumcdn.net%2Flbook%2Fimage%2F1337487%3Ftimestamp%3D20190127223410%27,%20%27title%27:%20%27미스터%20플레이보이(양장본%20HardCover)%27,%20%27translators%27:%20[%27고정아%27],%20%27url%27:%20%27https://search.daum.net/search?w=bookpage&bookId=1337487&q=미스터+플레이보이%28양장본+HardCover%29%27} HTTP/1.1" 404 -
INFO:werkzeug:127.0.0.1 - - [12/Nov/2019 12:03:28] "GET /menus/%7B'authors':%20['Uzui'],%20'contents':%20'여자라면%20환장을%20하는%20난봉꾼%20츠츠이는%20선배인%20타무라%20앞에서%20잔뜩%20취해,%20반쯤%20강제로%20안기게%20된다.%20상냥한%20선배인%20줄만%20알았던%20타무라는%20사실%20엄청난%20마성의%20게이였던%20것이다!!%20그%20이후에도%20타무라가%20자꾸만%20노리는%20바람에,%20충격을%20받은%20츠츠이는%20두려움%20속에%20사는%20게%20사는%20게%20아니다.%20그런%20중에%20마찬가지로%20타무라에게%20당한%20피해자라는%20시노다를%20만나게%20되어%20연인인%20척%20하자는%20제안을%20받는다.%20남자와%20이게%20무슨%20짓거리냐고%20생각하면서도,%20츠츠이는%20점점%20뒤가%20근질',%20'datetime':%20'2018-03-08T00:00:00.000+09:00',%20'isbn':%20'1127844253%209791127844257',%20'price':%205500,%20'publisher':%20'디앤씨미디어',%20'sale_price':%204950,%20'status':%20'정상판매',%20'thumbnail':%20'https://search1.kakaocdn.net/thumb/R120x174.q85/?fname=http%3A%2F%2Ft1.daumcdn.net%2Flbook%2Fimage%2F1533767%3Ftimestamp%3D20190130170723%27,%20%27title%27:%20%27플레이보이인%20내가%20바텀이%20되다니!!%27,%20%27translators%27:%20[],%20%27url%27:%20%27https://search.daum.net/search?w=bookpage&bookId=1533767&q=플레이보이인+내가+바텀이+되다니%21%21%27} HTTP/1.1" 404 -
INFO:werkzeug:127.0.0.1 - - [12/Nov/2019 12:03:28] "GET /menus/%7B'authors':%20['앤디%20브룩'],%20'contents':%20'할리퀸%20로맨스%20HQ%20932%20『굿바이%20플레이보이』.%20아버지와%20오빠에게%20평생을%20억압받으며%20살아온%20것도%20모자라,%20마음에도%20없는%20정략결혼을%20할%20위험에%20처한%20나디아%20공주.%20참다못한%20그녀는%20조국에서%20도망쳐%20나와%20적국%20가즈비야로%20도망친다.%20내친김에%20그녀는%20양국%20간의%20해묵은%20반목과%20전쟁%20위협을%20종식할%20원대한%20계획을%20세운다.%20그것은%20바로%20가즈비야의%20왕자%20자예드를%20유혹해서%20자신의%20손안에%20넣는%20것!%20우여곡절%20끝에%20왕궁에%20도착한%20나디아는%20그의%20침실에%20숨어드는데…',%20'datetime':%20'2016-09-09T00:00:00.000+09:00',%20'isbn':%20'1132560373%209791132560371',%20'price':%205200,%20'publisher':%20'신영미디어',%20'sale_price':%204680,%20'status':%20'정상판매',%20'thumbnail':%20'https://search1.kakaocdn.net/thumb/R120x174.q85/?fname=http%3A%2F%2Ft1.daumcdn.net%2Flbook%2Fimage%2F1540048%3Ftimestamp%3D20190130181457%27,%20%27title%27:%20%27굿바이%20플레이보이(할리퀸%20로맨스%20HQ%20932)%27,%20%27translators%27:%20[%27주미라%27],%20%27url%27:%20%27https://search.daum.net/search?w=bookpage&bookId=1540048&q=굿바이+플레이보이%28할리퀸+로맨스+HQ+932%29%27} HTTP/1.1" 404 -
INFO:werkzeug:127.0.0.1 - - [12/Nov/2019 12:03:28] "GET /menus/%7B'authors':%20['비주'],%20'contents':%20'플레이보이,%20총%203권의%20이야기를%2010%%20할인된%20가격으로%20볼%20수%20있는%20기회!%20%20“솔직히%20말해,%20너.%20그날%20딴%20년이랑%20잤지?”%20“내가%20그날%20누구랑%20잤다고%20쳐.%20그래%20봤자%20그냥%20하룻밤%20상대일%20뿐인데,%20그게%20그렇게%20중요해?”%20%20강남%20클럽%20문화의%20판도를%20뒤바꾼%20한%20남자가%20있었다.%20여자%20등쳐%20먹기는%20취미,%20원나잇은%20특기.%20나쁜%20남자의%20표본%20유마레에게%20사랑이란%20몸을%20섞기%20전까지%20나누는%20감성팔이에%20지나지%20않았다.%20파티%20팀%20플레이보이의%20리더로%20매일%20누구보다%20화려한%27,%20%27datetime%27:%20%272016-10-11T00:00:00.000+09:00%27,%20%27isbn%27:%20%27%209791131816660%27,%20%27price%27:%205000,%20%27publisher%27:%20%27라떼북%27,%20%27sale_price%27:%20-1,%20%27status%27:%20%27정상판매%27,%20%27thumbnail%27:%20%27https://search1.kakaocdn.net/thumb/R120x174.q85/?fname=http%3A%2F%2Ft1.daumcdn.net%2Flbook%2Fimage%2F4609576%3Ftimestamp%3D20190301184119%27,%20%27title%27:%20%27플레이보이%20(전3권)(완결)%27,%20%27translators%27:%20[],%20%27url%27:%20%27https://search.daum.net/search?w=bookpage&bookId=4609576&q=플레이보이+%28전3권%29%28완결%29%27} HTTP/1.1" 404 -
INFO:werkzeug:127.0.0.1 - - [12/Nov/2019 12:03:28] "GET /menus/%7B'authors':%20['Shiuko%20Kano'],%20'contents':%20'Shiuko%20Kano의%20만화%20『플레이보이%20블루스』%20제5권.%20폭넓은%20호스트진을%20보유한%20‘club%20dandy’에%20요시나리까지%20호스트로%20데뷔하자%20충격이%20퍼진다.%20그런%20가운데%20요시나리는%20락커룸에서%20키스를%20하는%20쥰스케와%20시노부의%20모습을%20보고%20만다.%20형이%20호스트를%20계속하는%20이유는%20시노부였던%20것이다.%20요시나리는%20당신도%20남자랑%20시험해볼래?라며%20하루토에게%20키스하려는%20등%20반항적으로%20나오지만%20하루토의%20헬프로%20붙은%20때%20사건이%20벌어진다.%27,%20%27datetime%27:%20%272014-09-15T00:00:00.000+09:00%27,%20%27isbn%27:%20%27892701068X%209788927010685%27,%20%27price%27:%205500,%20%27publisher%27:%20%27뉴루비코믹스%27,%20%27sale_price%27:%204950,%20%27status%27:%20%27정상판매%27,%20%27thumbnail%27:%20%27https://search1.kakaocdn.net/thumb/R120x174.q85/?fname=http%3A%2F%2Ft1.daumcdn.net%2Flbook%2Fimage%2F453238%3Ftimestamp%3D20190123061405%27,%20%27title%27:%20%27플레이보이%20블루스.%205%27,%20%27translators%27:%20[%27김명은%27],%20%27url%27:%20%27https://search.daum.net/search?w=bookpage&bookId=453238&q=플레이보이+블루스.+5%27} HTTP/1.1" 404 -
INFO:werkzeug:127.0.0.1 - - [12/Nov/2019 12:03:28] "GET /menus/%7B'authors':%20['Shiuko%20Kano'],%20'contents':%20'Shiuko%20Kano의%20BL%20만화%20『플레이보이%20블루스』%20제6권.%20부동의%20No.1%20쥰스케가%20기어이%20그%20말을%20내뱉었다.%20호스트를%20그만둔다는%20것은%20시노부와의%20이별을%20의미하는가…?%20그리고%20과거%20쥰스케의%20손님이었다는%20아라타의%20누나의%20심각한%20사정이%20알려지자%20결국%20두%20사람의%20관계는%20벼랑%20끝으로%20몰리는데…?!%27,%20%27datetime%27:%20%272017-02-15T00:00:00.000+09:00%27,%20%27isbn%27:%20%278927046765%209788927046769%27,%20%27price%27:%205500,%20%27publisher%27:%20%27현대지능개발사%27,%20%27sale_price%27:%204950,%20%27status%27:%20%27정상판매%27,%20%27thumbnail%27:%20%27https://search1.kakaocdn.net/thumb/R120x174.q85/?fname=http%3A%2F%2Ft1.daumcdn.net%2Flbook%2Fimage%2F453717%3Ftimestamp%3D20190123061833%27,%20%27title%27:%20%27플레이보이%20블루스.%206%27,%20%27translators%27:%20[%27김명은%27],%20%27url%27:%20%27https://search.daum.net/search?w=bookpage&bookId=453717&q=플레이보이+블루스.+6%27} HTTP/1.1" 404 -
INFO:werkzeug:127.0.0.1 - - [12/Nov/2019 12:03:28] "GET /menus/%7B'authors':%20['Shiuko%20Kano'],%20'contents':%20'',%20'datetime':%20'2008-12-30T00:00:00.000+09:00',%20'isbn':%20'8960028010%209788960028012',%20'price':%204500,%20'publisher':%20'뉴루비코믹스',%20'sale_price':%204050,%20'status':%20'정상판매',%20'thumbnail':%20'https://search1.kakaocdn.net/thumb/R120x174.q85/?fname=http%3A%2F%2Ft1.daumcdn.net%2Flbook%2Fimage%2F823323%3Ftimestamp%3D20190125063225%27,%20%27title%27:%20%27플레이보이%20블루스.%203%27,%20%27translators%27:%20[%27이문영%27],%20%27url%27:%20%27https://search.daum.net/search?w=bookpage&bookId=823323&q=플레이보이+블루스.+3%27} HTTP/1.1" 404 -
INFO:werkzeug:127.0.0.1 - - [12/Nov/2019 12:03:28] "GET /menus/%7B'authors':%20['Shiuko%20Kano'],%20'contents':%20'',%20'datetime':%20'2005-06-05T00:00:00.000+09:00',%20'isbn':%20'895657877X%209788956578774',%20'price':%204200,%20'publisher':%20'뉴루비코믹스',%20'sale_price':%203780,%20'status':%20'정상판매',%20'thumbnail':%20'https://search1.kakaocdn.net/thumb/R120x174.q85/?fname=http%3A%2F%2Ft1.daumcdn.net%2Flbook%2Fimage%2F736746%3Ftimestamp%3D20190124172233%27,%20%27title%27:%20%27플레이보이%20블루스.%202%27,%20%27translators%27:%20[%27이진아%27],%20%27url%27:%20%27https://search.daum.net/search?w=bookpage&bookId=736746&q=플레이보이+블루스.+2%27} HTTP/1.1" 404 -
INFO:werkzeug:127.0.0.1 - - [12/Nov/2019 12:03:28] "GET /menus/%7B'authors':%20['캐서린%20가베라'],%20'contents':%20'캐서린%20가베라의%20할리퀸%20로맨스소설%20『플레이보이%20길들이기』.%20불미스러운%20사건을%20계기로%20대회%20출전%20자격을%20박탈당하고만%20전문%20살사%20댄서%20젠.%20그%20후%20온%20동네를%20전전하며%20살사%20강의를%20하던%20그녀는%20어느%20날%20마이애미의%20명소인%20클럽%20‘루나아주르’에%20고용되는%20기쁨을%20맛보게%20된다.%20한껏%20들뜬%20마음으로%20첫%20출근을%20한%20그녀.%20준비를%20마친%20후%20기분%20좋게%20수업을%20시작한%20젠은%20시범을%20보이던%20중%20자신의%20고용주%20네이트와%20함께%20살사%20댄스를%20추게%20되고,%20매혹적인%20그의%20손길에%20예상치',%20'datetime':%20'2013-03-25T00:00:00.000+09:00',%20'isbn':%20'8941336864%209788941336860',%20'price':%205200,%20'publisher':%20'신영미디어',%20'sale_price':%204680,%20'status':%20'정상판매',%20'thumbnail':%20'https://search1.kakaocdn.net/thumb/R120x174.q85/?fname=http%3A%2F%2Ft1.daumcdn.net%2Flbook%2Fimage%2F569622%3Ftimestamp%3D20190123203403%27,%20%27title%27:%20%27플레이보이%20길들이기(할리퀸%20로맨스%20HQ%20598)%27,%20%27translators%27:%20[%27박선미%27],%20%27url%27:%20%27https://search.daum.net/search?w=bookpage&bookId=569622&q=플레이보이+길들이기%28할리퀸+로맨스+HQ+598%29%27} HTTP/1.1" 404 -
INFO:werkzeug:127.0.0.1 - - [12/Nov/2019 12:03:28] "GET /static/assets/css/dashboard-free.css.map HTTP/1.1" 404 -
INFO:werkzeug:127.0.0.1 - - [12/Nov/2019 12:03:51] "GET /menus/books HTTP/1.1" 200 -
INFO:werkzeug:127.0.0.1 - - [12/Nov/2019 12:03:51] "GET /static/assets/css/dashboard-free.css.map HTTP/1.1" 404 -
INFO:werkzeug:127.0.0.1 - - [12/Nov/2019 12:04:04] "GET /menus/books HTTP/1.1" 200 -
INFO:werkzeug:127.0.0.1 - - [12/Nov/2019 12:04:04] "GET /static/assets/css/dashboard-free.css.map HTTP/1.1" 404 -
INFO:werkzeug: * Detected change in 'C:\\Users\\admin\\PycharmProjects\\web_service_2\\menus.py', reloading
INFO:werkzeug: * Restarting with stat
WARNING:werkzeug: * Debugger is active!
INFO:werkzeug: * Debugger PIN: 248-030-515
INFO:werkzeug: * Running on http://localhost:8080/ (Press CTRL+C to quit)
INFO:werkzeug:127.0.0.1 - - [12/Nov/2019 12:04:40] "GET /menus/books HTTP/1.1" 200 -
INFO:werkzeug:127.0.0.1 - - [12/Nov/2019 12:04:40] "GET /static/assets/css/dashboard-free.css.map HTTP/1.1" 404 -
INFO:werkzeug:127.0.0.1 - - [12/Nov/2019 12:05:06] "GET /menus/books HTTP/1.1" 200 -
INFO:werkzeug:127.0.0.1 - - [12/Nov/2019 12:05:07] "GET /static/assets/css/dashboard-free.css.map HTTP/1.1" 404 -
INFO:werkzeug:127.0.0.1 - - [12/Nov/2019 12:05:15] "GET /static/assets/css/dashboard-free.css.map HTTP/1.1" 404 -
INFO:werkzeug: * Restarting with stat
WARNING:werkzeug: * Debugger is active!
INFO:werkzeug: * Debugger PIN: 248-030-515
INFO:werkzeug: * Running on http://localhost:8080/ (Press CTRL+C to quit)
INFO:werkzeug:127.0.0.1 - - [12/Nov/2019 12:17:03] "GET /menus/books HTTP/1.1" 200 -
INFO:werkzeug:127.0.0.1 - - [12/Nov/2019 12:17:03] "GET /static/assets/css/dashboard-free.css.map HTTP/1.1" 404 -
INFO:werkzeug:127.0.0.1 - - [12/Nov/2019 12:17:18] "GET /menus/books HTTP/1.1" 200 -
INFO:werkzeug:127.0.0.1 - - [12/Nov/2019 12:20:36] "GET /menus/books HTTP/1.1" 200 -
INFO:werkzeug:127.0.0.1 - - [12/Nov/2019 12:20:50] "GET /menus/images HTTP/1.1" 200 -
INFO:werkzeug: * Detected change in 'C:\\Users\\admin\\PycharmProjects\\web_service_2\\menus.py', reloading
INFO:werkzeug: * Restarting with stat
WARNING:werkzeug: * Debugger is active!
INFO:werkzeug: * Debugger PIN: 248-030-515
INFO:werkzeug: * Running on http://localhost:8080/ (Press CTRL+C to quit)
INFO:werkzeug:127.0.0.1 - - [12/Nov/2019 12:21:31] "GET /menus/images HTTP/1.1" 200 -
INFO:werkzeug: * Restarting with stat
WARNING:werkzeug: * Debugger is active!
INFO:werkzeug: * Debugger PIN: 248-030-515
INFO:werkzeug: * Running on http://localhost:8080/ (Press CTRL+C to quit)
INFO:werkzeug:127.0.0.1 - - [19/Nov/2019 12:33:53] "GET / HTTP/1.1" 200 -
INFO:werkzeug:127.0.0.1 - - [19/Nov/2019 12:33:53] "GET /static/assets/css/material-dashboard.css?v=2.1.1 HTTP/1.1" 304 -
INFO:werkzeug:127.0.0.1 - - [19/Nov/2019 12:33:54] "GET /favicon.ico HTTP/1.1" 404 -
INFO:werkzeug:127.0.0.1 - - [19/Nov/2019 12:33:58] "GET /menus/images HTTP/1.1" 200 -
INFO:werkzeug:127.0.0.1 - - [19/Nov/2019 12:33:58] "GET /menus/books HTTP/1.1" 200 -
INFO:werkzeug:127.0.0.1 - - [19/Nov/2019 12:34:00] "GET /menus/images HTTP/1.1" 200 -
INFO:werkzeug:127.0.0.1 - - [19/Nov/2019 12:34:01] "GET / HTTP/1.1" 200 -
INFO:werkzeug:127.0.0.1 - - [19/Nov/2019 12:34:02] "GET /menus/images HTTP/1.1" 200 -
INFO:werkzeug:127.0.0.1 - - [19/Nov/2019 12:34:03] "GET /menus/books HTTP/1.1" 200 -
INFO:werkzeug:127.0.0.1 - - [19/Nov/2019 12:34:05] "GET / HTTP/1.1" 200 -
INFO:werkzeug: * Detected change in 'C:\\Users\\admin\\PycharmProjects\\web_service_2\\app.py', reloading
INFO:werkzeug: * Restarting with stat
WARNING:werkzeug: * Debugger is active!
INFO:werkzeug: * Debugger PIN: 248-030-515
INFO:werkzeug: * Running on http://localhost:8080/ (Press CTRL+C to quit)
INFO:werkzeug: * Detected change in 'C:\\Users\\admin\\PycharmProjects\\web_service_2\\app.py', reloading
INFO:werkzeug: * Restarting with stat
WARNING:werkzeug: * Debugger is active!
INFO:werkzeug: * Debugger PIN: 248-030-515
INFO:werkzeug: * Running on http://localhost:8080/ (Press CTRL+C to quit)
INFO:werkzeug:127.0.0.1 - - [19/Nov/2019 12:36:24] "GET /static/assets/css/dashboard-free.css.map HTTP/1.1" 404 -
INFO:werkzeug:127.0.0.1 - - [19/Nov/2019 12:37:19] "GET /static/assets/css/dashboard-free.css.map HTTP/1.1" 404 -
INFO:werkzeug:127.0.0.1 - - [19/Nov/2019 12:39:24] "GET / HTTP/1.1" 200 -
INFO:werkzeug:127.0.0.1 - - [19/Nov/2019 12:39:24] "GET /static/assets/css/dashboard-free.css.map HTTP/1.1" 404 -
INFO:werkzeug:127.0.0.1 - - [19/Nov/2019 12:40:05] "GET / HTTP/1.1" 200 -
INFO:werkzeug:127.0.0.1 - - [19/Nov/2019 12:40:39] "GET /static/assets/css/dashboard-free.css.map HTTP/1.1" 404 -
INFO:werkzeug:127.0.0.1 - - [19/Nov/2019 12:41:20] "GET / HTTP/1.1" 200 -
INFO:werkzeug:127.0.0.1 - - [19/Nov/2019 12:41:20] "GET /static/assets/css/dashboard-free.css.map HTTP/1.1" 404 -
INFO:werkzeug:127.0.0.1 - - [19/Nov/2019 12:41:22] "GET / HTTP/1.1" 200 -
INFO:werkzeug: * Restarting with stat
WARNING:werkzeug: * Debugger is active!
INFO:werkzeug: * Debugger PIN: 248-030-515
INFO:werkzeug: * Running on http://localhost:8080/ (Press CTRL+C to quit)
INFO:werkzeug:127.0.0.1 - - [19/Nov/2019 12:46:15] "GET / HTTP/1.1" 200 -
INFO:werkzeug:127.0.0.1 - - [19/Nov/2019 12:46:16] "GET / HTTP/1.1" 200 -
INFO:werkzeug:127.0.0.1 - - [19/Nov/2019 12:46:17] "GET /auth/login HTTP/1.1" 404 -
INFO:werkzeug:127.0.0.1 - - [19/Nov/2019 12:46:21] "GET /auth/signup HTTP/1.1" 404 -
INFO:werkzeug: * Restarting with stat
WARNING:werkzeug: * Debugger is active!
INFO:werkzeug: * Debugger PIN: 248-030-515
INFO:werkzeug: * Running on http://localhost:8080/ (Press CTRL+C to quit)
INFO:werkzeug:127.0.0.1 - - [26/Nov/2019 11:17:59] "GET / HTTP/1.1" 200 -
INFO:werkzeug:127.0.0.1 - - [26/Nov/2019 11:17:59] "GET /static/assets/css/material-dashboard.css?v=2.1.1 HTTP/1.1" 304 -
INFO:werkzeug:127.0.0.1 - - [26/Nov/2019 11:18:00] "GET /favicon.ico HTTP/1.1" 404 -
INFO:werkzeug: * Detected change in 'C:\\Users\\admin\\PycharmProjects\\web_service_2\\app.py', reloading
INFO:werkzeug: * Restarting with stat
INFO:werkzeug: * Restarting with stat
WARNING:werkzeug: * Debugger is active!
INFO:werkzeug: * Debugger PIN: 248-030-515
INFO:werkzeug: * Running on http://localhost:8080/ (Press CTRL+C to quit)
INFO:werkzeug:127.0.0.1 - - [26/Nov/2019 11:34:50] "GET / HTTP/1.1" 200 -
INFO:werkzeug:127.0.0.1 - - [26/Nov/2019 11:34:52] "GET /auth/login HTTP/1.1" 500 -
INFO:werkzeug:127.0.0.1 - - [26/Nov/2019 11:34:52] "GET /auth/login?__debugger__=yes&cmd=resource&f=style.css HTTP/1.1" 200 -
INFO:werkzeug:127.0.0.1 - - [26/Nov/2019 11:34:52] "GET /auth/login?__debugger__=yes&cmd=resource&f=debugger.js HTTP/1.1" 200 -
INFO:werkzeug:127.0.0.1 - - [26/Nov/2019 11:34:52] "GET /auth/login?__debugger__=yes&cmd=resource&f=jquery.js HTTP/1.1" 200 -
INFO:werkzeug:127.0.0.1 - - [26/Nov/2019 11:34:52] "GET /auth/login?__debugger__=yes&cmd=resource&f=ubuntu.ttf HTTP/1.1" 200 -
INFO:werkzeug:127.0.0.1 - - [26/Nov/2019 11:34:52] "GET /auth/login?__debugger__=yes&cmd=resource&f=console.png HTTP/1.1" 200 -
INFO:werkzeug:127.0.0.1 - - [26/Nov/2019 11:34:52] "GET /auth/login?__debugger__=yes&cmd=resource&f=console.png HTTP/1.1" 200 -
INFO:werkzeug:127.0.0.1 - - [26/Nov/2019 11:34:55] "GET /auth/signup HTTP/1.1" 500 -
INFO:werkzeug:127.0.0.1 - - [26/Nov/2019 11:34:55] "GET /auth/signup?__debugger__=yes&cmd=resource&f=style.css HTTP/1.1" 200 -
INFO:werkzeug:127.0.0.1 - - [26/Nov/2019 11:34:55] "GET /auth/signup?__debugger__=yes&cmd=resource&f=jquery.js HTTP/1.1" 200 -
INFO:werkzeug:127.0.0.1 - - [26/Nov/2019 11:34:55] "GET /auth/signup?__debugger__=yes&cmd=resource&f=debugger.js HTTP/1.1" 200 -
INFO:werkzeug:127.0.0.1 - - [26/Nov/2019 11:34:56] "GET /auth/signup?__debugger__=yes&cmd=resource&f=ubuntu.ttf HTTP/1.1" 200 -
INFO:werkzeug:127.0.0.1 - - [26/Nov/2019 11:34:56] "GET /auth/signup?__debugger__=yes&cmd=resource&f=console.png HTTP/1.1" 200 -
INFO:werkzeug:127.0.0.1 - - [26/Nov/2019 11:34:56] "GET /auth/signup?__debugger__=yes&cmd=resource&f=console.png HTTP/1.1" 200 -
INFO:werkzeug: * Restarting with stat
WARNING:werkzeug: * Debugger is active!
INFO:werkzeug: * Debugger PIN: 248-030-515
INFO:werkzeug: * Running on http://localhost:8080/ (Press CTRL+C to quit)
INFO:werkzeug:127.0.0.1 - - [26/Nov/2019 11:40:28] "GET / HTTP/1.1" 200 -
INFO:werkzeug:127.0.0.1 - - [26/Nov/2019 11:40:30] "GET /auth/login HTTP/1.1" 200 -
INFO:werkzeug:127.0.0.1 - - [26/Nov/2019 11:40:32] "GET /auth/signup HTTP/1.1" 500 -
INFO:werkzeug:127.0.0.1 - - [26/Nov/2019 11:40:32] "GET /auth/signup?__debugger__=yes&cmd=resource&f=style.css HTTP/1.1" 200 -
INFO:werkzeug:127.0.0.1 - - [26/Nov/2019 11:40:32] "GET /auth/signup?__debugger__=yes&cmd=resource&f=jquery.js HTTP/1.1" 200 -
INFO:werkzeug:127.0.0.1 - - [26/Nov/2019 11:40:32] "GET /auth/signup?__debugger__=yes&cmd=resource&f=debugger.js HTTP/1.1" 200 -
INFO:werkzeug:127.0.0.1 - - [26/Nov/2019 11:40:32] "GET /auth/signup?__debugger__=yes&cmd=resource&f=ubuntu.ttf HTTP/1.1" 200 -
INFO:werkzeug:127.0.0.1 - - [26/Nov/2019 11:40:32] "GET /auth/signup?__debugger__=yes&cmd=resource&f=console.png HTTP/1.1" 200 -
INFO:werkzeug:127.0.0.1 - - [26/Nov/2019 11:40:34] "GET /auth/login HTTP/1.1" 200 -
INFO:werkzeug:127.0.0.1 - - [26/Nov/2019 11:40:35] "GET /auth/login HTTP/1.1" 200 -
INFO:werkzeug:127.0.0.1 - - [26/Nov/2019 11:41:11] "GET / HTTP/1.1" 200 -
INFO:werkzeug:127.0.0.1 - - [26/Nov/2019 11:41:12] "GET /menus/images HTTP/1.1" 200 -
INFO:werkzeug:127.0.0.1 - - [26/Nov/2019 11:41:13] "GET /menus/books HTTP/1.1" 200 -
INFO:werkzeug:127.0.0.1 - - [26/Nov/2019 11:41:14] "GET /menus/images HTTP/1.1" 200 -
INFO:werkzeug:127.0.0.1 - - [26/Nov/2019 11:41:15] "GET / HTTP/1.1" 200 -
INFO:werkzeug:127.0.0.1 - - [26/Nov/2019 11:42:34] "GET / HTTP/1.1" 200 -
INFO:werkzeug:127.0.0.1 - - [26/Nov/2019 11:42:36] "GET /auth/login HTTP/1.1" 200 -
INFO:werkzeug:127.0.0.1 - - [26/Nov/2019 11:42:36] "GET /static/images/kakao_account_login_btn_medium_narrow.png HTTP/1.1" 404 -
INFO:werkzeug:127.0.0.1 - - [26/Nov/2019 11:42:40] "GET /auth/login HTTP/1.1" 200 -
INFO:werkzeug:127.0.0.1 - - [26/Nov/2019 11:42:47] "GET /auth/login HTTP/1.1" 200 -
INFO:werkzeug:127.0.0.1 - - [26/Nov/2019 11:43:04] "POST /auth/login HTTP/1.1" 302 -
INFO:werkzeug:127.0.0.1 - - [26/Nov/2019 11:43:04] "GET /auth/login HTTP/1.1" 200 -
INFO:werkzeug:127.0.0.1 - - [26/Nov/2019 11:43:04] "GET /static/images/kakao_account_login_btn_medium_narrow.png HTTP/1.1" 404 -
INFO:werkzeug:127.0.0.1 - - [26/Nov/2019 11:43:16] "POST /auth/login HTTP/1.1" 302 -
INFO:werkzeug:127.0.0.1 - - [26/Nov/2019 11:43:16] "GET /auth/login HTTP/1.1" 200 -
INFO:werkzeug:127.0.0.1 - - [26/Nov/2019 11:43:16] "GET /static/images/kakao_account_login_btn_medium_narrow.png HTTP/1.1" 404 -
INFO:werkzeug:127.0.0.1 - - [26/Nov/2019 11:43:18] "GET /auth/signup HTTP/1.1" 500 -
INFO:werkzeug:127.0.0.1 - - [26/Nov/2019 11:43:18] "GET /auth/signup?__debugger__=yes&cmd=resource&f=style.css HTTP/1.1" 200 -
INFO:werkzeug:127.0.0.1 - - [26/Nov/2019 11:43:18] "GET /auth/signup?__debugger__=yes&cmd=resource&f=jquery.js HTTP/1.1" 200 -
INFO:werkzeug:127.0.0.1 - - [26/Nov/2019 11:43:18] "GET /auth/signup?__debugger__=yes&cmd=resource&f=debugger.js HTTP/1.1" 200 -
INFO:werkzeug:127.0.0.1 - - [26/Nov/2019 11:43:18] "GET /auth/signup?__debugger__=yes&cmd=resource&f=ubuntu.ttf HTTP/1.1" 200 -
INFO:werkzeug:127.0.0.1 - - [26/Nov/2019 11:43:18] "GET /auth/signup?__debugger__=yes&cmd=resource&f=console.png HTTP/1.1" 200 -
INFO:werkzeug:127.0.0.1 - - [26/Nov/2019 11:43:45] "GET /auth/login HTTP/1.1" 200 -
INFO:werkzeug:127.0.0.1 - - [26/Nov/2019 11:47:20] "GET /auth/login HTTP/1.1" 200 -
INFO:werkzeug:127.0.0.1 - - [26/Nov/2019 11:47:20] "GET /static/images/kakao_account_login_btn_medium_narrow.png HTTP/1.1" 404 -
INFO:werkzeug:127.0.0.1 - - [26/Nov/2019 11:47:22] "GET /auth/login HTTP/1.1" 200 -
INFO:werkzeug:127.0.0.1 - - [26/Nov/2019 11:47:22] "GET /static/images/kakao_account_login_btn_medium_narrow.png HTTP/1.1" 404 -
INFO:werkzeug:127.0.0.1 - - [26/Nov/2019 11:47:24] "GET /auth/login HTTP/1.1" 200 -
INFO:werkzeug:127.0.0.1 - - [26/Nov/2019 11:47:24] "GET /static/images/kakao_account_login_btn_medium_narrow.png HTTP/1.1" 404 -
INFO:werkzeug:127.0.0.1 - - [26/Nov/2019 11:47:43] "GET /auth/login HTTP/1.1" 200 -
INFO:werkzeug:127.0.0.1 - - [26/Nov/2019 11:47:43] "GET /images/kakao_account_login_btn_medium_narrow.png HTTP/1.1" 404 -
INFO:werkzeug:127.0.0.1 - - [26/Nov/2019 11:47:44] "GET /auth/login HTTP/1.1" 200 -
INFO:werkzeug:127.0.0.1 - - [26/Nov/2019 11:47:44] "GET /auth/login HTTP/1.1" 200 -
INFO:werkzeug:127.0.0.1 - - [26/Nov/2019 11:47:45] "GET /images/kakao_account_login_btn_medium_narrow.png HTTP/1.1" 404 -
INFO:werkzeug:127.0.0.1 - - [26/Nov/2019 11:47:45] "GET /auth/login HTTP/1.1" 200 -
INFO:werkzeug:127.0.0.1 - - [26/Nov/2019 11:47:46] "GET /images/kakao_account_login_btn_medium_narrow.png HTTP/1.1" 404 -
INFO:werkzeug:127.0.0.1 - - [26/Nov/2019 11:47:50] "GET /auth/login HTTP/1.1" 200 -
INFO:werkzeug:127.0.0.1 - - [26/Nov/2019 11:49:23] "GET /auth/login HTTP/1.1" 200 -
INFO:werkzeug:127.0.0.1 - - [26/Nov/2019 11:49:23] "GET /static/images/kakao_account_login_btn_medium_narrow.png HTTP/1.1" 200 -
INFO:werkzeug: * Detected change in 'C:\\Users\\admin\\PycharmProjects\\web_service_2\\forms.py', reloading
INFO:werkzeug: * Restarting with stat
WARNING:werkzeug: * Debugger is active!
INFO:werkzeug: * Debugger PIN: 248-030-515
INFO:werkzeug: * Running on http://localhost:8080/ (Press CTRL+C to quit)
INFO:werkzeug:127.0.0.1 - - [26/Nov/2019 11:50:41] "GET /auth/login HTTP/1.1" 200 -
INFO:werkzeug:127.0.0.1 - - [26/Nov/2019 11:50:45] "POST /auth/login HTTP/1.1" 200 -
INFO:werkzeug:127.0.0.1 - - [26/Nov/2019 11:51:19] "GET /static/assets/css/dashboard-free.css.map HTTP/1.1" 404 -
INFO:werkzeug: * Detected change in 'C:\\Users\\admin\\PycharmProjects\\web_service_2\\forms.py', reloading
INFO:werkzeug: * Restarting with stat
WARNING:werkzeug: * Debugger is active!
INFO:werkzeug: * Debugger PIN: 248-030-515
INFO:werkzeug: * Running on http://localhost:8080/ (Press CTRL+C to quit)
INFO:werkzeug:127.0.0.1 - - [26/Nov/2019 11:55:53] "POST /auth/login HTTP/1.1" 200 -
INFO:werkzeug:127.0.0.1 - - [26/Nov/2019 11:55:53] "GET /static/assets/css/dashboard-free.css.map HTTP/1.1" 404 -
INFO:werkzeug:127.0.0.1 - - [26/Nov/2019 11:55:57] "POST /auth/login HTTP/1.1" 200 -
INFO:werkzeug:127.0.0.1 - - [26/Nov/2019 11:55:57] "GET /static/assets/css/dashboard-free.css.map HTTP/1.1" 404 -
INFO:werkzeug:127.0.0.1 - - [26/Nov/2019 11:55:59] "GET /auth/login HTTP/1.1" 200 -
INFO:werkzeug:127.0.0.1 - - [26/Nov/2019 11:55:59] "GET /static/assets/css/dashboard-free.css.map HTTP/1.1" 404 -
INFO:werkzeug:127.0.0.1 - - [26/Nov/2019 12:04:09] "POST /auth/login HTTP/1.1" 302 -
INFO:werkzeug:127.0.0.1 - - [26/Nov/2019 12:04:09] "GET / HTTP/1.1" 200 -
INFO:werkzeug:127.0.0.1 - - [26/Nov/2019 12:04:09] "GET /static/assets/css/dashboard-free.css.map HTTP/1.1" 404 -
INFO:werkzeug:127.0.0.1 - - [26/Nov/2019 12:04:19] "GET /auth/my_page HTTP/1.1" 500 -
INFO:werkzeug:127.0.0.1 - - [26/Nov/2019 12:04:19] "GET /auth/my_page?__debugger__=yes&cmd=resource&f=style.css HTTP/1.1" 200 -
INFO:werkzeug:127.0.0.1 - - [26/Nov/2019 12:04:19] "GET /auth/my_page?__debugger__=yes&cmd=resource&f=jquery.js HTTP/1.1" 200 -
INFO:werkzeug:127.0.0.1 - - [26/Nov/2019 12:04:20] "GET /auth/my_page?__debugger__=yes&cmd=resource&f=debugger.js HTTP/1.1" 200 -
INFO:werkzeug:127.0.0.1 - - [26/Nov/2019 12:04:20] "GET /auth/my_page?__debugger__=yes&cmd=resource&f=ubuntu.ttf HTTP/1.1" 200 -
INFO:werkzeug:127.0.0.1 - - [26/Nov/2019 12:04:20] "GET /auth/my_page?__debugger__=yes&cmd=resource&f=console.png HTTP/1.1" 200 -
INFO:werkzeug:127.0.0.1 - - [26/Nov/2019 12:04:20] "GET /auth/my_page?__debugger__=yes&cmd=resource&f=console.png HTTP/1.1" 200 -
INFO:werkzeug:127.0.0.1 - - [26/Nov/2019 12:04:57] "GET / HTTP/1.1" 200 -
INFO:werkzeug:127.0.0.1 - - [26/Nov/2019 12:05:33] "GET / HTTP/1.1" 200 -
INFO:werkzeug:127.0.0.1 - - [26/Nov/2019 12:06:00] "GET /auth/logout HTTP/1.1" 302 -
INFO:werkzeug:127.0.0.1 - - [26/Nov/2019 12:06:00] "GET / HTTP/1.1" 200 -
INFO:werkzeug:127.0.0.1 - - [26/Nov/2019 12:06:00] "GET /auth/signup HTTP/1.1" 200 -
INFO:werkzeug: * Restarting with stat
WARNING:werkzeug: * Debugger is active!
INFO:werkzeug: * Debugger PIN: 248-030-515
INFO:werkzeug: * Running on http://localhost:8080/ (Press CTRL+C to quit)
INFO:werkzeug:127.0.0.1 - - [26/Nov/2019 12:07:20] "GET / HTTP/1.1" 200 -
INFO:werkzeug:127.0.0.1 - - [26/Nov/2019 12:07:22] "GET /auth/signup HTTP/1.1" 200 -
INFO:werkzeug:127.0.0.1 - - [26/Nov/2019 12:07:23] "GET /auth/signup HTTP/1.1" 200 -
INFO:werkzeug:127.0.0.1 - - [26/Nov/2019 12:07:24] "GET /auth/login HTTP/1.1" 200 -
INFO:werkzeug:127.0.0.1 - - [26/Nov/2019 12:07:25] "GET /auth/signup HTTP/1.1" 200 -
INFO:werkzeug:127.0.0.1 - - [26/Nov/2019 12:07:25] "GET /auth/signup HTTP/1.1" 200 -
INFO:werkzeug:127.0.0.1 - - [26/Nov/2019 12:07:26] "GET /auth/signup HTTP/1.1" 200 -
INFO:werkzeug:127.0.0.1 - - [26/Nov/2019 12:07:26] "GET /auth/signup HTTP/1.1" 200 -
INFO:werkzeug:127.0.0.1 - - [26/Nov/2019 12:07:26] "GET /auth/signup HTTP/1.1" 200 -
INFO:werkzeug:127.0.0.1 - - [26/Nov/2019 12:07:27] "GET /auth/login HTTP/1.1" 200 -
INFO:werkzeug:127.0.0.1 - - [26/Nov/2019 12:07:28] "GET /auth/signup HTTP/1.1" 200 -
INFO:werkzeug:127.0.0.1 - - [26/Nov/2019 12:10:34] "GET /static/assets/css/dashboard-free.css.map HTTP/1.1" 404 -
INFO:werkzeug:127.0.0.1 - - [26/Nov/2019 12:10:42] "GET /auth/signup HTTP/1.1" 200 -
INFO:werkzeug:127.0.0.1 - - [26/Nov/2019 12:10:47] "GET /auth/login HTTP/1.1" 200 -
INFO:werkzeug:127.0.0.1 - - [26/Nov/2019 12:11:06] "POST /auth/login HTTP/1.1" 302 -
INFO:werkzeug:127.0.0.1 - - [26/Nov/2019 12:11:06] "GET / HTTP/1.1" 200 -
INFO:werkzeug:127.0.0.1 - - [26/Nov/2019 12:16:27] "GET / HTTP/1.1" 200 -
INFO:werkzeug:127.0.0.1 - - [26/Nov/2019 12:16:30] "GET /auth/my_page HTTP/1.1" 500 -
INFO:werkzeug:127.0.0.1 - - [26/Nov/2019 12:16:30] "GET /auth/my_page?__debugger__=yes&cmd=resource&f=style.css HTTP/1.1" 200 -
INFO:werkzeug:127.0.0.1 - - [26/Nov/2019 12:16:30] "GET /auth/my_page?__debugger__=yes&cmd=resource&f=jquery.js HTTP/1.1" 200 -
INFO:werkzeug:127.0.0.1 - - [26/Nov/2019 12:16:30] "GET /auth/my_page?__debugger__=yes&cmd=resource&f=debugger.js HTTP/1.1" 200 -
INFO:werkzeug:127.0.0.1 - - [26/Nov/2019 12:16:31] "GET /auth/my_page?__debugger__=yes&cmd=resource&f=ubuntu.ttf HTTP/1.1" 200 -
INFO:werkzeug:127.0.0.1 - - [26/Nov/2019 12:16:31] "GET /auth/my_page?__debugger__=yes&cmd=resource&f=console.png HTTP/1.1" 200 -
INFO:werkzeug:127.0.0.1 - - [26/Nov/2019 12:16:33] "GET /menus/images HTTP/1.1" 200 -
INFO:werkzeug:127.0.0.1 - - [26/Nov/2019 12:16:34] "GET /menus/books HTTP/1.1" 200 -
INFO:werkzeug:127.0.0.1 - - [26/Nov/2019 12:16:35] "GET / HTTP/1.1" 200 -
INFO:werkzeug:127.0.0.1 - - [26/Nov/2019 12:16:36] "GET /menus/images HTTP/1.1" 200 -
INFO:werkzeug:127.0.0.1 - - [26/Nov/2019 12:16:37] "GET /menus/books HTTP/1.1" 200 -
INFO:werkzeug:127.0.0.1 - - [26/Nov/2019 12:16:38] "GET / HTTP/1.1" 200 -
INFO:werkzeug:127.0.0.1 - - [26/Nov/2019 12:16:40] "GET /auth/my_page HTTP/1.1" 500 -
INFO:werkzeug:127.0.0.1 - - [26/Nov/2019 12:16:40] "GET /auth/my_page?__debugger__=yes&cmd=resource&f=style.css HTTP/1.1" 200 -
INFO:werkzeug:127.0.0.1 - - [26/Nov/2019 12:16:40] "GET /auth/my_page?__debugger__=yes&cmd=resource&f=jquery.js HTTP/1.1" 200 -
INFO:werkzeug:127.0.0.1 - - [26/Nov/2019 12:16:40] "GET /auth/my_page?__debugger__=yes&cmd=resource&f=debugger.js HTTP/1.1" 200 -
INFO:werkzeug:127.0.0.1 - - [26/Nov/2019 12:16:40] "GET /auth/my_page?__debugger__=yes&cmd=resource&f=ubuntu.ttf HTTP/1.1" 200 -
INFO:werkzeug:127.0.0.1 - - [26/Nov/2019 12:16:40] "GET /auth/my_page?__debugger__=yes&cmd=resource&f=console.png HTTP/1.1" 200 -
INFO:werkzeug:127.0.0.1 - - [26/Nov/2019 12:16:59] "GET /menus/images HTTP/1.1" 200 -
INFO:werkzeug:127.0.0.1 - - [26/Nov/2019 12:16:59] "GET /menus/books HTTP/1.1" 200 -
INFO:werkzeug:127.0.0.1 - - [26/Nov/2019 12:17:00] "GET /menus/images HTTP/1.1" 200 -
INFO:werkzeug:127.0.0.1 - - [26/Nov/2019 12:17:01] "GET / HTTP/1.1" 200 -
INFO:werkzeug:127.0.0.1 - - [26/Nov/2019 12:18:30] "GET /auth/logout HTTP/1.1" 302 -
INFO:werkzeug:127.0.0.1 - - [26/Nov/2019 12:18:30] "GET / HTTP/1.1" 200 -
INFO:werkzeug:127.0.0.1 - - [26/Nov/2019 12:18:32] "GET /auth/login HTTP/1.1" 200 -
INFO:werkzeug: * Detected change in 'C:\\Users\\admin\\PycharmProjects\\web_service_2\\views\\auth.py', reloading
INFO:werkzeug: * Restarting with stat
WARNING:werkzeug: * Debugger is active!
INFO:werkzeug: * Debugger PIN: 248-030-515
INFO:werkzeug: * Running on http://localhost:8080/ (Press CTRL+C to quit)
INFO:werkzeug:127.0.0.1 - - [26/Nov/2019 12:19:16] "GET /auth/login HTTP/1.1" 200 -
INFO:werkzeug:127.0.0.1 - - [26/Nov/2019 12:19:24] "POST /auth/login HTTP/1.1" 302 -
INFO:werkzeug:127.0.0.1 - - [26/Nov/2019 12:19:24] "GET /auth/login HTTP/1.1" 200 -
INFO:werkzeug:127.0.0.1 - - [26/Nov/2019 12:19:31] "GET /static/assets/css/dashboard-free.css.map HTTP/1.1" 404 -
INFO:werkzeug:127.0.0.1 - - [26/Nov/2019 12:21:06] "GET /static/assets/css/dashboard-free.css.map HTTP/1.1" 404 -
INFO:werkzeug:127.0.0.1 - - [26/Nov/2019 12:21:36] "GET /static/assets/css/dashboard-free.css.map HTTP/1.1" 404 -
INFO:werkzeug:127.0.0.1 - - [26/Nov/2019 12:22:28] "GET /static/assets/css/dashboard-free.css.map HTTP/1.1" 404 -
INFO:werkzeug:127.0.0.1 - - [26/Nov/2019 12:23:02] "POST /auth/login HTTP/1.1" 302 -
INFO:werkzeug:127.0.0.1 - - [26/Nov/2019 12:23:02] "GET / HTTP/1.1" 200 -
INFO:werkzeug:127.0.0.1 - - [26/Nov/2019 12:23:02] "GET /static/assets/css/dashboard-free.css.map HTTP/1.1" 404 -
INFO:werkzeug:127.0.0.1 - - [26/Nov/2019 12:23:04] "GET /auth/logout HTTP/1.1" 302 -
INFO:werkzeug:127.0.0.1 - - [26/Nov/2019 12:23:04] "GET / HTTP/1.1" 200 -
INFO:werkzeug:127.0.0.1 - - [26/Nov/2019 12:23:04] "GET /static/assets/css/dashboard-free.css.map HTTP/1.1" 404 -
INFO:werkzeug:127.0.0.1 - - [26/Nov/2019 12:23:09] "GET /auth/login HTTP/1.1" 200 -
INFO:werkzeug:127.0.0.1 - - [26/Nov/2019 12:23:09] "GET /static/assets/css/dashboard-free.css.map HTTP/1.1" 404 -
INFO:werkzeug:127.0.0.1 - - [26/Nov/2019 12:23:18] "POST /auth/login HTTP/1.1" 302 -
INFO:werkzeug:127.0.0.1 - - [26/Nov/2019 12:23:19] "GET /auth/login HTTP/1.1" 200 -
INFO:werkzeug:127.0.0.1 - - [26/Nov/2019 12:23:19] "GET /static/assets/css/dashboard-free.css.map HTTP/1.1" 404 -
INFO:werkzeug:127.0.0.1 - - [26/Nov/2019 12:23:24] "POST /auth/login HTTP/1.1" 302 -
INFO:werkzeug:127.0.0.1 - - [26/Nov/2019 12:23:24] "GET / HTTP/1.1" 200 -
INFO:werkzeug:127.0.0.1 - - [26/Nov/2019 12:23:24] "GET /static/assets/css/dashboard-free.css.map HTTP/1.1" 404 -
INFO:werkzeug:127.0.0.1 - - [26/Nov/2019 12:23:32] "GET /auth/logout HTTP/1.1" 302 -
INFO:werkzeug:127.0.0.1 - - [26/Nov/2019 12:23:32] "GET / HTTP/1.1" 200 -
INFO:werkzeug:127.0.0.1 - - [26/Nov/2019 12:23:32] "GET /static/assets/css/dashboard-free.css.map HTTP/1.1" 404 -
INFO:werkzeug:127.0.0.1 - - [26/Nov/2019 12:23:34] "GET /auth/login HTTP/1.1" 200 -
INFO:werkzeug:127.0.0.1 - - [26/Nov/2019 12:23:34] "GET /static/assets/css/dashboard-free.css.map HTTP/1.1" 404 -
INFO:werkzeug:127.0.0.1 - - [26/Nov/2019 12:23:40] "POST /auth/login HTTP/1.1" 302 -
INFO:werkzeug:127.0.0.1 - - [26/Nov/2019 12:23:40] "GET /auth/login HTTP/1.1" 200 -
INFO:werkzeug:127.0.0.1 - - [26/Nov/2019 12:23:41] "GET /static/assets/css/dashboard-free.css.map HTTP/1.1" 404 -
INFO:werkzeug:127.0.0.1 - - [26/Nov/2019 12:23:52] "POST /auth/login HTTP/1.1" 302 -
INFO:werkzeug:127.0.0.1 - - [26/Nov/2019 12:23:52] "GET /auth/login HTTP/1.1" 200 -
INFO:werkzeug:127.0.0.1 - - [26/Nov/2019 12:23:53] "GET /static/assets/css/dashboard-free.css.map HTTP/1.1" 404 -
INFO:werkzeug:127.0.0.1 - - [26/Nov/2019 12:24:49] "GET /auth/login HTTP/1.1" 200 -
INFO:werkzeug:127.0.0.1 - - [26/Nov/2019 12:24:51] "GET /auth/signup HTTP/1.1" 200 -
INFO:werkzeug:127.0.0.1 - - [26/Nov/2019 12:25:06] "GET /auth/login HTTP/1.1" 200 -
INFO:werkzeug:127.0.0.1 - - [26/Nov/2019 12:25:14] "POST /auth/login HTTP/1.1" 302 -
INFO:werkzeug:127.0.0.1 - - [26/Nov/2019 12:25:14] "GET / HTTP/1.1" 200 -
INFO:werkzeug:127.0.0.1 - - [26/Nov/2019 12:25:15] "GET /auth/my_page HTTP/1.1" 500 -
INFO:werkzeug:127.0.0.1 - - [26/Nov/2019 12:25:15] "GET /auth/my_page?__debugger__=yes&cmd=resource&f=style.css HTTP/1.1" 200 -
INFO:werkzeug:127.0.0.1 - - [26/Nov/2019 12:25:16] "GET /auth/my_page?__debugger__=yes&cmd=resource&f=jquery.js HTTP/1.1" 200 -
INFO:werkzeug:127.0.0.1 - - [26/Nov/2019 12:25:16] "GET /auth/my_page?__debugger__=yes&cmd=resource&f=debugger.js HTTP/1.1" 200 -
INFO:werkzeug:127.0.0.1 - - [26/Nov/2019 12:25:16] "GET /auth/my_page?__debugger__=yes&cmd=resource&f=ubuntu.ttf HTTP/1.1" 200 -
INFO:werkzeug:127.0.0.1 - - [26/Nov/2019 12:25:16] "GET /auth/my_page?__debugger__=yes&cmd=resource&f=console.png HTTP/1.1" 200 -
INFO:werkzeug: * Detected change in 'C:\\Users\\admin\\PycharmProjects\\web_service_2\\forms.py', reloading
INFO:werkzeug: * Restarting with stat
WARNING:werkzeug: * Debugger is active!
INFO:werkzeug: * Debugger PIN: 248-030-515
INFO:werkzeug: * Running on http://localhost:8080/ (Press CTRL+C to quit)
INFO:werkzeug: * Detected change in 'C:\\Users\\admin\\PycharmProjects\\web_service_2\\views\\auth.py', reloading
INFO:werkzeug: * Restarting with stat
WARNING:werkzeug: * Debugger is active!
INFO:werkzeug: * Debugger PIN: 248-030-515
INFO:werkzeug: * Running on http://localhost:8080/ (Press CTRL+C to quit)
INFO:werkzeug:127.0.0.1 - - [26/Nov/2019 12:31:44] "GET /auth/my_page HTTP/1.1" 401 -
INFO:werkzeug:127.0.0.1 - - [26/Nov/2019 12:31:46] "GET /auth/login HTTP/1.1" 200 -
INFO:werkzeug:127.0.0.1 - - [26/Nov/2019 12:31:46] "GET /auth/signup HTTP/1.1" 200 -
INFO:werkzeug:127.0.0.1 - - [26/Nov/2019 12:31:48] "GET /auth/login HTTP/1.1" 200 -
INFO:werkzeug:127.0.0.1 - - [26/Nov/2019 12:31:48] "GET / HTTP/1.1" 200 -
INFO:werkzeug:127.0.0.1 - - [26/Nov/2019 12:31:50] "GET /auth/login HTTP/1.1" 200 -
INFO:werkzeug:127.0.0.1 - - [26/Nov/2019 12:31:53] "POST /auth/login HTTP/1.1" 302 -
INFO:werkzeug:127.0.0.1 - - [26/Nov/2019 12:31:54] "GET / HTTP/1.1" 200 -
INFO:werkzeug:127.0.0.1 - - [26/Nov/2019 12:31:55] "GET /auth/my_page HTTP/1.1" 200 -
INFO:werkzeug:127.0.0.1 - - [26/Nov/2019 12:32:11] "POST /auth/my_page HTTP/1.1" 302 -
INFO:werkzeug:127.0.0.1 - - [26/Nov/2019 12:32:11] "GET /auth/my_page HTTP/1.1" 200 -
INFO:werkzeug:127.0.0.1 - - [26/Nov/2019 12:32:15] "GET /auth/logout HTTP/1.1" 302 -
INFO:werkzeug:127.0.0.1 - - [26/Nov/2019 12:32:15] "GET / HTTP/1.1" 200 -
INFO:werkzeug:127.0.0.1 - - [26/Nov/2019 12:32:17] "GET /auth/login HTTP/1.1" 200 -
INFO:werkzeug:127.0.0.1 - - [26/Nov/2019 12:32:21] "POST /auth/login HTTP/1.1" 302 -
INFO:werkzeug:127.0.0.1 - - [26/Nov/2019 12:32:21] "GET / HTTP/1.1" 200 -
INFO:werkzeug:127.0.0.1 - - [26/Nov/2019 12:32:26] "GET /auth/my_page HTTP/1.1" 200 -
INFO:werkzeug:127.0.0.1 - - [26/Nov/2019 12:33:09] "POST /auth/my_page HTTP/1.1" 302 -
INFO:werkzeug:127.0.0.1 - - [26/Nov/2019 12:33:09] "GET /auth/my_page HTTP/1.1" 200 -
INFO:werkzeug:127.0.0.1 - - [26/Nov/2019 12:33:11] "GET /auth/logout HTTP/1.1" 302 -
INFO:werkzeug:127.0.0.1 - - [26/Nov/2019 12:33:11] "GET / HTTP/1.1" 200 -
INFO:werkzeug:127.0.0.1 - - [26/Nov/2019 12:33:12] "GET /auth/login HTTP/1.1" 200 -
INFO:werkzeug:127.0.0.1 - - [26/Nov/2019 12:33:20] "POST /auth/login HTTP/1.1" 302 -
INFO:werkzeug:127.0.0.1 - - [26/Nov/2019 12:33:20] "GET / HTTP/1.1" 200 -
INFO:werkzeug:127.0.0.1 - - [26/Nov/2019 12:33:22] "GET /auth/logout HTTP/1.1" 302 -
INFO:werkzeug:127.0.0.1 - - [26/Nov/2019 12:33:22] "GET / HTTP/1.1" 200 -
INFO:werkzeug:127.0.0.1 - - [26/Nov/2019 12:33:23] "GET /auth/login HTTP/1.1" 200 -
INFO:werkzeug:127.0.0.1 - - [26/Nov/2019 12:33:27] "POST /auth/login HTTP/1.1" 302 -
INFO:werkzeug:127.0.0.1 - - [26/Nov/2019 12:33:28] "GET /auth/login HTTP/1.1" 200 -
INFO:werkzeug:127.0.0.1 - - [26/Nov/2019 12:33:34] "POST /auth/login HTTP/1.1" 302 -
INFO:werkzeug:127.0.0.1 - - [26/Nov/2019 12:33:34] "GET / HTTP/1.1" 200 -
INFO:werkzeug:127.0.0.1 - - [26/Nov/2019 12:34:08] "GET /auth/my_page HTTP/1.1" 200 -
INFO:werkzeug:127.0.0.1 - - [26/Nov/2019 12:34:16] "GET /static/assets/css/dashboard-free.css.map HTTP/1.1" 404 -
INFO:werkzeug:127.0.0.1 - - [26/Nov/2019 12:34:17] "GET /static/assets/css/dashboard-free.css.map HTTP/1.1" 404 -
INFO:werkzeug:127.0.0.1 - - [26/Nov/2019 12:34:27] "GET /static/assets/css/dashboard-free.css.map HTTP/1.1" 404 -
INFO:werkzeug:127.0.0.1 - - [26/Nov/2019 12:36:21] "GET /auth/my_page HTTP/1.1" 200 -
INFO:werkzeug:127.0.0.1 - - [26/Nov/2019 12:36:28] "POST /auth/my_page HTTP/1.1" 200 -
INFO:werkzeug:127.0.0.1 - - [26/Nov/2019 12:36:31] "GET /static/assets/css/dashboard-free.css.map HTTP/1.1" 404 -
INFO:werkzeug: * Restarting with stat
WARNING:werkzeug: * Debugger is active!
INFO:werkzeug: * Debugger PIN: 248-030-515
INFO:werkzeug: * Running on http://localhost:8080/ (Press CTRL+C to quit)
INFO:werkzeug:127.0.0.1 - - [26/Nov/2019 12:38:17] "GET /auth/logout HTTP/1.1" 401 -
INFO:werkzeug:127.0.0.1 - - [26/Nov/2019 12:38:18] "GET /auth/logout HTTP/1.1" 401 -
INFO:werkzeug:127.0.0.1 - - [26/Nov/2019 12:38:22] "GET / HTTP/1.1" 200 -
INFO:werkzeug:127.0.0.1 - - [26/Nov/2019 12:38:24] "GET /auth/signup HTTP/1.1" 200 -
INFO:werkzeug:127.0.0.1 - - [26/Nov/2019 12:38:39] "POST /auth/signup HTTP/1.1" 302 -
INFO:werkzeug:127.0.0.1 - - [26/Nov/2019 12:38:39] "GET /auth/login HTTP/1.1" 200 -
INFO:werkzeug:127.0.0.1 - - [26/Nov/2019 12:38:51] "POST /auth/login HTTP/1.1" 302 -
INFO:werkzeug:127.0.0.1 - - [26/Nov/2019 12:38:51] "GET / HTTP/1.1" 200 -
INFO:werkzeug:127.0.0.1 - - [26/Nov/2019 12:38:53] "GET /auth/my_page HTTP/1.1" 200 -
INFO:werkzeug:127.0.0.1 - - [26/Nov/2019 12:38:54] "GET /auth/logout HTTP/1.1" 302 -
INFO:werkzeug:127.0.0.1 - - [26/Nov/2019 12:38:54] "GET / HTTP/1.1" 200 -
INFO:werkzeug:127.0.0.1 - - [26/Nov/2019 12:38:55] "GET /auth/signup HTTP/1.1" 200 -
INFO:werkzeug:127.0.0.1 - - [26/Nov/2019 12:39:16] "POST /auth/signup HTTP/1.1" 302 -
INFO:werkzeug:127.0.0.1 - - [26/Nov/2019 12:39:16] "GET /auth/login HTTP/1.1" 200 -
INFO:werkzeug:127.0.0.1 - - [26/Nov/2019 12:39:18] "GET /auth/login HTTP/1.1" 200 -
INFO:werkzeug:127.0.0.1 - - [26/Nov/2019 12:39:24] "POST /auth/login HTTP/1.1" 302 -
INFO:werkzeug:127.0.0.1 - - [26/Nov/2019 12:39:25] "GET / HTTP/1.1" 200 -
INFO:werkzeug: * Restarting with stat
WARNING:werkzeug: * Debugger is active!
INFO:werkzeug: * Debugger PIN: 248-030-515
INFO:werkzeug: * Running on http://localhost:8080/ (Press CTRL+C to quit)
INFO:werkzeug:127.0.0.1 - - [27/Nov/2019 11:19:04] "GET / HTTP/1.1" 200 -
INFO:werkzeug:127.0.0.1 - - [27/Nov/2019 11:19:04] "GET /static/assets/css/material-dashboard.css?v=2.1.1 HTTP/1.1" 304 -
INFO:werkzeug:127.0.0.1 - - [27/Nov/2019 11:19:04] "GET /favicon.ico HTTP/1.1" 404 -
INFO:werkzeug: * Restarting with stat
WARNING:werkzeug: * Debugger is active!
INFO:werkzeug: * Debugger PIN: 248-030-515
INFO:werkzeug: * Running on http://localhost:8080/ (Press CTRL+C to quit)
INFO:werkzeug:127.0.0.1 - - [27/Nov/2019 11:55:05] "GET / HTTP/1.1" 200 -
INFO:werkzeug: * Detected change in 'C:\\Users\\admin\\PycharmProjects\\web_service_2\\views\\auth.py', reloading
INFO:werkzeug: * Restarting with stat
WARNING:werkzeug: * Debugger is active!
INFO:werkzeug: * Debugger PIN: 248-030-515
INFO:werkzeug: * Running on http://localhost:8080/ (Press CTRL+C to quit)
INFO:werkzeug:127.0.0.1 - - [27/Nov/2019 11:55:08] "GET /auth/login HTTP/1.1" 200 -
INFO:werkzeug:127.0.0.1 - - [27/Nov/2019 11:55:08] "GET /static/images/kakao_account_login_btn_medium_narrow.png HTTP/1.1" 304 -
INFO:werkzeug:127.0.0.1 - - [27/Nov/2019 12:01:08] "GET /auth/login HTTP/1.1" 200 -
INFO:werkzeug:127.0.0.1 - - [27/Nov/2019 12:01:35] "GET /auth/login HTTP/1.1" 200 -
INFO:werkzeug:127.0.0.1 - - [27/Nov/2019 12:01:39] "GET /auth/login HTTP/1.1" 200 -
INFO:werkzeug:127.0.0.1 - - [27/Nov/2019 12:01:41] "GET /auth/login HTTP/1.1" 200 -
INFO:werkzeug:127.0.0.1 - - [27/Nov/2019 12:02:16] "GET /auth/login HTTP/1.1" 200 -
INFO:werkzeug:127.0.0.1 - - [27/Nov/2019 12:02:18] "GET /auth/login HTTP/1.1" 200 -
INFO:werkzeug:127.0.0.1 - - [27/Nov/2019 12:02:19] "GET /auth/login HTTP/1.1" 200 -
INFO:werkzeug:127.0.0.1 - - [27/Nov/2019 12:02:19] "GET /auth/login HTTP/1.1" 200 -
INFO:werkzeug: * Restarting with stat
WARNING:werkzeug: * Debugger is active!
INFO:werkzeug: * Debugger PIN: 248-030-515
INFO:werkzeug: * Running on http://localhost:8080/ (Press CTRL+C to quit)
INFO:werkzeug:127.0.0.1 - - [27/Nov/2019 12:02:48] "GET / HTTP/1.1" 200 -
INFO:werkzeug:127.0.0.1 - - [27/Nov/2019 12:02:50] "GET /auth/login HTTP/1.1" 200 -
INFO:werkzeug:127.0.0.1 - - [27/Nov/2019 12:04:04] "GET /auth/kakao_oauth_redirect?code=2fDEjbcP6dtzGYIQC9NWAoKFlpuzMd8Am8ridBx0PpVbcEPLeNmBCN92J0KkSHCwQ5AUogo9dZoAAAFuqtDYYg HTTP/1.1" 302 -
INFO:werkzeug:127.0.0.1 - - [27/Nov/2019 12:04:04] "GET / HTTP/1.1" 200 -
INFO:werkzeug:127.0.0.1 - - [27/Nov/2019 12:04:19] "GET /auth/logout HTTP/1.1" 302 -
INFO:werkzeug:127.0.0.1 - - [27/Nov/2019 12:04:19] "GET / HTTP/1.1" 200 -
INFO:werkzeug:127.0.0.1 - - [27/Nov/2019 12:04:20] "GET /auth/login HTTP/1.1" 200 -
INFO:werkzeug:127.0.0.1 - - [27/Nov/2019 12:04:21] "GET /auth/kakao_oauth_redirect?code=KlQMPXju9L0HHxEXxSJ-JCarzpctMr_gVxnqG5JOKsM24AkUvQOXvjJK3oEFTnsQizlbFAo9dZoAAAFuqtEc0w HTTP/1.1" 302 -
INFO:werkzeug:127.0.0.1 - - [27/Nov/2019 12:04:22] "GET / HTTP/1.1" 200 -
INFO:werkzeug:127.0.0.1 - - [27/Nov/2019 12:04:24] "GET /auth/logout HTTP/1.1" 302 -
INFO:werkzeug:127.0.0.1 - - [27/Nov/2019 12:04:24] "GET / HTTP/1.1" 200 -
INFO:werkzeug:127.0.0.1 - - [27/Nov/2019 12:04:27] "GET /auth/login HTTP/1.1" 200 -
INFO:werkzeug:127.0.0.1 - - [27/Nov/2019 12:04:28] "GET /auth/kakao_oauth_redirect?code=BItXLf7ufy3xMa1jMYSAXrXJA6Jk0oP2MZ1j7QSajRNj3mvBXS0QH-H78C3SFJGGxswKSAo9dZoAAAFuqtE5FA HTTP/1.1" 302 -
INFO:werkzeug:127.0.0.1 - - [27/Nov/2019 12:04:28] "GET / HTTP/1.1" 200 -
INFO:werkzeug:127.0.0.1 - - [27/Nov/2019 12:04:30] "GET /auth/my_page HTTP/1.1" 200 -
INFO:werkzeug:127.0.0.1 - - [27/Nov/2019 12:05:42] "GET /auth/my_page HTTP/1.1" 200 -
INFO:werkzeug:127.0.0.1 - - [27/Nov/2019 12:08:05] "GET / HTTP/1.1" 200 -
INFO:werkzeug: * Restarting with stat
WARNING:werkzeug: * Debugger is active!
INFO:werkzeug: * Debugger PIN: 248-030-515
INFO:werkzeug: * Running on http://localhost:8080/ (Press CTRL+C to quit)
INFO:werkzeug:127.0.0.1 - - [27/Nov/2019 12:19:56] "GET / HTTP/1.1" 200 -
INFO:werkzeug:127.0.0.1 - - [27/Nov/2019 12:19:58] "GET /auth/login HTTP/1.1" 200 -
INFO:werkzeug:127.0.0.1 - - [27/Nov/2019 12:19:59] "GET /auth/kakao_oauth_redirect?code=4_WK3tn9OZ798B4XuzS0VZLDrUT0DDHFHSTxk_Vd0O7-GQZPSCPVTIMAlVPzhU0xaeSe7AorDNQAAAFuqt9rbg HTTP/1.1" 302 -
INFO:werkzeug:127.0.0.1 - - [27/Nov/2019 12:19:59] "GET / HTTP/1.1" 200 -
INFO:werkzeug:127.0.0.1 - - [27/Nov/2019 12:34:53] "GET /auth/logout HTTP/1.1" 302 -
INFO:werkzeug:127.0.0.1 - - [27/Nov/2019 12:34:53] "GET / HTTP/1.1" 200 -
INFO:werkzeug:127.0.0.1 - - [27/Nov/2019 12:34:57] "GET /auth/login HTTP/1.1" 200 -
INFO:werkzeug:127.0.0.1 - - [27/Nov/2019 12:34:58] "GET /auth/kakao_oauth_redirect?code=UVKYC0jcDKxRzXhY7P8M-mazeOnCmVBAe-EYBm-7DiHdQozT8q01h-_jku2tZ2IYxI10Vwo9dZwAAAFuqu0lQg HTTP/1.1" 302 -
INFO:werkzeug:127.0.0.1 - - [27/Nov/2019 12:34:59] "GET / HTTP/1.1" 200 -
INFO:werkzeug:127.0.0.1 - - [27/Nov/2019 12:40:58] "GET /auth/my_page HTTP/1.1" 200 -
INFO:werkzeug:127.0.0.1 - - [27/Nov/2019 12:41:31] "POST /auth/my_page HTTP/1.1" 302 -
INFO:werkzeug:127.0.0.1 - - [27/Nov/2019 12:41:31] "GET /auth/my_page HTTP/1.1" 200 -
INFO:werkzeug:127.0.0.1 - - [27/Nov/2019 12:41:33] "GET /auth/logout HTTP/1.1" 302 -
INFO:werkzeug:127.0.0.1 - - [27/Nov/2019 12:41:34] "GET / HTTP/1.1" 200 -
INFO:werkzeug:127.0.0.1 - - [27/Nov/2019 12:41:35] "GET /auth/login HTTP/1.1" 200 -
INFO:werkzeug:127.0.0.1 - - [27/Nov/2019 12:41:36] "GET /auth/kakao_oauth_redirect?code=yPvZ6DhrrxA4COKUyx1FQxoLrbLZNu5uLbYtmk23SGaCq9modt39NFRbJfRA9jt_iQxNxAo9dNsAAAFuqvM13g HTTP/1.1" 302 -
INFO:werkzeug:127.0.0.1 - - [27/Nov/2019 12:41:36] "GET /auth/login HTTP/1.1" 200 -
INFO:werkzeug:127.0.0.1 - - [27/Nov/2019 12:41:38] "GET /auth/kakao_oauth_redirect?code=rWmOVE3xrkb5CZqOmcy72wOBFaJdcCb8u8W8nI9QdbXakrlRUPy3bT8lH-Ehq5mcvJg0cAo9dNsAAAFuqvM9Gw HTTP/1.1" 302 -
INFO:werkzeug:127.0.0.1 - - [27/Nov/2019 12:41:38] "GET /auth/login HTTP/1.1" 200 -
INFO:werkzeug:127.0.0.1 - - [27/Nov/2019 12:41:38] "GET /auth/kakao_oauth_redirect?code=Fvgn1lgfV74-UyYeT9MlWQsmSrmvlllAuZWauGGHT5yGoYMU-cQh4gpeZY15vj9JFUEG8wo9dNsAAAFuqvNADQ HTTP/1.1" 302 -
INFO:werkzeug:127.0.0.1 - - [27/Nov/2019 12:41:39] "GET /auth/login HTTP/1.1" 200 -
INFO:werkzeug:127.0.0.1 - - [27/Nov/2019 12:41:40] "GET /auth/kakao_oauth_redirect?code=SpB0Gg3oOa-AI1G9UMGsedP3s_eDdPwnVKzgpsxzVhsvEXUmtt_ZJcaLuojdfccyJ6ABgAo9dNsAAAFuqvNFAw HTTP/1.1" 302 -
INFO:werkzeug:127.0.0.1 - - [27/Nov/2019 12:41:40] "GET /auth/login HTTP/1.1" 200 -
INFO:werkzeug:127.0.0.1 - - [27/Nov/2019 12:41:46] "POST /auth/login HTTP/1.1" 302 -
INFO:werkzeug:127.0.0.1 - - [27/Nov/2019 12:41:46] "GET / HTTP/1.1" 200 -
INFO:werkzeug:127.0.0.1 - - [27/Nov/2019 12:41:48] "GET /auth/my_page HTTP/1.1" 200 -
INFO:werkzeug:127.0.0.1 - - [27/Nov/2019 12:42:28] "GET /auth/logout HTTP/1.1" 302 -
INFO:werkzeug:127.0.0.1 - - [27/Nov/2019 12:42:28] "GET / HTTP/1.1" 200 -
INFO:werkzeug:127.0.0.1 - - [27/Nov/2019 12:42:46] "GET / HTTP/1.1" 200 -
INFO:werkzeug:127.0.0.1 - - [27/Nov/2019 12:42:46] "GET /static/assets/css/material-dashboard.css?v=2.1.1 HTTP/1.1" 200 -
INFO:werkzeug:127.0.0.1 - - [27/Nov/2019 12:42:47] "GET /auth/login HTTP/1.1" 200 -
INFO:werkzeug:127.0.0.1 - - [27/Nov/2019 12:42:47] "GET /static/images/kakao_account_login_btn_medium_narrow.png HTTP/1.1" 200 -
INFO:werkzeug:127.0.0.1 - - [27/Nov/2019 12:43:03] "GET /auth/kakao_oauth_redirect?code=POIBso2y5dPT2tX5YXlBe6EFWv58NArYcv11CbGfasFRKMh7X-vBbP9csDPFI90krYL2rQoqAvQAAAFuqvSIcA HTTP/1.1" 302 -
INFO:werkzeug:127.0.0.1 - - [27/Nov/2019 12:43:03] "GET /auth/login HTTP/1.1" 200 -
INFO:werkzeug:127.0.0.1 - - [27/Nov/2019 12:43:05] "GET /auth/kakao_oauth_redirect?code=8RcTRbgPPYsZAcsyOuhXIoAb1YQq2_rRhWDLCqQMT65fcSgOh7YxXqN-3letEspkV0PgZQoqAvQAAAFuqvSSww HTTP/1.1" 302 -
INFO:werkzeug:127.0.0.1 - - [27/Nov/2019 12:43:05] "GET /auth/login HTTP/1.1" 200 -
INFO:werkzeug:127.0.0.1 - - [27/Nov/2019 12:43:14] "POST /auth/login HTTP/1.1" 302 -
INFO:werkzeug:127.0.0.1 - - [27/Nov/2019 12:43:14] "GET / HTTP/1.1" 200 -
INFO:werkzeug:127.0.0.1 - - [27/Nov/2019 12:43:17] "GET /auth/my_page HTTP/1.1" 200 -
INFO:werkzeug: * Detected change in 'C:\\Users\\admin\\PycharmProjects\\web_service_2\\views\\auth.py', reloading
INFO:werkzeug: * Restarting with stat
WARNING:werkzeug: * Debugger is active!
INFO:werkzeug: * Debugger PIN: 248-030-515
INFO:werkzeug: * Running on http://localhost:8080/ (Press CTRL+C to quit)
INFO:werkzeug:127.0.0.1 - - [27/Nov/2019 12:47:16] "GET /auth/logout HTTP/1.1" 401 -
INFO:werkzeug:127.0.0.1 - - [27/Nov/2019 12:47:19] "GET / HTTP/1.1" 200 -
INFO:werkzeug:127.0.0.1 - - [27/Nov/2019 12:47:21] "GET /auth/login HTTP/1.1" 200 -
INFO:werkzeug:127.0.0.1 - - [27/Nov/2019 12:47:22] "GET /auth/kakao_oauth_redirect?code=c4YrcuZ2ts7LqSBQDGZ9xI-IvYurCwQrzAzPfv1LG6BpVKvIMC6SnolhkHXobwchAeR9Sgo9dJgAAAFuqvh_lg HTTP/1.1" 302 -
INFO:werkzeug:127.0.0.1 - - [27/Nov/2019 12:47:23] "GET /auth/login HTTP/1.1" 200 -
INFO:werkzeug:127.0.0.1 - - [27/Nov/2019 12:47:29] "POST /auth/login HTTP/1.1" 302 -
INFO:werkzeug:127.0.0.1 - - [27/Nov/2019 12:47:29] "GET / HTTP/1.1" 200 -
INFO:werkzeug: * Restarting with stat
WARNING:werkzeug: * Debugger is active!
INFO:werkzeug: * Debugger PIN: 248-030-515
INFO:werkzeug: * Running on http://localhost:8080/ (Press CTRL+C to quit)
INFO:werkzeug: * Detected change in 'C:\\Users\\admin\\PycharmProjects\\web_service_2\\views\\auth.py', reloading
INFO:werkzeug: * Restarting with stat
WARNING:werkzeug: * Debugger is active!
INFO:werkzeug: * Debugger PIN: 248-030-515
INFO:werkzeug: * Running on http://localhost:8080/ (Press CTRL+C to quit)
INFO:werkzeug:127.0.0.1 - - [27/Nov/2019 12:50:02] "GET /auth/logout HTTP/1.1" 401 -
INFO:werkzeug:127.0.0.1 - - [27/Nov/2019 12:50:07] "GET / HTTP/1.1" 200 -
INFO:werkzeug:127.0.0.1 - - [27/Nov/2019 12:50:08] "GET /auth/login HTTP/1.1" 200 -
INFO:werkzeug:127.0.0.1 - - [27/Nov/2019 12:50:14] "POST /auth/login HTTP/1.1" 302 -
INFO:werkzeug:127.0.0.1 - - [27/Nov/2019 12:50:14] "GET / HTTP/1.1" 200 -
INFO:werkzeug:127.0.0.1 - - [27/Nov/2019 12:50:32] "GET /auth/login HTTP/1.1" 302 -
INFO:werkzeug:127.0.0.1 - - [27/Nov/2019 12:50:37] "GET /auth/logout HTTP/1.1" 302 -
INFO:werkzeug:127.0.0.1 - - [27/Nov/2019 12:50:37] "GET / HTTP/1.1" 200 -
INFO:werkzeug:127.0.0.1 - - [27/Nov/2019 12:50:38] "GET /auth/login HTTP/1.1" 200 -
INFO:werkzeug:127.0.0.1 - - [27/Nov/2019 12:50:40] "GET /auth/kakao_oauth_redirect?code=dP2EIMyxR19v0d3wo29ZxEASyViBT3kZz5W_VvoYOtJ3r7QtaMaRtk6wb7GuY0KleWtCJQo9dNoAAAFuqvuCfg HTTP/1.1" 302 -
INFO:werkzeug:127.0.0.1 - - [27/Nov/2019 12:50:40] "GET /auth/login HTTP/1.1" 200 -
INFO:werkzeug:127.0.0.1 - - [27/Nov/2019 12:50:45] "POST /auth/login HTTP/1.1" 302 -
INFO:werkzeug:127.0.0.1 - - [27/Nov/2019 12:50:45] "GET / HTTP/1.1" 200 -
INFO:werkzeug: * Restarting with stat
WARNING:werkzeug: * Debugger is active!
INFO:werkzeug: * Debugger PIN: 248-030-515
INFO:werkzeug: * Running on http://localhost:8080/ (Press CTRL+C to quit)
INFO:werkzeug:127.0.0.1 - - [03/Dec/2019 11:17:10] "GET / HTTP/1.1" 200 -
INFO:werkzeug:127.0.0.1 - - [03/Dec/2019 11:17:10] "GET /static/assets/css/material-dashboard.css?v=2.1.1 HTTP/1.1" 304 -
INFO:werkzeug:127.0.0.1 - - [03/Dec/2019 11:17:10] "GET /favicon.ico HTTP/1.1" 404 -
INFO:werkzeug:127.0.0.1 - - [03/Dec/2019 11:17:12] "GET /auth/login HTTP/1.1" 200 -
INFO:werkzeug:127.0.0.1 - - [03/Dec/2019 11:17:12] "GET /static/images/kakao_account_login_btn_medium_narrow.png HTTP/1.1" 304 -
INFO:werkzeug:127.0.0.1 - - [03/Dec/2019 11:17:32] "GET /auth/kakao_oauth_redirect?code=SRcnKxdF9Vg8r-i2ze9t3fQPzLePuikam9PAt2ZbKnwHdmlKQSeigg1CD67DgaQssM_YGQopdXYAAAFuyYyb3Q HTTP/1.1" 302 -
INFO:werkzeug:127.0.0.1 - - [03/Dec/2019 11:17:32] "GET /auth/login HTTP/1.1" 200 -
INFO:werkzeug:127.0.0.1 - - [03/Dec/2019 11:17:41] "POST /auth/login HTTP/1.1" 302 -
INFO:werkzeug:127.0.0.1 - - [03/Dec/2019 11:17:41] "GET / HTTP/1.1" 200 -
INFO:werkzeug:127.0.0.1 - - [03/Dec/2019 11:18:28] "GET /menus/images HTTP/1.1" 200 -
INFO:werkzeug:127.0.0.1 - - [03/Dec/2019 11:18:31] "GET /menus/books HTTP/1.1" 200 -
INFO:werkzeug:127.0.0.1 - - [03/Dec/2019 11:19:08] "GET /menus/images HTTP/1.1" 200 -
INFO:werkzeug:127.0.0.1 - - [03/Dec/2019 11:19:14] "GET / HTTP/1.1" 200 -
INFO:werkzeug: * Detected change in 'C:\\Users\\admin\\PycharmProjects\\web_service_2\\views\\auth.py', reloading
INFO:werkzeug: * Restarting with stat
WARNING:werkzeug: * Debugger is active!
INFO:werkzeug: * Debugger PIN: 248-030-515
INFO:werkzeug: * Running on http://localhost:8080/ (Press CTRL+C to quit)
INFO:werkzeug:127.0.0.1 - - [03/Dec/2019 11:22:53] "GET /auth/logout HTTP/1.1" 401 -
INFO:werkzeug:127.0.0.1 - - [03/Dec/2019 11:22:57] "GET /auth/logout HTTP/1.1" 401 -
INFO:werkzeug:127.0.0.1 - - [03/Dec/2019 11:23:01] "GET /auth/logout HTTP/1.1" 401 -
INFO:werkzeug:127.0.0.1 - - [03/Dec/2019 11:23:25] "GET / HTTP/1.1" 200 -
INFO:werkzeug:127.0.0.1 - - [03/Dec/2019 11:23:27] "GET /auth/login HTTP/1.1" 200 -
INFO:werkzeug:127.0.0.1 - - [03/Dec/2019 11:23:34] "POST /auth/login HTTP/1.1" 302 -
INFO:werkzeug:127.0.0.1 - - [03/Dec/2019 11:23:34] "GET / HTTP/1.1" 200 -
INFO:werkzeug:127.0.0.1 - - [03/Dec/2019 11:31:59] "GET /auth/my_page HTTP/1.1" 200 -
INFO:werkzeug:127.0.0.1 - - [03/Dec/2019 11:32:04] "GET / HTTP/1.1" 200 -
INFO:werkzeug:127.0.0.1 - - [03/Dec/2019 11:32:05] "GET /auth/my_page HTTP/1.1" 200 -
INFO:werkzeug:127.0.0.1 - - [03/Dec/2019 11:32:09] "GET /auth/my_page HTTP/1.1" 200 -
INFO:werkzeug:127.0.0.1 - - [03/Dec/2019 11:32:13] "GET /auth/logout HTTP/1.1" 302 -
INFO:werkzeug:127.0.0.1 - - [03/Dec/2019 11:32:13] "GET / HTTP/1.1" 200 -
INFO:werkzeug:127.0.0.1 - - [03/Dec/2019 11:32:15] "GET /auth/login HTTP/1.1" 200 -
INFO:werkzeug:127.0.0.1 - - [03/Dec/2019 11:32:17] "GET /auth/kakao_oauth_redirect?code=ALw0wDbLh5dfGv4yPqIJg6IS3d2MH0EvFiA9mxjwWnAYf3vL7PUpzWu2jL__V4kXFaAjmworDKYAAAFuyZohLQ HTTP/1.1" 302 -
INFO:werkzeug:127.0.0.1 - - [03/Dec/2019 11:32:17] "GET /auth/login HTTP/1.1" 200 -
INFO:werkzeug:127.0.0.1 - - [03/Dec/2019 11:32:25] "POST /auth/login HTTP/1.1" 302 -
INFO:werkzeug:127.0.0.1 - - [03/Dec/2019 11:32:25] "GET / HTTP/1.1" 200 -
INFO:werkzeug:127.0.0.1 - - [03/Dec/2019 11:32:27] "GET /auth/my_page HTTP/1.1" 200 -
INFO:werkzeug: * Restarting with stat
WARNING:werkzeug: * Debugger is active!
INFO:werkzeug: * Debugger PIN: 248-030-515
INFO:werkzeug: * Running on http://localhost:8080/ (Press CTRL+C to quit)
INFO:werkzeug:127.0.0.1 - - [03/Dec/2019 11:50:45] "GET / HTTP/1.1" 200 -
INFO:werkzeug:127.0.0.1 - - [03/Dec/2019 11:50:48] "GET /auth/login HTTP/1.1" 200 -
INFO:werkzeug:127.0.0.1 - - [03/Dec/2019 11:50:54] "POST /auth/login HTTP/1.1" 302 -
INFO:werkzeug:127.0.0.1 - - [03/Dec/2019 11:50:54] "GET / HTTP/1.1" 200 -
INFO:werkzeug:127.0.0.1 - - [03/Dec/2019 11:50:57] "GET /static/assets/css/dashboard-free.css.map HTTP/1.1" 404 -
INFO:werkzeug:127.0.0.1 - - [03/Dec/2019 11:52:34] "GET / HTTP/1.1" 200 -
INFO:werkzeug:127.0.0.1 - - [03/Dec/2019 11:52:34] "GET /static/assets/css/dashboard-free.css.map HTTP/1.1" 404 -
INFO:werkzeug:127.0.0.1 - - [03/Dec/2019 11:52:37] "GET /static/assets/css/dashboard-free.css.map HTTP/1.1" 404 -
INFO:werkzeug: * Detected change in 'C:\\Users\\admin\\PycharmProjects\\web_service_2\\app.py', reloading
INFO:werkzeug: * Restarting with stat
WARNING:werkzeug: * Debugger is active!
INFO:werkzeug: * Debugger PIN: 248-030-515
INFO:werkzeug: * Running on http://localhost:8080/ (Press CTRL+C to quit)
INFO:werkzeug:127.0.0.1 - - [03/Dec/2019 12:00:35] "GET / HTTP/1.1" 200 -
INFO:werkzeug:127.0.0.1 - - [03/Dec/2019 12:00:37] "GET /auth/login HTTP/1.1" 200 -
INFO:werkzeug:127.0.0.1 - - [03/Dec/2019 12:00:41] "POST /auth/login HTTP/1.1" 302 -
INFO:werkzeug:127.0.0.1 - - [03/Dec/2019 12:00:41] "GET / HTTP/1.1" 200 -
INFO:werkzeug:127.0.0.1 - - [03/Dec/2019 12:01:16] "GET / HTTP/1.1" 200 -
INFO:werkzeug:127.0.0.1 - - [03/Dec/2019 12:01:17] "GET / HTTP/1.1" 200 -
INFO:werkzeug: * Detected change in 'C:\\Users\\admin\\PycharmProjects\\web_service_2\\views\\menus.py', reloading
INFO:werkzeug: * Restarting with stat
WARNING:werkzeug: * Debugger is active!
INFO:werkzeug: * Debugger PIN: 248-030-515
INFO:werkzeug: * Running on http://localhost:8080/ (Press CTRL+C to quit)
INFO:werkzeug:127.0.0.1 - - [03/Dec/2019 12:02:31] "GET / HTTP/1.1" 200 -
INFO:werkzeug:127.0.0.1 - - [03/Dec/2019 12:02:32] "GET /auth/login HTTP/1.1" 200 -
INFO:werkzeug:127.0.0.1 - - [03/Dec/2019 12:02:36] "POST /auth/login HTTP/1.1" 302 -
INFO:werkzeug:127.0.0.1 - - [03/Dec/2019 12:02:37] "GET / HTTP/1.1" 200 -
INFO:werkzeug:127.0.0.1 - - [03/Dec/2019 12:03:16] "GET / HTTP/1.1" 200 -
INFO:werkzeug:127.0.0.1 - - [03/Dec/2019 12:03:16] "GET / HTTP/1.1" 200 -
INFO:werkzeug: * Detected change in 'C:\\Users\\admin\\PycharmProjects\\web_service_2\\app.py', reloading
INFO:werkzeug: * Restarting with stat
WARNING:werkzeug: * Debugger is active!
INFO:werkzeug: * Debugger PIN: 248-030-515
INFO:werkzeug: * Running on http://localhost:8080/ (Press CTRL+C to quit)
INFO:werkzeug: * Detected change in 'C:\\Users\\admin\\PycharmProjects\\web_service_2\\views\\menus.py', reloading
INFO:werkzeug: * Restarting with stat
WARNING:werkzeug: * Debugger is active!
INFO:werkzeug: * Debugger PIN: 248-030-515
INFO:werkzeug: * Running on http://localhost:8080/ (Press CTRL+C to quit)
INFO:werkzeug:127.0.0.1 - - [03/Dec/2019 12:04:27] "GET / HTTP/1.1" 200 -
INFO:werkzeug:127.0.0.1 - - [03/Dec/2019 12:04:27] "GET / HTTP/1.1" 200 -
INFO:werkzeug:127.0.0.1 - - [03/Dec/2019 12:04:28] "GET / HTTP/1.1" 200 -
INFO:werkzeug: * Detected change in 'C:\\Users\\admin\\PycharmProjects\\web_service_2\\views\\menus.py', reloading
INFO:werkzeug: * Restarting with stat
WARNING:werkzeug: * Debugger is active!
INFO:werkzeug: * Debugger PIN: 248-030-515
INFO:werkzeug: * Running on http://localhost:8080/ (Press CTRL+C to quit)
INFO:werkzeug:127.0.0.1 - - [03/Dec/2019 12:05:20] "GET / HTTP/1.1" 200 -
INFO:werkzeug:127.0.0.1 - - [03/Dec/2019 12:05:21] "GET /auth/login HTTP/1.1" 200 -
INFO:werkzeug:127.0.0.1 - - [03/Dec/2019 12:05:25] "POST /auth/login HTTP/1.1" 302 -
INFO:werkzeug:127.0.0.1 - - [03/Dec/2019 12:05:25] "GET / HTTP/1.1" 200 -
INFO:werkzeug:127.0.0.1 - - [03/Dec/2019 12:05:27] "GET /auth/my_page HTTP/1.1" 200 -
INFO:werkzeug:127.0.0.1 - - [03/Dec/2019 12:05:29] "GET /auth/logout HTTP/1.1" 302 -
INFO:werkzeug:127.0.0.1 - - [03/Dec/2019 12:05:29] "GET / HTTP/1.1" 200 -
INFO:werkzeug:127.0.0.1 - - [03/Dec/2019 12:05:31] "GET /auth/login HTTP/1.1" 200 -
INFO:werkzeug:127.0.0.1 - - [03/Dec/2019 12:05:32] "GET /auth/kakao_oauth_redirect?code=toG_UiSaazxpyMmdjCbCmAy_OVO9GRk125EdvDZyRlW1nTSxX3kxzATCvXLn4_W7ByWHpAo9dRoAAAFuybiPUg HTTP/1.1" 302 -
INFO:werkzeug:127.0.0.1 - - [03/Dec/2019 12:05:32] "GET /auth/login HTTP/1.1" 200 -
INFO:werkzeug:127.0.0.1 - - [03/Dec/2019 12:05:37] "POST /auth/login HTTP/1.1" 302 -
INFO:werkzeug:127.0.0.1 - - [03/Dec/2019 12:05:37] "GET / HTTP/1.1" 200 -
INFO:werkzeug:127.0.0.1 - - [03/Dec/2019 12:05:45] "GET /menus/images HTTP/1.1" 200 -
INFO:werkzeug:127.0.0.1 - - [03/Dec/2019 12:05:45] "GET /menus/books HTTP/1.1" 200 -
INFO:werkzeug:127.0.0.1 - - [03/Dec/2019 12:05:49] "GET /menus/images HTTP/1.1" 200 -
INFO:werkzeug:127.0.0.1 - - [03/Dec/2019 12:05:50] "GET / HTTP/1.1" 200 -
INFO:werkzeug:127.0.0.1 - - [03/Dec/2019 12:06:01] "GET / HTTP/1.1" 200 -
INFO:werkzeug: * Restarting with stat
WARNING:werkzeug: * Debugger is active!
INFO:werkzeug: * Debugger PIN: 248-030-515
INFO:werkzeug: * Running on http://localhost:8080/ (Press CTRL+C to quit)
INFO:werkzeug: * Detected change in 'C:\\Users\\admin\\PycharmProjects\\web_service_2\\views\\menus.py', reloading
INFO:werkzeug: * Restarting with stat
INFO:werkzeug: * Restarting with stat
WARNING:werkzeug: * Debugger is active!
INFO:werkzeug: * Debugger PIN: 248-030-515
INFO:werkzeug: * Running on http://localhost:8080/ (Press CTRL+C to quit)
INFO:werkzeug:127.0.0.1 - - [03/Dec/2019 12:27:27] "GET / HTTP/1.1" 200 -
INFO:werkzeug:127.0.0.1 - - [03/Dec/2019 12:27:28] "GET /menus/searchs HTTP/1.1" 200 -
INFO:werkzeug:127.0.0.1 - - [03/Dec/2019 12:27:29] "GET /menus/searchs HTTP/1.1" 200 -
INFO:werkzeug:127.0.0.1 - - [03/Dec/2019 12:27:29] "GET /menus/searchs HTTP/1.1" 200 -
INFO:werkzeug:127.0.0.1 - - [03/Dec/2019 12:27:30] "GET /menus/searchs HTTP/1.1" 200 -
INFO:werkzeug:127.0.0.1 - - [03/Dec/2019 12:27:32] "GET /menus/images HTTP/1.1" 200 -
INFO:werkzeug:127.0.0.1 - - [03/Dec/2019 12:27:33] "GET / HTTP/1.1" 200 -
INFO:werkzeug:127.0.0.1 - - [03/Dec/2019 12:27:33] "GET /menus/images HTTP/1.1" 200 -
INFO:werkzeug:127.0.0.1 - - [03/Dec/2019 12:27:34] "GET /menus/books HTTP/1.1" 200 -
INFO:werkzeug:127.0.0.1 - - [03/Dec/2019 12:27:35] "GET /menus/searchs HTTP/1.1" 200 -
INFO:werkzeug:127.0.0.1 - - [03/Dec/2019 12:27:36] "GET /menus/images HTTP/1.1" 200 -
INFO:werkzeug:127.0.0.1 - - [03/Dec/2019 12:27:36] "GET /menus/searchs HTTP/1.1" 200 -
INFO:werkzeug: * Restarting with stat
WARNING:werkzeug: * Debugger is active!
INFO:werkzeug: * Debugger PIN: 248-030-515
INFO:werkzeug: * Running on http://localhost:8080/ (Press CTRL+C to quit)
INFO:werkzeug:127.0.0.1 - - [04/Dec/2019 11:01:40] "GET / HTTP/1.1" 200 -
INFO:werkzeug:127.0.0.1 - - [04/Dec/2019 11:01:40] "GET /static/assets/css/material-dashboard.css?v=2.1.1 HTTP/1.1" 304 -
INFO:werkzeug:127.0.0.1 - - [04/Dec/2019 11:01:42] "GET /favicon.ico HTTP/1.1" 404 -
INFO:werkzeug:127.0.0.1 - - [04/Dec/2019 11:01:44] "GET /menus/images HTTP/1.1" 200 -
INFO:werkzeug:127.0.0.1 - - [04/Dec/2019 11:01:45] "GET /menus/books HTTP/1.1" 200 -
INFO:werkzeug:127.0.0.1 - - [04/Dec/2019 11:01:46] "GET /menus/searchs HTTP/1.1" 200 -
INFO:werkzeug:127.0.0.1 - - [04/Dec/2019 11:01:47] "GET /menus/searchs HTTP/1.1" 200 -
INFO:werkzeug:127.0.0.1 - - [04/Dec/2019 11:01:48] "GET / HTTP/1.1" 200 -
INFO:werkzeug:127.0.0.1 - - [04/Dec/2019 11:01:48] "GET /menus/images HTTP/1.1" 200 -
INFO:werkzeug:127.0.0.1 - - [04/Dec/2019 11:01:49] "GET /menus/books HTTP/1.1" 200 -
INFO:werkzeug:127.0.0.1 - - [04/Dec/2019 11:01:50] "GET /menus/searchs HTTP/1.1" 200 -
INFO:werkzeug:127.0.0.1 - - [04/Dec/2019 11:01:51] "GET /menus/books HTTP/1.1" 200 -
INFO:werkzeug:127.0.0.1 - - [04/Dec/2019 11:01:51] "GET /menus/images HTTP/1.1" 200 -
INFO:werkzeug:127.0.0.1 - - [04/Dec/2019 11:01:52] "GET / HTTP/1.1" 200 -
INFO:werkzeug:127.0.0.1 - - [04/Dec/2019 11:02:07] "GET /menus/searchs HTTP/1.1" 200 -
INFO:werkzeug:127.0.0.1 - - [04/Dec/2019 11:02:16] "GET /menus/searchs HTTP/1.1" 200 -
INFO:werkzeug:127.0.0.1 - - [04/Dec/2019 11:02:17] "GET /menus/images HTTP/1.1" 200 -
INFO:werkzeug:127.0.0.1 - - [04/Dec/2019 11:02:17] "GET / HTTP/1.1" 200 -
INFO:werkzeug:127.0.0.1 - - [04/Dec/2019 11:02:19] "GET /menus/books HTTP/1.1" 200 -
INFO:werkzeug:127.0.0.1 - - [04/Dec/2019 11:02:19] "GET /menus/searchs HTTP/1.1" 200 -
INFO:werkzeug:127.0.0.1 - - [04/Dec/2019 11:02:20] "GET /menus/searchs HTTP/1.1" 200 -
INFO:werkzeug:127.0.0.1 - - [04/Dec/2019 11:02:20] "GET /menus/searchs HTTP/1.1" 200 -
INFO:werkzeug: * Detected change in 'C:\\Users\\admin\\PycharmProjects\\web_service_2\\views\\menus.py', reloading
INFO:werkzeug: * Restarting with stat
WARNING:werkzeug: * Debugger is active!
INFO:werkzeug: * Debugger PIN: 248-030-515
INFO:werkzeug: * Running on http://localhost:8080/ (Press CTRL+C to quit)
INFO:werkzeug:127.0.0.1 - - [04/Dec/2019 11:07:42] "GET /menus/searchs HTTP/1.1" 200 -
INFO:werkzeug: * Detected change in 'C:\\Users\\admin\\PycharmProjects\\web_service_2\\views\\auth.py', reloading
INFO:werkzeug: * Restarting with stat
WARNING:werkzeug: * Debugger is active!
INFO:werkzeug: * Debugger PIN: 248-030-515
INFO:werkzeug: * Running on http://localhost:8080/ (Press CTRL+C to quit)
INFO:werkzeug: * Detected change in 'C:\\Users\\admin\\PycharmProjects\\web_service_2\\views\\auth.py', reloading
INFO:werkzeug: * Restarting with stat
WARNING:werkzeug: * Debugger is active!
INFO:werkzeug: * Debugger PIN: 248-030-515
INFO:werkzeug: * Running on http://localhost:8080/ (Press CTRL+C to quit)
INFO:werkzeug:127.0.0.1 - - [04/Dec/2019 11:15:54] "GET / HTTP/1.1" 200 -
INFO:werkzeug:127.0.0.1 - - [04/Dec/2019 11:15:54] "GET /favicon.ico HTTP/1.1" 404 -
INFO:werkzeug:127.0.0.1 - - [04/Dec/2019 11:15:57] "GET /menus/searchs HTTP/1.1" 200 -
INFO:werkzeug:127.0.0.1 - - [04/Dec/2019 11:15:58] "GET /menus/searchs HTTP/1.1" 200 -
INFO:werkzeug:127.0.0.1 - - [04/Dec/2019 11:15:59] "GET /menus/uploads HTTP/1.1" 200 -
INFO:werkzeug:127.0.0.1 - - [04/Dec/2019 11:15:59] "GET /menus/searchs HTTP/1.1" 200 -
INFO:werkzeug:127.0.0.1 - - [04/Dec/2019 11:15:59] "GET /menus/searchs HTTP/1.1" 200 -
INFO:werkzeug:127.0.0.1 - - [04/Dec/2019 11:16:00] "GET /menus/uploads HTTP/1.1" 200 -
INFO:werkzeug:127.0.0.1 - - [04/Dec/2019 11:16:00] "GET /menus/searchs HTTP/1.1" 200 -
INFO:werkzeug:127.0.0.1 - - [04/Dec/2019 11:16:01] "GET /menus/searchs HTTP/1.1" 200 -
INFO:werkzeug:127.0.0.1 - - [04/Dec/2019 11:16:01] "GET /menus/uploads HTTP/1.1" 200 -
INFO:werkzeug:127.0.0.1 - - [04/Dec/2019 11:16:10] "GET / HTTP/1.1" 200 -
INFO:werkzeug:127.0.0.1 - - [04/Dec/2019 11:16:11] "GET /menus/images HTTP/1.1" 200 -
INFO:werkzeug:127.0.0.1 - - [04/Dec/2019 11:16:12] "GET / HTTP/1.1" 200 -
INFO:werkzeug:127.0.0.1 - - [04/Dec/2019 11:16:13] "GET /menus/images HTTP/1.1" 200 -
INFO:werkzeug:127.0.0.1 - - [04/Dec/2019 11:16:14] "GET /menus/books HTTP/1.1" 200 -
INFO:werkzeug:127.0.0.1 - - [04/Dec/2019 11:16:15] "GET /menus/images HTTP/1.1" 200 -
INFO:werkzeug:127.0.0.1 - - [04/Dec/2019 11:16:15] "GET / HTTP/1.1" 200 -
INFO:werkzeug:127.0.0.1 - - [04/Dec/2019 11:20:05] "GET / HTTP/1.1" 200 -
INFO:werkzeug:127.0.0.1 - - [04/Dec/2019 11:20:21] "GET /menus/searchs HTTP/1.1" 200 -
INFO:werkzeug:127.0.0.1 - - [04/Dec/2019 11:20:22] "GET / HTTP/1.1" 200 -
INFO:werkzeug:127.0.0.1 - - [04/Dec/2019 11:22:01] "GET /static/assets/css/dashboard-free.css.map HTTP/1.1" 404 -
INFO:werkzeug:127.0.0.1 - - [04/Dec/2019 11:23:11] "GET / HTTP/1.1" 200 -
INFO:werkzeug:127.0.0.1 - - [04/Dec/2019 11:23:11] "GET /static/assets/css/dashboard-free.css.map HTTP/1.1" 404 -
INFO:werkzeug: * Restarting with stat
WARNING:werkzeug: * Debugger is active!
INFO:werkzeug: * Debugger PIN: 248-030-515
INFO:werkzeug: * Running on http://localhost:8080/ (Press CTRL+C to quit)
INFO:werkzeug:127.0.0.1 - - [04/Dec/2019 11:38:36] "GET / HTTP/1.1" 200 -
INFO:werkzeug:127.0.0.1 - - [04/Dec/2019 11:38:36] "GET /assets/js/core/jquery.min.js HTTP/1.1" 404 -
INFO:werkzeug:127.0.0.1 - - [04/Dec/2019 11:38:36] "GET /assets/js/core/popper.min.js HTTP/1.1" 404 -
INFO:werkzeug:127.0.0.1 - - [04/Dec/2019 11:38:36] "GET /assets/js/core/bootstrap-material-design.min.js HTTP/1.1" 404 -
INFO:werkzeug:127.0.0.1 - - [04/Dec/2019 11:38:36] "GET /assets/js/plugins/perfect-scrollbar.jquery.min.js HTTP/1.1" 404 -
INFO:werkzeug:127.0.0.1 - - [04/Dec/2019 11:38:36] "GET /assets/js/plugins/chartist.min.js HTTP/1.1" 404 -
INFO:werkzeug:127.0.0.1 - - [04/Dec/2019 11:38:36] "GET /assets/js/plugins/bootstrap-notify.js HTTP/1.1" 404 -
INFO:werkzeug:127.0.0.1 - - [04/Dec/2019 11:38:36] "GET /assets/js/material-dashboard.js?v=2.1.1 HTTP/1.1" 404 -
INFO:werkzeug:127.0.0.1 - - [04/Dec/2019 11:38:37] "GET / HTTP/1.1" 200 -
INFO:werkzeug:127.0.0.1 - - [04/Dec/2019 11:38:37] "GET /assets/js/core/jquery.min.js HTTP/1.1" 404 -
INFO:werkzeug:127.0.0.1 - - [04/Dec/2019 11:38:37] "GET /assets/js/core/popper.min.js HTTP/1.1" 404 -
INFO:werkzeug:127.0.0.1 - - [04/Dec/2019 11:38:37] "GET /assets/js/core/bootstrap-material-design.min.js HTTP/1.1" 404 -
INFO:werkzeug:127.0.0.1 - - [04/Dec/2019 11:38:37] "GET /assets/js/plugins/perfect-scrollbar.jquery.min.js HTTP/1.1" 404 -
INFO:werkzeug:127.0.0.1 - - [04/Dec/2019 11:38:37] "GET /assets/js/plugins/bootstrap-notify.js HTTP/1.1" 404 -
INFO:werkzeug:127.0.0.1 - - [04/Dec/2019 11:38:37] "GET /assets/js/plugins/chartist.min.js HTTP/1.1" 404 -
INFO:werkzeug:127.0.0.1 - - [04/Dec/2019 11:38:37] "GET /assets/js/material-dashboard.js?v=2.1.1 HTTP/1.1" 404 -
INFO:werkzeug:127.0.0.1 - - [04/Dec/2019 11:38:38] "GET /assets/js/plugins/bootstrap-notify.js HTTP/1.1" 404 -
INFO:werkzeug:127.0.0.1 - - [04/Dec/2019 11:38:38] "GET /assets/js/material-dashboard.js?v=2.1.1 HTTP/1.1" 404 -
INFO:werkzeug:127.0.0.1 - - [04/Dec/2019 11:38:39] "GET /menus/images HTTP/1.1" 200 -
INFO:werkzeug:127.0.0.1 - - [04/Dec/2019 11:38:39] "GET /menus/assets/js/core/jquery.min.js HTTP/1.1" 404 -
INFO:werkzeug:127.0.0.1 - - [04/Dec/2019 11:38:39] "GET /menus/assets/js/core/popper.min.js HTTP/1.1" 404 -
INFO:werkzeug:127.0.0.1 - - [04/Dec/2019 11:38:39] "GET /menus/assets/js/core/bootstrap-material-design.min.js HTTP/1.1" 404 -
INFO:werkzeug:127.0.0.1 - - [04/Dec/2019 11:38:39] "GET /menus/assets/js/plugins/perfect-scrollbar.jquery.min.js HTTP/1.1" 404 -
INFO:werkzeug:127.0.0.1 - - [04/Dec/2019 11:38:39] "GET /menus/assets/js/plugins/bootstrap-notify.js HTTP/1.1" 404 -
INFO:werkzeug:127.0.0.1 - - [04/Dec/2019 11:38:39] "GET /menus/assets/js/plugins/chartist.min.js HTTP/1.1" 404 -
INFO:werkzeug:127.0.0.1 - - [04/Dec/2019 11:38:39] "GET /menus/assets/js/material-dashboard.js?v=2.1.1 HTTP/1.1" 404 -
INFO:werkzeug:127.0.0.1 - - [04/Dec/2019 11:38:39] "GET /menus/assets/js/plugins/bootstrap-notify.js HTTP/1.1" 404 -
INFO:werkzeug:127.0.0.1 - - [04/Dec/2019 11:38:40] "GET /menus/assets/js/material-dashboard.js?v=2.1.1 HTTP/1.1" 404 -
INFO:werkzeug:127.0.0.1 - - [04/Dec/2019 11:38:40] "GET /menus/books HTTP/1.1" 200 -
INFO:werkzeug:127.0.0.1 - - [04/Dec/2019 11:38:40] "GET /menus/assets/js/core/jquery.min.js HTTP/1.1" 404 -
INFO:werkzeug:127.0.0.1 - - [04/Dec/2019 11:38:40] "GET /menus/assets/js/core/popper.min.js HTTP/1.1" 404 -
INFO:werkzeug:127.0.0.1 - - [04/Dec/2019 11:38:40] "GET /menus/assets/js/core/bootstrap-material-design.min.js HTTP/1.1" 404 -
INFO:werkzeug:127.0.0.1 - - [04/Dec/2019 11:38:40] "GET /menus/assets/js/plugins/perfect-scrollbar.jquery.min.js HTTP/1.1" 404 -
INFO:werkzeug:127.0.0.1 - - [04/Dec/2019 11:38:40] "GET /menus/assets/js/plugins/chartist.min.js HTTP/1.1" 404 -
INFO:werkzeug:127.0.0.1 - - [04/Dec/2019 11:38:40] "GET /menus/assets/js/plugins/bootstrap-notify.js HTTP/1.1" 404 -
INFO:werkzeug:127.0.0.1 - - [04/Dec/2019 11:38:41] "GET /menus/assets/js/material-dashboard.js?v=2.1.1 HTTP/1.1" 404 -
INFO:werkzeug:127.0.0.1 - - [04/Dec/2019 11:38:41] "GET /menus/assets/js/plugins/chartist.min.js HTTP/1.1" 404 -
INFO:werkzeug:127.0.0.1 - - [04/Dec/2019 11:38:41] "GET /menus/assets/js/plugins/bootstrap-notify.js HTTP/1.1" 404 -
INFO:werkzeug:127.0.0.1 - - [04/Dec/2019 11:38:41] "GET /menus/assets/js/material-dashboard.js?v=2.1.1 HTTP/1.1" 404 -
INFO:werkzeug:127.0.0.1 - - [04/Dec/2019 11:38:42] "GET / HTTP/1.1" 200 -
INFO:werkzeug:127.0.0.1 - - [04/Dec/2019 11:38:42] "GET /assets/js/core/jquery.min.js HTTP/1.1" 404 -
INFO:werkzeug:127.0.0.1 - - [04/Dec/2019 11:38:42] "GET /assets/js/core/popper.min.js HTTP/1.1" 404 -
INFO:werkzeug:127.0.0.1 - - [04/Dec/2019 11:38:42] "GET /assets/js/plugins/bootstrap-notify.js HTTP/1.1" 404 -
INFO:werkzeug:127.0.0.1 - - [04/Dec/2019 11:38:42] "GET /assets/js/plugins/perfect-scrollbar.jquery.min.js HTTP/1.1" 404 -
INFO:werkzeug:127.0.0.1 - - [04/Dec/2019 11:38:42] "GET /assets/js/plugins/chartist.min.js HTTP/1.1" 404 -
INFO:werkzeug:127.0.0.1 - - [04/Dec/2019 11:38:42] "GET /assets/js/core/bootstrap-material-design.min.js HTTP/1.1" 404 -
INFO:werkzeug:127.0.0.1 - - [04/Dec/2019 11:38:43] "GET /assets/js/material-dashboard.js?v=2.1.1 HTTP/1.1" 404 -
INFO:werkzeug:127.0.0.1 - - [04/Dec/2019 11:38:43] "GET /assets/js/plugins/perfect-scrollbar.jquery.min.js HTTP/1.1" 404 -
INFO:werkzeug:127.0.0.1 - - [04/Dec/2019 11:38:43] "GET /assets/js/plugins/chartist.min.js HTTP/1.1" 404 -
INFO:werkzeug:127.0.0.1 - - [04/Dec/2019 11:38:43] "GET /assets/js/plugins/bootstrap-notify.js HTTP/1.1" 404 -
INFO:werkzeug:127.0.0.1 - - [04/Dec/2019 11:38:43] "GET /assets/js/material-dashboard.js?v=2.1.1 HTTP/1.1" 404 -
INFO:werkzeug:127.0.0.1 - - [04/Dec/2019 11:39:36] "GET / HTTP/1.1" 200 -
INFO:werkzeug:127.0.0.1 - - [04/Dec/2019 11:39:36] "GET /assets/js/core/jquery.min.js HTTP/1.1" 404 -
INFO:werkzeug:127.0.0.1 - - [04/Dec/2019 11:39:36] "GET /assets/js/core/popper.min.js HTTP/1.1" 404 -
INFO:werkzeug:127.0.0.1 - - [04/Dec/2019 11:39:36] "GET /assets/js/core/bootstrap-material-design.min.js HTTP/1.1" 404 -
INFO:werkzeug:127.0.0.1 - - [04/Dec/2019 11:39:36] "GET /assets/js/plugins/perfect-scrollbar.jquery.min.js HTTP/1.1" 404 -
INFO:werkzeug:127.0.0.1 - - [04/Dec/2019 11:39:36] "GET /assets/js/plugins/chartist.min.js HTTP/1.1" 404 -
INFO:werkzeug:127.0.0.1 - - [04/Dec/2019 11:39:36] "GET /assets/js/plugins/moment.min.js HTTP/1.1" 404 -
INFO:werkzeug:127.0.0.1 - - [04/Dec/2019 11:39:36] "GET /assets/js/plugins/bootstrap-notify.js HTTP/1.1" 404 -
INFO:werkzeug:127.0.0.1 - - [04/Dec/2019 11:39:37] "GET /assets/js/material-dashboard.js?v=2.1.1 HTTP/1.1" 404 -
INFO:werkzeug:127.0.0.1 - - [04/Dec/2019 11:39:37] "GET /assets/js/plugins/moment.min.js HTTP/1.1" 404 -
INFO:werkzeug:127.0.0.1 - - [04/Dec/2019 11:40:54] "GET / HTTP/1.1" 200 -
INFO:werkzeug:127.0.0.1 - - [04/Dec/2019 11:40:54] "GET /assets/js/core/jquery.min.js HTTP/1.1" 404 -
INFO:werkzeug:127.0.0.1 - - [04/Dec/2019 11:40:55] "GET /assets/js/core/popper.min.js HTTP/1.1" 404 -
INFO:werkzeug:127.0.0.1 - - [04/Dec/2019 11:40:55] "GET /assets/js/core/bootstrap-material-design.min.js HTTP/1.1" 404 -
INFO:werkzeug:127.0.0.1 - - [04/Dec/2019 11:40:55] "GET /assets/js/plugins/perfect-scrollbar.jquery.min.js HTTP/1.1" 404 -
INFO:werkzeug:127.0.0.1 - - [04/Dec/2019 11:40:55] "GET /assets/js/plugins/chartist.min.js HTTP/1.1" 404 -
INFO:werkzeug:127.0.0.1 - - [04/Dec/2019 11:40:55] "GET /assets/js/plugins/bootstrap-notify.js HTTP/1.1" 404 -
INFO:werkzeug:127.0.0.1 - - [04/Dec/2019 11:40:55] "GET /assets/js/material-dashboard.js?v=2.1.1 HTTP/1.1" 404 -
INFO:werkzeug:127.0.0.1 - - [04/Dec/2019 11:40:55] "GET /assets/js/plugins/moment.min.js HTTP/1.1" 404 -
INFO:werkzeug:127.0.0.1 - - [04/Dec/2019 11:40:55] "GET /assets/js/plugins/bootstrap-notify.js HTTP/1.1" 404 -
INFO:werkzeug:127.0.0.1 - - [04/Dec/2019 11:40:55] "GET /assets/js/material-dashboard.js?v=2.1.1 HTTP/1.1" 404 -
INFO:werkzeug:127.0.0.1 - - [04/Dec/2019 11:40:56] "GET /assets/js/plugins/moment.min.js HTTP/1.1" 404 -
INFO:werkzeug:127.0.0.1 - - [04/Dec/2019 11:41:25] "GET /menus/searchs HTTP/1.1" 200 -
INFO:werkzeug:127.0.0.1 - - [04/Dec/2019 11:41:25] "GET /menus/assets/js/core/jquery.min.js HTTP/1.1" 404 -
INFO:werkzeug:127.0.0.1 - - [04/Dec/2019 11:41:25] "GET /menus/assets/js/core/popper.min.js HTTP/1.1" 404 -
INFO:werkzeug:127.0.0.1 - - [04/Dec/2019 11:41:25] "GET /menus/assets/js/core/bootstrap-material-design.min.js HTTP/1.1" 404 -
INFO:werkzeug:127.0.0.1 - - [04/Dec/2019 11:41:25] "GET /menus/assets/js/plugins/perfect-scrollbar.jquery.min.js HTTP/1.1" 404 -
INFO:werkzeug:127.0.0.1 - - [04/Dec/2019 11:41:25] "GET /menus/assets/js/plugins/chartist.min.js HTTP/1.1" 404 -
INFO:werkzeug:127.0.0.1 - - [04/Dec/2019 11:41:25] "GET /menus/assets/js/plugins/bootstrap-notify.js HTTP/1.1" 404 -
INFO:werkzeug:127.0.0.1 - - [04/Dec/2019 11:41:25] "GET /menus/assets/js/material-dashboard.js?v=2.1.1 HTTP/1.1" 404 -
INFO:werkzeug:127.0.0.1 - - [04/Dec/2019 11:41:27] "GET /menus/searchs HTTP/1.1" 200 -
INFO:werkzeug:127.0.0.1 - - [04/Dec/2019 11:41:27] "GET /menus/assets/js/core/jquery.min.js HTTP/1.1" 404 -
INFO:werkzeug:127.0.0.1 - - [04/Dec/2019 11:41:27] "GET /menus/assets/js/core/bootstrap-material-design.min.js HTTP/1.1" 404 -
INFO:werkzeug:127.0.0.1 - - [04/Dec/2019 11:41:27] "GET /menus/assets/js/core/popper.min.js HTTP/1.1" 404 -
INFO:werkzeug:127.0.0.1 - - [04/Dec/2019 11:41:27] "GET /menus/assets/js/plugins/perfect-scrollbar.jquery.min.js HTTP/1.1" 404 -
INFO:werkzeug:127.0.0.1 - - [04/Dec/2019 11:41:27] "GET /menus/assets/js/plugins/chartist.min.js HTTP/1.1" 404 -
INFO:werkzeug:127.0.0.1 - - [04/Dec/2019 11:41:27] "GET /menus/assets/js/plugins/bootstrap-notify.js HTTP/1.1" 404 -
INFO:werkzeug:127.0.0.1 - - [04/Dec/2019 11:41:27] "GET /menus/assets/js/material-dashboard.js?v=2.1.1 HTTP/1.1" 404 -
INFO:werkzeug:127.0.0.1 - - [04/Dec/2019 11:41:28] "GET /menus/assets/js/core/bootstrap-material-design.min.js HTTP/1.1" 404 -
INFO:werkzeug:127.0.0.1 - - [04/Dec/2019 11:41:28] "GET /menus/assets/js/plugins/perfect-scrollbar.jquery.min.js HTTP/1.1" 404 -
INFO:werkzeug:127.0.0.1 - - [04/Dec/2019 11:41:28] "GET /menus/assets/js/plugins/chartist.min.js HTTP/1.1" 404 -
INFO:werkzeug:127.0.0.1 - - [04/Dec/2019 11:41:28] "GET /menus/assets/js/plugins/bootstrap-notify.js HTTP/1.1" 404 -
INFO:werkzeug:127.0.0.1 - - [04/Dec/2019 11:41:29] "GET /menus/assets/js/material-dashboard.js?v=2.1.1 HTTP/1.1" 404 -
INFO:werkzeug:127.0.0.1 - - [04/Dec/2019 11:42:29] "GET /menus/searchs HTTP/1.1" 200 -
INFO:werkzeug:127.0.0.1 - - [04/Dec/2019 11:42:29] "GET /menus/assets/js/core/jquery.min.js HTTP/1.1" 404 -
INFO:werkzeug:127.0.0.1 - - [04/Dec/2019 11:42:29] "GET /menus/assets/js/core/popper.min.js HTTP/1.1" 404 -
INFO:werkzeug:127.0.0.1 - - [04/Dec/2019 11:42:29] "GET /menus/assets/js/core/bootstrap-material-design.min.js HTTP/1.1" 404 -
INFO:werkzeug:127.0.0.1 - - [04/Dec/2019 11:42:29] "GET /menus/assets/js/plugins/chartist.min.js HTTP/1.1" 404 -
INFO:werkzeug:127.0.0.1 - - [04/Dec/2019 11:42:29] "GET /menus/assets/js/plugins/bootstrap-notify.js HTTP/1.1" 404 -
INFO:werkzeug:127.0.0.1 - - [04/Dec/2019 11:42:29] "GET /menus/assets/js/material-dashboard.js?v=2.1.1 HTTP/1.1" 404 -
INFO:werkzeug:127.0.0.1 - - [04/Dec/2019 11:42:29] "GET /menus/assets/js/plugins/perfect-scrollbar.jquery.min.js HTTP/1.1" 404 -
INFO:werkzeug:127.0.0.1 - - [04/Dec/2019 11:42:29] "GET /menus/assets/js/plugins/chartist.min.js HTTP/1.1" 404 -
INFO:werkzeug:127.0.0.1 - - [04/Dec/2019 11:42:30] "GET /menus/assets/js/plugins/bootstrap-notify.js HTTP/1.1" 404 -
INFO:werkzeug:127.0.0.1 - - [04/Dec/2019 11:42:30] "GET /menus/assets/js/material-dashboard.js?v=2.1.1 HTTP/1.1" 404 -
INFO:werkzeug:127.0.0.1 - - [04/Dec/2019 11:42:30] "GET / HTTP/1.1" 200 -
INFO:werkzeug:127.0.0.1 - - [04/Dec/2019 11:42:30] "GET /assets/js/core/jquery.min.js HTTP/1.1" 404 -
INFO:werkzeug:127.0.0.1 - - [04/Dec/2019 11:42:30] "GET /assets/js/core/popper.min.js HTTP/1.1" 404 -
INFO:werkzeug:127.0.0.1 - - [04/Dec/2019 11:42:30] "GET /assets/js/plugins/perfect-scrollbar.jquery.min.js HTTP/1.1" 404 -
INFO:werkzeug:127.0.0.1 - - [04/Dec/2019 11:42:30] "GET /assets/js/plugins/chartist.min.js HTTP/1.1" 404 -
INFO:werkzeug:127.0.0.1 - - [04/Dec/2019 11:42:30] "GET /assets/js/core/bootstrap-material-design.min.js HTTP/1.1" 404 -
INFO:werkzeug:127.0.0.1 - - [04/Dec/2019 11:42:30] "GET /assets/js/plugins/bootstrap-notify.js HTTP/1.1" 404 -
INFO:werkzeug:127.0.0.1 - - [04/Dec/2019 11:42:30] "GET /assets/js/material-dashboard.js?v=2.1.1 HTTP/1.1" 404 -
INFO:werkzeug:127.0.0.1 - - [04/Dec/2019 11:42:31] "GET /assets/js/plugins/moment.min.js HTTP/1.1" 404 -
INFO:werkzeug:127.0.0.1 - - [04/Dec/2019 11:42:31] "GET /assets/js/plugins/perfect-scrollbar.jquery.min.js HTTP/1.1" 404 -
INFO:werkzeug:127.0.0.1 - - [04/Dec/2019 11:42:31] "GET /assets/js/plugins/chartist.min.js HTTP/1.1" 404 -
INFO:werkzeug:127.0.0.1 - - [04/Dec/2019 11:42:31] "GET /assets/js/plugins/bootstrap-notify.js HTTP/1.1" 404 -
INFO:werkzeug:127.0.0.1 - - [04/Dec/2019 11:42:31] "GET /assets/js/material-dashboard.js?v=2.1.1 HTTP/1.1" 404 -
INFO:werkzeug:127.0.0.1 - - [04/Dec/2019 11:42:31] "GET /assets/js/plugins/moment.min.js HTTP/1.1" 404 -
INFO:werkzeug:127.0.0.1 - - [04/Dec/2019 11:44:55] "GET / HTTP/1.1" 200 -
INFO:werkzeug:127.0.0.1 - - [04/Dec/2019 11:44:55] "GET /assets/js/core/jquery.min.js HTTP/1.1" 404 -
INFO:werkzeug:127.0.0.1 - - [04/Dec/2019 11:44:55] "GET /assets/js/core/popper.min.js HTTP/1.1" 404 -
INFO:werkzeug:127.0.0.1 - - [04/Dec/2019 11:44:55] "GET /assets/js/core/bootstrap-material-design.min.js HTTP/1.1" 404 -
INFO:werkzeug:127.0.0.1 - - [04/Dec/2019 11:44:55] "GET /assets/js/plugins/chartist.min.js HTTP/1.1" 404 -
INFO:werkzeug:127.0.0.1 - - [04/Dec/2019 11:44:55] "GET /assets/js/plugins/perfect-scrollbar.jquery.min.js HTTP/1.1" 404 -
INFO:werkzeug:127.0.0.1 - - [04/Dec/2019 11:44:55] "GET /assets/js/plugins/bootstrap-notify.js HTTP/1.1" 404 -
INFO:werkzeug:127.0.0.1 - - [04/Dec/2019 11:44:55] "GET /assets/js/material-dashboard.js?v=2.1.1 HTTP/1.1" 404 -
INFO:werkzeug:127.0.0.1 - - [04/Dec/2019 11:44:55] "GET /assets/js/plugins/chartist.min.js HTTP/1.1" 404 -
INFO:werkzeug:127.0.0.1 - - [04/Dec/2019 11:44:55] "GET /assets/js/plugins/bootstrap-notify.js HTTP/1.1" 404 -
INFO:werkzeug:127.0.0.1 - - [04/Dec/2019 11:44:56] "GET /assets/js/material-dashboard.js?v=2.1.1 HTTP/1.1" 404 -
INFO:werkzeug:127.0.0.1 - - [04/Dec/2019 11:47:01] "GET / HTTP/1.1" 200 -
INFO:werkzeug:127.0.0.1 - - [04/Dec/2019 11:47:01] "GET /assets/js/core/jquery.min.js HTTP/1.1" 404 -
INFO:werkzeug:127.0.0.1 - - [04/Dec/2019 11:47:01] "GET /assets/js/core/popper.min.js HTTP/1.1" 404 -
INFO:werkzeug:127.0.0.1 - - [04/Dec/2019 11:47:01] "GET /assets/js/core/bootstrap-material-design.min.js HTTP/1.1" 404 -
INFO:werkzeug:127.0.0.1 - - [04/Dec/2019 11:47:01] "GET /assets/js/plugins/perfect-scrollbar.jquery.min.js HTTP/1.1" 404 -
INFO:werkzeug:127.0.0.1 - - [04/Dec/2019 11:47:01] "GET /assets/js/plugins/bootstrap-notify.js HTTP/1.1" 404 -
INFO:werkzeug:127.0.0.1 - - [04/Dec/2019 11:47:01] "GET /assets/js/plugins/chartist.min.js HTTP/1.1" 404 -
INFO:werkzeug:127.0.0.1 - - [04/Dec/2019 11:47:01] "GET /assets/js/material-dashboard.js?v=2.1.1 HTTP/1.1" 404 -
INFO:werkzeug:127.0.0.1 - - [04/Dec/2019 11:47:01] "GET /assets/js/plugins/chartist.min.js HTTP/1.1" 404 -
INFO:werkzeug:127.0.0.1 - - [04/Dec/2019 11:47:02] "GET /assets/js/plugins/bootstrap-notify.js HTTP/1.1" 404 -
INFO:werkzeug:127.0.0.1 - - [04/Dec/2019 11:47:02] "GET /assets/js/material-dashboard.js?v=2.1.1 HTTP/1.1" 404 -
INFO:werkzeug:127.0.0.1 - - [04/Dec/2019 11:47:41] "GET / HTTP/1.1" 200 -
INFO:werkzeug:127.0.0.1 - - [04/Dec/2019 11:47:41] "GET /assets/js/core/jquery.min.js HTTP/1.1" 404 -
INFO:werkzeug:127.0.0.1 - - [04/Dec/2019 11:47:42] "GET /assets/js/core/popper.min.js HTTP/1.1" 404 -
INFO:werkzeug:127.0.0.1 - - [04/Dec/2019 11:47:42] "GET /assets/js/core/bootstrap-material-design.min.js HTTP/1.1" 404 -
INFO:werkzeug:127.0.0.1 - - [04/Dec/2019 11:47:42] "GET /assets/js/plugins/perfect-scrollbar.jquery.min.js HTTP/1.1" 404 -
INFO:werkzeug:127.0.0.1 - - [04/Dec/2019 11:47:42] "GET /assets/js/plugins/chartist.min.js HTTP/1.1" 404 -
INFO:werkzeug:127.0.0.1 - - [04/Dec/2019 11:47:42] "GET /assets/js/plugins/bootstrap-notify.js HTTP/1.1" 404 -
INFO:werkzeug:127.0.0.1 - - [04/Dec/2019 11:47:42] "GET /assets/js/material-dashboard.js?v=2.1.1 HTTP/1.1" 404 -
INFO:werkzeug:127.0.0.1 - - [04/Dec/2019 11:47:42] "GET /assets/js/plugins/chartist.min.js HTTP/1.1" 404 -
INFO:werkzeug:127.0.0.1 - - [04/Dec/2019 11:47:42] "GET /assets/js/plugins/bootstrap-notify.js HTTP/1.1" 404 -
INFO:werkzeug:127.0.0.1 - - [04/Dec/2019 11:47:42] "GET /assets/js/material-dashboard.js?v=2.1.1 HTTP/1.1" 404 -
INFO:werkzeug:127.0.0.1 - - [04/Dec/2019 11:48:26] "GET / HTTP/1.1" 200 -
INFO:werkzeug:127.0.0.1 - - [04/Dec/2019 11:48:26] "GET /assets/js/core/jquery.min.js HTTP/1.1" 404 -
INFO:werkzeug:127.0.0.1 - - [04/Dec/2019 11:48:26] "GET /assets/js/core/popper.min.js HTTP/1.1" 404 -
INFO:werkzeug:127.0.0.1 - - [04/Dec/2019 11:48:26] "GET /assets/js/plugins/perfect-scrollbar.jquery.min.js HTTP/1.1" 404 -
INFO:werkzeug:127.0.0.1 - - [04/Dec/2019 11:48:26] "GET /assets/js/core/bootstrap-material-design.min.js HTTP/1.1" 404 -
INFO:werkzeug:127.0.0.1 - - [04/Dec/2019 11:48:26] "GET /assets/js/plugins/chartist.min.js HTTP/1.1" 404 -
INFO:werkzeug:127.0.0.1 - - [04/Dec/2019 11:48:26] "GET /assets/js/plugins/bootstrap-notify.js HTTP/1.1" 404 -
INFO:werkzeug:127.0.0.1 - - [04/Dec/2019 11:48:26] "GET /assets/js/material-dashboard.js?v=2.1.1 HTTP/1.1" 404 -
INFO:werkzeug:127.0.0.1 - - [04/Dec/2019 11:50:50] "GET / HTTP/1.1" 200 -
INFO:werkzeug:127.0.0.1 - - [04/Dec/2019 11:50:50] "GET /assets/js/core/jquery.min.js HTTP/1.1" 404 -
INFO:werkzeug:127.0.0.1 - - [04/Dec/2019 11:50:50] "GET /assets/js/core/popper.min.js HTTP/1.1" 404 -
INFO:werkzeug:127.0.0.1 - - [04/Dec/2019 11:50:50] "GET /assets/js/core/bootstrap-material-design.min.js HTTP/1.1" 404 -
INFO:werkzeug:127.0.0.1 - - [04/Dec/2019 11:50:50] "GET /assets/js/plugins/perfect-scrollbar.jquery.min.js HTTP/1.1" 404 -
INFO:werkzeug:127.0.0.1 - - [04/Dec/2019 11:50:50] "GET /assets/js/plugins/chartist.min.js HTTP/1.1" 404 -
INFO:werkzeug:127.0.0.1 - - [04/Dec/2019 11:50:50] "GET /assets/js/plugins/bootstrap-notify.js HTTP/1.1" 404 -
INFO:werkzeug:127.0.0.1 - - [04/Dec/2019 11:50:50] "GET /assets/js/material-dashboard.js?v=2.1.1 HTTP/1.1" 404 -
INFO:werkzeug:127.0.0.1 - - [04/Dec/2019 11:51:00] "GET /auth/login HTTP/1.1" 200 -
INFO:werkzeug:127.0.0.1 - - [04/Dec/2019 11:51:00] "GET /auth/assets/js/core/jquery.min.js HTTP/1.1" 404 -
INFO:werkzeug:127.0.0.1 - - [04/Dec/2019 11:51:00] "GET /auth/assets/js/core/popper.min.js HTTP/1.1" 404 -
INFO:werkzeug:127.0.0.1 - - [04/Dec/2019 11:51:00] "GET /auth/assets/js/core/bootstrap-material-design.min.js HTTP/1.1" 404 -
INFO:werkzeug:127.0.0.1 - - [04/Dec/2019 11:51:00] "GET /auth/assets/js/plugins/perfect-scrollbar.jquery.min.js HTTP/1.1" 404 -
INFO:werkzeug:127.0.0.1 - - [04/Dec/2019 11:51:00] "GET /auth/assets/js/plugins/chartist.min.js HTTP/1.1" 404 -
INFO:werkzeug:127.0.0.1 - - [04/Dec/2019 11:51:00] "GET /auth/assets/js/plugins/bootstrap-notify.js HTTP/1.1" 404 -
INFO:werkzeug:127.0.0.1 - - [04/Dec/2019 11:51:00] "GET /auth/assets/js/material-dashboard.js?v=2.1.1 HTTP/1.1" 404 -
INFO:werkzeug:127.0.0.1 - - [04/Dec/2019 11:51:00] "GET /static/images/kakao_account_login_btn_medium_narrow.png HTTP/1.1" 304 -
INFO:werkzeug:127.0.0.1 - - [04/Dec/2019 11:51:05] "POST /auth/login HTTP/1.1" 302 -
INFO:werkzeug:127.0.0.1 - - [04/Dec/2019 11:51:05] "GET / HTTP/1.1" 200 -
INFO:werkzeug:127.0.0.1 - - [04/Dec/2019 11:51:05] "GET /assets/js/core/jquery.min.js HTTP/1.1" 404 -
INFO:werkzeug:127.0.0.1 - - [04/Dec/2019 11:51:05] "GET /assets/js/core/popper.min.js HTTP/1.1" 404 -
INFO:werkzeug:127.0.0.1 - - [04/Dec/2019 11:51:05] "GET /assets/js/plugins/perfect-scrollbar.jquery.min.js HTTP/1.1" 404 -
INFO:werkzeug:127.0.0.1 - - [04/Dec/2019 11:51:05] "GET /assets/js/core/bootstrap-material-design.min.js HTTP/1.1" 404 -
INFO:werkzeug:127.0.0.1 - - [04/Dec/2019 11:51:05] "GET /assets/js/plugins/chartist.min.js HTTP/1.1" 404 -
INFO:werkzeug:127.0.0.1 - - [04/Dec/2019 11:51:05] "GET /assets/js/plugins/bootstrap-notify.js HTTP/1.1" 404 -
INFO:werkzeug:127.0.0.1 - - [04/Dec/2019 11:51:05] "GET /assets/js/material-dashboard.js?v=2.1.1 HTTP/1.1" 404 -
INFO:werkzeug:127.0.0.1 - - [04/Dec/2019 11:51:06] "GET /assets/js/core/bootstrap-material-design.min.js HTTP/1.1" 404 -
INFO:werkzeug:127.0.0.1 - - [04/Dec/2019 11:51:06] "GET /assets/js/plugins/perfect-scrollbar.jquery.min.js HTTP/1.1" 404 -
INFO:werkzeug:127.0.0.1 - - [04/Dec/2019 11:51:06] "GET /assets/js/plugins/chartist.min.js HTTP/1.1" 404 -
INFO:werkzeug:127.0.0.1 - - [04/Dec/2019 11:51:06] "GET /assets/js/plugins/bootstrap-notify.js HTTP/1.1" 404 -
INFO:werkzeug:127.0.0.1 - - [04/Dec/2019 11:51:06] "GET /assets/js/material-dashboard.js?v=2.1.1 HTTP/1.1" 404 -
INFO:werkzeug:127.0.0.1 - - [04/Dec/2019 11:51:47] "GET /auth/my_page HTTP/1.1" 200 -
INFO:werkzeug:127.0.0.1 - - [04/Dec/2019 11:51:47] "GET /auth/assets/js/core/jquery.min.js HTTP/1.1" 404 -
INFO:werkzeug:127.0.0.1 - - [04/Dec/2019 11:51:48] "GET /auth/assets/js/core/popper.min.js HTTP/1.1" 404 -
INFO:werkzeug:127.0.0.1 - - [04/Dec/2019 11:51:48] "GET /auth/assets/js/core/bootstrap-material-design.min.js HTTP/1.1" 404 -
INFO:werkzeug:127.0.0.1 - - [04/Dec/2019 11:51:48] "GET /auth/assets/js/plugins/perfect-scrollbar.jquery.min.js HTTP/1.1" 404 -
INFO:werkzeug:127.0.0.1 - - [04/Dec/2019 11:51:48] "GET /auth/assets/js/plugins/chartist.min.js HTTP/1.1" 404 -
INFO:werkzeug:127.0.0.1 - - [04/Dec/2019 11:51:48] "GET /auth/assets/js/plugins/bootstrap-notify.js HTTP/1.1" 404 -
INFO:werkzeug:127.0.0.1 - - [04/Dec/2019 11:51:48] "GET /auth/assets/js/material-dashboard.js?v=2.1.1 HTTP/1.1" 404 -
INFO:werkzeug:127.0.0.1 - - [04/Dec/2019 11:51:51] "GET /auth/logout HTTP/1.1" 302 -
INFO:werkzeug:127.0.0.1 - - [04/Dec/2019 11:51:51] "GET / HTTP/1.1" 200 -
INFO:werkzeug:127.0.0.1 - - [04/Dec/2019 11:51:51] "GET /assets/js/core/jquery.min.js HTTP/1.1" 404 -
INFO:werkzeug:127.0.0.1 - - [04/Dec/2019 11:51:51] "GET /assets/js/core/popper.min.js HTTP/1.1" 404 -
INFO:werkzeug:127.0.0.1 - - [04/Dec/2019 11:51:51] "GET /assets/js/core/bootstrap-material-design.min.js HTTP/1.1" 404 -
INFO:werkzeug:127.0.0.1 - - [04/Dec/2019 11:51:51] "GET /assets/js/plugins/chartist.min.js HTTP/1.1" 404 -
INFO:werkzeug:127.0.0.1 - - [04/Dec/2019 11:51:51] "GET /assets/js/plugins/perfect-scrollbar.jquery.min.js HTTP/1.1" 404 -
INFO:werkzeug:127.0.0.1 - - [04/Dec/2019 11:51:51] "GET /assets/js/plugins/bootstrap-notify.js HTTP/1.1" 404 -
INFO:werkzeug:127.0.0.1 - - [04/Dec/2019 11:51:51] "GET /assets/js/material-dashboard.js?v=2.1.1 HTTP/1.1" 404 -
INFO:werkzeug:127.0.0.1 - - [04/Dec/2019 11:51:51] "GET /assets/js/plugins/chartist.min.js HTTP/1.1" 404 -
INFO:werkzeug:127.0.0.1 - - [04/Dec/2019 11:51:52] "GET /assets/js/plugins/bootstrap-notify.js HTTP/1.1" 404 -
INFO:werkzeug:127.0.0.1 - - [04/Dec/2019 11:51:52] "GET /assets/js/material-dashboard.js?v=2.1.1 HTTP/1.1" 404 -
INFO:werkzeug:127.0.0.1 - - [04/Dec/2019 11:51:53] "GET /auth/login HTTP/1.1" 200 -
INFO:werkzeug:127.0.0.1 - - [04/Dec/2019 11:51:53] "GET /auth/assets/js/core/jquery.min.js HTTP/1.1" 404 -
INFO:werkzeug:127.0.0.1 - - [04/Dec/2019 11:51:53] "GET /auth/assets/js/core/popper.min.js HTTP/1.1" 404 -
INFO:werkzeug:127.0.0.1 - - [04/Dec/2019 11:51:53] "GET /auth/assets/js/core/bootstrap-material-design.min.js HTTP/1.1" 404 -
INFO:werkzeug:127.0.0.1 - - [04/Dec/2019 11:51:53] "GET /auth/assets/js/plugins/perfect-scrollbar.jquery.min.js HTTP/1.1" 404 -
INFO:werkzeug:127.0.0.1 - - [04/Dec/2019 11:51:53] "GET /auth/assets/js/plugins/chartist.min.js HTTP/1.1" 404 -
INFO:werkzeug:127.0.0.1 - - [04/Dec/2019 11:51:53] "GET /auth/assets/js/plugins/bootstrap-notify.js HTTP/1.1" 404 -
INFO:werkzeug:127.0.0.1 - - [04/Dec/2019 11:51:54] "GET /auth/assets/js/material-dashboard.js?v=2.1.1 HTTP/1.1" 404 -
INFO:werkzeug:127.0.0.1 - - [04/Dec/2019 11:52:11] "GET /auth/kakao_oauth_redirect?code=k9NWo5JJ25B6d2zIxVH7eEfslNDN_NgGwminI6dqmdK1Cd70rLBaG7dhOzCBncvJLgXTTQopdbIAAAFuztK9Rw HTTP/1.1" 302 -
INFO:werkzeug:127.0.0.1 - - [04/Dec/2019 11:52:11] "GET /auth/login HTTP/1.1" 200 -
INFO:werkzeug:127.0.0.1 - - [04/Dec/2019 11:52:12] "GET /auth/assets/js/core/popper.min.js HTTP/1.1" 404 -
INFO:werkzeug:127.0.0.1 - - [04/Dec/2019 11:52:12] "GET /auth/assets/js/core/jquery.min.js HTTP/1.1" 404 -
INFO:werkzeug:127.0.0.1 - - [04/Dec/2019 11:52:12] "GET /auth/assets/js/core/bootstrap-material-design.min.js HTTP/1.1" 404 -
INFO:werkzeug:127.0.0.1 - - [04/Dec/2019 11:52:12] "GET /auth/assets/js/plugins/perfect-scrollbar.jquery.min.js HTTP/1.1" 404 -
INFO:werkzeug:127.0.0.1 - - [04/Dec/2019 11:52:12] "GET /auth/assets/js/plugins/chartist.min.js HTTP/1.1" 404 -
INFO:werkzeug:127.0.0.1 - - [04/Dec/2019 11:52:12] "GET /auth/assets/js/plugins/bootstrap-notify.js HTTP/1.1" 404 -
INFO:werkzeug:127.0.0.1 - - [04/Dec/2019 11:52:12] "GET /auth/assets/js/material-dashboard.js?v=2.1.1 HTTP/1.1" 404 -
INFO:werkzeug:127.0.0.1 - - [04/Dec/2019 11:52:12] "GET /auth/assets/js/core/popper.min.js HTTP/1.1" 404 -
INFO:werkzeug:127.0.0.1 - - [04/Dec/2019 11:52:12] "GET /auth/assets/js/core/bootstrap-material-design.min.js HTTP/1.1" 404 -
INFO:werkzeug:127.0.0.1 - - [04/Dec/2019 11:52:13] "GET /auth/assets/js/plugins/perfect-scrollbar.jquery.min.js HTTP/1.1" 404 -
INFO:werkzeug:127.0.0.1 - - [04/Dec/2019 11:52:13] "GET /auth/assets/js/plugins/chartist.min.js HTTP/1.1" 404 -
INFO:werkzeug:127.0.0.1 - - [04/Dec/2019 11:52:13] "GET /auth/assets/js/plugins/bootstrap-notify.js HTTP/1.1" 404 -
INFO:werkzeug:127.0.0.1 - - [04/Dec/2019 11:52:13] "GET /auth/assets/js/material-dashboard.js?v=2.1.1 HTTP/1.1" 404 -
INFO:werkzeug:127.0.0.1 - - [04/Dec/2019 11:52:20] "POST /auth/login HTTP/1.1" 302 -
INFO:werkzeug:127.0.0.1 - - [04/Dec/2019 11:52:20] "GET / HTTP/1.1" 200 -
INFO:werkzeug:127.0.0.1 - - [04/Dec/2019 11:52:20] "GET /assets/js/core/popper.min.js HTTP/1.1" 404 -
INFO:werkzeug:127.0.0.1 - - [04/Dec/2019 11:52:20] "GET /assets/js/plugins/perfect-scrollbar.jquery.min.js HTTP/1.1" 404 -
INFO:werkzeug:127.0.0.1 - - [04/Dec/2019 11:52:20] "GET /assets/js/core/bootstrap-material-design.min.js HTTP/1.1" 404 -
INFO:werkzeug:127.0.0.1 - - [04/Dec/2019 11:52:20] "GET /assets/js/plugins/chartist.min.js HTTP/1.1" 404 -
INFO:werkzeug:127.0.0.1 - - [04/Dec/2019 11:52:20] "GET /assets/js/plugins/bootstrap-notify.js HTTP/1.1" 404 -
INFO:werkzeug:127.0.0.1 - - [04/Dec/2019 11:52:20] "GET /assets/js/core/jquery.min.js HTTP/1.1" 404 -
INFO:werkzeug:127.0.0.1 - - [04/Dec/2019 11:52:21] "GET /assets/js/material-dashboard.js?v=2.1.1 HTTP/1.1" 404 -
INFO:werkzeug:127.0.0.1 - - [04/Dec/2019 11:52:21] "GET /assets/js/core/popper.min.js HTTP/1.1" 404 -
INFO:werkzeug:127.0.0.1 - - [04/Dec/2019 11:52:21] "GET /assets/js/core/bootstrap-material-design.min.js HTTP/1.1" 404 -
INFO:werkzeug:127.0.0.1 - - [04/Dec/2019 11:52:21] "GET /assets/js/plugins/perfect-scrollbar.jquery.min.js HTTP/1.1" 404 -
INFO:werkzeug:127.0.0.1 - - [04/Dec/2019 11:52:21] "GET /assets/js/plugins/chartist.min.js HTTP/1.1" 404 -
INFO:werkzeug:127.0.0.1 - - [04/Dec/2019 11:52:22] "GET /assets/js/plugins/bootstrap-notify.js HTTP/1.1" 404 -
INFO:werkzeug:127.0.0.1 - - [04/Dec/2019 11:52:22] "GET /assets/js/material-dashboard.js?v=2.1.1 HTTP/1.1" 404 -
INFO:werkzeug:127.0.0.1 - - [04/Dec/2019 11:54:21] "GET / HTTP/1.1" 200 -
INFO:werkzeug:127.0.0.1 - - [04/Dec/2019 11:54:21] "GET /assets/js/core/jquery.min.js HTTP/1.1" 404 -
INFO:werkzeug:127.0.0.1 - - [04/Dec/2019 11:54:22] "GET /assets/js/core/popper.min.js HTTP/1.1" 404 -
INFO:werkzeug:127.0.0.1 - - [04/Dec/2019 11:54:22] "GET /assets/js/core/bootstrap-material-design.min.js HTTP/1.1" 404 -
INFO:werkzeug:127.0.0.1 - - [04/Dec/2019 11:54:22] "GET /assets/js/plugins/chartist.min.js HTTP/1.1" 404 -
INFO:werkzeug:127.0.0.1 - - [04/Dec/2019 11:54:22] "GET /assets/js/plugins/perfect-scrollbar.jquery.min.js HTTP/1.1" 404 -
INFO:werkzeug:127.0.0.1 - - [04/Dec/2019 11:54:22] "GET /assets/js/plugins/bootstrap-notify.js HTTP/1.1" 404 -
INFO:werkzeug:127.0.0.1 - - [04/Dec/2019 11:54:22] "GET /assets/js/material-dashboard.js?v=2.1.1 HTTP/1.1" 404 -
INFO:werkzeug:127.0.0.1 - - [04/Dec/2019 11:55:26] "GET / HTTP/1.1" 200 -
INFO:werkzeug:127.0.0.1 - - [04/Dec/2019 11:55:26] "GET /assets/js/core/bootstrap-material-design.min.js HTTP/1.1" 404 -
INFO:werkzeug:127.0.0.1 - - [04/Dec/2019 11:55:27] "GET /assets/js/plugins/perfect-scrollbar.jquery.min.js HTTP/1.1" 404 -
INFO:werkzeug:127.0.0.1 - - [04/Dec/2019 11:55:27] "GET /assets/js/core/jquery.min.js HTTP/1.1" 404 -
INFO:werkzeug:127.0.0.1 - - [04/Dec/2019 11:55:27] "GET /assets/js/plugins/chartist.min.js HTTP/1.1" 404 -
INFO:werkzeug:127.0.0.1 - - [04/Dec/2019 11:55:27] "GET /assets/js/core/popper.min.js HTTP/1.1" 404 -
INFO:werkzeug:127.0.0.1 - - [04/Dec/2019 11:55:27] "GET /assets/js/plugins/bootstrap-notify.js HTTP/1.1" 404 -
INFO:werkzeug:127.0.0.1 - - [04/Dec/2019 11:55:27] "GET /assets/js/material-dashboard.js?v=2.1.1 HTTP/1.1" 404 -
INFO:werkzeug:127.0.0.1 - - [04/Dec/2019 11:55:27] "GET /assets/js/core/bootstrap-material-design.min.js HTTP/1.1" 404 -
INFO:werkzeug:127.0.0.1 - - [04/Dec/2019 11:55:27] "GET /assets/js/plugins/perfect-scrollbar.jquery.min.js HTTP/1.1" 404 -
INFO:werkzeug:127.0.0.1 - - [04/Dec/2019 11:55:28] "GET /assets/js/plugins/chartist.min.js HTTP/1.1" 404 -
INFO:werkzeug:127.0.0.1 - - [04/Dec/2019 11:55:28] "GET /assets/js/plugins/bootstrap-notify.js HTTP/1.1" 404 -
INFO:werkzeug:127.0.0.1 - - [04/Dec/2019 11:55:28] "GET / HTTP/1.1" 200 -
INFO:werkzeug:127.0.0.1 - - [04/Dec/2019 11:55:28] "GET /assets/js/core/jquery.min.js HTTP/1.1" 404 -
INFO:werkzeug:127.0.0.1 - - [04/Dec/2019 11:55:28] "GET /assets/js/core/popper.min.js HTTP/1.1" 404 -
INFO:werkzeug:127.0.0.1 - - [04/Dec/2019 11:55:28] "GET /assets/js/core/bootstrap-material-design.min.js HTTP/1.1" 404 -
INFO:werkzeug:127.0.0.1 - - [04/Dec/2019 11:55:28] "GET /assets/js/plugins/perfect-scrollbar.jquery.min.js HTTP/1.1" 404 -
INFO:werkzeug:127.0.0.1 - - [04/Dec/2019 11:55:28] "GET /assets/js/material-dashboard.js?v=2.1.1 HTTP/1.1" 404 -
INFO:werkzeug:127.0.0.1 - - [04/Dec/2019 11:55:28] "GET /assets/js/plugins/chartist.min.js HTTP/1.1" 404 -
INFO:werkzeug:127.0.0.1 - - [04/Dec/2019 11:55:28] "GET /assets/js/plugins/bootstrap-notify.js HTTP/1.1" 404 -
INFO:werkzeug:127.0.0.1 - - [04/Dec/2019 11:55:29] "GET /assets/js/plugins/perfect-scrollbar.jquery.min.js HTTP/1.1" 404 -
INFO:werkzeug:127.0.0.1 - - [04/Dec/2019 11:55:29] "GET /assets/js/plugins/chartist.min.js HTTP/1.1" 404 -
INFO:werkzeug:127.0.0.1 - - [04/Dec/2019 11:55:29] "GET /assets/js/plugins/bootstrap-notify.js HTTP/1.1" 404 -
INFO:werkzeug:127.0.0.1 - - [04/Dec/2019 11:55:29] "GET /assets/js/material-dashboard.js?v=2.1.1 HTTP/1.1" 404 -
INFO:werkzeug:127.0.0.1 - - [04/Dec/2019 11:55:51] "GET / HTTP/1.1" 200 -
INFO:werkzeug:127.0.0.1 - - [04/Dec/2019 11:55:51] "GET /assets/js/core/jquery.min.js HTTP/1.1" 404 -
INFO:werkzeug:127.0.0.1 - - [04/Dec/2019 11:55:51] "GET /assets/js/core/popper.min.js HTTP/1.1" 404 -
INFO:werkzeug:127.0.0.1 - - [04/Dec/2019 11:55:51] "GET /assets/js/core/bootstrap-material-design.min.js HTTP/1.1" 404 -
INFO:werkzeug:127.0.0.1 - - [04/Dec/2019 11:55:51] "GET /assets/js/plugins/perfect-scrollbar.jquery.min.js HTTP/1.1" 404 -
INFO:werkzeug:127.0.0.1 - - [04/Dec/2019 11:55:51] "GET /assets/js/plugins/bootstrap-notify.js HTTP/1.1" 404 -
INFO:werkzeug:127.0.0.1 - - [04/Dec/2019 11:55:51] "GET /assets/js/plugins/chartist.min.js HTTP/1.1" 404 -
INFO:werkzeug:127.0.0.1 - - [04/Dec/2019 11:55:51] "GET /assets/js/material-dashboard.js?v=2.1.1 HTTP/1.1" 404 -
INFO:werkzeug:127.0.0.1 - - [04/Dec/2019 11:55:52] "GET /assets/js/plugins/bootstrap-notify.js HTTP/1.1" 404 -
INFO:werkzeug:127.0.0.1 - - [04/Dec/2019 11:55:52] "GET /assets/js/material-dashboard.js?v=2.1.1 HTTP/1.1" 404 -
INFO:werkzeug:127.0.0.1 - - [04/Dec/2019 11:55:59] "GET / HTTP/1.1" 200 -
INFO:werkzeug:127.0.0.1 - - [04/Dec/2019 11:55:59] "GET /assets/js/core/jquery.min.js HTTP/1.1" 404 -
INFO:werkzeug:127.0.0.1 - - [04/Dec/2019 11:55:59] "GET /assets/js/core/popper.min.js HTTP/1.1" 404 -
INFO:werkzeug:127.0.0.1 - - [04/Dec/2019 11:55:59] "GET /assets/js/plugins/chartist.min.js HTTP/1.1" 404 -
INFO:werkzeug:127.0.0.1 - - [04/Dec/2019 11:55:59] "GET /assets/js/core/bootstrap-material-design.min.js HTTP/1.1" 404 -
INFO:werkzeug:127.0.0.1 - - [04/Dec/2019 11:55:59] "GET /assets/js/plugins/bootstrap-notify.js HTTP/1.1" 404 -
INFO:werkzeug:127.0.0.1 - - [04/Dec/2019 11:55:59] "GET /assets/js/plugins/perfect-scrollbar.jquery.min.js HTTP/1.1" 404 -
INFO:werkzeug:127.0.0.1 - - [04/Dec/2019 11:56:00] "GET /assets/js/material-dashboard.js?v=2.1.1 HTTP/1.1" 404 -
INFO:werkzeug:127.0.0.1 - - [04/Dec/2019 11:56:00] "GET /assets/js/plugins/chartist.min.js HTTP/1.1" 404 -
INFO:werkzeug:127.0.0.1 - - [04/Dec/2019 11:56:00] "GET /assets/js/plugins/bootstrap-notify.js HTTP/1.1" 404 -
INFO:werkzeug:127.0.0.1 - - [04/Dec/2019 11:56:00] "GET /assets/js/material-dashboard.js?v=2.1.1 HTTP/1.1" 404 -
INFO:werkzeug:127.0.0.1 - - [04/Dec/2019 11:57:05] "GET / HTTP/1.1" 200 -
INFO:werkzeug:127.0.0.1 - - [04/Dec/2019 11:57:05] "GET /assets/js/core/jquery.min.js HTTP/1.1" 404 -
INFO:werkzeug:127.0.0.1 - - [04/Dec/2019 11:57:05] "GET /assets/js/core/popper.min.js HTTP/1.1" 404 -
INFO:werkzeug:127.0.0.1 - - [04/Dec/2019 11:57:05] "GET /assets/js/core/bootstrap-material-design.min.js HTTP/1.1" 404 -
INFO:werkzeug:127.0.0.1 - - [04/Dec/2019 11:57:05] "GET /assets/js/plugins/perfect-scrollbar.jquery.min.js HTTP/1.1" 404 -
INFO:werkzeug:127.0.0.1 - - [04/Dec/2019 11:57:05] "GET /assets/js/plugins/chartist.min.js HTTP/1.1" 404 -
INFO:werkzeug:127.0.0.1 - - [04/Dec/2019 11:57:05] "GET /assets/js/plugins/bootstrap-notify.js HTTP/1.1" 404 -
INFO:werkzeug:127.0.0.1 - - [04/Dec/2019 11:57:05] "GET /assets/js/material-dashboard.js?v=2.1.1 HTTP/1.1" 404 -
INFO:werkzeug:127.0.0.1 - - [04/Dec/2019 11:57:46] "GET / HTTP/1.1" 200 -
INFO:werkzeug:127.0.0.1 - - [04/Dec/2019 11:57:46] "GET /assets/js/core/jquery.min.js HTTP/1.1" 404 -
INFO:werkzeug:127.0.0.1 - - [04/Dec/2019 11:57:46] "GET /assets/js/core/popper.min.js HTTP/1.1" 404 -
INFO:werkzeug:127.0.0.1 - - [04/Dec/2019 11:57:46] "GET /assets/js/core/bootstrap-material-design.min.js HTTP/1.1" 404 -
INFO:werkzeug:127.0.0.1 - - [04/Dec/2019 11:57:46] "GET /assets/js/plugins/bootstrap-notify.js HTTP/1.1" 404 -
INFO:werkzeug:127.0.0.1 - - [04/Dec/2019 11:57:46] "GET /assets/js/plugins/perfect-scrollbar.jquery.min.js HTTP/1.1" 404 -
INFO:werkzeug:127.0.0.1 - - [04/Dec/2019 11:57:46] "GET /assets/js/plugins/chartist.min.js HTTP/1.1" 404 -
INFO:werkzeug:127.0.0.1 - - [04/Dec/2019 11:57:46] "GET /assets/js/material-dashboard.js?v=2.1.1 HTTP/1.1" 404 -
INFO:werkzeug:127.0.0.1 - - [04/Dec/2019 11:57:47] "GET /assets/js/plugins/bootstrap-notify.js HTTP/1.1" 404 -
INFO:werkzeug:127.0.0.1 - - [04/Dec/2019 11:57:47] "GET /assets/js/material-dashboard.js?v=2.1.1 HTTP/1.1" 404 -
INFO:werkzeug:127.0.0.1 - - [04/Dec/2019 11:58:02] "GET / HTTP/1.1" 200 -
INFO:werkzeug:127.0.0.1 - - [04/Dec/2019 11:58:02] "GET /assets/js/core/jquery.min.js HTTP/1.1" 404 -
INFO:werkzeug:127.0.0.1 - - [04/Dec/2019 11:58:02] "GET /assets/js/core/popper.min.js HTTP/1.1" 404 -
INFO:werkzeug:127.0.0.1 - - [04/Dec/2019 11:58:02] "GET /assets/js/core/bootstrap-material-design.min.js HTTP/1.1" 404 -
INFO:werkzeug:127.0.0.1 - - [04/Dec/2019 11:58:02] "GET /assets/js/plugins/chartist.min.js HTTP/1.1" 404 -
INFO:werkzeug:127.0.0.1 - - [04/Dec/2019 11:58:02] "GET /assets/js/plugins/perfect-scrollbar.jquery.min.js HTTP/1.1" 404 -
INFO:werkzeug:127.0.0.1 - - [04/Dec/2019 11:58:02] "GET /assets/js/plugins/bootstrap-notify.js HTTP/1.1" 404 -
INFO:werkzeug:127.0.0.1 - - [04/Dec/2019 11:58:02] "GET /assets/js/material-dashboard.js?v=2.1.1 HTTP/1.1" 404 -
INFO:werkzeug:127.0.0.1 - - [04/Dec/2019 11:58:02] "GET /assets/js/plugins/chartist.min.js HTTP/1.1" 404 -
INFO:werkzeug:127.0.0.1 - - [04/Dec/2019 11:58:03] "GET /assets/js/plugins/bootstrap-notify.js HTTP/1.1" 404 -
INFO:werkzeug:127.0.0.1 - - [04/Dec/2019 11:58:03] "GET /assets/js/material-dashboard.js?v=2.1.1 HTTP/1.1" 404 -
INFO:werkzeug:127.0.0.1 - - [04/Dec/2019 11:59:23] "GET / HTTP/1.1" 200 -
INFO:werkzeug:127.0.0.1 - - [04/Dec/2019 11:59:23] "GET /assets/js/core/jquery.min.js HTTP/1.1" 404 -
INFO:werkzeug:127.0.0.1 - - [04/Dec/2019 11:59:23] "GET /assets/js/core/popper.min.js HTTP/1.1" 404 -
INFO:werkzeug:127.0.0.1 - - [04/Dec/2019 11:59:23] "GET /assets/js/core/bootstrap-material-design.min.js HTTP/1.1" 404 -
INFO:werkzeug:127.0.0.1 - - [04/Dec/2019 11:59:23] "GET /assets/js/plugins/perfect-scrollbar.jquery.min.js HTTP/1.1" 404 -
INFO:werkzeug:127.0.0.1 - - [04/Dec/2019 11:59:23] "GET /assets/js/plugins/bootstrap-notify.js HTTP/1.1" 404 -
INFO:werkzeug:127.0.0.1 - - [04/Dec/2019 11:59:23] "GET /assets/js/plugins/chartist.min.js HTTP/1.1" 404 -
INFO:werkzeug:127.0.0.1 - - [04/Dec/2019 11:59:23] "GET /assets/js/material-dashboard.js?v=2.1.1 HTTP/1.1" 404 -
INFO:werkzeug:127.0.0.1 - - [04/Dec/2019 11:59:39] "GET / HTTP/1.1" 200 -
INFO:werkzeug:127.0.0.1 - - [04/Dec/2019 11:59:39] "GET /assets/js/core/jquery.min.js HTTP/1.1" 404 -
INFO:werkzeug:127.0.0.1 - - [04/Dec/2019 11:59:39] "GET /assets/js/core/popper.min.js HTTP/1.1" 404 -
INFO:werkzeug:127.0.0.1 - - [04/Dec/2019 11:59:39] "GET /assets/js/plugins/perfect-scrollbar.jquery.min.js HTTP/1.1" 404 -
INFO:werkzeug:127.0.0.1 - - [04/Dec/2019 11:59:39] "GET /assets/js/core/bootstrap-material-design.min.js HTTP/1.1" 404 -
INFO:werkzeug:127.0.0.1 - - [04/Dec/2019 11:59:39] "GET /assets/js/plugins/chartist.min.js HTTP/1.1" 404 -
INFO:werkzeug:127.0.0.1 - - [04/Dec/2019 11:59:39] "GET /assets/js/plugins/bootstrap-notify.js HTTP/1.1" 404 -
INFO:werkzeug:127.0.0.1 - - [04/Dec/2019 11:59:39] "GET /assets/js/material-dashboard.js?v=2.1.1 HTTP/1.1" 404 -
INFO:werkzeug:127.0.0.1 - - [04/Dec/2019 11:59:42] "GET /static/assets/css/dashboard-free.css.map HTTP/1.1" 404 -
INFO:werkzeug: * Restarting with stat
WARNING:werkzeug: * Debugger is active!
INFO:werkzeug: * Debugger PIN: 248-030-515
INFO:werkzeug: * Running on http://localhost:8080/ (Press CTRL+C to quit)
INFO:werkzeug:127.0.0.1 - - [04/Dec/2019 12:01:24] "GET / HTTP/1.1" 200 -
INFO:werkzeug:127.0.0.1 - - [04/Dec/2019 12:01:24] "GET /assets/js/core/jquery.min.js HTTP/1.1" 404 -
INFO:werkzeug:127.0.0.1 - - [04/Dec/2019 12:01:24] "GET /assets/js/core/popper.min.js HTTP/1.1" 404 -
INFO:werkzeug:127.0.0.1 - - [04/Dec/2019 12:01:24] "GET /assets/js/plugins/perfect-scrollbar.jquery.min.js HTTP/1.1" 404 -
INFO:werkzeug:127.0.0.1 - - [04/Dec/2019 12:01:24] "GET /assets/js/core/bootstrap-material-design.min.js HTTP/1.1" 404 -
INFO:werkzeug:127.0.0.1 - - [04/Dec/2019 12:01:24] "GET /assets/js/plugins/chartist.min.js HTTP/1.1" 404 -
INFO:werkzeug:127.0.0.1 - - [04/Dec/2019 12:01:24] "GET /assets/js/plugins/bootstrap-notify.js HTTP/1.1" 404 -
INFO:werkzeug:127.0.0.1 - - [04/Dec/2019 12:01:24] "GET /assets/js/material-dashboard.js?v=2.1.1 HTTP/1.1" 404 -
INFO:werkzeug:127.0.0.1 - - [04/Dec/2019 12:01:24] "GET /assets/js/plugins/perfect-scrollbar.jquery.min.js HTTP/1.1" 404 -
INFO:werkzeug:127.0.0.1 - - [04/Dec/2019 12:01:24] "GET /assets/js/plugins/chartist.min.js HTTP/1.1" 404 -
INFO:werkzeug:127.0.0.1 - - [04/Dec/2019 12:01:24] "GET /assets/js/plugins/bootstrap-notify.js HTTP/1.1" 404 -
INFO:werkzeug:127.0.0.1 - - [04/Dec/2019 12:01:24] "GET /assets/js/material-dashboard.js?v=2.1.1 HTTP/1.1" 404 -
INFO:werkzeug:127.0.0.1 - - [04/Dec/2019 12:01:25] "GET /static/assets/css/dashboard-free.css.map HTTP/1.1" 404 -
INFO:werkzeug:127.0.0.1 - - [04/Dec/2019 12:01:30] "GET /auth/login HTTP/1.1" 200 -
INFO:werkzeug:127.0.0.1 - - [04/Dec/2019 12:01:30] "GET /auth/assets/js/core/jquery.min.js HTTP/1.1" 404 -
INFO:werkzeug:127.0.0.1 - - [04/Dec/2019 12:01:30] "GET /auth/assets/js/core/popper.min.js HTTP/1.1" 404 -
INFO:werkzeug:127.0.0.1 - - [04/Dec/2019 12:01:30] "GET /auth/assets/js/core/bootstrap-material-design.min.js HTTP/1.1" 404 -
INFO:werkzeug:127.0.0.1 - - [04/Dec/2019 12:01:30] "GET /auth/assets/js/plugins/chartist.min.js HTTP/1.1" 404 -
INFO:werkzeug:127.0.0.1 - - [04/Dec/2019 12:01:30] "GET /auth/assets/js/plugins/perfect-scrollbar.jquery.min.js HTTP/1.1" 404 -
INFO:werkzeug:127.0.0.1 - - [04/Dec/2019 12:01:30] "GET /auth/assets/js/material-dashboard.js?v=2.1.1 HTTP/1.1" 404 -
INFO:werkzeug:127.0.0.1 - - [04/Dec/2019 12:01:30] "GET /auth/assets/js/plugins/bootstrap-notify.js HTTP/1.1" 404 -
INFO:werkzeug:127.0.0.1 - - [04/Dec/2019 12:01:31] "GET /auth/assets/js/plugins/chartist.min.js HTTP/1.1" 404 -
INFO:werkzeug:127.0.0.1 - - [04/Dec/2019 12:01:31] "GET /auth/assets/js/plugins/bootstrap-notify.js HTTP/1.1" 404 -
INFO:werkzeug:127.0.0.1 - - [04/Dec/2019 12:01:31] "GET /auth/assets/js/material-dashboard.js?v=2.1.1 HTTP/1.1" 404 -
INFO:werkzeug:127.0.0.1 - - [04/Dec/2019 12:01:33] "GET /auth/kakao_oauth_redirect?code=dj6bp0h8hiMf_U5jDulyJZvZMO2J7dcb73CrzxTxSTcnmFDzTfK3oRZmKH9ANUmMZNc0Hgo9duQAAAFuzttQnQ HTTP/1.1" 302 -
INFO:werkzeug:127.0.0.1 - - [04/Dec/2019 12:01:33] "GET /auth/login HTTP/1.1" 200 -
INFO:werkzeug:127.0.0.1 - - [04/Dec/2019 12:01:34] "GET /auth/assets/js/core/jquery.min.js HTTP/1.1" 404 -
INFO:werkzeug:127.0.0.1 - - [04/Dec/2019 12:01:34] "GET /auth/assets/js/core/popper.min.js HTTP/1.1" 404 -
INFO:werkzeug:127.0.0.1 - - [04/Dec/2019 12:01:34] "GET /auth/assets/js/plugins/perfect-scrollbar.jquery.min.js HTTP/1.1" 404 -
INFO:werkzeug:127.0.0.1 - - [04/Dec/2019 12:01:34] "GET /auth/assets/js/plugins/chartist.min.js HTTP/1.1" 404 -
INFO:werkzeug:127.0.0.1 - - [04/Dec/2019 12:01:34] "GET /auth/assets/js/plugins/bootstrap-notify.js HTTP/1.1" 404 -
INFO:werkzeug:127.0.0.1 - - [04/Dec/2019 12:01:34] "GET /auth/assets/js/core/bootstrap-material-design.min.js HTTP/1.1" 404 -
INFO:werkzeug:127.0.0.1 - - [04/Dec/2019 12:01:34] "GET /auth/assets/js/material-dashboard.js?v=2.1.1 HTTP/1.1" 404 -
INFO:werkzeug:127.0.0.1 - - [04/Dec/2019 12:01:34] "GET /auth/assets/js/plugins/perfect-scrollbar.jquery.min.js HTTP/1.1" 404 -
INFO:werkzeug:127.0.0.1 - - [04/Dec/2019 12:01:34] "GET /auth/assets/js/plugins/chartist.min.js HTTP/1.1" 404 -
INFO:werkzeug:127.0.0.1 - - [04/Dec/2019 12:01:35] "GET /auth/assets/js/plugins/bootstrap-notify.js HTTP/1.1" 404 -
INFO:werkzeug:127.0.0.1 - - [04/Dec/2019 12:01:35] "GET /auth/assets/js/material-dashboard.js?v=2.1.1 HTTP/1.1" 404 -
INFO:werkzeug:127.0.0.1 - - [04/Dec/2019 12:01:40] "POST /auth/login HTTP/1.1" 302 -
INFO:werkzeug:127.0.0.1 - - [04/Dec/2019 12:01:40] "GET / HTTP/1.1" 200 -
INFO:werkzeug:127.0.0.1 - - [04/Dec/2019 12:01:40] "GET /assets/js/core/jquery.min.js HTTP/1.1" 404 -
INFO:werkzeug:127.0.0.1 - - [04/Dec/2019 12:01:40] "GET /assets/js/core/popper.min.js HTTP/1.1" 404 -
INFO:werkzeug:127.0.0.1 - - [04/Dec/2019 12:01:40] "GET /assets/js/core/bootstrap-material-design.min.js HTTP/1.1" 404 -
INFO:werkzeug:127.0.0.1 - - [04/Dec/2019 12:01:40] "GET /assets/js/plugins/chartist.min.js HTTP/1.1" 404 -
INFO:werkzeug:127.0.0.1 - - [04/Dec/2019 12:01:40] "GET /assets/js/plugins/perfect-scrollbar.jquery.min.js HTTP/1.1" 404 -
INFO:werkzeug:127.0.0.1 - - [04/Dec/2019 12:01:40] "GET /assets/js/plugins/bootstrap-notify.js HTTP/1.1" 404 -
INFO:werkzeug:127.0.0.1 - - [04/Dec/2019 12:01:40] "GET /assets/js/material-dashboard.js?v=2.1.1 HTTP/1.1" 404 -
INFO:werkzeug:127.0.0.1 - - [04/Dec/2019 12:01:40] "GET /assets/js/plugins/chartist.min.js HTTP/1.1" 404 -
INFO:werkzeug:127.0.0.1 - - [04/Dec/2019 12:01:41] "GET /assets/js/plugins/bootstrap-notify.js HTTP/1.1" 404 -
INFO:werkzeug:127.0.0.1 - - [04/Dec/2019 12:01:41] "GET /assets/js/material-dashboard.js?v=2.1.1 HTTP/1.1" 404 -
INFO:werkzeug:127.0.0.1 - - [04/Dec/2019 12:01:55] "GET / HTTP/1.1" 200 -
INFO:werkzeug:127.0.0.1 - - [04/Dec/2019 12:01:55] "GET /assets/js/core/jquery.min.js HTTP/1.1" 404 -
INFO:werkzeug:127.0.0.1 - - [04/Dec/2019 12:01:55] "GET /assets/js/core/popper.min.js HTTP/1.1" 404 -
INFO:werkzeug:127.0.0.1 - - [04/Dec/2019 12:01:55] "GET /assets/js/core/bootstrap-material-design.min.js HTTP/1.1" 404 -
INFO:werkzeug:127.0.0.1 - - [04/Dec/2019 12:01:55] "GET /assets/js/plugins/chartist.min.js HTTP/1.1" 404 -
INFO:werkzeug:127.0.0.1 - - [04/Dec/2019 12:01:55] "GET /assets/js/plugins/perfect-scrollbar.jquery.min.js HTTP/1.1" 404 -
INFO:werkzeug:127.0.0.1 - - [04/Dec/2019 12:01:55] "GET /assets/js/material-dashboard.js?v=2.1.1 HTTP/1.1" 404 -
INFO:werkzeug:127.0.0.1 - - [04/Dec/2019 12:01:55] "GET /assets/js/plugins/bootstrap-notify.js HTTP/1.1" 404 -
INFO:werkzeug:127.0.0.1 - - [04/Dec/2019 12:01:56] "GET /assets/js/plugins/chartist.min.js HTTP/1.1" 404 -
INFO:werkzeug:127.0.0.1 - - [04/Dec/2019 12:01:56] "GET /assets/js/plugins/bootstrap-notify.js HTTP/1.1" 404 -
INFO:werkzeug:127.0.0.1 - - [04/Dec/2019 12:01:56] "GET /assets/js/material-dashboard.js?v=2.1.1 HTTP/1.1" 404 -
INFO:werkzeug:127.0.0.1 - - [04/Dec/2019 12:02:23] "GET / HTTP/1.1" 200 -
INFO:werkzeug:127.0.0.1 - - [04/Dec/2019 12:02:23] "GET /assets/js/core/jquery.min.js HTTP/1.1" 404 -
INFO:werkzeug:127.0.0.1 - - [04/Dec/2019 12:02:23] "GET /assets/js/core/popper.min.js HTTP/1.1" 404 -
INFO:werkzeug:127.0.0.1 - - [04/Dec/2019 12:02:23] "GET /assets/js/core/bootstrap-material-design.min.js HTTP/1.1" 404 -
INFO:werkzeug:127.0.0.1 - - [04/Dec/2019 12:02:23] "GET /assets/js/plugins/perfect-scrollbar.jquery.min.js HTTP/1.1" 404 -
INFO:werkzeug:127.0.0.1 - - [04/Dec/2019 12:02:23] "GET /assets/js/plugins/chartist.min.js HTTP/1.1" 404 -
INFO:werkzeug:127.0.0.1 - - [04/Dec/2019 12:02:23] "GET /assets/js/plugins/bootstrap-notify.js HTTP/1.1" 404 -
INFO:werkzeug:127.0.0.1 - - [04/Dec/2019 12:02:23] "GET /assets/js/material-dashboard.js?v=2.1.1 HTTP/1.1" 404 -
INFO:werkzeug:127.0.0.1 - - [04/Dec/2019 12:02:28] "GET /static/assets/css/dashboard-free.css.map HTTP/1.1" 404 -
INFO:werkzeug:127.0.0.1 - - [04/Dec/2019 12:03:00] "GET / HTTP/1.1" 200 -
INFO:werkzeug:127.0.0.1 - - [04/Dec/2019 12:03:00] "GET /assets/js/core/jquery.min.js HTTP/1.1" 404 -
INFO:werkzeug:127.0.0.1 - - [04/Dec/2019 12:03:00] "GET /assets/js/core/popper.min.js HTTP/1.1" 404 -
INFO:werkzeug:127.0.0.1 - - [04/Dec/2019 12:03:00] "GET /assets/js/core/bootstrap-material-design.min.js HTTP/1.1" 404 -
INFO:werkzeug:127.0.0.1 - - [04/Dec/2019 12:03:00] "GET /assets/js/plugins/perfect-scrollbar.jquery.min.js HTTP/1.1" 404 -
INFO:werkzeug:127.0.0.1 - - [04/Dec/2019 12:03:00] "GET /assets/js/plugins/chartist.min.js HTTP/1.1" 404 -
INFO:werkzeug:127.0.0.1 - - [04/Dec/2019 12:03:00] "GET /assets/js/plugins/bootstrap-notify.js HTTP/1.1" 404 -
INFO:werkzeug:127.0.0.1 - - [04/Dec/2019 12:03:00] "GET /assets/js/material-dashboard.js?v=2.1.1 HTTP/1.1" 404 -
INFO:werkzeug:127.0.0.1 - - [04/Dec/2019 12:03:00] "GET /assets/js/plugins/bootstrap-notify.js HTTP/1.1" 404 -
INFO:werkzeug:127.0.0.1 - - [04/Dec/2019 12:03:00] "GET /assets/js/material-dashboard.js?v=2.1.1 HTTP/1.1" 404 -
INFO:werkzeug:127.0.0.1 - - [04/Dec/2019 12:03:01] "GET /static/assets/css/dashboard-free.css.map HTTP/1.1" 404 -
INFO:werkzeug:127.0.0.1 - - [04/Dec/2019 12:03:05] "GET /static/assets/css/dashboard-free.css.map HTTP/1.1" 404 -
INFO:werkzeug:127.0.0.1 - - [04/Dec/2019 12:03:27] "GET / HTTP/1.1" 200 -
INFO:werkzeug:127.0.0.1 - - [04/Dec/2019 12:03:27] "GET /assets/js/core/jquery.min.js HTTP/1.1" 404 -
INFO:werkzeug:127.0.0.1 - - [04/Dec/2019 12:03:28] "GET /assets/js/core/popper.min.js HTTP/1.1" 404 -
INFO:werkzeug:127.0.0.1 - - [04/Dec/2019 12:03:28] "GET /assets/js/core/bootstrap-material-design.min.js HTTP/1.1" 404 -
INFO:werkzeug:127.0.0.1 - - [04/Dec/2019 12:03:28] "GET /assets/js/plugins/bootstrap-notify.js HTTP/1.1" 404 -
INFO:werkzeug:127.0.0.1 - - [04/Dec/2019 12:03:28] "GET /assets/js/plugins/chartist.min.js HTTP/1.1" 404 -
INFO:werkzeug:127.0.0.1 - - [04/Dec/2019 12:03:28] "GET /assets/js/plugins/perfect-scrollbar.jquery.min.js HTTP/1.1" 404 -
INFO:werkzeug:127.0.0.1 - - [04/Dec/2019 12:03:28] "GET /assets/js/material-dashboard.js?v=2.1.1 HTTP/1.1" 404 -
INFO:werkzeug:127.0.0.1 - - [04/Dec/2019 12:03:28] "GET /assets/js/plugins/chartist.min.js HTTP/1.1" 404 -
INFO:werkzeug:127.0.0.1 - - [04/Dec/2019 12:03:28] "GET /assets/js/plugins/bootstrap-notify.js HTTP/1.1" 404 -
INFO:werkzeug:127.0.0.1 - - [04/Dec/2019 12:03:28] "GET /assets/js/material-dashboard.js?v=2.1.1 HTTP/1.1" 404 -
INFO:werkzeug:127.0.0.1 - - [04/Dec/2019 12:03:28] "GET /static/assets/css/dashboard-free.css.map HTTP/1.1" 404 -
INFO:werkzeug:127.0.0.1 - - [04/Dec/2019 12:05:04] "GET / HTTP/1.1" 200 -
INFO:werkzeug:127.0.0.1 - - [04/Dec/2019 12:05:04] "GET /assets/js/core/jquery.min.js HTTP/1.1" 404 -
INFO:werkzeug:127.0.0.1 - - [04/Dec/2019 12:05:04] "GET /assets/js/core/popper.min.js HTTP/1.1" 404 -
INFO:werkzeug:127.0.0.1 - - [04/Dec/2019 12:05:04] "GET /assets/js/core/bootstrap-material-design.min.js HTTP/1.1" 404 -
INFO:werkzeug:127.0.0.1 - - [04/Dec/2019 12:05:04] "GET /assets/js/plugins/perfect-scrollbar.jquery.min.js HTTP/1.1" 404 -
INFO:werkzeug:127.0.0.1 - - [04/Dec/2019 12:05:04] "GET /assets/js/plugins/bootstrap-notify.js HTTP/1.1" 404 -
INFO:werkzeug:127.0.0.1 - - [04/Dec/2019 12:05:04] "GET /assets/js/plugins/chartist.min.js HTTP/1.1" 404 -
INFO:werkzeug:127.0.0.1 - - [04/Dec/2019 12:05:04] "GET /assets/js/material-dashboard.js?v=2.1.1 HTTP/1.1" 404 -
INFO:werkzeug:127.0.0.1 - - [04/Dec/2019 12:05:04] "GET /assets/js/plugins/perfect-scrollbar.jquery.min.js HTTP/1.1" 404 -
INFO:werkzeug:127.0.0.1 - - [04/Dec/2019 12:05:05] "GET /assets/js/plugins/chartist.min.js HTTP/1.1" 404 -
INFO:werkzeug:127.0.0.1 - - [04/Dec/2019 12:05:05] "GET /assets/js/plugins/bootstrap-notify.js HTTP/1.1" 404 -
INFO:werkzeug:127.0.0.1 - - [04/Dec/2019 12:05:05] "GET /assets/js/material-dashboard.js?v=2.1.1 HTTP/1.1" 404 -
INFO:werkzeug:127.0.0.1 - - [04/Dec/2019 12:06:21] "GET / HTTP/1.1" 200 -
INFO:werkzeug:127.0.0.1 - - [04/Dec/2019 12:06:21] "GET /assets/js/core/jquery.min.js HTTP/1.1" 404 -
INFO:werkzeug:127.0.0.1 - - [04/Dec/2019 12:06:21] "GET /assets/js/core/popper.min.js HTTP/1.1" 404 -
INFO:werkzeug:127.0.0.1 - - [04/Dec/2019 12:06:21] "GET /assets/js/core/bootstrap-material-design.min.js HTTP/1.1" 404 -
INFO:werkzeug:127.0.0.1 - - [04/Dec/2019 12:06:21] "GET /assets/js/plugins/perfect-scrollbar.jquery.min.js HTTP/1.1" 404 -
INFO:werkzeug:127.0.0.1 - - [04/Dec/2019 12:06:21] "GET /assets/js/plugins/chartist.min.js HTTP/1.1" 404 -
INFO:werkzeug:127.0.0.1 - - [04/Dec/2019 12:06:21] "GET /assets/js/plugins/bootstrap-notify.js HTTP/1.1" 404 -
INFO:werkzeug:127.0.0.1 - - [04/Dec/2019 12:06:21] "GET /assets/js/material-dashboard.js?v=2.1.1 HTTP/1.1" 404 -
INFO:werkzeug:127.0.0.1 - - [04/Dec/2019 12:06:38] "GET / HTTP/1.1" 200 -
INFO:werkzeug:127.0.0.1 - - [04/Dec/2019 12:06:38] "GET /assets/js/core/jquery.min.js HTTP/1.1" 404 -
INFO:werkzeug:127.0.0.1 - - [04/Dec/2019 12:06:38] "GET /assets/js/core/popper.min.js HTTP/1.1" 404 -
INFO:werkzeug:127.0.0.1 - - [04/Dec/2019 12:06:38] "GET /assets/js/core/bootstrap-material-design.min.js HTTP/1.1" 404 -
INFO:werkzeug:127.0.0.1 - - [04/Dec/2019 12:06:38] "GET /assets/js/plugins/chartist.min.js HTTP/1.1" 404 -
INFO:werkzeug:127.0.0.1 - - [04/Dec/2019 12:06:38] "GET /assets/js/plugins/perfect-scrollbar.jquery.min.js HTTP/1.1" 404 -
INFO:werkzeug:127.0.0.1 - - [04/Dec/2019 12:06:38] "GET /assets/js/plugins/bootstrap-notify.js HTTP/1.1" 404 -
INFO:werkzeug:127.0.0.1 - - [04/Dec/2019 12:06:38] "GET /assets/js/material-dashboard.js?v=2.1.1 HTTP/1.1" 404 -
INFO:werkzeug:127.0.0.1 - - [04/Dec/2019 12:06:39] "GET /assets/js/plugins/chartist.min.js HTTP/1.1" 404 -
INFO:werkzeug:127.0.0.1 - - [04/Dec/2019 12:06:39] "GET /assets/js/plugins/bootstrap-notify.js HTTP/1.1" 404 -
INFO:werkzeug:127.0.0.1 - - [04/Dec/2019 12:06:39] "GET /assets/js/material-dashboard.js?v=2.1.1 HTTP/1.1" 404 -
INFO:werkzeug:127.0.0.1 - - [04/Dec/2019 12:06:48] "GET / HTTP/1.1" 200 -
INFO:werkzeug:127.0.0.1 - - [04/Dec/2019 12:06:48] "GET /assets/js/core/jquery.min.js HTTP/1.1" 404 -
INFO:werkzeug:127.0.0.1 - - [04/Dec/2019 12:06:48] "GET /assets/js/core/popper.min.js HTTP/1.1" 404 -
INFO:werkzeug:127.0.0.1 - - [04/Dec/2019 12:06:48] "GET /assets/js/core/bootstrap-material-design.min.js HTTP/1.1" 404 -
INFO:werkzeug:127.0.0.1 - - [04/Dec/2019 12:06:48] "GET /assets/js/plugins/chartist.min.js HTTP/1.1" 404 -
INFO:werkzeug:127.0.0.1 - - [04/Dec/2019 12:06:48] "GET /assets/js/plugins/perfect-scrollbar.jquery.min.js HTTP/1.1" 404 -
INFO:werkzeug:127.0.0.1 - - [04/Dec/2019 12:06:48] "GET /assets/js/plugins/bootstrap-notify.js HTTP/1.1" 404 -
INFO:werkzeug:127.0.0.1 - - [04/Dec/2019 12:06:49] "GET /assets/js/material-dashboard.js?v=2.1.1 HTTP/1.1" 404 -
INFO:werkzeug:127.0.0.1 - - [04/Dec/2019 12:06:49] "GET /assets/js/plugins/chartist.min.js HTTP/1.1" 404 -
INFO:werkzeug:127.0.0.1 - - [04/Dec/2019 12:06:49] "GET /assets/js/plugins/bootstrap-notify.js HTTP/1.1" 404 -
INFO:werkzeug:127.0.0.1 - - [04/Dec/2019 12:06:49] "GET /assets/js/material-dashboard.js?v=2.1.1 HTTP/1.1" 404 -
INFO:werkzeug:127.0.0.1 - - [04/Dec/2019 12:06:55] "GET /static/assets/css/dashboard-free.css.map HTTP/1.1" 404 -
INFO:werkzeug:127.0.0.1 - - [04/Dec/2019 12:07:33] "GET /static/assets/css/dashboard-free.css.map HTTP/1.1" 404 -
INFO:werkzeug:127.0.0.1 - - [04/Dec/2019 12:08:23] "GET /static/assets/css/dashboard-free.css.map HTTP/1.1" 404 -
INFO:werkzeug:127.0.0.1 - - [04/Dec/2019 12:08:26] "GET /static/assets/css/dashboard-free.css.map HTTP/1.1" 404 -
INFO:werkzeug:127.0.0.1 - - [04/Dec/2019 12:09:01] "GET /menus/uploads HTTP/1.1" 200 -
INFO:werkzeug:127.0.0.1 - - [04/Dec/2019 12:09:01] "GET /menus/assets/js/core/jquery.min.js HTTP/1.1" 404 -
INFO:werkzeug:127.0.0.1 - - [04/Dec/2019 12:09:01] "GET /menus/assets/js/core/popper.min.js HTTP/1.1" 404 -
INFO:werkzeug:127.0.0.1 - - [04/Dec/2019 12:09:01] "GET /menus/assets/js/core/bootstrap-material-design.min.js HTTP/1.1" 404 -
INFO:werkzeug:127.0.0.1 - - [04/Dec/2019 12:09:01] "GET /menus/assets/js/plugins/chartist.min.js HTTP/1.1" 404 -
INFO:werkzeug:127.0.0.1 - - [04/Dec/2019 12:09:01] "GET /menus/assets/js/plugins/perfect-scrollbar.jquery.min.js HTTP/1.1" 404 -
INFO:werkzeug:127.0.0.1 - - [04/Dec/2019 12:09:01] "GET /menus/assets/js/plugins/bootstrap-notify.js HTTP/1.1" 404 -
INFO:werkzeug:127.0.0.1 - - [04/Dec/2019 12:09:01] "GET /menus/assets/js/material-dashboard.js?v=2.1.1 HTTP/1.1" 404 -
INFO:werkzeug:127.0.0.1 - - [04/Dec/2019 12:09:01] "GET /menus/assets/js/plugins/chartist.min.js HTTP/1.1" 404 -
INFO:werkzeug:127.0.0.1 - - [04/Dec/2019 12:09:02] "GET /menus/assets/js/plugins/bootstrap-notify.js HTTP/1.1" 404 -
INFO:werkzeug:127.0.0.1 - - [04/Dec/2019 12:09:02] "GET /menus/assets/js/material-dashboard.js?v=2.1.1 HTTP/1.1" 404 -
INFO:werkzeug:127.0.0.1 - - [04/Dec/2019 12:09:03] "GET /menus/images HTTP/1.1" 200 -
INFO:werkzeug:127.0.0.1 - - [04/Dec/2019 12:09:03] "GET /menus/assets/js/core/jquery.min.js HTTP/1.1" 404 -
INFO:werkzeug:127.0.0.1 - - [04/Dec/2019 12:09:04] "GET /menus/assets/js/core/bootstrap-material-design.min.js HTTP/1.1" 404 -
INFO:werkzeug:127.0.0.1 - - [04/Dec/2019 12:09:04] "GET /menus/assets/js/core/popper.min.js HTTP/1.1" 404 -
INFO:werkzeug:127.0.0.1 - - [04/Dec/2019 12:09:04] "GET /menus/assets/js/plugins/chartist.min.js HTTP/1.1" 404 -
INFO:werkzeug:127.0.0.1 - - [04/Dec/2019 12:09:04] "GET /menus/assets/js/plugins/bootstrap-notify.js HTTP/1.1" 404 -
INFO:werkzeug:127.0.0.1 - - [04/Dec/2019 12:09:04] "GET /menus/assets/js/plugins/perfect-scrollbar.jquery.min.js HTTP/1.1" 404 -
INFO:werkzeug:127.0.0.1 - - [04/Dec/2019 12:09:04] "GET /menus/assets/js/material-dashboard.js?v=2.1.1 HTTP/1.1" 404 -
INFO:werkzeug:127.0.0.1 - - [04/Dec/2019 12:09:04] "GET /menus/assets/js/core/bootstrap-material-design.min.js HTTP/1.1" 404 -
INFO:werkzeug:127.0.0.1 - - [04/Dec/2019 12:09:04] "GET /menus/assets/js/plugins/perfect-scrollbar.jquery.min.js HTTP/1.1" 404 -
INFO:werkzeug:127.0.0.1 - - [04/Dec/2019 12:09:04] "GET /menus/assets/js/plugins/chartist.min.js HTTP/1.1" 404 -
INFO:werkzeug:127.0.0.1 - - [04/Dec/2019 12:09:04] "GET /menus/assets/js/plugins/bootstrap-notify.js HTTP/1.1" 404 -
INFO:werkzeug:127.0.0.1 - - [04/Dec/2019 12:09:05] "GET /menus/assets/js/material-dashboard.js?v=2.1.1 HTTP/1.1" 404 -
INFO:werkzeug:127.0.0.1 - - [04/Dec/2019 12:09:12] "GET / HTTP/1.1" 200 -
INFO:werkzeug:127.0.0.1 - - [04/Dec/2019 12:09:12] "GET /assets/js/core/jquery.min.js HTTP/1.1" 404 -
INFO:werkzeug:127.0.0.1 - - [04/Dec/2019 12:09:12] "GET /assets/js/core/popper.min.js HTTP/1.1" 404 -
INFO:werkzeug:127.0.0.1 - - [04/Dec/2019 12:09:12] "GET /assets/js/core/bootstrap-material-design.min.js HTTP/1.1" 404 -
INFO:werkzeug:127.0.0.1 - - [04/Dec/2019 12:09:12] "GET /assets/js/plugins/chartist.min.js HTTP/1.1" 404 -
INFO:werkzeug:127.0.0.1 - - [04/Dec/2019 12:09:12] "GET /assets/js/plugins/perfect-scrollbar.jquery.min.js HTTP/1.1" 404 -
INFO:werkzeug:127.0.0.1 - - [04/Dec/2019 12:09:12] "GET /assets/js/plugins/bootstrap-notify.js HTTP/1.1" 404 -
INFO:werkzeug:127.0.0.1 - - [04/Dec/2019 12:09:12] "GET /assets/js/material-dashboard.js?v=2.1.1 HTTP/1.1" 404 -
INFO:werkzeug:127.0.0.1 - - [04/Dec/2019 12:09:12] "GET /assets/js/plugins/chartist.min.js HTTP/1.1" 404 -
INFO:werkzeug:127.0.0.1 - - [04/Dec/2019 12:09:13] "GET /assets/js/plugins/bootstrap-notify.js HTTP/1.1" 404 -
INFO:werkzeug:127.0.0.1 - - [04/Dec/2019 12:09:13] "GET /assets/js/material-dashboard.js?v=2.1.1 HTTP/1.1" 404 -
INFO:werkzeug:127.0.0.1 - - [04/Dec/2019 12:10:13] "GET / HTTP/1.1" 200 -
INFO:werkzeug:127.0.0.1 - - [04/Dec/2019 12:10:13] "GET /assets/js/core/popper.min.js HTTP/1.1" 404 -
INFO:werkzeug:127.0.0.1 - - [04/Dec/2019 12:10:13] "GET /assets/js/core/jquery.min.js HTTP/1.1" 404 -
INFO:werkzeug:127.0.0.1 - - [04/Dec/2019 12:10:13] "GET /assets/js/core/bootstrap-material-design.min.js HTTP/1.1" 404 -
INFO:werkzeug:127.0.0.1 - - [04/Dec/2019 12:10:13] "GET /assets/js/plugins/perfect-scrollbar.jquery.min.js HTTP/1.1" 404 -
INFO:werkzeug:127.0.0.1 - - [04/Dec/2019 12:10:13] "GET /assets/js/plugins/bootstrap-notify.js HTTP/1.1" 404 -
INFO:werkzeug:127.0.0.1 - - [04/Dec/2019 12:10:13] "GET /assets/js/plugins/chartist.min.js HTTP/1.1" 404 -
INFO:werkzeug:127.0.0.1 - - [04/Dec/2019 12:10:13] "GET /assets/js/material-dashboard.js?v=2.1.1 HTTP/1.1" 404 -
INFO:werkzeug:127.0.0.1 - - [04/Dec/2019 12:10:13] "GET /assets/js/core/popper.min.js HTTP/1.1" 404 -
INFO:werkzeug:127.0.0.1 - - [04/Dec/2019 12:10:13] "GET /assets/js/core/bootstrap-material-design.min.js HTTP/1.1" 404 -
INFO:werkzeug:127.0.0.1 - - [04/Dec/2019 12:10:14] "GET /assets/js/plugins/perfect-scrollbar.jquery.min.js HTTP/1.1" 404 -
INFO:werkzeug:127.0.0.1 - - [04/Dec/2019 12:10:14] "GET /assets/js/plugins/chartist.min.js HTTP/1.1" 404 -
INFO:werkzeug:127.0.0.1 - - [04/Dec/2019 12:10:14] "GET /assets/js/plugins/bootstrap-notify.js HTTP/1.1" 404 -
INFO:werkzeug:127.0.0.1 - - [04/Dec/2019 12:10:14] "GET /assets/js/material-dashboard.js?v=2.1.1 HTTP/1.1" 404 -
INFO:werkzeug:127.0.0.1 - - [04/Dec/2019 12:10:21] "GET /static/assets/css/dashboard-free.css.map HTTP/1.1" 404 -
INFO:werkzeug:127.0.0.1 - - [04/Dec/2019 12:11:10] "GET /static/assets/css/dashboard-free.css.map HTTP/1.1" 404 -
INFO:werkzeug:127.0.0.1 - - [04/Dec/2019 12:11:28] "GET /static/assets/css/dashboard-free.css.map HTTP/1.1" 404 -
INFO:werkzeug:127.0.0.1 - - [04/Dec/2019 12:11:43] "GET /static/assets/css/dashboard-free.css.map HTTP/1.1" 404 -
INFO:werkzeug:127.0.0.1 - - [04/Dec/2019 12:12:21] "GET /static/assets/css/dashboard-free.css.map HTTP/1.1" 404 -
INFO:werkzeug:127.0.0.1 - - [04/Dec/2019 12:13:41] "GET /static/assets/css/dashboard-free.css.map HTTP/1.1" 404 -
INFO:werkzeug:127.0.0.1 - - [04/Dec/2019 12:13:42] "GET /static/assets/css/dashboard-free.css.map HTTP/1.1" 404 -
INFO:werkzeug:127.0.0.1 - - [04/Dec/2019 12:15:38] "GET /static/assets/css/dashboard-free.css.map HTTP/1.1" 404 -
INFO:werkzeug:127.0.0.1 - - [04/Dec/2019 12:16:02] "GET /static/assets/css/dashboard-free.css.map HTTP/1.1" 404 -
INFO:werkzeug:127.0.0.1 - - [04/Dec/2019 12:16:18] "GET /static/assets/css/dashboard-free.css.map HTTP/1.1" 404 -
INFO:werkzeug:127.0.0.1 - - [04/Dec/2019 12:17:03] "GET /static/assets/css/dashboard-free.css.map HTTP/1.1" 404 -
INFO:werkzeug:127.0.0.1 - - [04/Dec/2019 12:18:23] "GET /static/assets/css/dashboard-free.css.map HTTP/1.1" 404 -
INFO:werkzeug:127.0.0.1 - - [04/Dec/2019 12:18:48] "GET /static/assets/css/dashboard-free.css.map HTTP/1.1" 404 -
INFO:werkzeug:127.0.0.1 - - [04/Dec/2019 12:19:24] "GET /static/assets/css/dashboard-free.css.map HTTP/1.1" 404 -
INFO:werkzeug:127.0.0.1 - - [04/Dec/2019 12:20:58] "GET /static/assets/css/dashboard-free.css.map HTTP/1.1" 404 -
INFO:werkzeug:127.0.0.1 - - [04/Dec/2019 12:24:24] "GET /static/assets/css/dashboard-free.css.map HTTP/1.1" 404 -
INFO:werkzeug:127.0.0.1 - - [04/Dec/2019 12:27:49] "GET / HTTP/1.1" 200 -
INFO:werkzeug:127.0.0.1 - - [04/Dec/2019 12:27:49] "GET /assets/js/core/jquery.min.js HTTP/1.1" 404 -
INFO:werkzeug:127.0.0.1 - - [04/Dec/2019 12:27:49] "GET /assets/js/core/popper.min.js HTTP/1.1" 404 -
INFO:werkzeug:127.0.0.1 - - [04/Dec/2019 12:27:49] "GET /assets/js/core/bootstrap-material-design.min.js HTTP/1.1" 404 -
INFO:werkzeug:127.0.0.1 - - [04/Dec/2019 12:27:49] "GET /assets/js/plugins/perfect-scrollbar.jquery.min.js HTTP/1.1" 404 -
INFO:werkzeug:127.0.0.1 - - [04/Dec/2019 12:27:49] "GET /assets/js/plugins/chartist.min.js HTTP/1.1" 404 -
INFO:werkzeug:127.0.0.1 - - [04/Dec/2019 12:27:49] "GET /assets/js/material-dashboard.js?v=2.1.1 HTTP/1.1" 404 -
INFO:werkzeug:127.0.0.1 - - [04/Dec/2019 12:27:49] "GET /assets/js/plugins/bootstrap-notify.js HTTP/1.1" 404 -
INFO:werkzeug:127.0.0.1 - - [04/Dec/2019 12:27:49] "GET /assets/js/material-dashboard.js?v=2.1.1 HTTP/1.1" 404 -
INFO:werkzeug:127.0.0.1 - - [04/Dec/2019 12:27:49] "GET /static/assets/css/dashboard-free.css.map HTTP/1.1" 404 -
INFO:werkzeug:127.0.0.1 - - [04/Dec/2019 12:27:55] "GET /static/assets/css/dashboard-free.css.map HTTP/1.1" 404 -
INFO:werkzeug:127.0.0.1 - - [04/Dec/2019 12:27:58] "GET /static/assets/css/dashboard-free.css.map HTTP/1.1" 404 -
INFO:werkzeug:127.0.0.1 - - [04/Dec/2019 12:28:31] "GET / HTTP/1.1" 500 -
INFO:werkzeug:127.0.0.1 - - [04/Dec/2019 12:28:31] "GET /?__debugger__=yes&cmd=resource&f=style.css HTTP/1.1" 200 -
INFO:werkzeug:127.0.0.1 - - [04/Dec/2019 12:28:31] "GET /?__debugger__=yes&cmd=resource&f=jquery.js HTTP/1.1" 200 -
INFO:werkzeug:127.0.0.1 - - [04/Dec/2019 12:28:31] "GET /?__debugger__=yes&cmd=resource&f=debugger.js HTTP/1.1" 200 -
INFO:werkzeug:127.0.0.1 - - [04/Dec/2019 12:28:31] "GET /?__debugger__=yes&cmd=resource&f=ubuntu.ttf HTTP/1.1" 200 -
INFO:werkzeug:127.0.0.1 - - [04/Dec/2019 12:28:31] "GET /?__debugger__=yes&cmd=resource&f=console.png HTTP/1.1" 200 -
INFO:werkzeug:127.0.0.1 - - [04/Dec/2019 12:28:32] "GET /?__debugger__=yes&cmd=resource&f=console.png HTTP/1.1" 200 -
INFO:werkzeug:127.0.0.1 - - [04/Dec/2019 12:28:33] "GET /menus/assets/js/core/popper.min.js HTTP/1.1" 404 -
INFO:werkzeug:127.0.0.1 - - [04/Dec/2019 12:28:33] "GET /static/assets/css/dashboard-free.css.map HTTP/1.1" 404 -
INFO:werkzeug:127.0.0.1 - - [04/Dec/2019 12:28:36] "GET /menus/searchs HTTP/1.1" 200 -
INFO:werkzeug:127.0.0.1 - - [04/Dec/2019 12:28:36] "GET /menus/assets/js/core/jquery.min.js HTTP/1.1" 404 -
INFO:werkzeug:127.0.0.1 - - [04/Dec/2019 12:28:36] "GET /menus/assets/js/core/popper.min.js HTTP/1.1" 404 -
INFO:werkzeug:127.0.0.1 - - [04/Dec/2019 12:28:36] "GET /menus/assets/js/plugins/perfect-scrollbar.jquery.min.js HTTP/1.1" 404 -
INFO:werkzeug:127.0.0.1 - - [04/Dec/2019 12:28:36] "GET /menus/assets/js/core/bootstrap-material-design.min.js HTTP/1.1" 404 -
INFO:werkzeug:127.0.0.1 - - [04/Dec/2019 12:28:36] "GET /menus/assets/js/plugins/chartist.min.js HTTP/1.1" 404 -
INFO:werkzeug:127.0.0.1 - - [04/Dec/2019 12:28:36] "GET /menus/assets/js/plugins/bootstrap-notify.js HTTP/1.1" 404 -
INFO:werkzeug:127.0.0.1 - - [04/Dec/2019 12:28:36] "GET /menus/assets/js/material-dashboard.js?v=2.1.1 HTTP/1.1" 404 -
INFO:werkzeug:127.0.0.1 - - [04/Dec/2019 12:28:37] "GET /menus/assets/js/plugins/perfect-scrollbar.jquery.min.js HTTP/1.1" 404 -
INFO:werkzeug:127.0.0.1 - - [04/Dec/2019 12:28:37] "GET /menus/assets/js/plugins/chartist.min.js HTTP/1.1" 404 -
INFO:werkzeug:127.0.0.1 - - [04/Dec/2019 12:28:37] "GET /menus/assets/js/plugins/bootstrap-notify.js HTTP/1.1" 404 -
INFO:werkzeug:127.0.0.1 - - [04/Dec/2019 12:28:37] "GET /menus/assets/js/material-dashboard.js?v=2.1.1 HTTP/1.1" 404 -
INFO:werkzeug:127.0.0.1 - - [04/Dec/2019 12:28:37] "GET /static/assets/css/dashboard-free.css.map HTTP/1.1" 404 -
INFO:werkzeug:127.0.0.1 - - [04/Dec/2019 12:29:22] "GET /menus/searchs HTTP/1.1" 200 -
INFO:werkzeug:127.0.0.1 - - [04/Dec/2019 12:29:22] "GET /static/css/mainpage.css HTTP/1.1" 200 -
INFO:werkzeug:127.0.0.1 - - [04/Dec/2019 12:29:22] "GET /menus/assets/js/core/jquery.min.js HTTP/1.1" 404 -
INFO:werkzeug:127.0.0.1 - - [04/Dec/2019 12:29:22] "GET /menus/assets/js/core/popper.min.js HTTP/1.1" 404 -
INFO:werkzeug:127.0.0.1 - - [04/Dec/2019 12:29:22] "GET /menus/assets/js/core/bootstrap-material-design.min.js HTTP/1.1" 404 -
INFO:werkzeug:127.0.0.1 - - [04/Dec/2019 12:29:22] "GET /menus/assets/js/plugins/perfect-scrollbar.jquery.min.js HTTP/1.1" 404 -
INFO:werkzeug:127.0.0.1 - - [04/Dec/2019 12:29:22] "GET /menus/assets/js/plugins/chartist.min.js HTTP/1.1" 404 -
INFO:werkzeug:127.0.0.1 - - [04/Dec/2019 12:29:22] "GET /menus/assets/js/plugins/bootstrap-notify.js HTTP/1.1" 404 -
INFO:werkzeug:127.0.0.1 - - [04/Dec/2019 12:29:22] "GET /menus/assets/js/material-dashboard.js?v=2.1.1 HTTP/1.1" 404 -
INFO:werkzeug:127.0.0.1 - - [04/Dec/2019 12:29:22] "GET /menus/assets/js/plugins/perfect-scrollbar.jquery.min.js HTTP/1.1" 404 -
INFO:werkzeug:127.0.0.1 - - [04/Dec/2019 12:29:23] "GET /menus/assets/js/plugins/chartist.min.js HTTP/1.1" 404 -
INFO:werkzeug:127.0.0.1 - - [04/Dec/2019 12:29:23] "GET /menus/assets/js/plugins/bootstrap-notify.js HTTP/1.1" 404 -
INFO:werkzeug:127.0.0.1 - - [04/Dec/2019 12:29:23] "GET /menus/assets/js/material-dashboard.js?v=2.1.1 HTTP/1.1" 404 -
INFO:werkzeug:127.0.0.1 - - [04/Dec/2019 12:29:24] "GET / HTTP/1.1" 500 -
INFO:werkzeug:127.0.0.1 - - [04/Dec/2019 12:29:24] "GET /?__debugger__=yes&cmd=resource&f=style.css HTTP/1.1" 200 -
INFO:werkzeug:127.0.0.1 - - [04/Dec/2019 12:29:24] "GET /?__debugger__=yes&cmd=resource&f=jquery.js HTTP/1.1" 200 -
INFO:werkzeug:127.0.0.1 - - [04/Dec/2019 12:29:24] "GET /?__debugger__=yes&cmd=resource&f=debugger.js HTTP/1.1" 200 -
INFO:werkzeug:127.0.0.1 - - [04/Dec/2019 12:29:25] "GET /?__debugger__=yes&cmd=resource&f=ubuntu.ttf HTTP/1.1" 200 -
INFO:werkzeug:127.0.0.1 - - [04/Dec/2019 12:29:25] "GET /?__debugger__=yes&cmd=resource&f=console.png HTTP/1.1" 200 -
INFO:werkzeug:127.0.0.1 - - [04/Dec/2019 12:29:38] "GET / HTTP/1.1" 200 -
INFO:werkzeug:127.0.0.1 - - [04/Dec/2019 12:29:38] "GET /assets/js/core/jquery.min.js HTTP/1.1" 404 -
INFO:werkzeug:127.0.0.1 - - [04/Dec/2019 12:29:38] "GET /assets/js/core/popper.min.js HTTP/1.1" 404 -
INFO:werkzeug:127.0.0.1 - - [04/Dec/2019 12:29:39] "GET /assets/js/core/bootstrap-material-design.min.js HTTP/1.1" 404 -
INFO:werkzeug:127.0.0.1 - - [04/Dec/2019 12:29:39] "GET /assets/js/plugins/perfect-scrollbar.jquery.min.js HTTP/1.1" 404 -
INFO:werkzeug:127.0.0.1 - - [04/Dec/2019 12:29:39] "GET /assets/js/plugins/chartist.min.js HTTP/1.1" 404 -
INFO:werkzeug:127.0.0.1 - - [04/Dec/2019 12:29:39] "GET /assets/js/plugins/bootstrap-notify.js HTTP/1.1" 404 -
INFO:werkzeug:127.0.0.1 - - [04/Dec/2019 12:29:39] "GET /assets/js/material-dashboard.js?v=2.1.1 HTTP/1.1" 404 -
INFO:werkzeug: * Restarting with stat
WARNING:werkzeug: * Debugger is active!
INFO:werkzeug: * Debugger PIN: 791-056-875
INFO:werkzeug: * Running on http://localhost:8080/ (Press CTRL+C to quit)
INFO:werkzeug:127.0.0.1 - - [07/Dec/2019 14:38:52] "GET / HTTP/1.1" 200 -
INFO:werkzeug:127.0.0.1 - - [07/Dec/2019 14:38:52] "GET /static/assets/css/material-dashboard.css?v=2.1.1 HTTP/1.1" 200 -
INFO:werkzeug:127.0.0.1 - - [07/Dec/2019 14:38:53] "GET /static/css/mainpage.css HTTP/1.1" 200 -
INFO:werkzeug:127.0.0.1 - - [07/Dec/2019 14:38:53] "GET /assets/js/core/jquery.min.js HTTP/1.1" 404 -
INFO:werkzeug:127.0.0.1 - - [07/Dec/2019 14:38:53] "GET /assets/js/core/popper.min.js HTTP/1.1" 404 -
INFO:werkzeug:127.0.0.1 - - [07/Dec/2019 14:38:53] "GET /assets/js/core/bootstrap-material-design.min.js HTTP/1.1" 404 -
INFO:werkzeug:127.0.0.1 - - [07/Dec/2019 14:38:53] "GET /assets/js/plugins/perfect-scrollbar.jquery.min.js HTTP/1.1" 404 -
INFO:werkzeug:127.0.0.1 - - [07/Dec/2019 14:38:53] "GET /assets/js/plugins/chartist.min.js HTTP/1.1" 404 -
INFO:werkzeug:127.0.0.1 - - [07/Dec/2019 14:38:53] "GET /assets/js/plugins/bootstrap-notify.js HTTP/1.1" 404 -
INFO:werkzeug:127.0.0.1 - - [07/Dec/2019 14:38:53] "GET /assets/js/material-dashboard.js?v=2.1.1 HTTP/1.1" 404 -
INFO:werkzeug:127.0.0.1 - - [07/Dec/2019 14:38:54] "GET /favicon.ico HTTP/1.1" 404 -
INFO:werkzeug:127.0.0.1 - - [07/Dec/2019 14:38:59] "GET /auth/login HTTP/1.1" 200 -
INFO:werkzeug:127.0.0.1 - - [07/Dec/2019 14:39:00] "GET /auth/assets/js/core/jquery.min.js HTTP/1.1" 404 -
INFO:werkzeug:127.0.0.1 - - [07/Dec/2019 14:39:00] "GET /auth/assets/js/core/popper.min.js HTTP/1.1" 404 -
INFO:werkzeug:127.0.0.1 - - [07/Dec/2019 14:39:00] "GET /auth/assets/js/core/bootstrap-material-design.min.js HTTP/1.1" 404 -
INFO:werkzeug:127.0.0.1 - - [07/Dec/2019 14:39:00] "GET /auth/assets/js/plugins/perfect-scrollbar.jquery.min.js HTTP/1.1" 404 -
INFO:werkzeug:127.0.0.1 - - [07/Dec/2019 14:39:00] "GET /auth/assets/js/plugins/chartist.min.js HTTP/1.1" 404 -
INFO:werkzeug:127.0.0.1 - - [07/Dec/2019 14:39:00] "GET /auth/assets/js/plugins/bootstrap-notify.js HTTP/1.1" 404 -
INFO:werkzeug:127.0.0.1 - - [07/Dec/2019 14:39:00] "GET /auth/assets/js/material-dashboard.js?v=2.1.1 HTTP/1.1" 404 -
INFO:werkzeug:127.0.0.1 - - [07/Dec/2019 14:39:00] "GET /static/images/kakao_account_login_btn_medium_narrow.png HTTP/1.1" 200 -
INFO:werkzeug:127.0.0.1 - - [07/Dec/2019 14:39:08] "GET /auth/kakao_oauth_redirect?code=Fh7tJdTqzAzoBcARx_3xxLWVg5PoZoqLhmAIB3LsxmS8tkIbEsqF8vzX1UgjShC5LqlsLQo9dVoAAAFu3t5rJQ HTTP/1.1" 302 -
INFO:werkzeug:127.0.0.1 - - [07/Dec/2019 14:39:08] "GET /auth/login HTTP/1.1" 200 -
INFO:werkzeug:127.0.0.1 - - [07/Dec/2019 14:39:08] "GET /auth/assets/js/core/popper.min.js HTTP/1.1" 404 -
INFO:werkzeug:127.0.0.1 - - [07/Dec/2019 14:39:08] "GET /auth/assets/js/core/bootstrap-material-design.min.js HTTP/1.1" 404 -
INFO:werkzeug:127.0.0.1 - - [07/Dec/2019 14:39:08] "GET /auth/assets/js/plugins/perfect-scrollbar.jquery.min.js HTTP/1.1" 404 -
INFO:werkzeug:127.0.0.1 - - [07/Dec/2019 14:39:08] "GET /auth/assets/js/core/jquery.min.js HTTP/1.1" 404 -
INFO:werkzeug:127.0.0.1 - - [07/Dec/2019 14:39:08] "GET /auth/assets/js/plugins/chartist.min.js HTTP/1.1" 404 -
INFO:werkzeug:127.0.0.1 - - [07/Dec/2019 14:39:08] "GET /auth/assets/js/plugins/bootstrap-notify.js HTTP/1.1" 404 -
INFO:werkzeug:127.0.0.1 - - [07/Dec/2019 14:39:09] "GET /auth/assets/js/material-dashboard.js?v=2.1.1 HTTP/1.1" 404 -
INFO:werkzeug:127.0.0.1 - - [07/Dec/2019 14:39:09] "GET /auth/assets/js/core/popper.min.js HTTP/1.1" 404 -
INFO:werkzeug:127.0.0.1 - - [07/Dec/2019 14:39:09] "GET /auth/assets/js/core/bootstrap-material-design.min.js HTTP/1.1" 404 -
INFO:werkzeug:127.0.0.1 - - [07/Dec/2019 14:39:09] "GET /auth/assets/js/plugins/perfect-scrollbar.jquery.min.js HTTP/1.1" 404 -
INFO:werkzeug:127.0.0.1 - - [07/Dec/2019 14:39:09] "GET /auth/assets/js/plugins/chartist.min.js HTTP/1.1" 404 -
INFO:werkzeug:127.0.0.1 - - [07/Dec/2019 14:39:10] "GET /auth/assets/js/plugins/bootstrap-notify.js HTTP/1.1" 404 -
INFO:werkzeug:127.0.0.1 - - [07/Dec/2019 14:39:10] "GET /auth/assets/js/material-dashboard.js?v=2.1.1 HTTP/1.1" 404 -
INFO:werkzeug:127.0.0.1 - - [07/Dec/2019 14:39:17] "POST /auth/login HTTP/1.1" 302 -
INFO:werkzeug:127.0.0.1 - - [07/Dec/2019 14:39:17] "GET / HTTP/1.1" 200 -
INFO:werkzeug:127.0.0.1 - - [07/Dec/2019 14:39:18] "GET /assets/js/material-dashboard.js?v=2.1.1 HTTP/1.1" 404 -
INFO:werkzeug:127.0.0.1 - - [07/Dec/2019 14:39:18] "GET /assets/js/core/bootstrap-material-design.min.js HTTP/1.1" 404 -
INFO:werkzeug:127.0.0.1 - - [07/Dec/2019 14:39:18] "GET /assets/js/core/jquery.min.js HTTP/1.1" 404 -
INFO:werkzeug:127.0.0.1 - - [07/Dec/2019 14:39:18] "GET /assets/js/core/popper.min.js HTTP/1.1" 404 -
INFO:werkzeug:127.0.0.1 - - [07/Dec/2019 14:39:18] "GET /assets/js/plugins/perfect-scrollbar.jquery.min.js HTTP/1.1" 404 -
INFO:werkzeug:127.0.0.1 - - [07/Dec/2019 14:39:18] "GET /assets/js/plugins/chartist.min.js HTTP/1.1" 404 -
INFO:werkzeug:127.0.0.1 - - [07/Dec/2019 14:39:18] "GET /assets/js/plugins/bootstrap-notify.js HTTP/1.1" 404 -
INFO:werkzeug:127.0.0.1 - - [07/Dec/2019 14:39:18] "GET /assets/js/core/bootstrap-material-design.min.js HTTP/1.1" 404 -
INFO:werkzeug:127.0.0.1 - - [07/Dec/2019 14:39:18] "GET /assets/js/plugins/perfect-scrollbar.jquery.min.js HTTP/1.1" 404 -
INFO:werkzeug:127.0.0.1 - - [07/Dec/2019 14:39:19] "GET /assets/js/plugins/chartist.min.js HTTP/1.1" 404 -
INFO:werkzeug:127.0.0.1 - - [07/Dec/2019 14:39:19] "GET /assets/js/plugins/bootstrap-notify.js HTTP/1.1" 404 -
INFO:werkzeug:127.0.0.1 - - [07/Dec/2019 14:39:19] "GET /assets/js/material-dashboard.js?v=2.1.1 HTTP/1.1" 404 -
INFO:werkzeug:127.0.0.1 - - [07/Dec/2019 15:06:29] "GET / HTTP/1.1" 200 -
INFO:werkzeug:127.0.0.1 - - [07/Dec/2019 15:06:29] "GET /assets/js/core/jquery.min.js HTTP/1.1" 404 -
INFO:werkzeug:127.0.0.1 - - [07/Dec/2019 15:06:29] "GET /assets/js/core/popper.min.js HTTP/1.1" 404 -
INFO:werkzeug:127.0.0.1 - - [07/Dec/2019 15:06:30] "GET /assets/js/core/bootstrap-material-design.min.js HTTP/1.1" 404 -
INFO:werkzeug:127.0.0.1 - - [07/Dec/2019 15:06:30] "GET /assets/js/plugins/perfect-scrollbar.jquery.min.js HTTP/1.1" 404 -
INFO:werkzeug:127.0.0.1 - - [07/Dec/2019 15:06:30] "GET /assets/js/plugins/chartist.min.js HTTP/1.1" 404 -
INFO:werkzeug:127.0.0.1 - - [07/Dec/2019 15:06:30] "GET /assets/js/plugins/bootstrap-notify.js HTTP/1.1" 404 -
INFO:werkzeug:127.0.0.1 - - [07/Dec/2019 15:06:30] "GET /assets/js/material-dashboard.js?v=2.1.1 HTTP/1.1" 404 -
INFO:werkzeug:127.0.0.1 - - [07/Dec/2019 15:06:31] "GET / HTTP/1.1" 200 -
INFO:werkzeug:127.0.0.1 - - [07/Dec/2019 15:06:31] "GET /assets/js/core/bootstrap-material-design.min.js HTTP/1.1" 404 -
INFO:werkzeug:127.0.0.1 - - [07/Dec/2019 15:06:31] "GET /assets/js/plugins/perfect-scrollbar.jquery.min.js HTTP/1.1" 404 -
INFO:werkzeug:127.0.0.1 - - [07/Dec/2019 15:06:31] "GET /assets/js/plugins/bootstrap-notify.js HTTP/1.1" 404 -
INFO:werkzeug:127.0.0.1 - - [07/Dec/2019 15:06:31] "GET /assets/js/core/jquery.min.js HTTP/1.1" 404 -
INFO:werkzeug:127.0.0.1 - - [07/Dec/2019 15:06:31] "GET /assets/js/core/popper.min.js HTTP/1.1" 404 -
INFO:werkzeug:127.0.0.1 - - [07/Dec/2019 15:06:31] "GET /assets/js/plugins/chartist.min.js HTTP/1.1" 404 -
INFO:werkzeug:127.0.0.1 - - [07/Dec/2019 15:06:31] "GET /assets/js/material-dashboard.js?v=2.1.1 HTTP/1.1" 404 -
INFO:werkzeug:127.0.0.1 - - [07/Dec/2019 15:06:31] "GET /assets/js/core/bootstrap-material-design.min.js HTTP/1.1" 404 -
INFO:werkzeug:127.0.0.1 - - [07/Dec/2019 15:06:32] "GET /assets/js/plugins/perfect-scrollbar.jquery.min.js HTTP/1.1" 404 -
INFO:werkzeug:127.0.0.1 - - [07/Dec/2019 15:06:32] "GET /assets/js/plugins/chartist.min.js HTTP/1.1" 404 -
INFO:werkzeug:127.0.0.1 - - [07/Dec/2019 15:06:32] "GET /assets/js/plugins/bootstrap-notify.js HTTP/1.1" 404 -
INFO:werkzeug:127.0.0.1 - - [07/Dec/2019 15:06:32] "GET /assets/js/material-dashboard.js?v=2.1.1 HTTP/1.1" 404 -
INFO:werkzeug:127.0.0.1 - - [07/Dec/2019 15:07:26] "GET / HTTP/1.1" 200 -
INFO:werkzeug:127.0.0.1 - - [07/Dec/2019 15:07:26] "GET /assets/js/core/popper.min.js HTTP/1.1" 404 -
INFO:werkzeug:127.0.0.1 - - [07/Dec/2019 15:07:27] "GET /assets/js/core/jquery.min.js HTTP/1.1" 404 -
INFO:werkzeug:127.0.0.1 - - [07/Dec/2019 15:07:27] "GET /assets/js/core/bootstrap-material-design.min.js HTTP/1.1" 404 -
INFO:werkzeug:127.0.0.1 - - [07/Dec/2019 15:07:27] "GET /assets/js/plugins/chartist.min.js HTTP/1.1" 404 -
INFO:werkzeug:127.0.0.1 - - [07/Dec/2019 15:07:27] "GET /assets/js/plugins/perfect-scrollbar.jquery.min.js HTTP/1.1" 404 -
INFO:werkzeug:127.0.0.1 - - [07/Dec/2019 15:07:27] "GET /assets/js/plugins/bootstrap-notify.js HTTP/1.1" 404 -
INFO:werkzeug:127.0.0.1 - - [07/Dec/2019 15:07:27] "GET /assets/js/material-dashboard.js?v=2.1.1 HTTP/1.1" 404 -
INFO:werkzeug:127.0.0.1 - - [07/Dec/2019 15:07:27] "GET /assets/js/core/popper.min.js HTTP/1.1" 404 -
INFO:werkzeug:127.0.0.1 - - [07/Dec/2019 15:07:27] "GET /assets/js/core/bootstrap-material-design.min.js HTTP/1.1" 404 -
INFO:werkzeug:127.0.0.1 - - [07/Dec/2019 15:07:27] "GET /assets/js/plugins/perfect-scrollbar.jquery.min.js HTTP/1.1" 404 -
INFO:werkzeug:127.0.0.1 - - [07/Dec/2019 15:07:27] "GET /assets/js/plugins/chartist.min.js HTTP/1.1" 404 -
INFO:werkzeug:127.0.0.1 - - [07/Dec/2019 15:07:28] "GET /assets/js/plugins/bootstrap-notify.js HTTP/1.1" 404 -
INFO:werkzeug:127.0.0.1 - - [07/Dec/2019 15:07:28] "GET /assets/js/material-dashboard.js?v=2.1.1 HTTP/1.1" 404 -
INFO:werkzeug:127.0.0.1 - - [07/Dec/2019 15:10:51] "GET / HTTP/1.1" 200 -
INFO:werkzeug:127.0.0.1 - - [07/Dec/2019 15:10:51] "GET /assets/js/plugins/chartist.min.js HTTP/1.1" 404 -
INFO:werkzeug:127.0.0.1 - - [07/Dec/2019 15:10:51] "GET /assets/js/core/jquery.min.js HTTP/1.1" 404 -
INFO:werkzeug:127.0.0.1 - - [07/Dec/2019 15:10:51] "GET /assets/js/core/bootstrap-material-design.min.js HTTP/1.1" 404 -
INFO:werkzeug:127.0.0.1 - - [07/Dec/2019 15:10:51] "GET /assets/js/core/popper.min.js HTTP/1.1" 404 -
INFO:werkzeug:127.0.0.1 - - [07/Dec/2019 15:10:51] "GET /assets/js/plugins/perfect-scrollbar.jquery.min.js HTTP/1.1" 404 -
INFO:werkzeug:127.0.0.1 - - [07/Dec/2019 15:10:51] "GET /assets/js/plugins/bootstrap-notify.js HTTP/1.1" 404 -
INFO:werkzeug:127.0.0.1 - - [07/Dec/2019 15:10:51] "GET /assets/js/material-dashboard.js?v=2.1.1 HTTP/1.1" 404 -
INFO:werkzeug:127.0.0.1 - - [07/Dec/2019 15:10:52] "GET /assets/js/core/bootstrap-material-design.min.js HTTP/1.1" 404 -
INFO:werkzeug:127.0.0.1 - - [07/Dec/2019 15:10:52] "GET /assets/js/plugins/perfect-scrollbar.jquery.min.js HTTP/1.1" 404 -
INFO:werkzeug:127.0.0.1 - - [07/Dec/2019 15:10:52] "GET /assets/js/plugins/chartist.min.js HTTP/1.1" 404 -
INFO:werkzeug:127.0.0.1 - - [07/Dec/2019 15:10:52] "GET /assets/js/plugins/bootstrap-notify.js HTTP/1.1" 404 -
INFO:werkzeug:127.0.0.1 - - [07/Dec/2019 15:10:53] "GET /assets/js/material-dashboard.js?v=2.1.1 HTTP/1.1" 404 -
INFO:werkzeug:127.0.0.1 - - [07/Dec/2019 15:11:00] "GET /static/assets/css/dashboard-free.css.map HTTP/1.1" 404 -
INFO:werkzeug:127.0.0.1 - - [07/Dec/2019 15:11:13] "GET / HTTP/1.1" 200 -
INFO:werkzeug:127.0.0.1 - - [07/Dec/2019 15:11:13] "GET /assets/js/core/jquery.min.js HTTP/1.1" 404 -
INFO:werkzeug:127.0.0.1 - - [07/Dec/2019 15:11:13] "GET /assets/js/core/popper.min.js HTTP/1.1" 404 -
INFO:werkzeug:127.0.0.1 - - [07/Dec/2019 15:11:13] "GET /assets/js/core/bootstrap-material-design.min.js HTTP/1.1" 404 -
INFO:werkzeug:127.0.0.1 - - [07/Dec/2019 15:11:13] "GET /assets/js/plugins/perfect-scrollbar.jquery.min.js HTTP/1.1" 404 -
INFO:werkzeug:127.0.0.1 - - [07/Dec/2019 15:11:13] "GET /assets/js/plugins/chartist.min.js HTTP/1.1" 404 -
INFO:werkzeug:127.0.0.1 - - [07/Dec/2019 15:11:13] "GET /assets/js/plugins/bootstrap-notify.js HTTP/1.1" 404 -
INFO:werkzeug:127.0.0.1 - - [07/Dec/2019 15:11:13] "GET /assets/js/material-dashboard.js?v=2.1.1 HTTP/1.1" 404 -
INFO:werkzeug:127.0.0.1 - - [07/Dec/2019 15:11:13] "GET /assets/js/plugins/chartist.min.js HTTP/1.1" 404 -
INFO:werkzeug:127.0.0.1 - - [07/Dec/2019 15:11:13] "GET /assets/js/plugins/bootstrap-notify.js HTTP/1.1" 404 -
INFO:werkzeug:127.0.0.1 - - [07/Dec/2019 15:11:13] "GET /assets/js/material-dashboard.js?v=2.1.1 HTTP/1.1" 404 -
INFO:werkzeug:127.0.0.1 - - [07/Dec/2019 15:11:14] "GET /static/assets/css/dashboard-free.css.map HTTP/1.1" 404 -
INFO:werkzeug:127.0.0.1 - - [07/Dec/2019 15:27:03] "GET /menus/images HTTP/1.1" 200 -
INFO:werkzeug:127.0.0.1 - - [07/Dec/2019 15:27:03] "GET /menus/assets/js/core/jquery.min.js HTTP/1.1" 404 -
INFO:werkzeug:127.0.0.1 - - [07/Dec/2019 15:27:03] "GET /menus/assets/js/core/popper.min.js HTTP/1.1" 404 -
INFO:werkzeug:127.0.0.1 - - [07/Dec/2019 15:27:03] "GET /menus/assets/js/core/bootstrap-material-design.min.js HTTP/1.1" 404 -
INFO:werkzeug:127.0.0.1 - - [07/Dec/2019 15:27:03] "GET /menus/assets/js/plugins/perfect-scrollbar.jquery.min.js HTTP/1.1" 404 -
INFO:werkzeug:127.0.0.1 - - [07/Dec/2019 15:27:03] "GET /menus/assets/js/plugins/chartist.min.js HTTP/1.1" 404 -
INFO:werkzeug:127.0.0.1 - - [07/Dec/2019 15:27:03] "GET /menus/assets/js/plugins/bootstrap-notify.js HTTP/1.1" 404 -
INFO:werkzeug:127.0.0.1 - - [07/Dec/2019 15:27:03] "GET /menus/assets/js/material-dashboard.js?v=2.1.1 HTTP/1.1" 404 -
INFO:werkzeug:127.0.0.1 - - [07/Dec/2019 15:27:03] "GET /menus/assets/js/core/popper.min.js HTTP/1.1" 404 -
INFO:werkzeug:127.0.0.1 - - [07/Dec/2019 15:27:03] "GET /menus/assets/js/core/bootstrap-material-design.min.js HTTP/1.1" 404 -
INFO:werkzeug:127.0.0.1 - - [07/Dec/2019 15:27:04] "GET /menus/assets/js/plugins/perfect-scrollbar.jquery.min.js HTTP/1.1" 404 -
INFO:werkzeug:127.0.0.1 - - [07/Dec/2019 15:27:04] "GET /menus/assets/js/plugins/chartist.min.js HTTP/1.1" 404 -
INFO:werkzeug:127.0.0.1 - - [07/Dec/2019 15:27:04] "GET /menus/assets/js/plugins/bootstrap-notify.js HTTP/1.1" 404 -
INFO:werkzeug:127.0.0.1 - - [07/Dec/2019 15:27:04] "GET /menus/assets/js/material-dashboard.js?v=2.1.1 HTTP/1.1" 404 -
INFO:werkzeug:127.0.0.1 - - [07/Dec/2019 15:27:06] "GET /menus/books HTTP/1.1" 200 -
INFO:werkzeug:127.0.0.1 - - [07/Dec/2019 15:27:06] "GET /menus/assets/js/core/jquery.min.js HTTP/1.1" 404 -
INFO:werkzeug:127.0.0.1 - - [07/Dec/2019 15:27:06] "GET /menus/assets/js/core/popper.min.js HTTP/1.1" 404 -
INFO:werkzeug:127.0.0.1 - - [07/Dec/2019 15:27:06] "GET /menus/assets/js/core/bootstrap-material-design.min.js HTTP/1.1" 404 -
INFO:werkzeug:127.0.0.1 - - [07/Dec/2019 15:27:06] "GET /menus/assets/js/plugins/perfect-scrollbar.jquery.min.js HTTP/1.1" 404 -
INFO:werkzeug:127.0.0.1 - - [07/Dec/2019 15:27:06] "GET /menus/assets/js/plugins/chartist.min.js HTTP/1.1" 404 -
INFO:werkzeug:127.0.0.1 - - [07/Dec/2019 15:27:06] "GET /menus/assets/js/plugins/bootstrap-notify.js HTTP/1.1" 404 -
INFO:werkzeug:127.0.0.1 - - [07/Dec/2019 15:27:06] "GET /menus/assets/js/material-dashboard.js?v=2.1.1 HTTP/1.1" 404 -
INFO:werkzeug:127.0.0.1 - - [07/Dec/2019 15:27:08] "GET /menus/searchs HTTP/1.1" 200 -
INFO:werkzeug:127.0.0.1 - - [07/Dec/2019 15:27:08] "GET /menus/assets/js/core/popper.min.js HTTP/1.1" 404 -
INFO:werkzeug:127.0.0.1 - - [07/Dec/2019 15:27:09] "GET /menus/assets/js/core/bootstrap-material-design.min.js HTTP/1.1" 404 -
INFO:werkzeug:127.0.0.1 - - [07/Dec/2019 15:27:09] "GET /menus/assets/js/plugins/perfect-scrollbar.jquery.min.js HTTP/1.1" 404 -
INFO:werkzeug:127.0.0.1 - - [07/Dec/2019 15:27:09] "GET /menus/assets/js/core/jquery.min.js HTTP/1.1" 404 -
INFO:werkzeug:127.0.0.1 - - [07/Dec/2019 15:27:09] "GET /menus/assets/js/plugins/chartist.min.js HTTP/1.1" 404 -
INFO:werkzeug:127.0.0.1 - - [07/Dec/2019 15:27:09] "GET /menus/assets/js/plugins/bootstrap-notify.js HTTP/1.1" 404 -
INFO:werkzeug:127.0.0.1 - - [07/Dec/2019 15:27:09] "GET /menus/assets/js/material-dashboard.js?v=2.1.1 HTTP/1.1" 404 -
INFO:werkzeug:127.0.0.1 - - [07/Dec/2019 15:27:09] "GET /menus/assets/js/core/popper.min.js HTTP/1.1" 404 -
INFO:werkzeug:127.0.0.1 - - [07/Dec/2019 15:27:09] "GET /menus/assets/js/core/bootstrap-material-design.min.js HTTP/1.1" 404 -
INFO:werkzeug:127.0.0.1 - - [07/Dec/2019 15:27:10] "GET /menus/assets/js/plugins/perfect-scrollbar.jquery.min.js HTTP/1.1" 404 -
INFO:werkzeug:127.0.0.1 - - [07/Dec/2019 15:27:10] "GET /menus/assets/js/plugins/chartist.min.js HTTP/1.1" 404 -
INFO:werkzeug:127.0.0.1 - - [07/Dec/2019 15:27:10] "GET /menus/assets/js/plugins/bootstrap-notify.js HTTP/1.1" 404 -
INFO:werkzeug:127.0.0.1 - - [07/Dec/2019 15:27:10] "GET /menus/assets/js/material-dashboard.js?v=2.1.1 HTTP/1.1" 404 -
INFO:werkzeug:127.0.0.1 - - [07/Dec/2019 15:27:13] "GET / HTTP/1.1" 200 -
INFO:werkzeug:127.0.0.1 - - [07/Dec/2019 15:27:13] "GET /assets/js/core/jquery.min.js HTTP/1.1" 404 -
INFO:werkzeug:127.0.0.1 - - [07/Dec/2019 15:27:13] "GET /assets/js/core/popper.min.js HTTP/1.1" 404 -
INFO:werkzeug:127.0.0.1 - - [07/Dec/2019 15:27:13] "GET /assets/js/core/bootstrap-material-design.min.js HTTP/1.1" 404 -
INFO:werkzeug:127.0.0.1 - - [07/Dec/2019 15:27:13] "GET /assets/js/plugins/perfect-scrollbar.jquery.min.js HTTP/1.1" 404 -
INFO:werkzeug:127.0.0.1 - - [07/Dec/2019 15:27:13] "GET /assets/js/plugins/chartist.min.js HTTP/1.1" 404 -
INFO:werkzeug:127.0.0.1 - - [07/Dec/2019 15:27:13] "GET /assets/js/plugins/bootstrap-notify.js HTTP/1.1" 404 -
INFO:werkzeug:127.0.0.1 - - [07/Dec/2019 15:27:14] "GET /assets/js/material-dashboard.js?v=2.1.1 HTTP/1.1" 404 -
INFO:werkzeug:127.0.0.1 - - [07/Dec/2019 15:27:16] "GET /menus/searchs HTTP/1.1" 200 -
INFO:werkzeug:127.0.0.1 - - [07/Dec/2019 15:27:16] "GET /menus/assets/js/core/jquery.min.js HTTP/1.1" 404 -
INFO:werkzeug:127.0.0.1 - - [07/Dec/2019 15:27:16] "GET /menus/assets/js/core/popper.min.js HTTP/1.1" 404 -
INFO:werkzeug:127.0.0.1 - - [07/Dec/2019 15:27:17] "GET /menus/assets/js/core/bootstrap-material-design.min.js HTTP/1.1" 404 -
INFO:werkzeug:127.0.0.1 - - [07/Dec/2019 15:27:17] "GET /menus/assets/js/plugins/perfect-scrollbar.jquery.min.js HTTP/1.1" 404 -
INFO:werkzeug:127.0.0.1 - - [07/Dec/2019 15:27:17] "GET /menus/assets/js/plugins/chartist.min.js HTTP/1.1" 404 -
INFO:werkzeug:127.0.0.1 - - [07/Dec/2019 15:27:17] "GET /menus/assets/js/plugins/bootstrap-notify.js HTTP/1.1" 404 -
INFO:werkzeug:127.0.0.1 - - [07/Dec/2019 15:27:17] "GET /menus/assets/js/material-dashboard.js?v=2.1.1 HTTP/1.1" 404 -
INFO:werkzeug:127.0.0.1 - - [07/Dec/2019 15:35:49] "GET /menus/searchs HTTP/1.1" 200 -
INFO:werkzeug:127.0.0.1 - - [07/Dec/2019 15:35:49] "GET /menus/assets/js/core/popper.min.js HTTP/1.1" 404 -
INFO:werkzeug:127.0.0.1 - - [07/Dec/2019 15:35:49] "GET /menus/assets/js/core/bootstrap-material-design.min.js HTTP/1.1" 404 -
INFO:werkzeug:127.0.0.1 - - [07/Dec/2019 15:35:49] "GET /menus/assets/js/plugins/perfect-scrollbar.jquery.min.js HTTP/1.1" 404 -
INFO:werkzeug:127.0.0.1 - - [07/Dec/2019 15:35:49] "GET /menus/assets/js/core/jquery.min.js HTTP/1.1" 404 -
INFO:werkzeug:127.0.0.1 - - [07/Dec/2019 15:35:49] "GET /menus/assets/js/plugins/chartist.min.js HTTP/1.1" 404 -
INFO:werkzeug:127.0.0.1 - - [07/Dec/2019 15:35:49] "GET /menus/assets/js/plugins/bootstrap-notify.js HTTP/1.1" 404 -
INFO:werkzeug:127.0.0.1 - - [07/Dec/2019 15:35:49] "GET /menus/assets/js/material-dashboard.js?v=2.1.1 HTTP/1.1" 404 -
INFO:werkzeug:127.0.0.1 - - [07/Dec/2019 15:35:49] "GET /menus/assets/js/core/popper.min.js HTTP/1.1" 404 -
INFO:werkzeug:127.0.0.1 - - [07/Dec/2019 15:35:50] "GET /menus/assets/js/core/bootstrap-material-design.min.js HTTP/1.1" 404 -
INFO:werkzeug:127.0.0.1 - - [07/Dec/2019 15:35:50] "GET /menus/assets/js/plugins/perfect-scrollbar.jquery.min.js HTTP/1.1" 404 -
INFO:werkzeug:127.0.0.1 - - [07/Dec/2019 15:35:50] "GET /menus/assets/js/plugins/chartist.min.js HTTP/1.1" 404 -
INFO:werkzeug:127.0.0.1 - - [07/Dec/2019 15:35:50] "GET /menus/assets/js/plugins/bootstrap-notify.js HTTP/1.1" 404 -
INFO:werkzeug:127.0.0.1 - - [07/Dec/2019 15:35:50] "GET /menus/assets/js/material-dashboard.js?v=2.1.1 HTTP/1.1" 404 -
INFO:werkzeug:127.0.0.1 - - [07/Dec/2019 15:35:52] "GET /menus/searchs HTTP/1.1" 200 -
INFO:werkzeug:127.0.0.1 - - [07/Dec/2019 15:35:52] "GET /menus/assets/js/core/jquery.min.js HTTP/1.1" 404 -
INFO:werkzeug:127.0.0.1 - - [07/Dec/2019 15:35:52] "GET /menus/assets/js/core/popper.min.js HTTP/1.1" 404 -
INFO:werkzeug:127.0.0.1 - - [07/Dec/2019 15:35:52] "GET /menus/assets/js/core/bootstrap-material-design.min.js HTTP/1.1" 404 -
INFO:werkzeug:127.0.0.1 - - [07/Dec/2019 15:35:52] "GET /menus/assets/js/plugins/chartist.min.js HTTP/1.1" 404 -
INFO:werkzeug:127.0.0.1 - - [07/Dec/2019 15:35:52] "GET /menus/assets/js/plugins/perfect-scrollbar.jquery.min.js HTTP/1.1" 404 -
INFO:werkzeug:127.0.0.1 - - [07/Dec/2019 15:35:52] "GET /menus/assets/js/plugins/bootstrap-notify.js HTTP/1.1" 404 -
INFO:werkzeug:127.0.0.1 - - [07/Dec/2019 15:35:53] "GET /menus/assets/js/material-dashboard.js?v=2.1.1 HTTP/1.1" 404 -
INFO:werkzeug:127.0.0.1 - - [07/Dec/2019 15:35:53] "GET /menus/assets/js/plugins/chartist.min.js HTTP/1.1" 404 -
INFO:werkzeug:127.0.0.1 - - [07/Dec/2019 15:35:53] "GET /menus/assets/js/plugins/bootstrap-notify.js HTTP/1.1" 404 -
INFO:werkzeug:127.0.0.1 - - [07/Dec/2019 15:35:53] "GET /menus/assets/js/material-dashboard.js?v=2.1.1 HTTP/1.1" 404 -
INFO:werkzeug:127.0.0.1 - - [07/Dec/2019 15:35:54] "GET /menus/images HTTP/1.1" 200 -
INFO:werkzeug:127.0.0.1 - - [07/Dec/2019 15:35:54] "GET /menus/assets/js/core/jquery.min.js HTTP/1.1" 404 -
INFO:werkzeug:127.0.0.1 - - [07/Dec/2019 15:35:55] "GET /menus/assets/js/core/popper.min.js HTTP/1.1" 404 -
INFO:werkzeug:127.0.0.1 - - [07/Dec/2019 15:35:55] "GET /menus/assets/js/core/bootstrap-material-design.min.js HTTP/1.1" 404 -
INFO:werkzeug:127.0.0.1 - - [07/Dec/2019 15:35:55] "GET /menus/assets/js/plugins/perfect-scrollbar.jquery.min.js HTTP/1.1" 404 -
INFO:werkzeug:127.0.0.1 - - [07/Dec/2019 15:35:55] "GET /menus/assets/js/plugins/chartist.min.js HTTP/1.1" 404 -
INFO:werkzeug:127.0.0.1 - - [07/Dec/2019 15:35:55] "GET /menus/assets/js/plugins/bootstrap-notify.js HTTP/1.1" 404 -
INFO:werkzeug:127.0.0.1 - - [07/Dec/2019 15:35:55] "GET /menus/assets/js/material-dashboard.js?v=2.1.1 HTTP/1.1" 404 -
INFO:werkzeug:127.0.0.1 - - [07/Dec/2019 15:35:55] "GET /menus/books HTTP/1.1" 200 -
INFO:werkzeug:127.0.0.1 - - [07/Dec/2019 15:35:55] "GET /menus/assets/js/core/jquery.min.js HTTP/1.1" 404 -
INFO:werkzeug:127.0.0.1 - - [07/Dec/2019 15:35:56] "GET /menus/assets/js/core/bootstrap-material-design.min.js HTTP/1.1" 404 -
INFO:werkzeug:127.0.0.1 - - [07/Dec/2019 15:35:56] "GET /menus/assets/js/core/popper.min.js HTTP/1.1" 404 -
INFO:werkzeug:127.0.0.1 - - [07/Dec/2019 15:35:56] "GET /menus/assets/js/plugins/chartist.min.js HTTP/1.1" 404 -
INFO:werkzeug:127.0.0.1 - - [07/Dec/2019 15:35:56] "GET /menus/assets/js/material-dashboard.js?v=2.1.1 HTTP/1.1" 404 -
INFO:werkzeug:127.0.0.1 - - [07/Dec/2019 15:35:56] "GET /menus/assets/js/plugins/perfect-scrollbar.jquery.min.js HTTP/1.1" 404 -
INFO:werkzeug:127.0.0.1 - - [07/Dec/2019 15:35:56] "GET /menus/assets/js/plugins/bootstrap-notify.js HTTP/1.1" 404 -
INFO:werkzeug:127.0.0.1 - - [07/Dec/2019 15:35:56] "GET /menus/assets/js/core/bootstrap-material-design.min.js HTTP/1.1" 404 -
INFO:werkzeug:127.0.0.1 - - [07/Dec/2019 15:35:56] "GET /menus/assets/js/plugins/perfect-scrollbar.jquery.min.js HTTP/1.1" 404 -
INFO:werkzeug:127.0.0.1 - - [07/Dec/2019 15:35:57] "GET /menus/assets/js/plugins/chartist.min.js HTTP/1.1" 404 -
INFO:werkzeug:127.0.0.1 - - [07/Dec/2019 15:35:57] "GET /menus/assets/js/plugins/bootstrap-notify.js HTTP/1.1" 404 -
INFO:werkzeug:127.0.0.1 - - [07/Dec/2019 15:35:57] "GET /menus/assets/js/material-dashboard.js?v=2.1.1 HTTP/1.1" 404 -
INFO:werkzeug:127.0.0.1 - - [07/Dec/2019 15:35:58] "GET /menus/searchs HTTP/1.1" 200 -
INFO:werkzeug:127.0.0.1 - - [07/Dec/2019 15:35:59] "GET /menus/assets/js/core/popper.min.js HTTP/1.1" 404 -
INFO:werkzeug:127.0.0.1 - - [07/Dec/2019 15:35:59] "GET /menus/assets/js/plugins/perfect-scrollbar.jquery.min.js HTTP/1.1" 404 -
INFO:werkzeug:127.0.0.1 - - [07/Dec/2019 15:35:59] "GET /menus/assets/js/plugins/chartist.min.js HTTP/1.1" 404 -
INFO:werkzeug:127.0.0.1 - - [07/Dec/2019 15:35:59] "GET /menus/assets/js/core/jquery.min.js HTTP/1.1" 404 -
INFO:werkzeug:127.0.0.1 - - [07/Dec/2019 15:35:59] "GET /menus/assets/js/core/bootstrap-material-design.min.js HTTP/1.1" 404 -
INFO:werkzeug:127.0.0.1 - - [07/Dec/2019 15:35:59] "GET /menus/assets/js/plugins/bootstrap-notify.js HTTP/1.1" 404 -
INFO:werkzeug:127.0.0.1 - - [07/Dec/2019 15:35:59] "GET /menus/assets/js/material-dashboard.js?v=2.1.1 HTTP/1.1" 404 -
INFO:werkzeug:127.0.0.1 - - [07/Dec/2019 15:35:59] "GET /menus/assets/js/core/popper.min.js HTTP/1.1" 404 -
INFO:werkzeug:127.0.0.1 - - [07/Dec/2019 15:35:59] "GET /menus/assets/js/core/bootstrap-material-design.min.js HTTP/1.1" 404 -
INFO:werkzeug:127.0.0.1 - - [07/Dec/2019 15:36:00] "GET /menus/assets/js/plugins/perfect-scrollbar.jquery.min.js HTTP/1.1" 404 -
INFO:werkzeug:127.0.0.1 - - [07/Dec/2019 15:36:00] "GET /menus/assets/js/plugins/chartist.min.js HTTP/1.1" 404 -
INFO:werkzeug:127.0.0.1 - - [07/Dec/2019 15:36:00] "GET /menus/assets/js/plugins/bootstrap-notify.js HTTP/1.1" 404 -
INFO:werkzeug:127.0.0.1 - - [07/Dec/2019 15:36:00] "GET /menus/assets/js/material-dashboard.js?v=2.1.1 HTTP/1.1" 404 -
INFO:werkzeug:127.0.0.1 - - [07/Dec/2019 15:36:02] "GET /menus/uploads HTTP/1.1" 200 -
INFO:werkzeug:127.0.0.1 - - [07/Dec/2019 15:36:02] "GET /menus/assets/js/core/jquery.min.js HTTP/1.1" 404 -
INFO:werkzeug:127.0.0.1 - - [07/Dec/2019 15:36:02] "GET /menus/assets/js/core/bootstrap-material-design.min.js HTTP/1.1" 404 -
INFO:werkzeug:127.0.0.1 - - [07/Dec/2019 15:36:02] "GET /menus/assets/js/core/popper.min.js HTTP/1.1" 404 -
INFO:werkzeug:127.0.0.1 - - [07/Dec/2019 15:36:02] "GET /menus/assets/js/plugins/perfect-scrollbar.jquery.min.js HTTP/1.1" 404 -
INFO:werkzeug:127.0.0.1 - - [07/Dec/2019 15:36:02] "GET /menus/assets/js/plugins/chartist.min.js HTTP/1.1" 404 -
INFO:werkzeug:127.0.0.1 - - [07/Dec/2019 15:36:02] "GET /menus/assets/js/plugins/bootstrap-notify.js HTTP/1.1" 404 -
INFO:werkzeug:127.0.0.1 - - [07/Dec/2019 15:36:02] "GET /menus/assets/js/material-dashboard.js?v=2.1.1 HTTP/1.1" 404 -
INFO:werkzeug:127.0.0.1 - - [07/Dec/2019 15:36:02] "GET /menus/assets/js/core/bootstrap-material-design.min.js HTTP/1.1" 404 -
INFO:werkzeug:127.0.0.1 - - [07/Dec/2019 15:36:02] "GET /menus/assets/js/plugins/perfect-scrollbar.jquery.min.js HTTP/1.1" 404 -
INFO:werkzeug:127.0.0.1 - - [07/Dec/2019 15:36:03] "GET /menus/assets/js/plugins/chartist.min.js HTTP/1.1" 404 -
INFO:werkzeug:127.0.0.1 - - [07/Dec/2019 15:36:03] "GET /menus/assets/js/plugins/bootstrap-notify.js HTTP/1.1" 404 -
INFO:werkzeug:127.0.0.1 - - [07/Dec/2019 15:36:03] "GET /menus/assets/js/material-dashboard.js?v=2.1.1 HTTP/1.1" 404 -
INFO:werkzeug:127.0.0.1 - - [07/Dec/2019 15:36:39] "GET /menus/searchs HTTP/1.1" 200 -
INFO:werkzeug:127.0.0.1 - - [07/Dec/2019 15:36:39] "GET /menus/assets/js/core/jquery.min.js HTTP/1.1" 404 -
INFO:werkzeug:127.0.0.1 - - [07/Dec/2019 15:36:40] "GET /menus/assets/js/core/popper.min.js HTTP/1.1" 404 -
INFO:werkzeug:127.0.0.1 - - [07/Dec/2019 15:36:40] "GET /menus/assets/js/core/bootstrap-material-design.min.js HTTP/1.1" 404 -
INFO:werkzeug:127.0.0.1 - - [07/Dec/2019 15:36:40] "GET /menus/assets/js/plugins/perfect-scrollbar.jquery.min.js HTTP/1.1" 404 -
INFO:werkzeug:127.0.0.1 - - [07/Dec/2019 15:36:40] "GET /menus/assets/js/plugins/chartist.min.js HTTP/1.1" 404 -
INFO:werkzeug:127.0.0.1 - - [07/Dec/2019 15:36:40] "GET /menus/assets/js/plugins/bootstrap-notify.js HTTP/1.1" 404 -
INFO:werkzeug:127.0.0.1 - - [07/Dec/2019 15:36:40] "GET /menus/assets/js/material-dashboard.js?v=2.1.1 HTTP/1.1" 404 -
INFO:werkzeug:127.0.0.1 - - [07/Dec/2019 15:36:47] "GET /menus/searchs HTTP/1.1" 200 -
INFO:werkzeug:127.0.0.1 - - [07/Dec/2019 15:36:47] "GET /menus/assets/js/plugins/perfect-scrollbar.jquery.min.js HTTP/1.1" 404 -
INFO:werkzeug:127.0.0.1 - - [07/Dec/2019 15:36:47] "GET /menus/assets/js/core/jquery.min.js HTTP/1.1" 404 -
INFO:werkzeug:127.0.0.1 - - [07/Dec/2019 15:36:48] "GET /menus/assets/js/core/popper.min.js HTTP/1.1" 404 -
INFO:werkzeug:127.0.0.1 - - [07/Dec/2019 15:36:48] "GET /menus/assets/js/core/bootstrap-material-design.min.js HTTP/1.1" 404 -
INFO:werkzeug:127.0.0.1 - - [07/Dec/2019 15:36:48] "GET /menus/assets/js/plugins/chartist.min.js HTTP/1.1" 404 -
INFO:werkzeug:127.0.0.1 - - [07/Dec/2019 15:36:48] "GET /menus/assets/js/plugins/bootstrap-notify.js HTTP/1.1" 404 -
INFO:werkzeug:127.0.0.1 - - [07/Dec/2019 15:36:48] "GET /menus/assets/js/material-dashboard.js?v=2.1.1 HTTP/1.1" 404 -
INFO:werkzeug:127.0.0.1 - - [07/Dec/2019 15:36:48] "GET /menus/assets/js/plugins/perfect-scrollbar.jquery.min.js HTTP/1.1" 404 -
INFO:werkzeug:127.0.0.1 - - [07/Dec/2019 15:36:48] "GET /menus/assets/js/plugins/chartist.min.js HTTP/1.1" 404 -
INFO:werkzeug:127.0.0.1 - - [07/Dec/2019 15:36:48] "GET /menus/assets/js/plugins/bootstrap-notify.js HTTP/1.1" 404 -
INFO:werkzeug:127.0.0.1 - - [07/Dec/2019 15:36:49] "GET /menus/assets/js/material-dashboard.js?v=2.1.1 HTTP/1.1" 404 -
INFO:werkzeug:127.0.0.1 - - [07/Dec/2019 15:36:50] "GET /menus/searchs HTTP/1.1" 200 -
INFO:werkzeug:127.0.0.1 - - [07/Dec/2019 15:36:50] "GET /menus/assets/js/core/popper.min.js HTTP/1.1" 404 -
INFO:werkzeug:127.0.0.1 - - [07/Dec/2019 15:36:50] "GET /menus/assets/js/core/bootstrap-material-design.min.js HTTP/1.1" 404 -
INFO:werkzeug:127.0.0.1 - - [07/Dec/2019 15:36:50] "GET /menus/assets/js/core/jquery.min.js HTTP/1.1" 404 -
INFO:werkzeug:127.0.0.1 - - [07/Dec/2019 15:36:50] "GET /menus/assets/js/plugins/perfect-scrollbar.jquery.min.js HTTP/1.1" 404 -
INFO:werkzeug:127.0.0.1 - - [07/Dec/2019 15:36:50] "GET /menus/assets/js/plugins/chartist.min.js HTTP/1.1" 404 -
INFO:werkzeug:127.0.0.1 - - [07/Dec/2019 15:36:50] "GET /menus/assets/js/plugins/bootstrap-notify.js HTTP/1.1" 404 -
INFO:werkzeug:127.0.0.1 - - [07/Dec/2019 15:36:50] "GET /menus/assets/js/material-dashboard.js?v=2.1.1 HTTP/1.1" 404 -
INFO:werkzeug:127.0.0.1 - - [07/Dec/2019 15:36:50] "GET /menus/assets/js/core/popper.min.js HTTP/1.1" 404 -
INFO:werkzeug:127.0.0.1 - - [07/Dec/2019 15:36:51] "GET /menus/assets/js/core/bootstrap-material-design.min.js HTTP/1.1" 404 -
INFO:werkzeug:127.0.0.1 - - [07/Dec/2019 15:36:51] "GET /menus/assets/js/plugins/perfect-scrollbar.jquery.min.js HTTP/1.1" 404 -
INFO:werkzeug:127.0.0.1 - - [07/Dec/2019 15:36:51] "GET /menus/assets/js/plugins/chartist.min.js HTTP/1.1" 404 -
INFO:werkzeug:127.0.0.1 - - [07/Dec/2019 15:36:51] "GET /menus/assets/js/plugins/bootstrap-notify.js HTTP/1.1" 404 -
INFO:werkzeug:127.0.0.1 - - [07/Dec/2019 15:36:51] "GET /menus/assets/js/material-dashboard.js?v=2.1.1 HTTP/1.1" 404 -
INFO:werkzeug:127.0.0.1 - - [07/Dec/2019 15:36:56] "GET /menus/searchs HTTP/1.1" 200 -
INFO:werkzeug:127.0.0.1 - - [07/Dec/2019 15:36:56] "GET /menus/assets/js/core/jquery.min.js HTTP/1.1" 404 -
INFO:werkzeug:127.0.0.1 - - [07/Dec/2019 15:36:56] "GET /menus/assets/js/core/popper.min.js HTTP/1.1" 404 -
INFO:werkzeug:127.0.0.1 - - [07/Dec/2019 15:36:56] "GET /menus/assets/js/plugins/chartist.min.js HTTP/1.1" 404 -
INFO:werkzeug:127.0.0.1 - - [07/Dec/2019 15:36:56] "GET /menus/assets/js/core/bootstrap-material-design.min.js HTTP/1.1" 404 -
INFO:werkzeug:127.0.0.1 - - [07/Dec/2019 15:36:56] "GET /menus/assets/js/plugins/perfect-scrollbar.jquery.min.js HTTP/1.1" 404 -
INFO:werkzeug:127.0.0.1 - - [07/Dec/2019 15:36:56] "GET /menus/assets/js/plugins/bootstrap-notify.js HTTP/1.1" 404 -
INFO:werkzeug:127.0.0.1 - - [07/Dec/2019 15:36:57] "GET /menus/assets/js/material-dashboard.js?v=2.1.1 HTTP/1.1" 404 -
INFO:werkzeug:127.0.0.1 - - [07/Dec/2019 15:36:57] "GET /menus/assets/js/plugins/chartist.min.js HTTP/1.1" 404 -
INFO:werkzeug:127.0.0.1 - - [07/Dec/2019 15:36:57] "GET /menus/assets/js/plugins/bootstrap-notify.js HTTP/1.1" 404 -
INFO:werkzeug:127.0.0.1 - - [07/Dec/2019 15:36:57] "GET /menus/assets/js/material-dashboard.js?v=2.1.1 HTTP/1.1" 404 -
INFO:werkzeug:127.0.0.1 - - [07/Dec/2019 15:37:05] "GET /menus/searchs HTTP/1.1" 200 -
INFO:werkzeug:127.0.0.1 - - [07/Dec/2019 15:37:05] "GET /menus/assets/js/core/popper.min.js HTTP/1.1" 404 -
INFO:werkzeug:127.0.0.1 - - [07/Dec/2019 15:37:05] "GET /menus/assets/js/plugins/perfect-scrollbar.jquery.min.js HTTP/1.1" 404 -
INFO:werkzeug:127.0.0.1 - - [07/Dec/2019 15:37:05] "GET /menus/assets/js/core/jquery.min.js HTTP/1.1" 404 -
INFO:werkzeug:127.0.0.1 - - [07/Dec/2019 15:37:05] "GET /menus/assets/js/core/bootstrap-material-design.min.js HTTP/1.1" 404 -
INFO:werkzeug:127.0.0.1 - - [07/Dec/2019 15:37:05] "GET /menus/assets/js/plugins/chartist.min.js HTTP/1.1" 404 -
INFO:werkzeug:127.0.0.1 - - [07/Dec/2019 15:37:05] "GET /menus/assets/js/plugins/bootstrap-notify.js HTTP/1.1" 404 -
INFO:werkzeug:127.0.0.1 - - [07/Dec/2019 15:37:06] "GET /menus/assets/js/material-dashboard.js?v=2.1.1 HTTP/1.1" 404 -
INFO:werkzeug:127.0.0.1 - - [07/Dec/2019 15:37:06] "GET /menus/assets/js/core/popper.min.js HTTP/1.1" 404 -
INFO:werkzeug:127.0.0.1 - - [07/Dec/2019 15:37:06] "GET /menus/assets/js/core/bootstrap-material-design.min.js HTTP/1.1" 404 -
INFO:werkzeug:127.0.0.1 - - [07/Dec/2019 15:37:06] "GET /menus/assets/js/plugins/perfect-scrollbar.jquery.min.js HTTP/1.1" 404 -
INFO:werkzeug:127.0.0.1 - - [07/Dec/2019 15:37:06] "GET /menus/assets/js/plugins/chartist.min.js HTTP/1.1" 404 -
INFO:werkzeug:127.0.0.1 - - [07/Dec/2019 15:37:07] "GET /menus/assets/js/plugins/bootstrap-notify.js HTTP/1.1" 404 -
INFO:werkzeug:127.0.0.1 - - [07/Dec/2019 15:37:07] "GET /menus/assets/js/material-dashboard.js?v=2.1.1 HTTP/1.1" 404 -
INFO:werkzeug:127.0.0.1 - - [07/Dec/2019 16:07:44] "GET /menus/searchs HTTP/1.1" 200 -
INFO:werkzeug:127.0.0.1 - - [07/Dec/2019 16:07:44] "GET /menus/assets/js/core/jquery.min.js HTTP/1.1" 404 -
INFO:werkzeug:127.0.0.1 - - [07/Dec/2019 16:07:44] "GET /menus/assets/js/core/popper.min.js HTTP/1.1" 404 -
INFO:werkzeug:127.0.0.1 - - [07/Dec/2019 16:07:44] "GET /menus/assets/js/plugins/perfect-scrollbar.jquery.min.js HTTP/1.1" 404 -
INFO:werkzeug:127.0.0.1 - - [07/Dec/2019 16:07:44] "GET /menus/assets/js/core/bootstrap-material-design.min.js HTTP/1.1" 404 -
INFO:werkzeug:127.0.0.1 - - [07/Dec/2019 16:07:44] "GET /menus/assets/js/plugins/chartist.min.js HTTP/1.1" 404 -
INFO:werkzeug:127.0.0.1 - - [07/Dec/2019 16:07:44] "GET /menus/assets/js/plugins/bootstrap-notify.js HTTP/1.1" 404 -
INFO:werkzeug:127.0.0.1 - - [07/Dec/2019 16:07:44] "GET /menus/assets/js/material-dashboard.js?v=2.1.1 HTTP/1.1" 404 -
INFO:werkzeug:127.0.0.1 - - [07/Dec/2019 16:07:45] "GET /menus/assets/js/plugins/perfect-scrollbar.jquery.min.js HTTP/1.1" 404 -
INFO:werkzeug:127.0.0.1 - - [07/Dec/2019 16:07:45] "GET /menus/assets/js/plugins/chartist.min.js HTTP/1.1" 404 -
INFO:werkzeug:127.0.0.1 - - [07/Dec/2019 16:07:45] "GET /menus/assets/js/plugins/bootstrap-notify.js HTTP/1.1" 404 -
INFO:werkzeug:127.0.0.1 - - [07/Dec/2019 16:07:45] "GET /menus/assets/js/material-dashboard.js?v=2.1.1 HTTP/1.1" 404 -
INFO:werkzeug:127.0.0.1 - - [07/Dec/2019 16:08:34] "GET /menus/searchs HTTP/1.1" 200 -
INFO:werkzeug:127.0.0.1 - - [07/Dec/2019 16:08:34] "GET /menus/assets/js/core/jquery.min.js HTTP/1.1" 404 -
INFO:werkzeug:127.0.0.1 - - [07/Dec/2019 16:08:34] "GET /menus/assets/js/core/popper.min.js HTTP/1.1" 404 -
INFO:werkzeug:127.0.0.1 - - [07/Dec/2019 16:08:34] "GET /menus/assets/js/core/bootstrap-material-design.min.js HTTP/1.1" 404 -
INFO:werkzeug:127.0.0.1 - - [07/Dec/2019 16:08:34] "GET /menus/assets/js/plugins/perfect-scrollbar.jquery.min.js HTTP/1.1" 404 -
INFO:werkzeug:127.0.0.1 - - [07/Dec/2019 16:08:34] "GET /menus/assets/js/plugins/chartist.min.js HTTP/1.1" 404 -
INFO:werkzeug:127.0.0.1 - - [07/Dec/2019 16:08:34] "GET /menus/assets/js/plugins/bootstrap-notify.js HTTP/1.1" 404 -
INFO:werkzeug:127.0.0.1 - - [07/Dec/2019 16:08:34] "GET /menus/assets/js/material-dashboard.js?v=2.1.1 HTTP/1.1" 404 -
INFO:werkzeug:127.0.0.1 - - [07/Dec/2019 16:11:28] "GET / HTTP/1.1" 200 -
INFO:werkzeug:127.0.0.1 - - [07/Dec/2019 16:11:28] "GET /assets/js/core/jquery.min.js HTTP/1.1" 404 -
INFO:werkzeug:127.0.0.1 - - [07/Dec/2019 16:11:28] "GET /assets/js/core/popper.min.js HTTP/1.1" 404 -
INFO:werkzeug:127.0.0.1 - - [07/Dec/2019 16:11:28] "GET /assets/js/core/bootstrap-material-design.min.js HTTP/1.1" 404 -
INFO:werkzeug:127.0.0.1 - - [07/Dec/2019 16:11:28] "GET /assets/js/plugins/perfect-scrollbar.jquery.min.js HTTP/1.1" 404 -
INFO:werkzeug:127.0.0.1 - - [07/Dec/2019 16:11:28] "GET /assets/js/plugins/chartist.min.js HTTP/1.1" 404 -
INFO:werkzeug:127.0.0.1 - - [07/Dec/2019 16:11:28] "GET /assets/js/plugins/bootstrap-notify.js HTTP/1.1" 404 -
INFO:werkzeug:127.0.0.1 - - [07/Dec/2019 16:11:28] "GET /assets/js/material-dashboard.js?v=2.1.1 HTTP/1.1" 404 -
INFO:werkzeug:127.0.0.1 - - [07/Dec/2019 16:11:35] "GET /static/assets/css/dashboard-free.css.map HTTP/1.1" 404 -
INFO:werkzeug:127.0.0.1 - - [07/Dec/2019 16:13:00] "GET / HTTP/1.1" 200 -
INFO:werkzeug:127.0.0.1 - - [07/Dec/2019 16:13:00] "GET /assets/js/plugins/perfect-scrollbar.jquery.min.js HTTP/1.1" 404 -
INFO:werkzeug:127.0.0.1 - - [07/Dec/2019 16:13:00] "GET /assets/js/core/jquery.min.js HTTP/1.1" 404 -
INFO:werkzeug:127.0.0.1 - - [07/Dec/2019 16:13:01] "GET /assets/js/core/popper.min.js HTTP/1.1" 404 -
INFO:werkzeug:127.0.0.1 - - [07/Dec/2019 16:13:01] "GET /assets/js/core/bootstrap-material-design.min.js HTTP/1.1" 404 -
INFO:werkzeug:127.0.0.1 - - [07/Dec/2019 16:13:01] "GET /assets/js/plugins/chartist.min.js HTTP/1.1" 404 -
INFO:werkzeug:127.0.0.1 - - [07/Dec/2019 16:13:01] "GET /assets/js/plugins/bootstrap-notify.js HTTP/1.1" 404 -
INFO:werkzeug:127.0.0.1 - - [07/Dec/2019 16:13:01] "GET /assets/js/material-dashboard.js?v=2.1.1 HTTP/1.1" 404 -
INFO:werkzeug:127.0.0.1 - - [07/Dec/2019 16:13:01] "GET /assets/js/plugins/perfect-scrollbar.jquery.min.js HTTP/1.1" 404 -
INFO:werkzeug:127.0.0.1 - - [07/Dec/2019 16:13:01] "GET /assets/js/plugins/chartist.min.js HTTP/1.1" 404 -
INFO:werkzeug:127.0.0.1 - - [07/Dec/2019 16:13:01] "GET /assets/js/plugins/bootstrap-notify.js HTTP/1.1" 404 -
INFO:werkzeug:127.0.0.1 - - [07/Dec/2019 16:13:01] "GET /assets/js/material-dashboard.js?v=2.1.1 HTTP/1.1" 404 -
INFO:werkzeug:127.0.0.1 - - [07/Dec/2019 16:13:01] "GET /static/assets/css/dashboard-free.css.map HTTP/1.1" 404 -
INFO:werkzeug:127.0.0.1 - - [07/Dec/2019 16:21:30] "GET / HTTP/1.1" 200 -
INFO:werkzeug:127.0.0.1 - - [07/Dec/2019 16:21:30] "GET /assets/js/core/jquery.min.js HTTP/1.1" 404 -
INFO:werkzeug:127.0.0.1 - - [07/Dec/2019 16:21:30] "GET /assets/js/core/popper.min.js HTTP/1.1" 404 -
INFO:werkzeug:127.0.0.1 - - [07/Dec/2019 16:21:30] "GET /assets/js/core/bootstrap-material-design.min.js HTTP/1.1" 404 -
INFO:werkzeug:127.0.0.1 - - [07/Dec/2019 16:21:30] "GET /assets/js/plugins/perfect-scrollbar.jquery.min.js HTTP/1.1" 404 -
INFO:werkzeug:127.0.0.1 - - [07/Dec/2019 16:21:30] "GET /assets/js/plugins/chartist.min.js HTTP/1.1" 404 -
INFO:werkzeug:127.0.0.1 - - [07/Dec/2019 16:21:30] "GET /assets/js/plugins/bootstrap-notify.js HTTP/1.1" 404 -
INFO:werkzeug:127.0.0.1 - - [07/Dec/2019 16:21:30] "GET /assets/js/material-dashboard.js?v=2.1.1 HTTP/1.1" 404 -
INFO:werkzeug:127.0.0.1 - - [07/Dec/2019 16:21:30] "GET /static/assets/css/dashboard-free.css.map HTTP/1.1" 404 -
INFO:werkzeug:127.0.0.1 - - [07/Dec/2019 16:22:03] "GET / HTTP/1.1" 200 -
INFO:werkzeug:127.0.0.1 - - [07/Dec/2019 16:22:03] "GET /static/assets/css/mainpage.css HTTP/1.1" 200 -
INFO:werkzeug:127.0.0.1 - - [07/Dec/2019 16:22:03] "GET /assets/js/plugins/perfect-scrollbar.jquery.min.js HTTP/1.1" 404 -
INFO:werkzeug:127.0.0.1 - - [07/Dec/2019 16:22:03] "GET /assets/js/core/popper.min.js HTTP/1.1" 404 -
INFO:werkzeug:127.0.0.1 - - [07/Dec/2019 16:22:03] "GET /assets/js/core/jquery.min.js HTTP/1.1" 404 -
INFO:werkzeug:127.0.0.1 - - [07/Dec/2019 16:22:03] "GET /assets/js/core/bootstrap-material-design.min.js HTTP/1.1" 404 -
INFO:werkzeug:127.0.0.1 - - [07/Dec/2019 16:22:03] "GET /assets/js/plugins/chartist.min.js HTTP/1.1" 404 -
INFO:werkzeug:127.0.0.1 - - [07/Dec/2019 16:22:03] "GET /assets/js/plugins/bootstrap-notify.js HTTP/1.1" 404 -
INFO:werkzeug:127.0.0.1 - - [07/Dec/2019 16:22:03] "GET /assets/js/material-dashboard.js?v=2.1.1 HTTP/1.1" 404 -
INFO:werkzeug:127.0.0.1 - - [07/Dec/2019 16:22:03] "GET /assets/js/core/popper.min.js HTTP/1.1" 404 -
INFO:werkzeug:127.0.0.1 - - [07/Dec/2019 16:22:03] "GET /static/assets/css/dashboard-free.css.map HTTP/1.1" 404 -
INFO:werkzeug:127.0.0.1 - - [07/Dec/2019 16:22:03] "GET /assets/js/core/bootstrap-material-design.min.js HTTP/1.1" 404 -
INFO:werkzeug:127.0.0.1 - - [07/Dec/2019 16:22:04] "GET /assets/js/plugins/perfect-scrollbar.jquery.min.js HTTP/1.1" 404 -
INFO:werkzeug:127.0.0.1 - - [07/Dec/2019 16:22:04] "GET /assets/js/plugins/chartist.min.js HTTP/1.1" 404 -
INFO:werkzeug:127.0.0.1 - - [07/Dec/2019 16:22:04] "GET /assets/js/plugins/bootstrap-notify.js HTTP/1.1" 404 -
INFO:werkzeug:127.0.0.1 - - [07/Dec/2019 16:22:04] "GET /assets/js/material-dashboard.js?v=2.1.1 HTTP/1.1" 404 -
INFO:werkzeug:127.0.0.1 - - [07/Dec/2019 17:35:09] "GET / HTTP/1.1" 200 -
INFO:werkzeug:127.0.0.1 - - [07/Dec/2019 17:35:09] "GET /assets/js/core/jquery.min.js HTTP/1.1" 404 -
INFO:werkzeug:127.0.0.1 - - [07/Dec/2019 17:35:09] "GET /assets/js/core/popper.min.js HTTP/1.1" 404 -
INFO:werkzeug:127.0.0.1 - - [07/Dec/2019 17:35:09] "GET /assets/js/core/bootstrap-material-design.min.js HTTP/1.1" 404 -
INFO:werkzeug:127.0.0.1 - - [07/Dec/2019 17:35:09] "GET /assets/js/plugins/perfect-scrollbar.jquery.min.js HTTP/1.1" 404 -
INFO:werkzeug:127.0.0.1 - - [07/Dec/2019 17:35:09] "GET /assets/js/plugins/chartist.min.js HTTP/1.1" 404 -
INFO:werkzeug:127.0.0.1 - - [07/Dec/2019 17:35:09] "GET /assets/js/plugins/bootstrap-notify.js HTTP/1.1" 404 -
INFO:werkzeug:127.0.0.1 - - [07/Dec/2019 17:35:09] "GET /assets/js/material-dashboard.js?v=2.1.1 HTTP/1.1" 404 -
INFO:werkzeug:127.0.0.1 - - [07/Dec/2019 17:35:09] "GET /static/assets/css/dashboard-free.css.map HTTP/1.1" 404 -
INFO:werkzeug:127.0.0.1 - - [07/Dec/2019 17:35:14] "GET /menus/searchs HTTP/1.1" 200 -
INFO:werkzeug:127.0.0.1 - - [07/Dec/2019 17:35:14] "GET /menus/assets/js/core/bootstrap-material-design.min.js HTTP/1.1" 404 -
INFO:werkzeug:127.0.0.1 - - [07/Dec/2019 17:35:14] "GET /menus/assets/js/plugins/perfect-scrollbar.jquery.min.js HTTP/1.1" 404 -
INFO:werkzeug:127.0.0.1 - - [07/Dec/2019 17:35:14] "GET /menus/assets/js/core/popper.min.js HTTP/1.1" 404 -
INFO:werkzeug:127.0.0.1 - - [07/Dec/2019 17:35:14] "GET /menus/assets/js/core/jquery.min.js HTTP/1.1" 404 -
INFO:werkzeug:127.0.0.1 - - [07/Dec/2019 17:35:14] "GET /menus/assets/js/plugins/chartist.min.js HTTP/1.1" 404 -
INFO:werkzeug:127.0.0.1 - - [07/Dec/2019 17:35:14] "GET /menus/assets/js/plugins/bootstrap-notify.js HTTP/1.1" 404 -
INFO:werkzeug:127.0.0.1 - - [07/Dec/2019 17:35:14] "GET /menus/assets/js/material-dashboard.js?v=2.1.1 HTTP/1.1" 404 -
INFO:werkzeug:127.0.0.1 - - [07/Dec/2019 17:35:14] "GET /menus/assets/js/core/popper.min.js HTTP/1.1" 404 -
INFO:werkzeug:127.0.0.1 - - [07/Dec/2019 17:35:15] "GET /menus/assets/js/core/bootstrap-material-design.min.js HTTP/1.1" 404 -
INFO:werkzeug:127.0.0.1 - - [07/Dec/2019 17:35:15] "GET /menus/assets/js/plugins/perfect-scrollbar.jquery.min.js HTTP/1.1" 404 -
INFO:werkzeug:127.0.0.1 - - [07/Dec/2019 17:35:15] "GET /menus/assets/js/plugins/chartist.min.js HTTP/1.1" 404 -
INFO:werkzeug:127.0.0.1 - - [07/Dec/2019 17:35:15] "GET /menus/assets/js/plugins/bootstrap-notify.js HTTP/1.1" 404 -
INFO:werkzeug:127.0.0.1 - - [07/Dec/2019 17:35:15] "GET /menus/assets/js/material-dashboard.js?v=2.1.1 HTTP/1.1" 404 -
INFO:werkzeug:127.0.0.1 - - [07/Dec/2019 17:35:33] "GET /menus/searchs HTTP/1.1" 200 -
INFO:werkzeug:127.0.0.1 - - [07/Dec/2019 17:35:33] "GET /menus/assets/js/core/jquery.min.js HTTP/1.1" 404 -
INFO:werkzeug:127.0.0.1 - - [07/Dec/2019 17:35:34] "GET /menus/assets/js/plugins/chartist.min.js HTTP/1.1" 404 -
INFO:werkzeug:127.0.0.1 - - [07/Dec/2019 17:35:34] "GET /menus/assets/js/core/bootstrap-material-design.min.js HTTP/1.1" 404 -
INFO:werkzeug:127.0.0.1 - - [07/Dec/2019 17:35:34] "GET /menus/assets/js/core/popper.min.js HTTP/1.1" 404 -
INFO:werkzeug:127.0.0.1 - - [07/Dec/2019 17:35:34] "GET /menus/assets/js/plugins/perfect-scrollbar.jquery.min.js HTTP/1.1" 404 -
INFO:werkzeug:127.0.0.1 - - [07/Dec/2019 17:35:34] "GET /menus/assets/js/plugins/bootstrap-notify.js HTTP/1.1" 404 -
INFO:werkzeug:127.0.0.1 - - [07/Dec/2019 17:35:34] "GET /menus/assets/js/material-dashboard.js?v=2.1.1 HTTP/1.1" 404 -
INFO:werkzeug:127.0.0.1 - - [07/Dec/2019 17:35:34] "GET /menus/assets/js/core/bootstrap-material-design.min.js HTTP/1.1" 404 -
INFO:werkzeug:127.0.0.1 - - [07/Dec/2019 17:35:34] "GET /menus/assets/js/plugins/perfect-scrollbar.jquery.min.js HTTP/1.1" 404 -
INFO:werkzeug:127.0.0.1 - - [07/Dec/2019 17:35:35] "GET /menus/assets/js/plugins/chartist.min.js HTTP/1.1" 404 -
INFO:werkzeug:127.0.0.1 - - [07/Dec/2019 17:35:35] "GET /menus/assets/js/plugins/bootstrap-notify.js HTTP/1.1" 404 -
INFO:werkzeug:127.0.0.1 - - [07/Dec/2019 17:35:35] "GET /menus/assets/js/material-dashboard.js?v=2.1.1 HTTP/1.1" 404 -
INFO:werkzeug:127.0.0.1 - - [07/Dec/2019 17:35:38] "GET /menus/images HTTP/1.1" 200 -
INFO:werkzeug:127.0.0.1 - - [07/Dec/2019 17:35:38] "GET /menus/assets/js/core/jquery.min.js HTTP/1.1" 404 -
INFO:werkzeug:127.0.0.1 - - [07/Dec/2019 17:35:39] "GET /menus/assets/js/core/popper.min.js HTTP/1.1" 404 -
INFO:werkzeug:127.0.0.1 - - [07/Dec/2019 17:35:39] "GET /menus/assets/js/core/bootstrap-material-design.min.js HTTP/1.1" 404 -
INFO:werkzeug:127.0.0.1 - - [07/Dec/2019 17:35:39] "GET /menus/assets/js/plugins/perfect-scrollbar.jquery.min.js HTTP/1.1" 404 -
INFO:werkzeug:127.0.0.1 - - [07/Dec/2019 17:35:39] "GET /menus/assets/js/plugins/chartist.min.js HTTP/1.1" 404 -
INFO:werkzeug:127.0.0.1 - - [07/Dec/2019 17:35:39] "GET /menus/assets/js/plugins/bootstrap-notify.js HTTP/1.1" 404 -
INFO:werkzeug:127.0.0.1 - - [07/Dec/2019 17:35:39] "GET /menus/assets/js/material-dashboard.js?v=2.1.1 HTTP/1.1" 404 -
INFO:werkzeug:127.0.0.1 - - [07/Dec/2019 17:35:40] "GET /menus/books HTTP/1.1" 200 -
INFO:werkzeug:127.0.0.1 - - [07/Dec/2019 17:35:40] "GET /menus/assets/js/core/jquery.min.js HTTP/1.1" 404 -
INFO:werkzeug:127.0.0.1 - - [07/Dec/2019 17:35:40] "GET /menus/assets/js/core/popper.min.js HTTP/1.1" 404 -
INFO:werkzeug:127.0.0.1 - - [07/Dec/2019 17:35:40] "GET /menus/assets/js/core/bootstrap-material-design.min.js HTTP/1.1" 404 -
INFO:werkzeug:127.0.0.1 - - [07/Dec/2019 17:35:40] "GET /menus/assets/js/plugins/perfect-scrollbar.jquery.min.js HTTP/1.1" 404 -
INFO:werkzeug:127.0.0.1 - - [07/Dec/2019 17:35:40] "GET /menus/assets/js/plugins/chartist.min.js HTTP/1.1" 404 -
INFO:werkzeug:127.0.0.1 - - [07/Dec/2019 17:35:40] "GET /menus/assets/js/plugins/bootstrap-notify.js HTTP/1.1" 404 -
INFO:werkzeug:127.0.0.1 - - [07/Dec/2019 17:35:40] "GET /menus/assets/js/material-dashboard.js?v=2.1.1 HTTP/1.1" 404 -
INFO:werkzeug:127.0.0.1 - - [07/Dec/2019 17:35:41] "GET /menus/searchs HTTP/1.1" 200 -
INFO:werkzeug:127.0.0.1 - - [07/Dec/2019 17:35:41] "GET /menus/assets/js/core/bootstrap-material-design.min.js HTTP/1.1" 404 -
INFO:werkzeug:127.0.0.1 - - [07/Dec/2019 17:35:42] "GET /menus/assets/js/plugins/perfect-scrollbar.jquery.min.js HTTP/1.1" 404 -
INFO:werkzeug:127.0.0.1 - - [07/Dec/2019 17:35:42] "GET /menus/assets/js/core/jquery.min.js HTTP/1.1" 404 -
INFO:werkzeug:127.0.0.1 - - [07/Dec/2019 17:35:42] "GET /menus/assets/js/plugins/chartist.min.js HTTP/1.1" 404 -
INFO:werkzeug:127.0.0.1 - - [07/Dec/2019 17:35:42] "GET /menus/assets/js/core/popper.min.js HTTP/1.1" 404 -
INFO:werkzeug:127.0.0.1 - - [07/Dec/2019 17:35:42] "GET /menus/assets/js/plugins/bootstrap-notify.js HTTP/1.1" 404 -
INFO:werkzeug:127.0.0.1 - - [07/Dec/2019 17:35:42] "GET /menus/assets/js/material-dashboard.js?v=2.1.1 HTTP/1.1" 404 -
INFO:werkzeug:127.0.0.1 - - [07/Dec/2019 17:35:42] "GET /menus/assets/js/core/bootstrap-material-design.min.js HTTP/1.1" 404 -
INFO:werkzeug:127.0.0.1 - - [07/Dec/2019 17:35:42] "GET /menus/assets/js/plugins/perfect-scrollbar.jquery.min.js HTTP/1.1" 404 -
INFO:werkzeug:127.0.0.1 - - [07/Dec/2019 17:35:42] "GET /menus/assets/js/plugins/chartist.min.js HTTP/1.1" 404 -
INFO:werkzeug:127.0.0.1 - - [07/Dec/2019 17:35:43] "GET /menus/assets/js/plugins/bootstrap-notify.js HTTP/1.1" 404 -
INFO:werkzeug:127.0.0.1 - - [07/Dec/2019 17:35:43] "GET /menus/assets/js/material-dashboard.js?v=2.1.1 HTTP/1.1" 404 -
INFO:werkzeug:127.0.0.1 - - [07/Dec/2019 17:35:51] "GET /menus/searchs HTTP/1.1" 200 -
INFO:werkzeug:127.0.0.1 - - [07/Dec/2019 17:35:52] "GET /menus/assets/js/core/jquery.min.js HTTP/1.1" 404 -
INFO:werkzeug:127.0.0.1 - - [07/Dec/2019 17:35:52] "GET /menus/assets/js/material-dashboard.js?v=2.1.1 HTTP/1.1" 404 -
INFO:werkzeug:127.0.0.1 - - [07/Dec/2019 17:35:52] "GET /menus/assets/js/core/popper.min.js HTTP/1.1" 404 -
INFO:werkzeug:127.0.0.1 - - [07/Dec/2019 17:35:52] "GET /menus/assets/js/core/bootstrap-material-design.min.js HTTP/1.1" 404 -
INFO:werkzeug:127.0.0.1 - - [07/Dec/2019 17:35:52] "GET /menus/assets/js/plugins/perfect-scrollbar.jquery.min.js HTTP/1.1" 404 -
INFO:werkzeug:127.0.0.1 - - [07/Dec/2019 17:35:52] "GET /menus/assets/js/plugins/chartist.min.js HTTP/1.1" 404 -
INFO:werkzeug:127.0.0.1 - - [07/Dec/2019 17:35:52] "GET /menus/assets/js/plugins/bootstrap-notify.js HTTP/1.1" 404 -
INFO:werkzeug:127.0.0.1 - - [07/Dec/2019 17:35:52] "GET /menus/assets/js/material-dashboard.js?v=2.1.1 HTTP/1.1" 404 -
INFO:werkzeug:127.0.0.1 - - [07/Dec/2019 17:36:33] "GET /menus/searchs HTTP/1.1" 200 -
INFO:werkzeug:127.0.0.1 - - [07/Dec/2019 17:36:33] "GET /menus/assets/js/core/popper.min.js HTTP/1.1" 404 -
INFO:werkzeug:127.0.0.1 - - [07/Dec/2019 17:36:34] "GET /menus/assets/js/core/jquery.min.js HTTP/1.1" 404 -
INFO:werkzeug:127.0.0.1 - - [07/Dec/2019 17:36:34] "GET /menus/assets/js/core/bootstrap-material-design.min.js HTTP/1.1" 404 -
INFO:werkzeug:127.0.0.1 - - [07/Dec/2019 17:36:34] "GET /menus/assets/js/material-dashboard.js?v=2.1.1 HTTP/1.1" 404 -
INFO:werkzeug:127.0.0.1 - - [07/Dec/2019 17:36:34] "GET /menus/assets/js/plugins/perfect-scrollbar.jquery.min.js HTTP/1.1" 404 -
INFO:werkzeug:127.0.0.1 - - [07/Dec/2019 17:36:34] "GET /menus/assets/js/plugins/chartist.min.js HTTP/1.1" 404 -
INFO:werkzeug:127.0.0.1 - - [07/Dec/2019 17:36:34] "GET /menus/assets/js/plugins/bootstrap-notify.js HTTP/1.1" 404 -
INFO:werkzeug:127.0.0.1 - - [07/Dec/2019 17:36:34] "GET /menus/assets/js/core/popper.min.js HTTP/1.1" 404 -
INFO:werkzeug:127.0.0.1 - - [07/Dec/2019 17:36:34] "GET /menus/assets/js/core/bootstrap-material-design.min.js HTTP/1.1" 404 -
INFO:werkzeug:127.0.0.1 - - [07/Dec/2019 17:36:34] "GET /menus/assets/js/plugins/perfect-scrollbar.jquery.min.js HTTP/1.1" 404 -
INFO:werkzeug:127.0.0.1 - - [07/Dec/2019 17:36:34] "GET /menus/assets/js/plugins/chartist.min.js HTTP/1.1" 404 -
INFO:werkzeug:127.0.0.1 - - [07/Dec/2019 17:36:35] "GET /menus/assets/js/plugins/bootstrap-notify.js HTTP/1.1" 404 -
INFO:werkzeug:127.0.0.1 - - [07/Dec/2019 17:36:35] "GET /menus/assets/js/material-dashboard.js?v=2.1.1 HTTP/1.1" 404 -
INFO:werkzeug:127.0.0.1 - - [07/Dec/2019 17:36:36] "GET / HTTP/1.1" 200 -
INFO:werkzeug:127.0.0.1 - - [07/Dec/2019 17:36:36] "GET /assets/js/plugins/perfect-scrollbar.jquery.min.js HTTP/1.1" 404 -
INFO:werkzeug:127.0.0.1 - - [07/Dec/2019 17:36:36] "GET /assets/js/core/jquery.min.js HTTP/1.1" 404 -
INFO:werkzeug:127.0.0.1 - - [07/Dec/2019 17:36:36] "GET /assets/js/core/popper.min.js HTTP/1.1" 404 -
INFO:werkzeug:127.0.0.1 - - [07/Dec/2019 17:36:36] "GET /assets/js/core/bootstrap-material-design.min.js HTTP/1.1" 404 -
INFO:werkzeug:127.0.0.1 - - [07/Dec/2019 17:36:36] "GET /assets/js/plugins/chartist.min.js HTTP/1.1" 404 -
INFO:werkzeug:127.0.0.1 - - [07/Dec/2019 17:36:36] "GET /assets/js/plugins/bootstrap-notify.js HTTP/1.1" 404 -
INFO:werkzeug:127.0.0.1 - - [07/Dec/2019 17:36:37] "GET /assets/js/material-dashboard.js?v=2.1.1 HTTP/1.1" 404 -
INFO:werkzeug:127.0.0.1 - - [07/Dec/2019 17:36:37] "GET /assets/js/plugins/perfect-scrollbar.jquery.min.js HTTP/1.1" 404 -
INFO:werkzeug:127.0.0.1 - - [07/Dec/2019 17:36:37] "GET /assets/js/plugins/chartist.min.js HTTP/1.1" 404 -
INFO:werkzeug:127.0.0.1 - - [07/Dec/2019 17:36:37] "GET /assets/js/plugins/bootstrap-notify.js HTTP/1.1" 404 -
INFO:werkzeug:127.0.0.1 - - [07/Dec/2019 17:36:37] "GET /assets/js/material-dashboard.js?v=2.1.1 HTTP/1.1" 404 -
INFO:werkzeug:127.0.0.1 - - [07/Dec/2019 17:51:45] "GET / HTTP/1.1" 200 -
INFO:werkzeug:127.0.0.1 - - [07/Dec/2019 17:51:45] "GET /assets/js/core/jquery.min.js HTTP/1.1" 404 -
INFO:werkzeug:127.0.0.1 - - [07/Dec/2019 17:51:45] "GET /assets/js/core/popper.min.js HTTP/1.1" 404 -
INFO:werkzeug:127.0.0.1 - - [07/Dec/2019 17:51:45] "GET /assets/js/core/bootstrap-material-design.min.js HTTP/1.1" 404 -
INFO:werkzeug:127.0.0.1 - - [07/Dec/2019 17:51:45] "GET /assets/js/plugins/bootstrap-notify.js HTTP/1.1" 404 -
INFO:werkzeug:127.0.0.1 - - [07/Dec/2019 17:51:45] "GET /assets/js/plugins/perfect-scrollbar.jquery.min.js HTTP/1.1" 404 -
INFO:werkzeug:127.0.0.1 - - [07/Dec/2019 17:51:45] "GET /assets/js/plugins/chartist.min.js HTTP/1.1" 404 -
INFO:werkzeug:127.0.0.1 - - [07/Dec/2019 17:51:45] "GET /assets/js/material-dashboard.js?v=2.1.1 HTTP/1.1" 404 -
INFO:werkzeug:127.0.0.1 - - [07/Dec/2019 17:51:45] "GET /assets/js/plugins/bootstrap-notify.js HTTP/1.1" 404 -
INFO:werkzeug:127.0.0.1 - - [07/Dec/2019 17:51:45] "GET /assets/js/material-dashboard.js?v=2.1.1 HTTP/1.1" 404 -
INFO:werkzeug:127.0.0.1 - - [07/Dec/2019 17:52:15] "GET / HTTP/1.1" 200 -
INFO:werkzeug:127.0.0.1 - - [07/Dec/2019 17:52:15] "GET /assets/js/plugins/perfect-scrollbar.jquery.min.js HTTP/1.1" 404 -
INFO:werkzeug:127.0.0.1 - - [07/Dec/2019 17:52:15] "GET /assets/js/core/jquery.min.js HTTP/1.1" 404 -
INFO:werkzeug:127.0.0.1 - - [07/Dec/2019 17:52:15] "GET /assets/js/core/popper.min.js HTTP/1.1" 404 -
INFO:werkzeug:127.0.0.1 - - [07/Dec/2019 17:52:15] "GET /assets/js/core/bootstrap-material-design.min.js HTTP/1.1" 404 -
INFO:werkzeug:127.0.0.1 - - [07/Dec/2019 17:52:15] "GET /assets/js/plugins/chartist.min.js HTTP/1.1" 404 -
INFO:werkzeug:127.0.0.1 - - [07/Dec/2019 17:52:15] "GET /assets/js/plugins/bootstrap-notify.js HTTP/1.1" 404 -
INFO:werkzeug:127.0.0.1 - - [07/Dec/2019 17:52:15] "GET /assets/js/material-dashboard.js?v=2.1.1 HTTP/1.1" 404 -
INFO:werkzeug:127.0.0.1 - - [07/Dec/2019 17:52:15] "GET /assets/js/plugins/perfect-scrollbar.jquery.min.js HTTP/1.1" 404 -
INFO:werkzeug:127.0.0.1 - - [07/Dec/2019 17:52:16] "GET /assets/js/plugins/chartist.min.js HTTP/1.1" 404 -
INFO:werkzeug:127.0.0.1 - - [07/Dec/2019 17:52:16] "GET /assets/js/plugins/bootstrap-notify.js HTTP/1.1" 404 -
INFO:werkzeug:127.0.0.1 - - [07/Dec/2019 17:52:16] "GET /assets/js/material-dashboard.js?v=2.1.1 HTTP/1.1" 404 -
INFO:werkzeug:127.0.0.1 - - [07/Dec/2019 17:52:17] "GET / HTTP/1.1" 200 -
INFO:werkzeug:127.0.0.1 - - [07/Dec/2019 17:52:18] "GET /assets/js/core/jquery.min.js HTTP/1.1" 404 -
INFO:werkzeug:127.0.0.1 - - [07/Dec/2019 17:52:18] "GET /assets/js/core/popper.min.js HTTP/1.1" 404 -
INFO:werkzeug:127.0.0.1 - - [07/Dec/2019 17:52:18] "GET /assets/js/core/bootstrap-material-design.min.js HTTP/1.1" 404 -
INFO:werkzeug:127.0.0.1 - - [07/Dec/2019 17:52:18] "GET /assets/js/plugins/perfect-scrollbar.jquery.min.js HTTP/1.1" 404 -
INFO:werkzeug:127.0.0.1 - - [07/Dec/2019 17:52:18] "GET /assets/js/plugins/chartist.min.js HTTP/1.1" 404 -
INFO:werkzeug:127.0.0.1 - - [07/Dec/2019 17:52:18] "GET /assets/js/plugins/bootstrap-notify.js HTTP/1.1" 404 -
INFO:werkzeug:127.0.0.1 - - [07/Dec/2019 17:52:18] "GET /assets/js/material-dashboard.js?v=2.1.1 HTTP/1.1" 404 -
INFO:werkzeug:127.0.0.1 - - [07/Dec/2019 17:52:18] "GET /assets/js/plugins/chartist.min.js HTTP/1.1" 404 -
INFO:werkzeug:127.0.0.1 - - [07/Dec/2019 17:52:18] "GET /assets/js/plugins/bootstrap-notify.js HTTP/1.1" 404 -
INFO:werkzeug:127.0.0.1 - - [07/Dec/2019 17:52:18] "GET /assets/js/material-dashboard.js?v=2.1.1 HTTP/1.1" 404 -
INFO:werkzeug:127.0.0.1 - - [07/Dec/2019 17:52:38] "GET /static/assets/css/dashboard-free.css.map HTTP/1.1" 404 -
INFO:werkzeug:127.0.0.1 - - [07/Dec/2019 17:53:01] "GET / HTTP/1.1" 200 -
INFO:werkzeug:127.0.0.1 - - [07/Dec/2019 17:53:01] "GET /assets/js/core/popper.min.js HTTP/1.1" 404 -
INFO:werkzeug:127.0.0.1 - - [07/Dec/2019 17:53:01] "GET /assets/js/core/bootstrap-material-design.min.js HTTP/1.1" 404 -
INFO:werkzeug:127.0.0.1 - - [07/Dec/2019 17:53:01] "GET /assets/js/core/jquery.min.js HTTP/1.1" 404 -
INFO:werkzeug:127.0.0.1 - - [07/Dec/2019 17:53:01] "GET /assets/js/plugins/perfect-scrollbar.jquery.min.js HTTP/1.1" 404 -
INFO:werkzeug:127.0.0.1 - - [07/Dec/2019 17:53:01] "GET /assets/js/plugins/chartist.min.js HTTP/1.1" 404 -
INFO:werkzeug:127.0.0.1 - - [07/Dec/2019 17:53:01] "GET /assets/js/plugins/bootstrap-notify.js HTTP/1.1" 404 -
INFO:werkzeug:127.0.0.1 - - [07/Dec/2019 17:53:01] "GET /assets/js/material-dashboard.js?v=2.1.1 HTTP/1.1" 404 -
INFO:werkzeug:127.0.0.1 - - [07/Dec/2019 17:53:02] "GET /assets/js/core/popper.min.js HTTP/1.1" 404 -
INFO:werkzeug:127.0.0.1 - - [07/Dec/2019 17:53:02] "GET /assets/js/core/bootstrap-material-design.min.js HTTP/1.1" 404 -
INFO:werkzeug:127.0.0.1 - - [07/Dec/2019 17:53:02] "GET /assets/js/plugins/perfect-scrollbar.jquery.min.js HTTP/1.1" 404 -
INFO:werkzeug:127.0.0.1 - - [07/Dec/2019 17:53:02] "GET /assets/js/plugins/chartist.min.js HTTP/1.1" 404 -
INFO:werkzeug:127.0.0.1 - - [07/Dec/2019 17:53:02] "GET /assets/js/plugins/bootstrap-notify.js HTTP/1.1" 404 -
INFO:werkzeug:127.0.0.1 - - [07/Dec/2019 17:53:02] "GET /assets/js/material-dashboard.js?v=2.1.1 HTTP/1.1" 404 -
INFO:werkzeug:127.0.0.1 - - [07/Dec/2019 17:53:03] "GET /static/assets/css/dashboard-free.css.map HTTP/1.1" 404 -
INFO:werkzeug:127.0.0.1 - - [07/Dec/2019 17:53:07] "GET /static/assets/css/dashboard-free.css.map HTTP/1.1" 404 -
INFO:werkzeug:127.0.0.1 - - [07/Dec/2019 17:54:25] "GET / HTTP/1.1" 200 -
INFO:werkzeug:127.0.0.1 - - [07/Dec/2019 17:54:25] "GET /assets/js/core/jquery.min.js HTTP/1.1" 404 -
INFO:werkzeug:127.0.0.1 - - [07/Dec/2019 17:54:25] "GET /assets/js/core/popper.min.js HTTP/1.1" 404 -
INFO:werkzeug:127.0.0.1 - - [07/Dec/2019 17:54:26] "GET /assets/js/core/bootstrap-material-design.min.js HTTP/1.1" 404 -
INFO:werkzeug:127.0.0.1 - - [07/Dec/2019 17:54:26] "GET /assets/js/plugins/perfect-scrollbar.jquery.min.js HTTP/1.1" 404 -
INFO:werkzeug:127.0.0.1 - - [07/Dec/2019 17:54:26] "GET /assets/js/plugins/chartist.min.js HTTP/1.1" 404 -
INFO:werkzeug:127.0.0.1 - - [07/Dec/2019 17:54:26] "GET /assets/js/plugins/bootstrap-notify.js HTTP/1.1" 404 -
INFO:werkzeug:127.0.0.1 - - [07/Dec/2019 17:54:26] "GET /assets/js/material-dashboard.js?v=2.1.1 HTTP/1.1" 404 -
INFO:werkzeug:127.0.0.1 - - [07/Dec/2019 17:54:27] "GET / HTTP/1.1" 200 -
INFO:werkzeug:127.0.0.1 - - [07/Dec/2019 17:54:27] "GET /assets/js/core/bootstrap-material-design.min.js HTTP/1.1" 404 -
INFO:werkzeug:127.0.0.1 - - [07/Dec/2019 17:54:27] "GET /assets/js/plugins/perfect-scrollbar.jquery.min.js HTTP/1.1" 404 -
INFO:werkzeug:127.0.0.1 - - [07/Dec/2019 17:54:27] "GET /assets/js/core/popper.min.js HTTP/1.1" 404 -
INFO:werkzeug:127.0.0.1 - - [07/Dec/2019 17:54:27] "GET /assets/js/core/jquery.min.js HTTP/1.1" 404 -
INFO:werkzeug:127.0.0.1 - - [07/Dec/2019 17:54:27] "GET /assets/js/plugins/bootstrap-notify.js HTTP/1.1" 404 -
INFO:werkzeug:127.0.0.1 - - [07/Dec/2019 17:54:27] "GET /assets/js/plugins/chartist.min.js HTTP/1.1" 404 -
INFO:werkzeug:127.0.0.1 - - [07/Dec/2019 17:54:27] "GET /assets/js/material-dashboard.js?v=2.1.1 HTTP/1.1" 404 -
INFO:werkzeug:127.0.0.1 - - [07/Dec/2019 17:54:28] "GET /assets/js/core/popper.min.js HTTP/1.1" 404 -
INFO:werkzeug:127.0.0.1 - - [07/Dec/2019 17:54:28] "GET /assets/js/core/bootstrap-material-design.min.js HTTP/1.1" 404 -
INFO:werkzeug:127.0.0.1 - - [07/Dec/2019 17:54:28] "GET /assets/js/plugins/perfect-scrollbar.jquery.min.js HTTP/1.1" 404 -
INFO:werkzeug:127.0.0.1 - - [07/Dec/2019 17:54:28] "GET /assets/js/plugins/chartist.min.js HTTP/1.1" 404 -
INFO:werkzeug:127.0.0.1 - - [07/Dec/2019 17:54:28] "GET /assets/js/plugins/bootstrap-notify.js HTTP/1.1" 404 -
INFO:werkzeug:127.0.0.1 - - [07/Dec/2019 17:54:29] "GET /assets/js/material-dashboard.js?v=2.1.1 HTTP/1.1" 404 -
INFO:werkzeug:127.0.0.1 - - [07/Dec/2019 17:54:29] "GET / HTTP/1.1" 200 -
INFO:werkzeug:127.0.0.1 - - [07/Dec/2019 17:54:30] "GET /assets/js/core/jquery.min.js HTTP/1.1" 404 -
INFO:werkzeug:127.0.0.1 - - [07/Dec/2019 17:54:30] "GET /assets/js/core/popper.min.js HTTP/1.1" 404 -
INFO:werkzeug:127.0.0.1 - - [07/Dec/2019 17:54:30] "GET /assets/js/core/bootstrap-material-design.min.js HTTP/1.1" 404 -
INFO:werkzeug:127.0.0.1 - - [07/Dec/2019 17:54:30] "GET /assets/js/plugins/perfect-scrollbar.jquery.min.js HTTP/1.1" 404 -
INFO:werkzeug:127.0.0.1 - - [07/Dec/2019 17:54:30] "GET /assets/js/plugins/chartist.min.js HTTP/1.1" 404 -
INFO:werkzeug:127.0.0.1 - - [07/Dec/2019 17:54:30] "GET /assets/js/plugins/bootstrap-notify.js HTTP/1.1" 404 -
INFO:werkzeug:127.0.0.1 - - [07/Dec/2019 17:54:30] "GET /assets/js/material-dashboard.js?v=2.1.1 HTTP/1.1" 404 -
INFO:werkzeug:127.0.0.1 - - [07/Dec/2019 17:54:32] "GET /auth/logout HTTP/1.1" 302 -
INFO:werkzeug:127.0.0.1 - - [07/Dec/2019 17:54:32] "GET / HTTP/1.1" 200 -
INFO:werkzeug:127.0.0.1 - - [07/Dec/2019 17:54:32] "GET /assets/js/core/bootstrap-material-design.min.js HTTP/1.1" 404 -
INFO:werkzeug:127.0.0.1 - - [07/Dec/2019 17:54:33] "GET /assets/js/core/jquery.min.js HTTP/1.1" 404 -
INFO:werkzeug:127.0.0.1 - - [07/Dec/2019 17:54:33] "GET /assets/js/core/popper.min.js HTTP/1.1" 404 -
INFO:werkzeug:127.0.0.1 - - [07/Dec/2019 17:54:33] "GET /assets/js/plugins/perfect-scrollbar.jquery.min.js HTTP/1.1" 404 -
INFO:werkzeug:127.0.0.1 - - [07/Dec/2019 17:54:33] "GET /assets/js/plugins/chartist.min.js HTTP/1.1" 404 -
INFO:werkzeug:127.0.0.1 - - [07/Dec/2019 17:54:33] "GET /assets/js/plugins/bootstrap-notify.js HTTP/1.1" 404 -
INFO:werkzeug:127.0.0.1 - - [07/Dec/2019 17:54:33] "GET /assets/js/material-dashboard.js?v=2.1.1 HTTP/1.1" 404 -
INFO:werkzeug:127.0.0.1 - - [07/Dec/2019 17:54:33] "GET /assets/js/core/bootstrap-material-design.min.js HTTP/1.1" 404 -
INFO:werkzeug:127.0.0.1 - - [07/Dec/2019 17:54:33] "GET /None HTTP/1.1" 404 -
INFO:werkzeug:127.0.0.1 - - [07/Dec/2019 17:54:33] "GET /assets/js/plugins/perfect-scrollbar.jquery.min.js HTTP/1.1" 404 -
INFO:werkzeug:127.0.0.1 - - [07/Dec/2019 17:54:34] "GET /assets/js/plugins/chartist.min.js HTTP/1.1" 404 -
INFO:werkzeug:127.0.0.1 - - [07/Dec/2019 17:54:34] "GET /assets/js/plugins/bootstrap-notify.js HTTP/1.1" 404 -
INFO:werkzeug:127.0.0.1 - - [07/Dec/2019 17:54:34] "GET /assets/js/material-dashboard.js?v=2.1.1 HTTP/1.1" 404 -
INFO:werkzeug:127.0.0.1 - - [07/Dec/2019 17:54:34] "GET /None HTTP/1.1" 404 -
INFO:werkzeug:127.0.0.1 - - [07/Dec/2019 17:54:36] "GET /auth/login HTTP/1.1" 200 -
INFO:werkzeug:127.0.0.1 - - [07/Dec/2019 17:54:36] "GET /auth/assets/js/core/jquery.min.js HTTP/1.1" 404 -
INFO:werkzeug:127.0.0.1 - - [07/Dec/2019 17:54:36] "GET /auth/assets/js/core/popper.min.js HTTP/1.1" 404 -
INFO:werkzeug:127.0.0.1 - - [07/Dec/2019 17:54:36] "GET /auth/assets/js/core/bootstrap-material-design.min.js HTTP/1.1" 404 -
INFO:werkzeug:127.0.0.1 - - [07/Dec/2019 17:54:36] "GET /auth/assets/js/plugins/perfect-scrollbar.jquery.min.js HTTP/1.1" 404 -
INFO:werkzeug:127.0.0.1 - - [07/Dec/2019 17:54:36] "GET /auth/assets/js/plugins/chartist.min.js HTTP/1.1" 404 -
INFO:werkzeug:127.0.0.1 - - [07/Dec/2019 17:54:36] "GET /auth/assets/js/plugins/bootstrap-notify.js HTTP/1.1" 404 -
INFO:werkzeug:127.0.0.1 - - [07/Dec/2019 17:54:37] "GET /auth/assets/js/material-dashboard.js?v=2.1.1 HTTP/1.1" 404 -
INFO:werkzeug:127.0.0.1 - - [07/Dec/2019 17:54:37] "GET /auth/assets/js/plugins/chartist.min.js HTTP/1.1" 404 -
INFO:werkzeug:127.0.0.1 - - [07/Dec/2019 17:54:37] "GET /auth/assets/js/plugins/bootstrap-notify.js HTTP/1.1" 404 -
INFO:werkzeug:127.0.0.1 - - [07/Dec/2019 17:54:37] "GET /auth/assets/js/material-dashboard.js?v=2.1.1 HTTP/1.1" 404 -
INFO:werkzeug:127.0.0.1 - - [07/Dec/2019 17:54:44] "POST /auth/login HTTP/1.1" 302 -
INFO:werkzeug:127.0.0.1 - - [07/Dec/2019 17:54:44] "GET / HTTP/1.1" 200 -
INFO:werkzeug:127.0.0.1 - - [07/Dec/2019 17:54:44] "GET /assets/js/core/jquery.min.js HTTP/1.1" 404 -
INFO:werkzeug:127.0.0.1 - - [07/Dec/2019 17:54:44] "GET /assets/js/core/popper.min.js HTTP/1.1" 404 -
INFO:werkzeug:127.0.0.1 - - [07/Dec/2019 17:54:44] "GET /assets/js/core/bootstrap-material-design.min.js HTTP/1.1" 404 -
INFO:werkzeug:127.0.0.1 - - [07/Dec/2019 17:54:44] "GET /assets/js/plugins/perfect-scrollbar.jquery.min.js HTTP/1.1" 404 -
INFO:werkzeug:127.0.0.1 - - [07/Dec/2019 17:54:44] "GET /assets/js/plugins/chartist.min.js HTTP/1.1" 404 -
INFO:werkzeug:127.0.0.1 - - [07/Dec/2019 17:54:44] "GET /assets/js/plugins/bootstrap-notify.js HTTP/1.1" 404 -
INFO:werkzeug:127.0.0.1 - - [07/Dec/2019 17:54:45] "GET /assets/js/material-dashboard.js?v=2.1.1 HTTP/1.1" 404 -
INFO:werkzeug:127.0.0.1 - - [07/Dec/2019 17:54:45] "GET /None HTTP/1.1" 404 -
INFO:werkzeug:127.0.0.1 - - [07/Dec/2019 17:54:47] "GET /auth/logout HTTP/1.1" 302 -
INFO:werkzeug:127.0.0.1 - - [07/Dec/2019 17:54:47] "GET / HTTP/1.1" 200 -
INFO:werkzeug:127.0.0.1 - - [07/Dec/2019 17:54:47] "GET /assets/js/core/jquery.min.js HTTP/1.1" 404 -
INFO:werkzeug:127.0.0.1 - - [07/Dec/2019 17:54:47] "GET /assets/js/plugins/perfect-scrollbar.jquery.min.js HTTP/1.1" 404 -
INFO:werkzeug:127.0.0.1 - - [07/Dec/2019 17:54:47] "GET /assets/js/core/popper.min.js HTTP/1.1" 404 -
INFO:werkzeug:127.0.0.1 - - [07/Dec/2019 17:54:47] "GET /assets/js/core/bootstrap-material-design.min.js HTTP/1.1" 404 -
INFO:werkzeug:127.0.0.1 - - [07/Dec/2019 17:54:47] "GET /assets/js/plugins/chartist.min.js HTTP/1.1" 404 -
INFO:werkzeug:127.0.0.1 - - [07/Dec/2019 17:54:47] "GET /assets/js/plugins/bootstrap-notify.js HTTP/1.1" 404 -
INFO:werkzeug:127.0.0.1 - - [07/Dec/2019 17:54:47] "GET /assets/js/material-dashboard.js?v=2.1.1 HTTP/1.1" 404 -
INFO:werkzeug:127.0.0.1 - - [07/Dec/2019 17:54:48] "GET /assets/js/plugins/perfect-scrollbar.jquery.min.js HTTP/1.1" 404 -
INFO:werkzeug:127.0.0.1 - - [07/Dec/2019 17:54:48] "GET /None HTTP/1.1" 404 -
INFO:werkzeug:127.0.0.1 - - [07/Dec/2019 17:54:48] "GET /assets/js/plugins/chartist.min.js HTTP/1.1" 404 -
INFO:werkzeug:127.0.0.1 - - [07/Dec/2019 17:54:48] "GET /assets/js/plugins/bootstrap-notify.js HTTP/1.1" 404 -
INFO:werkzeug:127.0.0.1 - - [07/Dec/2019 17:54:48] "GET /assets/js/material-dashboard.js?v=2.1.1 HTTP/1.1" 404 -
INFO:werkzeug:127.0.0.1 - - [07/Dec/2019 17:54:48] "GET /None HTTP/1.1" 404 -
INFO:werkzeug:127.0.0.1 - - [07/Dec/2019 17:54:49] "GET / HTTP/1.1" 200 -
INFO:werkzeug:127.0.0.1 - - [07/Dec/2019 17:54:49] "GET /assets/js/core/popper.min.js HTTP/1.1" 404 -
INFO:werkzeug:127.0.0.1 - - [07/Dec/2019 17:54:49] "GET /assets/js/core/bootstrap-material-design.min.js HTTP/1.1" 404 -
INFO:werkzeug:127.0.0.1 - - [07/Dec/2019 17:54:49] "GET /assets/js/core/jquery.min.js HTTP/1.1" 404 -
INFO:werkzeug:127.0.0.1 - - [07/Dec/2019 17:54:49] "GET /assets/js/plugins/perfect-scrollbar.jquery.min.js HTTP/1.1" 404 -
INFO:werkzeug:127.0.0.1 - - [07/Dec/2019 17:54:49] "GET /assets/js/plugins/chartist.min.js HTTP/1.1" 404 -
INFO:werkzeug:127.0.0.1 - - [07/Dec/2019 17:54:49] "GET /assets/js/plugins/bootstrap-notify.js HTTP/1.1" 404 -
INFO:werkzeug:127.0.0.1 - - [07/Dec/2019 17:54:49] "GET /assets/js/material-dashboard.js?v=2.1.1 HTTP/1.1" 404 -
INFO:werkzeug:127.0.0.1 - - [07/Dec/2019 17:54:49] "GET /assets/js/core/popper.min.js HTTP/1.1" 404 -
INFO:werkzeug:127.0.0.1 - - [07/Dec/2019 17:54:49] "GET /None HTTP/1.1" 404 -
INFO:werkzeug:127.0.0.1 - - [07/Dec/2019 17:54:50] "GET /assets/js/core/bootstrap-material-design.min.js HTTP/1.1" 404 -
INFO:werkzeug:127.0.0.1 - - [07/Dec/2019 17:54:50] "GET /assets/js/plugins/perfect-scrollbar.jquery.min.js HTTP/1.1" 404 -
INFO:werkzeug:127.0.0.1 - - [07/Dec/2019 17:54:50] "GET /assets/js/plugins/chartist.min.js HTTP/1.1" 404 -
INFO:werkzeug:127.0.0.1 - - [07/Dec/2019 17:54:50] "GET /assets/js/plugins/bootstrap-notify.js HTTP/1.1" 404 -
INFO:werkzeug:127.0.0.1 - - [07/Dec/2019 17:54:51] "GET /assets/js/material-dashboard.js?v=2.1.1 HTTP/1.1" 404 -
INFO:werkzeug:127.0.0.1 - - [07/Dec/2019 17:54:51] "GET /None HTTP/1.1" 404 -
INFO:werkzeug:127.0.0.1 - - [07/Dec/2019 17:54:51] "GET / HTTP/1.1" 200 -
INFO:werkzeug:127.0.0.1 - - [07/Dec/2019 17:54:52] "GET /assets/js/plugins/perfect-scrollbar.jquery.min.js HTTP/1.1" 404 -
INFO:werkzeug:127.0.0.1 - - [07/Dec/2019 17:54:52] "GET /assets/js/core/jquery.min.js HTTP/1.1" 404 -
INFO:werkzeug:127.0.0.1 - - [07/Dec/2019 17:54:52] "GET /assets/js/core/popper.min.js HTTP/1.1" 404 -
INFO:werkzeug:127.0.0.1 - - [07/Dec/2019 17:54:52] "GET /assets/js/core/bootstrap-material-design.min.js HTTP/1.1" 404 -
INFO:werkzeug:127.0.0.1 - - [07/Dec/2019 17:54:52] "GET /assets/js/plugins/chartist.min.js HTTP/1.1" 404 -
INFO:werkzeug:127.0.0.1 - - [07/Dec/2019 17:54:52] "GET /assets/js/plugins/bootstrap-notify.js HTTP/1.1" 404 -
INFO:werkzeug:127.0.0.1 - - [07/Dec/2019 17:54:52] "GET /assets/js/material-dashboard.js?v=2.1.1 HTTP/1.1" 404 -
INFO:werkzeug:127.0.0.1 - - [07/Dec/2019 17:54:52] "GET /assets/js/plugins/perfect-scrollbar.jquery.min.js HTTP/1.1" 404 -
INFO:werkzeug:127.0.0.1 - - [07/Dec/2019 17:54:52] "GET /None HTTP/1.1" 404 -
INFO:werkzeug:127.0.0.1 - - [07/Dec/2019 17:54:52] "GET /assets/js/plugins/chartist.min.js HTTP/1.1" 404 -
INFO:werkzeug:127.0.0.1 - - [07/Dec/2019 17:54:53] "GET /assets/js/plugins/bootstrap-notify.js HTTP/1.1" 404 -
INFO:werkzeug:127.0.0.1 - - [07/Dec/2019 17:54:53] "GET /assets/js/material-dashboard.js?v=2.1.1 HTTP/1.1" 404 -
INFO:werkzeug:127.0.0.1 - - [07/Dec/2019 17:54:53] "GET /None HTTP/1.1" 404 -
INFO:werkzeug:127.0.0.1 - - [07/Dec/2019 17:54:54] "GET /auth/login HTTP/1.1" 200 -
INFO:werkzeug:127.0.0.1 - - [07/Dec/2019 17:54:54] "GET /auth/assets/js/core/bootstrap-material-design.min.js HTTP/1.1" 404 -
INFO:werkzeug:127.0.0.1 - - [07/Dec/2019 17:54:54] "GET /auth/assets/js/core/popper.min.js HTTP/1.1" 404 -
INFO:werkzeug:127.0.0.1 - - [07/Dec/2019 17:54:54] "GET /auth/assets/js/core/jquery.min.js HTTP/1.1" 404 -
INFO:werkzeug:127.0.0.1 - - [07/Dec/2019 17:54:54] "GET /auth/assets/js/plugins/chartist.min.js HTTP/1.1" 404 -
INFO:werkzeug:127.0.0.1 - - [07/Dec/2019 17:54:54] "GET /auth/assets/js/plugins/perfect-scrollbar.jquery.min.js HTTP/1.1" 404 -
INFO:werkzeug:127.0.0.1 - - [07/Dec/2019 17:54:54] "GET /auth/assets/js/plugins/bootstrap-notify.js HTTP/1.1" 404 -
INFO:werkzeug:127.0.0.1 - - [07/Dec/2019 17:54:54] "GET /auth/assets/js/material-dashboard.js?v=2.1.1 HTTP/1.1" 404 -
INFO:werkzeug:127.0.0.1 - - [07/Dec/2019 17:54:54] "GET /auth/assets/js/core/popper.min.js HTTP/1.1" 404 -
INFO:werkzeug:127.0.0.1 - - [07/Dec/2019 17:54:55] "GET /auth/assets/js/core/bootstrap-material-design.min.js HTTP/1.1" 404 -
INFO:werkzeug:127.0.0.1 - - [07/Dec/2019 17:54:55] "GET /auth/assets/js/plugins/perfect-scrollbar.jquery.min.js HTTP/1.1" 404 -
INFO:werkzeug:127.0.0.1 - - [07/Dec/2019 17:54:55] "GET /auth/assets/js/plugins/chartist.min.js HTTP/1.1" 404 -
INFO:werkzeug:127.0.0.1 - - [07/Dec/2019 17:54:55] "GET /auth/assets/js/plugins/bootstrap-notify.js HTTP/1.1" 404 -
INFO:werkzeug:127.0.0.1 - - [07/Dec/2019 17:54:55] "GET /auth/assets/js/material-dashboard.js?v=2.1.1 HTTP/1.1" 404 -
INFO:werkzeug:127.0.0.1 - - [07/Dec/2019 17:54:56] "GET /auth/kakao_oauth_redirect?code=NqT8gsPYD0zW89_rWctszc_-oJW7hdcR7J2fQdmSr-k8z0_z3eIh6RHcCBV_ILC_8Tc1hQorDNMAAAFu35GxfA HTTP/1.1" 302 -
INFO:werkzeug:127.0.0.1 - - [07/Dec/2019 17:54:57] "GET /auth/login HTTP/1.1" 200 -
INFO:werkzeug:127.0.0.1 - - [07/Dec/2019 17:54:57] "GET /auth/assets/js/core/jquery.min.js HTTP/1.1" 404 -
INFO:werkzeug:127.0.0.1 - - [07/Dec/2019 17:54:57] "GET /auth/assets/js/plugins/chartist.min.js HTTP/1.1" 404 -
INFO:werkzeug:127.0.0.1 - - [07/Dec/2019 17:54:57] "GET /auth/assets/js/core/bootstrap-material-design.min.js HTTP/1.1" 404 -
INFO:werkzeug:127.0.0.1 - - [07/Dec/2019 17:54:57] "GET /auth/assets/js/plugins/perfect-scrollbar.jquery.min.js HTTP/1.1" 404 -
INFO:werkzeug:127.0.0.1 - - [07/Dec/2019 17:54:57] "GET /auth/assets/js/core/popper.min.js HTTP/1.1" 404 -
INFO:werkzeug:127.0.0.1 - - [07/Dec/2019 17:54:57] "GET /auth/assets/js/plugins/bootstrap-notify.js HTTP/1.1" 404 -
INFO:werkzeug:127.0.0.1 - - [07/Dec/2019 17:54:57] "GET /auth/assets/js/material-dashboard.js?v=2.1.1 HTTP/1.1" 404 -
INFO:werkzeug:127.0.0.1 - - [07/Dec/2019 17:54:57] "GET /auth/assets/js/core/bootstrap-material-design.min.js HTTP/1.1" 404 -
INFO:werkzeug:127.0.0.1 - - [07/Dec/2019 17:54:58] "GET /auth/assets/js/plugins/perfect-scrollbar.jquery.min.js HTTP/1.1" 404 -
INFO:werkzeug:127.0.0.1 - - [07/Dec/2019 17:54:58] "GET /auth/assets/js/plugins/chartist.min.js HTTP/1.1" 404 -
INFO:werkzeug:127.0.0.1 - - [07/Dec/2019 17:54:58] "GET /auth/assets/js/plugins/bootstrap-notify.js HTTP/1.1" 404 -
INFO:werkzeug:127.0.0.1 - - [07/Dec/2019 17:54:58] "GET /auth/assets/js/material-dashboard.js?v=2.1.1 HTTP/1.1" 404 -
INFO:werkzeug:127.0.0.1 - - [07/Dec/2019 17:55:03] "POST /auth/login HTTP/1.1" 302 -
INFO:werkzeug:127.0.0.1 - - [07/Dec/2019 17:55:04] "GET /auth/login HTTP/1.1" 200 -
INFO:werkzeug:127.0.0.1 - - [07/Dec/2019 17:55:04] "GET /auth/assets/js/core/popper.min.js HTTP/1.1" 404 -
INFO:werkzeug:127.0.0.1 - - [07/Dec/2019 17:55:04] "GET /auth/assets/js/core/bootstrap-material-design.min.js HTTP/1.1" 404 -
INFO:werkzeug:127.0.0.1 - - [07/Dec/2019 17:55:04] "GET /auth/assets/js/core/jquery.min.js HTTP/1.1" 404 -
INFO:werkzeug:127.0.0.1 - - [07/Dec/2019 17:55:04] "GET /auth/assets/js/plugins/chartist.min.js HTTP/1.1" 404 -
INFO:werkzeug:127.0.0.1 - - [07/Dec/2019 17:55:04] "GET /auth/assets/js/plugins/perfect-scrollbar.jquery.min.js HTTP/1.1" 404 -
INFO:werkzeug:127.0.0.1 - - [07/Dec/2019 17:55:04] "GET /auth/assets/js/plugins/bootstrap-notify.js HTTP/1.1" 404 -
INFO:werkzeug:127.0.0.1 - - [07/Dec/2019 17:55:04] "GET /auth/assets/js/material-dashboard.js?v=2.1.1 HTTP/1.1" 404 -
INFO:werkzeug:127.0.0.1 - - [07/Dec/2019 17:55:04] "GET /auth/assets/js/core/popper.min.js HTTP/1.1" 404 -
INFO:werkzeug:127.0.0.1 - - [07/Dec/2019 17:55:05] "GET /auth/assets/js/core/bootstrap-material-design.min.js HTTP/1.1" 404 -
INFO:werkzeug:127.0.0.1 - - [07/Dec/2019 17:55:05] "GET /auth/assets/js/plugins/perfect-scrollbar.jquery.min.js HTTP/1.1" 404 -
INFO:werkzeug:127.0.0.1 - - [07/Dec/2019 17:55:05] "GET /auth/assets/js/plugins/chartist.min.js HTTP/1.1" 404 -
INFO:werkzeug:127.0.0.1 - - [07/Dec/2019 17:55:05] "GET /auth/assets/js/plugins/bootstrap-notify.js HTTP/1.1" 404 -
INFO:werkzeug:127.0.0.1 - - [07/Dec/2019 17:55:05] "GET /auth/assets/js/material-dashboard.js?v=2.1.1 HTTP/1.1" 404 -
INFO:werkzeug:127.0.0.1 - - [07/Dec/2019 17:55:12] "POST /auth/login HTTP/1.1" 302 -
INFO:werkzeug:127.0.0.1 - - [07/Dec/2019 17:55:12] "GET / HTTP/1.1" 200 -
INFO:werkzeug:127.0.0.1 - - [07/Dec/2019 17:55:12] "GET /assets/js/core/jquery.min.js HTTP/1.1" 404 -
INFO:werkzeug:127.0.0.1 - - [07/Dec/2019 17:55:12] "GET /assets/js/plugins/bootstrap-notify.js HTTP/1.1" 404 -
INFO:werkzeug:127.0.0.1 - - [07/Dec/2019 17:55:12] "GET /assets/js/core/popper.min.js HTTP/1.1" 404 -
INFO:werkzeug:127.0.0.1 - - [07/Dec/2019 17:55:12] "GET /assets/js/core/bootstrap-material-design.min.js HTTP/1.1" 404 -
INFO:werkzeug:127.0.0.1 - - [07/Dec/2019 17:55:12] "GET /assets/js/plugins/perfect-scrollbar.jquery.min.js HTTP/1.1" 404 -
INFO:werkzeug:127.0.0.1 - - [07/Dec/2019 17:55:12] "GET /assets/js/plugins/chartist.min.js HTTP/1.1" 404 -
INFO:werkzeug:127.0.0.1 - - [07/Dec/2019 17:55:12] "GET /assets/js/material-dashboard.js?v=2.1.1 HTTP/1.1" 404 -
INFO:werkzeug:127.0.0.1 - - [07/Dec/2019 17:55:12] "GET /assets/js/plugins/chartist.min.js HTTP/1.1" 404 -
INFO:werkzeug:127.0.0.1 - - [07/Dec/2019 17:55:13] "GET /assets/js/plugins/bootstrap-notify.js HTTP/1.1" 404 -
INFO:werkzeug:127.0.0.1 - - [07/Dec/2019 17:55:13] "GET /assets/js/material-dashboard.js?v=2.1.1 HTTP/1.1" 404 -
INFO:werkzeug:127.0.0.1 - - [07/Dec/2019 17:56:13] "GET / HTTP/1.1" 200 -
INFO:werkzeug:127.0.0.1 - - [07/Dec/2019 17:56:13] "GET /assets/js/core/jquery.min.js HTTP/1.1" 404 -
INFO:werkzeug:127.0.0.1 - - [07/Dec/2019 17:56:13] "GET /assets/js/core/popper.min.js HTTP/1.1" 404 -
INFO:werkzeug:127.0.0.1 - - [07/Dec/2019 17:56:13] "GET /assets/js/core/bootstrap-material-design.min.js HTTP/1.1" 404 -
INFO:werkzeug:127.0.0.1 - - [07/Dec/2019 17:56:13] "GET /assets/js/plugins/perfect-scrollbar.jquery.min.js HTTP/1.1" 404 -
INFO:werkzeug:127.0.0.1 - - [07/Dec/2019 17:56:13] "GET /assets/js/plugins/chartist.min.js HTTP/1.1" 404 -
INFO:werkzeug:127.0.0.1 - - [07/Dec/2019 17:56:13] "GET /assets/js/plugins/bootstrap-notify.js HTTP/1.1" 404 -
INFO:werkzeug:127.0.0.1 - - [07/Dec/2019 17:56:13] "GET /assets/js/material-dashboard.js?v=2.1.1 HTTP/1.1" 404 -
INFO:werkzeug:127.0.0.1 - - [07/Dec/2019 17:56:15] "GET / HTTP/1.1" 200 -
INFO:werkzeug:127.0.0.1 - - [07/Dec/2019 17:56:15] "GET /assets/js/plugins/perfect-scrollbar.jquery.min.js HTTP/1.1" 404 -
INFO:werkzeug:127.0.0.1 - - [07/Dec/2019 17:56:15] "GET /assets/js/core/jquery.min.js HTTP/1.1" 404 -
INFO:werkzeug:127.0.0.1 - - [07/Dec/2019 17:56:15] "GET /assets/js/core/popper.min.js HTTP/1.1" 404 -
INFO:werkzeug:127.0.0.1 - - [07/Dec/2019 17:56:15] "GET /assets/js/core/bootstrap-material-design.min.js HTTP/1.1" 404 -
INFO:werkzeug:127.0.0.1 - - [07/Dec/2019 17:56:15] "GET /assets/js/plugins/chartist.min.js HTTP/1.1" 404 -
INFO:werkzeug:127.0.0.1 - - [07/Dec/2019 17:56:15] "GET /assets/js/plugins/bootstrap-notify.js HTTP/1.1" 404 -
INFO:werkzeug:127.0.0.1 - - [07/Dec/2019 17:56:15] "GET /assets/js/material-dashboard.js?v=2.1.1 HTTP/1.1" 404 -
INFO:werkzeug:127.0.0.1 - - [07/Dec/2019 17:56:15] "GET /assets/js/plugins/perfect-scrollbar.jquery.min.js HTTP/1.1" 404 -
INFO:werkzeug:127.0.0.1 - - [07/Dec/2019 17:56:16] "GET /assets/js/plugins/chartist.min.js HTTP/1.1" 404 -
INFO:werkzeug:127.0.0.1 - - [07/Dec/2019 17:56:16] "GET /assets/js/plugins/bootstrap-notify.js HTTP/1.1" 404 -
INFO:werkzeug:127.0.0.1 - - [07/Dec/2019 17:56:16] "GET /assets/js/material-dashboard.js?v=2.1.1 HTTP/1.1" 404 -
INFO:werkzeug:127.0.0.1 - - [07/Dec/2019 17:56:49] "GET / HTTP/1.1" 200 -
INFO:werkzeug:127.0.0.1 - - [07/Dec/2019 17:56:49] "GET /assets/js/core/bootstrap-material-design.min.js HTTP/1.1" 404 -
INFO:werkzeug:127.0.0.1 - - [07/Dec/2019 17:56:49] "GET /assets/js/core/jquery.min.js HTTP/1.1" 404 -
INFO:werkzeug:127.0.0.1 - - [07/Dec/2019 17:56:49] "GET /assets/js/plugins/perfect-scrollbar.jquery.min.js HTTP/1.1" 404 -
INFO:werkzeug:127.0.0.1 - - [07/Dec/2019 17:56:49] "GET /assets/js/core/popper.min.js HTTP/1.1" 404 -
INFO:werkzeug:127.0.0.1 - - [07/Dec/2019 17:56:49] "GET /assets/js/plugins/bootstrap-notify.js HTTP/1.1" 404 -
INFO:werkzeug:127.0.0.1 - - [07/Dec/2019 17:56:49] "GET /assets/js/plugins/chartist.min.js HTTP/1.1" 404 -
INFO:werkzeug:127.0.0.1 - - [07/Dec/2019 17:56:49] "GET /assets/js/material-dashboard.js?v=2.1.1 HTTP/1.1" 404 -
INFO:werkzeug:127.0.0.1 - - [07/Dec/2019 17:56:49] "GET /assets/js/core/bootstrap-material-design.min.js HTTP/1.1" 404 -
INFO:werkzeug:127.0.0.1 - - [07/Dec/2019 17:56:50] "GET /assets/js/plugins/perfect-scrollbar.jquery.min.js HTTP/1.1" 404 -
INFO:werkzeug:127.0.0.1 - - [07/Dec/2019 17:56:50] "GET /assets/js/plugins/chartist.min.js HTTP/1.1" 404 -
INFO:werkzeug:127.0.0.1 - - [07/Dec/2019 17:56:50] "GET /assets/js/plugins/bootstrap-notify.js HTTP/1.1" 404 -
INFO:werkzeug:127.0.0.1 - - [07/Dec/2019 17:56:50] "GET /assets/js/material-dashboard.js?v=2.1.1 HTTP/1.1" 404 -
INFO:werkzeug:127.0.0.1 - - [07/Dec/2019 17:56:59] "GET / HTTP/1.1" 200 -
INFO:werkzeug:127.0.0.1 - - [07/Dec/2019 17:56:59] "GET /assets/js/core/popper.min.js HTTP/1.1" 404 -
INFO:werkzeug:127.0.0.1 - - [07/Dec/2019 17:56:59] "GET /assets/js/plugins/perfect-scrollbar.jquery.min.js HTTP/1.1" 404 -
INFO:werkzeug:127.0.0.1 - - [07/Dec/2019 17:56:59] "GET /assets/js/plugins/chartist.min.js HTTP/1.1" 404 -
INFO:werkzeug:127.0.0.1 - - [07/Dec/2019 17:56:59] "GET /assets/js/core/jquery.min.js HTTP/1.1" 404 -
INFO:werkzeug:127.0.0.1 - - [07/Dec/2019 17:56:59] "GET /assets/js/core/bootstrap-material-design.min.js HTTP/1.1" 404 -
INFO:werkzeug:127.0.0.1 - - [07/Dec/2019 17:56:59] "GET /assets/js/plugins/bootstrap-notify.js HTTP/1.1" 404 -
INFO:werkzeug:127.0.0.1 - - [07/Dec/2019 17:56:59] "GET /assets/js/material-dashboard.js?v=2.1.1 HTTP/1.1" 404 -
INFO:werkzeug:127.0.0.1 - - [07/Dec/2019 17:56:59] "GET /assets/js/core/popper.min.js HTTP/1.1" 404 -
INFO:werkzeug:127.0.0.1 - - [07/Dec/2019 17:57:00] "GET /assets/js/core/bootstrap-material-design.min.js HTTP/1.1" 404 -
INFO:werkzeug:127.0.0.1 - - [07/Dec/2019 17:57:00] "GET /assets/js/plugins/perfect-scrollbar.jquery.min.js HTTP/1.1" 404 -
INFO:werkzeug:127.0.0.1 - - [07/Dec/2019 17:57:00] "GET /assets/js/plugins/chartist.min.js HTTP/1.1" 404 -
INFO:werkzeug:127.0.0.1 - - [07/Dec/2019 17:57:00] "GET /assets/js/plugins/bootstrap-notify.js HTTP/1.1" 404 -
INFO:werkzeug:127.0.0.1 - - [07/Dec/2019 17:57:00] "GET /assets/js/material-dashboard.js?v=2.1.1 HTTP/1.1" 404 -
INFO:werkzeug:127.0.0.1 - - [07/Dec/2019 17:57:02] "GET /static/assets/css/dashboard-free.css.map HTTP/1.1" 404 -
INFO:werkzeug:127.0.0.1 - - [07/Dec/2019 17:59:13] "GET / HTTP/1.1" 200 -
INFO:werkzeug:127.0.0.1 - - [07/Dec/2019 17:59:13] "GET /assets/js/core/bootstrap-material-design.min.js HTTP/1.1" 404 -
INFO:werkzeug:127.0.0.1 - - [07/Dec/2019 17:59:14] "GET /assets/js/core/jquery.min.js HTTP/1.1" 404 -
INFO:werkzeug:127.0.0.1 - - [07/Dec/2019 17:59:14] "GET /assets/js/core/popper.min.js HTTP/1.1" 404 -
INFO:werkzeug:127.0.0.1 - - [07/Dec/2019 17:59:14] "GET /assets/js/plugins/chartist.min.js HTTP/1.1" 404 -
INFO:werkzeug:127.0.0.1 - - [07/Dec/2019 17:59:14] "GET /assets/js/plugins/perfect-scrollbar.jquery.min.js HTTP/1.1" 404 -
INFO:werkzeug:127.0.0.1 - - [07/Dec/2019 17:59:14] "GET /assets/js/plugins/bootstrap-notify.js HTTP/1.1" 404 -
INFO:werkzeug:127.0.0.1 - - [07/Dec/2019 17:59:14] "GET /assets/js/material-dashboard.js?v=2.1.1 HTTP/1.1" 404 -
INFO:werkzeug:127.0.0.1 - - [07/Dec/2019 17:59:14] "GET /assets/js/core/bootstrap-material-design.min.js HTTP/1.1" 404 -
INFO:werkzeug:127.0.0.1 - - [07/Dec/2019 17:59:14] "GET /assets/js/plugins/perfect-scrollbar.jquery.min.js HTTP/1.1" 404 -
INFO:werkzeug:127.0.0.1 - - [07/Dec/2019 17:59:14] "GET /assets/js/plugins/chartist.min.js HTTP/1.1" 404 -
INFO:werkzeug:127.0.0.1 - - [07/Dec/2019 17:59:14] "GET /assets/js/plugins/bootstrap-notify.js HTTP/1.1" 404 -
INFO:werkzeug:127.0.0.1 - - [07/Dec/2019 17:59:14] "GET /assets/js/material-dashboard.js?v=2.1.1 HTTP/1.1" 404 -
INFO:werkzeug:127.0.0.1 - - [07/Dec/2019 17:59:15] "GET /static/assets/css/dashboard-free.css.map HTTP/1.1" 404 -
INFO:werkzeug:127.0.0.1 - - [07/Dec/2019 17:59:19] "GET / HTTP/1.1" 200 -
INFO:werkzeug:127.0.0.1 - - [07/Dec/2019 17:59:19] "GET /assets/js/core/popper.min.js HTTP/1.1" 404 -
INFO:werkzeug:127.0.0.1 - - [07/Dec/2019 17:59:19] "GET /assets/js/core/jquery.min.js HTTP/1.1" 404 -
INFO:werkzeug:127.0.0.1 - - [07/Dec/2019 17:59:19] "GET /assets/js/core/bootstrap-material-design.min.js HTTP/1.1" 404 -
INFO:werkzeug:127.0.0.1 - - [07/Dec/2019 17:59:19] "GET /assets/js/plugins/perfect-scrollbar.jquery.min.js HTTP/1.1" 404 -
INFO:werkzeug:127.0.0.1 - - [07/Dec/2019 17:59:19] "GET /assets/js/plugins/chartist.min.js HTTP/1.1" 404 -
INFO:werkzeug:127.0.0.1 - - [07/Dec/2019 17:59:19] "GET /assets/js/plugins/bootstrap-notify.js HTTP/1.1" 404 -
INFO:werkzeug:127.0.0.1 - - [07/Dec/2019 17:59:19] "GET /assets/js/material-dashboard.js?v=2.1.1 HTTP/1.1" 404 -
INFO:werkzeug:127.0.0.1 - - [07/Dec/2019 17:59:19] "GET /assets/js/core/popper.min.js HTTP/1.1" 404 -
INFO:werkzeug:127.0.0.1 - - [07/Dec/2019 17:59:20] "GET /assets/js/core/bootstrap-material-design.min.js HTTP/1.1" 404 -
INFO:werkzeug:127.0.0.1 - - [07/Dec/2019 17:59:20] "GET /assets/js/plugins/perfect-scrollbar.jquery.min.js HTTP/1.1" 404 -
INFO:werkzeug:127.0.0.1 - - [07/Dec/2019 17:59:20] "GET /assets/js/plugins/chartist.min.js HTTP/1.1" 404 -
INFO:werkzeug:127.0.0.1 - - [07/Dec/2019 17:59:20] "GET /assets/js/plugins/bootstrap-notify.js HTTP/1.1" 404 -
INFO:werkzeug:127.0.0.1 - - [07/Dec/2019 17:59:20] "GET /assets/js/material-dashboard.js?v=2.1.1 HTTP/1.1" 404 -
INFO:werkzeug:127.0.0.1 - - [07/Dec/2019 17:59:38] "GET / HTTP/1.1" 200 -
INFO:werkzeug:127.0.0.1 - - [07/Dec/2019 17:59:38] "GET /assets/js/core/jquery.min.js HTTP/1.1" 404 -
INFO:werkzeug:127.0.0.1 - - [07/Dec/2019 17:59:38] "GET /assets/js/core/popper.min.js HTTP/1.1" 404 -
INFO:werkzeug:127.0.0.1 - - [07/Dec/2019 17:59:39] "GET /assets/js/core/bootstrap-material-design.min.js HTTP/1.1" 404 -
INFO:werkzeug:127.0.0.1 - - [07/Dec/2019 17:59:39] "GET /assets/js/plugins/perfect-scrollbar.jquery.min.js HTTP/1.1" 404 -
INFO:werkzeug:127.0.0.1 - - [07/Dec/2019 17:59:39] "GET /assets/js/plugins/chartist.min.js HTTP/1.1" 404 -
INFO:werkzeug:127.0.0.1 - - [07/Dec/2019 17:59:39] "GET /assets/js/plugins/bootstrap-notify.js HTTP/1.1" 404 -
INFO:werkzeug:127.0.0.1 - - [07/Dec/2019 17:59:39] "GET /assets/js/material-dashboard.js?v=2.1.1 HTTP/1.1" 404 -
INFO:werkzeug:127.0.0.1 - - [07/Dec/2019 18:00:12] "GET / HTTP/1.1" 200 -
INFO:werkzeug:127.0.0.1 - - [07/Dec/2019 18:00:12] "GET /assets/js/core/bootstrap-material-design.min.js HTTP/1.1" 404 -
INFO:werkzeug:127.0.0.1 - - [07/Dec/2019 18:00:12] "GET /assets/js/plugins/perfect-scrollbar.jquery.min.js HTTP/1.1" 404 -
INFO:werkzeug:127.0.0.1 - - [07/Dec/2019 18:00:12] "GET /assets/js/core/jquery.min.js HTTP/1.1" 404 -
INFO:werkzeug:127.0.0.1 - - [07/Dec/2019 18:00:12] "GET /assets/js/core/popper.min.js HTTP/1.1" 404 -
INFO:werkzeug:127.0.0.1 - - [07/Dec/2019 18:00:12] "GET /assets/js/plugins/chartist.min.js HTTP/1.1" 404 -
INFO:werkzeug:127.0.0.1 - - [07/Dec/2019 18:00:12] "GET /assets/js/plugins/bootstrap-notify.js HTTP/1.1" 404 -
INFO:werkzeug:127.0.0.1 - - [07/Dec/2019 18:00:12] "GET /assets/js/material-dashboard.js?v=2.1.1 HTTP/1.1" 404 -
INFO:werkzeug:127.0.0.1 - - [07/Dec/2019 18:00:13] "GET /assets/js/core/bootstrap-material-design.min.js HTTP/1.1" 404 -
INFO:werkzeug:127.0.0.1 - - [07/Dec/2019 18:00:13] "GET /assets/js/plugins/perfect-scrollbar.jquery.min.js HTTP/1.1" 404 -
INFO:werkzeug:127.0.0.1 - - [07/Dec/2019 18:00:13] "GET /assets/js/plugins/chartist.min.js HTTP/1.1" 404 -
INFO:werkzeug:127.0.0.1 - - [07/Dec/2019 18:00:13] "GET /assets/js/plugins/bootstrap-notify.js HTTP/1.1" 404 -
INFO:werkzeug:127.0.0.1 - - [07/Dec/2019 18:00:13] "GET /assets/js/material-dashboard.js?v=2.1.1 HTTP/1.1" 404 -
INFO:werkzeug:127.0.0.1 - - [07/Dec/2019 18:01:05] "GET / HTTP/1.1" 200 -
INFO:werkzeug:127.0.0.1 - - [07/Dec/2019 18:01:05] "GET /assets/js/core/jquery.min.js HTTP/1.1" 404 -
INFO:werkzeug:127.0.0.1 - - [07/Dec/2019 18:01:05] "GET /assets/js/core/popper.min.js HTTP/1.1" 404 -
INFO:werkzeug:127.0.0.1 - - [07/Dec/2019 18:01:05] "GET /assets/js/core/bootstrap-material-design.min.js HTTP/1.1" 404 -
INFO:werkzeug:127.0.0.1 - - [07/Dec/2019 18:01:05] "GET /assets/js/plugins/perfect-scrollbar.jquery.min.js HTTP/1.1" 404 -
INFO:werkzeug:127.0.0.1 - - [07/Dec/2019 18:01:05] "GET /assets/js/plugins/chartist.min.js HTTP/1.1" 404 -
INFO:werkzeug:127.0.0.1 - - [07/Dec/2019 18:01:05] "GET /assets/js/plugins/bootstrap-notify.js HTTP/1.1" 404 -
INFO:werkzeug:127.0.0.1 - - [07/Dec/2019 18:01:05] "GET /assets/js/material-dashboard.js?v=2.1.1 HTTP/1.1" 404 -
INFO:werkzeug:127.0.0.1 - - [07/Dec/2019 18:01:07] "GET / HTTP/1.1" 200 -
INFO:werkzeug:127.0.0.1 - - [07/Dec/2019 18:01:07] "GET /assets/js/core/jquery.min.js HTTP/1.1" 404 -
INFO:werkzeug:127.0.0.1 - - [07/Dec/2019 18:01:07] "GET /assets/js/core/bootstrap-material-design.min.js HTTP/1.1" 404 -
INFO:werkzeug:127.0.0.1 - - [07/Dec/2019 18:01:07] "GET /assets/js/plugins/perfect-scrollbar.jquery.min.js HTTP/1.1" 404 -
INFO:werkzeug:127.0.0.1 - - [07/Dec/2019 18:01:07] "GET /assets/js/core/popper.min.js HTTP/1.1" 404 -
INFO:werkzeug:127.0.0.1 - - [07/Dec/2019 18:01:07] "GET /assets/js/plugins/chartist.min.js HTTP/1.1" 404 -
INFO:werkzeug:127.0.0.1 - - [07/Dec/2019 18:01:07] "GET /assets/js/plugins/bootstrap-notify.js HTTP/1.1" 404 -
INFO:werkzeug:127.0.0.1 - - [07/Dec/2019 18:01:07] "GET /assets/js/material-dashboard.js?v=2.1.1 HTTP/1.1" 404 -
INFO:werkzeug:127.0.0.1 - - [07/Dec/2019 18:01:07] "GET /assets/js/core/bootstrap-material-design.min.js HTTP/1.1" 404 -
INFO:werkzeug:127.0.0.1 - - [07/Dec/2019 18:01:08] "GET /assets/js/plugins/perfect-scrollbar.jquery.min.js HTTP/1.1" 404 -
INFO:werkzeug:127.0.0.1 - - [07/Dec/2019 18:01:08] "GET /assets/js/plugins/chartist.min.js HTTP/1.1" 404 -
INFO:werkzeug:127.0.0.1 - - [07/Dec/2019 18:01:08] "GET /assets/js/plugins/bootstrap-notify.js HTTP/1.1" 404 -
INFO:werkzeug:127.0.0.1 - - [07/Dec/2019 18:01:08] "GET /assets/js/material-dashboard.js?v=2.1.1 HTTP/1.1" 404 -
INFO:werkzeug:127.0.0.1 - - [07/Dec/2019 18:01:09] "GET / HTTP/1.1" 200 -
INFO:werkzeug:127.0.0.1 - - [07/Dec/2019 18:01:10] "GET /assets/js/core/popper.min.js HTTP/1.1" 404 -
INFO:werkzeug:127.0.0.1 - - [07/Dec/2019 18:01:10] "GET /assets/js/core/jquery.min.js HTTP/1.1" 404 -
INFO:werkzeug:127.0.0.1 - - [07/Dec/2019 18:01:10] "GET /assets/js/core/bootstrap-material-design.min.js HTTP/1.1" 404 -
INFO:werkzeug:127.0.0.1 - - [07/Dec/2019 18:01:10] "GET /assets/js/plugins/perfect-scrollbar.jquery.min.js HTTP/1.1" 404 -
INFO:werkzeug:127.0.0.1 - - [07/Dec/2019 18:01:10] "GET /assets/js/plugins/chartist.min.js HTTP/1.1" 404 -
INFO:werkzeug:127.0.0.1 - - [07/Dec/2019 18:01:10] "GET /assets/js/plugins/bootstrap-notify.js HTTP/1.1" 404 -
INFO:werkzeug:127.0.0.1 - - [07/Dec/2019 18:01:10] "GET /assets/js/material-dashboard.js?v=2.1.1 HTTP/1.1" 404 -
INFO:werkzeug:127.0.0.1 - - [07/Dec/2019 18:01:10] "GET /assets/js/core/popper.min.js HTTP/1.1" 404 -
INFO:werkzeug:127.0.0.1 - - [07/Dec/2019 18:01:10] "GET /assets/js/core/bootstrap-material-design.min.js HTTP/1.1" 404 -
INFO:werkzeug:127.0.0.1 - - [07/Dec/2019 18:01:11] "GET /assets/js/plugins/perfect-scrollbar.jquery.min.js HTTP/1.1" 404 -
INFO:werkzeug:127.0.0.1 - - [07/Dec/2019 18:01:11] "GET /assets/js/plugins/chartist.min.js HTTP/1.1" 404 -
INFO:werkzeug:127.0.0.1 - - [07/Dec/2019 18:01:11] "GET /assets/js/plugins/bootstrap-notify.js HTTP/1.1" 404 -
INFO:werkzeug:127.0.0.1 - - [07/Dec/2019 18:01:11] "GET /assets/js/material-dashboard.js?v=2.1.1 HTTP/1.1" 404 -
INFO:werkzeug:127.0.0.1 - - [07/Dec/2019 18:02:00] "GET / HTTP/1.1" 200 -
INFO:werkzeug:127.0.0.1 - - [07/Dec/2019 18:02:00] "GET /assets/js/core/jquery.min.js HTTP/1.1" 404 -
INFO:werkzeug:127.0.0.1 - - [07/Dec/2019 18:02:00] "GET /assets/js/core/popper.min.js HTTP/1.1" 404 -
INFO:werkzeug:127.0.0.1 - - [07/Dec/2019 18:02:00] "GET /assets/js/core/bootstrap-material-design.min.js HTTP/1.1" 404 -
INFO:werkzeug:127.0.0.1 - - [07/Dec/2019 18:02:00] "GET /assets/js/plugins/perfect-scrollbar.jquery.min.js HTTP/1.1" 404 -
INFO:werkzeug:127.0.0.1 - - [07/Dec/2019 18:02:00] "GET /assets/js/plugins/chartist.min.js HTTP/1.1" 404 -
INFO:werkzeug:127.0.0.1 - - [07/Dec/2019 18:02:00] "GET /assets/js/plugins/bootstrap-notify.js HTTP/1.1" 404 -
INFO:werkzeug:127.0.0.1 - - [07/Dec/2019 18:02:00] "GET /assets/js/material-dashboard.js?v=2.1.1 HTTP/1.1" 404 -
INFO:werkzeug:127.0.0.1 - - [07/Dec/2019 18:02:19] "GET / HTTP/1.1" 200 -
INFO:werkzeug:127.0.0.1 - - [07/Dec/2019 18:02:19] "GET /assets/js/core/popper.min.js HTTP/1.1" 404 -
INFO:werkzeug:127.0.0.1 - - [07/Dec/2019 18:02:19] "GET /assets/js/core/bootstrap-material-design.min.js HTTP/1.1" 404 -
INFO:werkzeug:127.0.0.1 - - [07/Dec/2019 18:02:19] "GET /assets/js/plugins/perfect-scrollbar.jquery.min.js HTTP/1.1" 404 -
INFO:werkzeug:127.0.0.1 - - [07/Dec/2019 18:02:19] "GET /assets/js/plugins/chartist.min.js HTTP/1.1" 404 -
INFO:werkzeug:127.0.0.1 - - [07/Dec/2019 18:02:19] "GET /assets/js/core/jquery.min.js HTTP/1.1" 404 -
INFO:werkzeug:127.0.0.1 - - [07/Dec/2019 18:02:19] "GET /assets/js/plugins/bootstrap-notify.js HTTP/1.1" 404 -
INFO:werkzeug:127.0.0.1 - - [07/Dec/2019 18:02:19] "GET /assets/js/material-dashboard.js?v=2.1.1 HTTP/1.1" 404 -
INFO:werkzeug:127.0.0.1 - - [07/Dec/2019 18:02:19] "GET /assets/js/core/popper.min.js HTTP/1.1" 404 -
INFO:werkzeug:127.0.0.1 - - [07/Dec/2019 18:02:20] "GET /assets/js/core/bootstrap-material-design.min.js HTTP/1.1" 404 -
INFO:werkzeug:127.0.0.1 - - [07/Dec/2019 18:02:20] "GET /assets/js/plugins/perfect-scrollbar.jquery.min.js HTTP/1.1" 404 -
INFO:werkzeug:127.0.0.1 - - [07/Dec/2019 18:02:20] "GET /assets/js/plugins/chartist.min.js HTTP/1.1" 404 -
INFO:werkzeug:127.0.0.1 - - [07/Dec/2019 18:02:20] "GET /assets/js/plugins/bootstrap-notify.js HTTP/1.1" 404 -
INFO:werkzeug:127.0.0.1 - - [07/Dec/2019 18:02:20] "GET /assets/js/material-dashboard.js?v=2.1.1 HTTP/1.1" 404 -
INFO:werkzeug:127.0.0.1 - - [07/Dec/2019 18:02:57] "GET / HTTP/1.1" 200 -
INFO:werkzeug:127.0.0.1 - - [07/Dec/2019 18:02:57] "GET /assets/js/core/jquery.min.js HTTP/1.1" 404 -
INFO:werkzeug:127.0.0.1 - - [07/Dec/2019 18:02:57] "GET /assets/js/core/popper.min.js HTTP/1.1" 404 -
INFO:werkzeug:127.0.0.1 - - [07/Dec/2019 18:02:57] "GET /assets/js/core/bootstrap-material-design.min.js HTTP/1.1" 404 -
INFO:werkzeug:127.0.0.1 - - [07/Dec/2019 18:02:57] "GET /assets/js/plugins/perfect-scrollbar.jquery.min.js HTTP/1.1" 404 -
INFO:werkzeug:127.0.0.1 - - [07/Dec/2019 18:02:57] "GET /assets/js/plugins/bootstrap-notify.js HTTP/1.1" 404 -
INFO:werkzeug:127.0.0.1 - - [07/Dec/2019 18:02:57] "GET /assets/js/plugins/chartist.min.js HTTP/1.1" 404 -
INFO:werkzeug:127.0.0.1 - - [07/Dec/2019 18:02:57] "GET /assets/js/material-dashboard.js?v=2.1.1 HTTP/1.1" 404 -
INFO:werkzeug:127.0.0.1 - - [07/Dec/2019 18:02:58] "GET /assets/js/plugins/bootstrap-notify.js HTTP/1.1" 404 -
INFO:werkzeug:127.0.0.1 - - [07/Dec/2019 18:02:58] "GET /assets/js/material-dashboard.js?v=2.1.1 HTTP/1.1" 404 -
INFO:werkzeug: * Restarting with stat
WARNING:werkzeug: * Debugger is active!
INFO:werkzeug: * Debugger PIN: 791-056-875
INFO:werkzeug: * Running on http://localhost:8080/ (Press CTRL+C to quit)
INFO:werkzeug:127.0.0.1 - - [07/Dec/2019 18:04:01] "GET / HTTP/1.1" 200 -
INFO:werkzeug:127.0.0.1 - - [07/Dec/2019 18:04:01] "GET /assets/js/core/bootstrap-material-design.min.js HTTP/1.1" 404 -
INFO:werkzeug:127.0.0.1 - - [07/Dec/2019 18:04:01] "GET /assets/js/plugins/perfect-scrollbar.jquery.min.js HTTP/1.1" 404 -
INFO:werkzeug:127.0.0.1 - - [07/Dec/2019 18:04:01] "GET /assets/js/core/jquery.min.js HTTP/1.1" 404 -
INFO:werkzeug:127.0.0.1 - - [07/Dec/2019 18:04:01] "GET /assets/js/core/popper.min.js HTTP/1.1" 404 -
INFO:werkzeug:127.0.0.1 - - [07/Dec/2019 18:04:01] "GET /assets/js/plugins/chartist.min.js HTTP/1.1" 404 -
INFO:werkzeug:127.0.0.1 - - [07/Dec/2019 18:04:01] "GET /assets/js/plugins/bootstrap-notify.js HTTP/1.1" 404 -
INFO:werkzeug:127.0.0.1 - - [07/Dec/2019 18:04:01] "GET /assets/js/material-dashboard.js?v=2.1.1 HTTP/1.1" 404 -
INFO:werkzeug:127.0.0.1 - - [07/Dec/2019 18:04:02] "GET /assets/js/core/bootstrap-material-design.min.js HTTP/1.1" 404 -
INFO:werkzeug:127.0.0.1 - - [07/Dec/2019 18:04:02] "GET /assets/js/plugins/perfect-scrollbar.jquery.min.js HTTP/1.1" 404 -
INFO:werkzeug:127.0.0.1 - - [07/Dec/2019 18:04:02] "GET /assets/js/plugins/chartist.min.js HTTP/1.1" 404 -
INFO:werkzeug:127.0.0.1 - - [07/Dec/2019 18:04:02] "GET /assets/js/plugins/bootstrap-notify.js HTTP/1.1" 404 -
INFO:werkzeug:127.0.0.1 - - [07/Dec/2019 18:04:02] "GET /assets/js/material-dashboard.js?v=2.1.1 HTTP/1.1" 404 -
INFO:werkzeug:127.0.0.1 - - [07/Dec/2019 18:04:05] "GET /auth/login HTTP/1.1" 200 -
INFO:werkzeug:127.0.0.1 - - [07/Dec/2019 18:04:05] "GET /auth/assets/js/core/jquery.min.js HTTP/1.1" 404 -
INFO:werkzeug:127.0.0.1 - - [07/Dec/2019 18:04:05] "GET /auth/assets/js/core/popper.min.js HTTP/1.1" 404 -
INFO:werkzeug:127.0.0.1 - - [07/Dec/2019 18:04:05] "GET /auth/assets/js/plugins/chartist.min.js HTTP/1.1" 404 -
INFO:werkzeug:127.0.0.1 - - [07/Dec/2019 18:04:05] "GET /auth/assets/js/core/bootstrap-material-design.min.js HTTP/1.1" 404 -
INFO:werkzeug:127.0.0.1 - - [07/Dec/2019 18:04:05] "GET /auth/assets/js/plugins/perfect-scrollbar.jquery.min.js HTTP/1.1" 404 -
INFO:werkzeug:127.0.0.1 - - [07/Dec/2019 18:04:05] "GET /auth/assets/js/plugins/bootstrap-notify.js HTTP/1.1" 404 -
INFO:werkzeug:127.0.0.1 - - [07/Dec/2019 18:04:06] "GET /auth/assets/js/material-dashboard.js?v=2.1.1 HTTP/1.1" 404 -
INFO:werkzeug:127.0.0.1 - - [07/Dec/2019 18:04:06] "GET /auth/assets/js/plugins/chartist.min.js HTTP/1.1" 404 -
INFO:werkzeug:127.0.0.1 - - [07/Dec/2019 18:04:06] "GET /auth/assets/js/plugins/bootstrap-notify.js HTTP/1.1" 404 -
INFO:werkzeug:127.0.0.1 - - [07/Dec/2019 18:04:06] "GET /auth/assets/js/material-dashboard.js?v=2.1.1 HTTP/1.1" 404 -
INFO:werkzeug:127.0.0.1 - - [07/Dec/2019 18:04:08] "GET /auth/kakao_oauth_redirect?code=A4Ry5qvq0MtQyXgcyEwjWdp4r6QiLaSbZzSTlT5UicpSLYxza6-EsJr0oikiIFX-AwL7XQo9dVwAAAFu35oaTw HTTP/1.1" 302 -
INFO:werkzeug:127.0.0.1 - - [07/Dec/2019 18:04:08] "GET /auth/login HTTP/1.1" 200 -
INFO:werkzeug:127.0.0.1 - - [07/Dec/2019 18:04:08] "GET /auth/assets/js/core/jquery.min.js HTTP/1.1" 404 -
INFO:werkzeug:127.0.0.1 - - [07/Dec/2019 18:04:09] "GET /auth/assets/js/core/popper.min.js HTTP/1.1" 404 -
INFO:werkzeug:127.0.0.1 - - [07/Dec/2019 18:04:09] "GET /auth/assets/js/core/bootstrap-material-design.min.js HTTP/1.1" 404 -
INFO:werkzeug:127.0.0.1 - - [07/Dec/2019 18:04:09] "GET /auth/assets/js/plugins/perfect-scrollbar.jquery.min.js HTTP/1.1" 404 -
INFO:werkzeug:127.0.0.1 - - [07/Dec/2019 18:04:09] "GET /auth/assets/js/plugins/chartist.min.js HTTP/1.1" 404 -
INFO:werkzeug:127.0.0.1 - - [07/Dec/2019 18:04:09] "GET /auth/assets/js/plugins/bootstrap-notify.js HTTP/1.1" 404 -
INFO:werkzeug:127.0.0.1 - - [07/Dec/2019 18:04:09] "GET /auth/assets/js/material-dashboard.js?v=2.1.1 HTTP/1.1" 404 -
INFO:werkzeug:127.0.0.1 - - [07/Dec/2019 18:04:09] "GET /auth/assets/js/plugins/bootstrap-notify.js HTTP/1.1" 404 -
INFO:werkzeug:127.0.0.1 - - [07/Dec/2019 18:04:09] "GET /auth/assets/js/material-dashboard.js?v=2.1.1 HTTP/1.1" 404 -
INFO:werkzeug:127.0.0.1 - - [07/Dec/2019 18:04:15] "POST /auth/login HTTP/1.1" 302 -
INFO:werkzeug:127.0.0.1 - - [07/Dec/2019 18:04:15] "GET / HTTP/1.1" 200 -
INFO:werkzeug:127.0.0.1 - - [07/Dec/2019 18:04:16] "GET /assets/js/core/popper.min.js HTTP/1.1" 404 -
INFO:werkzeug:127.0.0.1 - - [07/Dec/2019 18:04:16] "GET /assets/js/core/jquery.min.js HTTP/1.1" 404 -
INFO:werkzeug:127.0.0.1 - - [07/Dec/2019 18:04:16] "GET /assets/js/core/bootstrap-material-design.min.js HTTP/1.1" 404 -
INFO:werkzeug:127.0.0.1 - - [07/Dec/2019 18:04:16] "GET /assets/js/plugins/perfect-scrollbar.jquery.min.js HTTP/1.1" 404 -
INFO:werkzeug:127.0.0.1 - - [07/Dec/2019 18:04:16] "GET /assets/js/plugins/chartist.min.js HTTP/1.1" 404 -
INFO:werkzeug:127.0.0.1 - - [07/Dec/2019 18:04:16] "GET /assets/js/plugins/bootstrap-notify.js HTTP/1.1" 404 -
INFO:werkzeug:127.0.0.1 - - [07/Dec/2019 18:04:16] "GET /assets/js/material-dashboard.js?v=2.1.1 HTTP/1.1" 404 -
INFO:werkzeug:127.0.0.1 - - [07/Dec/2019 18:04:16] "GET /assets/js/core/popper.min.js HTTP/1.1" 404 -
INFO:werkzeug:127.0.0.1 - - [07/Dec/2019 18:04:16] "GET /assets/js/core/bootstrap-material-design.min.js HTTP/1.1" 404 -
INFO:werkzeug:127.0.0.1 - - [07/Dec/2019 18:04:17] "GET /assets/js/plugins/perfect-scrollbar.jquery.min.js HTTP/1.1" 404 -
INFO:werkzeug:127.0.0.1 - - [07/Dec/2019 18:04:17] "GET /assets/js/plugins/chartist.min.js HTTP/1.1" 404 -
INFO:werkzeug:127.0.0.1 - - [07/Dec/2019 18:04:17] "GET /assets/js/plugins/bootstrap-notify.js HTTP/1.1" 404 -
INFO:werkzeug:127.0.0.1 - - [07/Dec/2019 18:04:17] "GET /assets/js/material-dashboard.js?v=2.1.1 HTTP/1.1" 404 -
INFO:werkzeug:127.0.0.1 - - [07/Dec/2019 18:06:19] "GET /menus/searchs HTTP/1.1" 200 -
INFO:werkzeug:127.0.0.1 - - [07/Dec/2019 18:06:19] "GET /menus/assets/js/core/jquery.min.js HTTP/1.1" 404 -
INFO:werkzeug:127.0.0.1 - - [07/Dec/2019 18:06:19] "GET /menus/assets/js/core/popper.min.js HTTP/1.1" 404 -
INFO:werkzeug:127.0.0.1 - - [07/Dec/2019 18:06:20] "GET /menus/assets/js/core/bootstrap-material-design.min.js HTTP/1.1" 404 -
INFO:werkzeug:127.0.0.1 - - [07/Dec/2019 18:06:20] "GET /menus/assets/js/plugins/perfect-scrollbar.jquery.min.js HTTP/1.1" 404 -
INFO:werkzeug:127.0.0.1 - - [07/Dec/2019 18:06:20] "GET /menus/assets/js/plugins/chartist.min.js HTTP/1.1" 404 -
INFO:werkzeug:127.0.0.1 - - [07/Dec/2019 18:06:20] "GET /menus/assets/js/plugins/bootstrap-notify.js HTTP/1.1" 404 -
INFO:werkzeug:127.0.0.1 - - [07/Dec/2019 18:06:20] "GET /menus/assets/js/material-dashboard.js?v=2.1.1 HTTP/1.1" 404 -
INFO:werkzeug:127.0.0.1 - - [07/Dec/2019 18:08:42] "GET /menus/searchs HTTP/1.1" 200 -
INFO:werkzeug:127.0.0.1 - - [07/Dec/2019 18:08:42] "GET /menus/assets/js/core/jquery.min.js HTTP/1.1" 404 -
INFO:werkzeug:127.0.0.1 - - [07/Dec/2019 18:08:42] "GET /menus/assets/js/core/popper.min.js HTTP/1.1" 404 -
INFO:werkzeug:127.0.0.1 - - [07/Dec/2019 18:08:42] "GET /menus/assets/js/core/bootstrap-material-design.min.js HTTP/1.1" 404 -
INFO:werkzeug:127.0.0.1 - - [07/Dec/2019 18:08:42] "GET /menus/assets/js/plugins/perfect-scrollbar.jquery.min.js HTTP/1.1" 404 -
INFO:werkzeug:127.0.0.1 - - [07/Dec/2019 18:08:42] "GET /menus/assets/js/plugins/chartist.min.js HTTP/1.1" 404 -
INFO:werkzeug:127.0.0.1 - - [07/Dec/2019 18:08:42] "GET /menus/assets/js/plugins/bootstrap-notify.js HTTP/1.1" 404 -
INFO:werkzeug:127.0.0.1 - - [07/Dec/2019 18:08:42] "GET /menus/assets/js/material-dashboard.js?v=2.1.1 HTTP/1.1" 404 -
INFO:werkzeug:127.0.0.1 - - [07/Dec/2019 18:08:43] "GET /menus/searchs HTTP/1.1" 200 -
INFO:werkzeug:127.0.0.1 - - [07/Dec/2019 18:08:44] "GET /menus/assets/js/core/bootstrap-material-design.min.js HTTP/1.1" 404 -
INFO:werkzeug:127.0.0.1 - - [07/Dec/2019 18:08:44] "GET /menus/assets/js/plugins/perfect-scrollbar.jquery.min.js HTTP/1.1" 404 -
INFO:werkzeug:127.0.0.1 - - [07/Dec/2019 18:08:44] "GET /menus/assets/js/plugins/bootstrap-notify.js HTTP/1.1" 404 -
INFO:werkzeug:127.0.0.1 - - [07/Dec/2019 18:08:44] "GET /menus/assets/js/core/jquery.min.js HTTP/1.1" 404 -
INFO:werkzeug:127.0.0.1 - - [07/Dec/2019 18:08:44] "GET /menus/assets/js/core/popper.min.js HTTP/1.1" 404 -
INFO:werkzeug:127.0.0.1 - - [07/Dec/2019 18:08:44] "GET /menus/assets/js/plugins/chartist.min.js HTTP/1.1" 404 -
INFO:werkzeug:127.0.0.1 - - [07/Dec/2019 18:08:44] "GET /menus/assets/js/material-dashboard.js?v=2.1.1 HTTP/1.1" 404 -
INFO:werkzeug:127.0.0.1 - - [07/Dec/2019 18:08:44] "GET /menus/assets/js/core/bootstrap-material-design.min.js HTTP/1.1" 404 -
INFO:werkzeug:127.0.0.1 - - [07/Dec/2019 18:08:44] "GET /menus/assets/js/plugins/perfect-scrollbar.jquery.min.js HTTP/1.1" 404 -
INFO:werkzeug:127.0.0.1 - - [07/Dec/2019 18:08:45] "GET /menus/assets/js/plugins/chartist.min.js HTTP/1.1" 404 -
INFO:werkzeug:127.0.0.1 - - [07/Dec/2019 18:08:45] "GET /menus/assets/js/plugins/bootstrap-notify.js HTTP/1.1" 404 -
INFO:werkzeug:127.0.0.1 - - [07/Dec/2019 18:08:45] "GET /menus/assets/js/material-dashboard.js?v=2.1.1 HTTP/1.1" 404 -
INFO:werkzeug:127.0.0.1 - - [07/Dec/2019 18:08:47] "GET /menus/uploads HTTP/1.1" 200 -
INFO:werkzeug:127.0.0.1 - - [07/Dec/2019 18:08:47] "GET /menus/assets/js/core/jquery.min.js HTTP/1.1" 404 -
INFO:werkzeug:127.0.0.1 - - [07/Dec/2019 18:08:47] "GET /menus/assets/js/core/bootstrap-material-design.min.js HTTP/1.1" 404 -
INFO:werkzeug:127.0.0.1 - - [07/Dec/2019 18:08:47] "GET /menus/assets/js/core/popper.min.js HTTP/1.1" 404 -
INFO:werkzeug:127.0.0.1 - - [07/Dec/2019 18:08:47] "GET /menus/assets/js/plugins/perfect-scrollbar.jquery.min.js HTTP/1.1" 404 -
INFO:werkzeug:127.0.0.1 - - [07/Dec/2019 18:08:47] "GET /menus/assets/js/plugins/chartist.min.js HTTP/1.1" 404 -
INFO:werkzeug:127.0.0.1 - - [07/Dec/2019 18:08:47] "GET /menus/assets/js/plugins/bootstrap-notify.js HTTP/1.1" 404 -
INFO:werkzeug:127.0.0.1 - - [07/Dec/2019 18:08:48] "GET /menus/assets/js/material-dashboard.js?v=2.1.1 HTTP/1.1" 404 -
INFO:werkzeug:127.0.0.1 - - [07/Dec/2019 18:08:48] "GET /menus/assets/js/core/bootstrap-material-design.min.js HTTP/1.1" 404 -
INFO:werkzeug:127.0.0.1 - - [07/Dec/2019 18:08:48] "GET /menus/assets/js/plugins/perfect-scrollbar.jquery.min.js HTTP/1.1" 404 -
INFO:werkzeug:127.0.0.1 - - [07/Dec/2019 18:08:48] "GET /menus/assets/js/plugins/chartist.min.js HTTP/1.1" 404 -
INFO:werkzeug:127.0.0.1 - - [07/Dec/2019 18:08:48] "GET /menus/assets/js/plugins/bootstrap-notify.js HTTP/1.1" 404 -
INFO:werkzeug:127.0.0.1 - - [07/Dec/2019 18:08:49] "GET /menus/assets/js/material-dashboard.js?v=2.1.1 HTTP/1.1" 404 -
INFO:werkzeug:127.0.0.1 - - [07/Dec/2019 18:08:50] "GET /menus/uploads HTTP/1.1" 200 -
INFO:werkzeug:127.0.0.1 - - [07/Dec/2019 18:08:51] "GET /menus/assets/js/core/popper.min.js HTTP/1.1" 404 -
INFO:werkzeug:127.0.0.1 - - [07/Dec/2019 18:08:51] "GET /menus/assets/js/core/jquery.min.js HTTP/1.1" 404 -
INFO:werkzeug:127.0.0.1 - - [07/Dec/2019 18:08:51] "GET /menus/assets/js/plugins/perfect-scrollbar.jquery.min.js HTTP/1.1" 404 -
INFO:werkzeug:127.0.0.1 - - [07/Dec/2019 18:08:51] "GET /menus/assets/js/core/bootstrap-material-design.min.js HTTP/1.1" 404 -
INFO:werkzeug:127.0.0.1 - - [07/Dec/2019 18:08:51] "GET /menus/assets/js/plugins/chartist.min.js HTTP/1.1" 404 -
INFO:werkzeug:127.0.0.1 - - [07/Dec/2019 18:08:51] "GET /menus/assets/js/plugins/bootstrap-notify.js HTTP/1.1" 404 -
INFO:werkzeug:127.0.0.1 - - [07/Dec/2019 18:08:51] "GET /menus/assets/js/material-dashboard.js?v=2.1.1 HTTP/1.1" 404 -
INFO:werkzeug:127.0.0.1 - - [07/Dec/2019 18:08:51] "GET /menus/assets/js/core/popper.min.js HTTP/1.1" 404 -
INFO:werkzeug:127.0.0.1 - - [07/Dec/2019 18:08:51] "GET /menus/assets/js/core/bootstrap-material-design.min.js HTTP/1.1" 404 -
INFO:werkzeug:127.0.0.1 - - [07/Dec/2019 18:08:51] "GET /menus/assets/js/plugins/perfect-scrollbar.jquery.min.js HTTP/1.1" 404 -
INFO:werkzeug:127.0.0.1 - - [07/Dec/2019 18:08:52] "GET /menus/assets/js/plugins/chartist.min.js HTTP/1.1" 404 -
INFO:werkzeug:127.0.0.1 - - [07/Dec/2019 18:08:52] "GET /menus/assets/js/plugins/bootstrap-notify.js HTTP/1.1" 404 -
INFO:werkzeug:127.0.0.1 - - [07/Dec/2019 18:08:52] "GET /menus/assets/js/material-dashboard.js?v=2.1.1 HTTP/1.1" 404 -
INFO:werkzeug:127.0.0.1 - - [07/Dec/2019 18:08:53] "GET /menus/searchs HTTP/1.1" 200 -
INFO:werkzeug:127.0.0.1 - - [07/Dec/2019 18:08:53] "GET /menus/assets/js/core/jquery.min.js HTTP/1.1" 404 -
INFO:werkzeug:127.0.0.1 - - [07/Dec/2019 18:08:53] "GET /menus/assets/js/core/popper.min.js HTTP/1.1" 404 -
INFO:werkzeug:127.0.0.1 - - [07/Dec/2019 18:08:53] "GET /menus/assets/js/core/bootstrap-material-design.min.js HTTP/1.1" 404 -
INFO:werkzeug:127.0.0.1 - - [07/Dec/2019 18:08:53] "GET /menus/assets/js/plugins/perfect-scrollbar.jquery.min.js HTTP/1.1" 404 -
INFO:werkzeug:127.0.0.1 - - [07/Dec/2019 18:08:53] "GET /menus/assets/js/plugins/chartist.min.js HTTP/1.1" 404 -
INFO:werkzeug:127.0.0.1 - - [07/Dec/2019 18:08:53] "GET /menus/assets/js/plugins/bootstrap-notify.js HTTP/1.1" 404 -
INFO:werkzeug:127.0.0.1 - - [07/Dec/2019 18:08:53] "GET /menus/assets/js/material-dashboard.js?v=2.1.1 HTTP/1.1" 404 -
INFO:werkzeug:127.0.0.1 - - [07/Dec/2019 18:08:55] "GET /menus/images HTTP/1.1" 200 -
INFO:werkzeug:127.0.0.1 - - [07/Dec/2019 18:08:55] "GET /menus/assets/js/core/jquery.min.js HTTP/1.1" 404 -
INFO:werkzeug:127.0.0.1 - - [07/Dec/2019 18:08:55] "GET /menus/assets/js/core/popper.min.js HTTP/1.1" 404 -
INFO:werkzeug:127.0.0.1 - - [07/Dec/2019 18:08:56] "GET /menus/assets/js/core/bootstrap-material-design.min.js HTTP/1.1" 404 -
INFO:werkzeug:127.0.0.1 - - [07/Dec/2019 18:08:56] "GET /menus/assets/js/plugins/perfect-scrollbar.jquery.min.js HTTP/1.1" 404 -
INFO:werkzeug:127.0.0.1 - - [07/Dec/2019 18:08:56] "GET /menus/assets/js/plugins/chartist.min.js HTTP/1.1" 404 -
INFO:werkzeug:127.0.0.1 - - [07/Dec/2019 18:08:56] "GET /menus/assets/js/plugins/bootstrap-notify.js HTTP/1.1" 404 -
INFO:werkzeug:127.0.0.1 - - [07/Dec/2019 18:08:56] "GET /menus/assets/js/material-dashboard.js?v=2.1.1 HTTP/1.1" 404 -
INFO:werkzeug:127.0.0.1 - - [07/Dec/2019 18:08:57] "GET /menus/searchs HTTP/1.1" 200 -
INFO:werkzeug:127.0.0.1 - - [07/Dec/2019 18:08:57] "GET /menus/assets/js/core/jquery.min.js HTTP/1.1" 404 -
INFO:werkzeug:127.0.0.1 - - [07/Dec/2019 18:08:57] "GET /menus/assets/js/core/popper.min.js HTTP/1.1" 404 -
INFO:werkzeug:127.0.0.1 - - [07/Dec/2019 18:08:57] "GET /menus/assets/js/plugins/perfect-scrollbar.jquery.min.js HTTP/1.1" 404 -
INFO:werkzeug:127.0.0.1 - - [07/Dec/2019 18:08:57] "GET /menus/assets/js/plugins/chartist.min.js HTTP/1.1" 404 -
INFO:werkzeug:127.0.0.1 - - [07/Dec/2019 18:08:57] "GET /menus/assets/js/core/bootstrap-material-design.min.js HTTP/1.1" 404 -
INFO:werkzeug:127.0.0.1 - - [07/Dec/2019 18:08:57] "GET /menus/assets/js/plugins/bootstrap-notify.js HTTP/1.1" 404 -
INFO:werkzeug:127.0.0.1 - - [07/Dec/2019 18:08:57] "GET /menus/assets/js/material-dashboard.js?v=2.1.1 HTTP/1.1" 404 -
INFO:werkzeug:127.0.0.1 - - [07/Dec/2019 18:08:57] "GET /menus/assets/js/plugins/perfect-scrollbar.jquery.min.js HTTP/1.1" 404 -
INFO:werkzeug:127.0.0.1 - - [07/Dec/2019 18:08:58] "GET /menus/assets/js/plugins/chartist.min.js HTTP/1.1" 404 -
INFO:werkzeug:127.0.0.1 - - [07/Dec/2019 18:08:58] "GET /menus/assets/js/plugins/bootstrap-notify.js HTTP/1.1" 404 -
INFO:werkzeug:127.0.0.1 - - [07/Dec/2019 18:08:58] "GET /menus/assets/js/material-dashboard.js?v=2.1.1 HTTP/1.1" 404 -
INFO:werkzeug:127.0.0.1 - - [07/Dec/2019 18:08:59] "GET /menus/uploads HTTP/1.1" 200 -
INFO:werkzeug:127.0.0.1 - - [07/Dec/2019 18:08:59] "GET /menus/assets/js/core/bootstrap-material-design.min.js HTTP/1.1" 404 -
INFO:werkzeug:127.0.0.1 - - [07/Dec/2019 18:08:59] "GET /menus/assets/js/core/popper.min.js HTTP/1.1" 404 -
INFO:werkzeug:127.0.0.1 - - [07/Dec/2019 18:08:59] "GET /menus/assets/js/plugins/perfect-scrollbar.jquery.min.js HTTP/1.1" 404 -
INFO:werkzeug:127.0.0.1 - - [07/Dec/2019 18:08:59] "GET /menus/assets/js/core/jquery.min.js HTTP/1.1" 404 -
INFO:werkzeug:127.0.0.1 - - [07/Dec/2019 18:08:59] "GET /menus/assets/js/plugins/chartist.min.js HTTP/1.1" 404 -
INFO:werkzeug:127.0.0.1 - - [07/Dec/2019 18:08:59] "GET /menus/assets/js/plugins/bootstrap-notify.js HTTP/1.1" 404 -
INFO:werkzeug:127.0.0.1 - - [07/Dec/2019 18:08:59] "GET /menus/assets/js/material-dashboard.js?v=2.1.1 HTTP/1.1" 404 -
INFO:werkzeug:127.0.0.1 - - [07/Dec/2019 18:08:59] "GET /menus/assets/js/core/popper.min.js HTTP/1.1" 404 -
INFO:werkzeug:127.0.0.1 - - [07/Dec/2019 18:09:00] "GET /menus/assets/js/core/bootstrap-material-design.min.js HTTP/1.1" 404 -
INFO:werkzeug:127.0.0.1 - - [07/Dec/2019 18:09:00] "GET /menus/assets/js/plugins/perfect-scrollbar.jquery.min.js HTTP/1.1" 404 -
INFO:werkzeug:127.0.0.1 - - [07/Dec/2019 18:09:00] "GET /menus/assets/js/plugins/chartist.min.js HTTP/1.1" 404 -
INFO:werkzeug:127.0.0.1 - - [07/Dec/2019 18:09:00] "GET /menus/assets/js/plugins/bootstrap-notify.js HTTP/1.1" 404 -
INFO:werkzeug:127.0.0.1 - - [07/Dec/2019 18:09:00] "GET /menus/assets/js/material-dashboard.js?v=2.1.1 HTTP/1.1" 404 -
INFO:werkzeug:127.0.0.1 - - [07/Dec/2019 18:09:01] "GET / HTTP/1.1" 200 -
INFO:werkzeug:127.0.0.1 - - [07/Dec/2019 18:09:01] "GET /assets/js/core/jquery.min.js HTTP/1.1" 404 -
INFO:werkzeug:127.0.0.1 - - [07/Dec/2019 18:09:01] "GET /assets/js/core/popper.min.js HTTP/1.1" 404 -
INFO:werkzeug:127.0.0.1 - - [07/Dec/2019 18:09:01] "GET /assets/js/core/bootstrap-material-design.min.js HTTP/1.1" 404 -
INFO:werkzeug:127.0.0.1 - - [07/Dec/2019 18:09:01] "GET /assets/js/plugins/perfect-scrollbar.jquery.min.js HTTP/1.1" 404 -
INFO:werkzeug:127.0.0.1 - - [07/Dec/2019 18:09:01] "GET /assets/js/plugins/chartist.min.js HTTP/1.1" 404 -
INFO:werkzeug:127.0.0.1 - - [07/Dec/2019 18:09:01] "GET /assets/js/plugins/bootstrap-notify.js HTTP/1.1" 404 -
INFO:werkzeug:127.0.0.1 - - [07/Dec/2019 18:09:02] "GET /assets/js/material-dashboard.js?v=2.1.1 HTTP/1.1" 404 -
INFO:werkzeug:127.0.0.1 - - [07/Dec/2019 18:09:03] "GET /menus/uploads HTTP/1.1" 200 -
INFO:werkzeug:127.0.0.1 - - [07/Dec/2019 18:09:03] "GET /menus/assets/js/core/jquery.min.js HTTP/1.1" 404 -
INFO:werkzeug:127.0.0.1 - - [07/Dec/2019 18:09:03] "GET /menus/assets/js/core/popper.min.js HTTP/1.1" 404 -
INFO:werkzeug:127.0.0.1 - - [07/Dec/2019 18:09:03] "GET /menus/assets/js/core/bootstrap-material-design.min.js HTTP/1.1" 404 -
INFO:werkzeug:127.0.0.1 - - [07/Dec/2019 18:09:03] "GET /menus/assets/js/plugins/perfect-scrollbar.jquery.min.js HTTP/1.1" 404 -
INFO:werkzeug:127.0.0.1 - - [07/Dec/2019 18:09:03] "GET /menus/assets/js/plugins/chartist.min.js HTTP/1.1" 404 -
INFO:werkzeug:127.0.0.1 - - [07/Dec/2019 18:09:03] "GET /menus/assets/js/plugins/bootstrap-notify.js HTTP/1.1" 404 -
INFO:werkzeug:127.0.0.1 - - [07/Dec/2019 18:09:03] "GET /menus/assets/js/material-dashboard.js?v=2.1.1 HTTP/1.1" 404 -
INFO:werkzeug:127.0.0.1 - - [07/Dec/2019 18:09:09] "GET /menus/uploads HTTP/1.1" 200 -
INFO:werkzeug:127.0.0.1 - - [07/Dec/2019 18:09:09] "GET /menus/assets/js/core/bootstrap-material-design.min.js HTTP/1.1" 404 -
INFO:werkzeug:127.0.0.1 - - [07/Dec/2019 18:09:09] "GET /menus/assets/js/plugins/perfect-scrollbar.jquery.min.js HTTP/1.1" 404 -
INFO:werkzeug:127.0.0.1 - - [07/Dec/2019 18:09:10] "GET /menus/assets/js/core/popper.min.js HTTP/1.1" 404 -
INFO:werkzeug:127.0.0.1 - - [07/Dec/2019 18:09:10] "GET /menus/assets/js/core/jquery.min.js HTTP/1.1" 404 -
INFO:werkzeug:127.0.0.1 - - [07/Dec/2019 18:09:10] "GET /menus/assets/js/plugins/chartist.min.js HTTP/1.1" 404 -
INFO:werkzeug:127.0.0.1 - - [07/Dec/2019 18:09:10] "GET /menus/assets/js/plugins/bootstrap-notify.js HTTP/1.1" 404 -
INFO:werkzeug:127.0.0.1 - - [07/Dec/2019 18:09:10] "GET /menus/assets/js/material-dashboard.js?v=2.1.1 HTTP/1.1" 404 -
INFO:werkzeug:127.0.0.1 - - [07/Dec/2019 18:09:10] "GET /menus/assets/js/core/popper.min.js HTTP/1.1" 404 -
INFO:werkzeug:127.0.0.1 - - [07/Dec/2019 18:09:10] "GET /menus/assets/js/core/bootstrap-material-design.min.js HTTP/1.1" 404 -
INFO:werkzeug:127.0.0.1 - - [07/Dec/2019 18:09:10] "GET /menus/assets/js/plugins/perfect-scrollbar.jquery.min.js HTTP/1.1" 404 -
INFO:werkzeug:127.0.0.1 - - [07/Dec/2019 18:09:11] "GET /menus/assets/js/plugins/chartist.min.js HTTP/1.1" 404 -
INFO:werkzeug:127.0.0.1 - - [07/Dec/2019 18:09:11] "GET /menus/assets/js/plugins/bootstrap-notify.js HTTP/1.1" 404 -
INFO:werkzeug:127.0.0.1 - - [07/Dec/2019 18:09:11] "GET /menus/assets/js/material-dashboard.js?v=2.1.1 HTTP/1.1" 404 -
INFO:werkzeug:127.0.0.1 - - [07/Dec/2019 18:09:12] "GET /menus/searchs HTTP/1.1" 200 -
INFO:werkzeug:127.0.0.1 - - [07/Dec/2019 18:09:12] "GET /menus/assets/js/core/jquery.min.js HTTP/1.1" 404 -
INFO:werkzeug:127.0.0.1 - - [07/Dec/2019 18:09:12] "GET /menus/assets/js/core/popper.min.js HTTP/1.1" 404 -
INFO:werkzeug:127.0.0.1 - - [07/Dec/2019 18:09:12] "GET /menus/assets/js/core/bootstrap-material-design.min.js HTTP/1.1" 404 -
INFO:werkzeug:127.0.0.1 - - [07/Dec/2019 18:09:12] "GET /menus/assets/js/plugins/chartist.min.js HTTP/1.1" 404 -
INFO:werkzeug:127.0.0.1 - - [07/Dec/2019 18:09:12] "GET /menus/assets/js/plugins/perfect-scrollbar.jquery.min.js HTTP/1.1" 404 -
INFO:werkzeug:127.0.0.1 - - [07/Dec/2019 18:09:12] "GET /menus/assets/js/plugins/bootstrap-notify.js HTTP/1.1" 404 -
INFO:werkzeug:127.0.0.1 - - [07/Dec/2019 18:09:12] "GET /menus/assets/js/material-dashboard.js?v=2.1.1 HTTP/1.1" 404 -
INFO:werkzeug:127.0.0.1 - - [07/Dec/2019 18:09:12] "GET /menus/assets/js/plugins/chartist.min.js HTTP/1.1" 404 -
INFO:werkzeug:127.0.0.1 - - [07/Dec/2019 18:09:13] "GET /menus/assets/js/plugins/bootstrap-notify.js HTTP/1.1" 404 -
INFO:werkzeug:127.0.0.1 - - [07/Dec/2019 18:09:13] "GET /menus/assets/js/material-dashboard.js?v=2.1.1 HTTP/1.1" 404 -
INFO:werkzeug:127.0.0.1 - - [07/Dec/2019 18:09:14] "GET /menus/uploads HTTP/1.1" 200 -
INFO:werkzeug:127.0.0.1 - - [07/Dec/2019 18:09:15] "GET /menus/assets/js/core/popper.min.js HTTP/1.1" 404 -
INFO:werkzeug:127.0.0.1 - - [07/Dec/2019 18:09:15] "GET /menus/assets/js/core/bootstrap-material-design.min.js HTTP/1.1" 404 -
INFO:werkzeug:127.0.0.1 - - [07/Dec/2019 18:09:15] "GET /menus/assets/js/plugins/bootstrap-notify.js HTTP/1.1" 404 -
INFO:werkzeug:127.0.0.1 - - [07/Dec/2019 18:09:15] "GET /menus/assets/js/core/jquery.min.js HTTP/1.1" 404 -
INFO:werkzeug:127.0.0.1 - - [07/Dec/2019 18:09:15] "GET /menus/assets/js/plugins/perfect-scrollbar.jquery.min.js HTTP/1.1" 404 -
INFO:werkzeug:127.0.0.1 - - [07/Dec/2019 18:09:15] "GET /menus/assets/js/plugins/chartist.min.js HTTP/1.1" 404 -
INFO:werkzeug:127.0.0.1 - - [07/Dec/2019 18:09:15] "GET /menus/assets/js/material-dashboard.js?v=2.1.1 HTTP/1.1" 404 -
INFO:werkzeug:127.0.0.1 - - [07/Dec/2019 18:09:15] "GET /menus/assets/js/core/popper.min.js HTTP/1.1" 404 -
INFO:werkzeug:127.0.0.1 - - [07/Dec/2019 18:09:15] "GET /menus/assets/js/core/bootstrap-material-design.min.js HTTP/1.1" 404 -
INFO:werkzeug:127.0.0.1 - - [07/Dec/2019 18:09:15] "GET /menus/assets/js/plugins/perfect-scrollbar.jquery.min.js HTTP/1.1" 404 -
INFO:werkzeug:127.0.0.1 - - [07/Dec/2019 18:09:16] "GET /menus/assets/js/plugins/chartist.min.js HTTP/1.1" 404 -
INFO:werkzeug:127.0.0.1 - - [07/Dec/2019 18:09:16] "GET /menus/assets/js/plugins/bootstrap-notify.js HTTP/1.1" 404 -
INFO:werkzeug:127.0.0.1 - - [07/Dec/2019 18:09:16] "GET /menus/assets/js/material-dashboard.js?v=2.1.1 HTTP/1.1" 404 -
INFO:werkzeug: * Detected change in 'C:\\Users\\ARTALL\\Desktop\\web_service_2 쌔거\\views\\menus.py', reloading
INFO:werkzeug: * Restarting with stat
WARNING:werkzeug: * Debugger is active!
INFO:werkzeug: * Debugger PIN: 791-056-875
INFO:werkzeug: * Running on http://localhost:8080/ (Press CTRL+C to quit)
INFO:werkzeug:127.0.0.1 - - [07/Dec/2019 18:10:49] "GET /menus/uploads HTTP/1.1" 200 -
INFO:werkzeug:127.0.0.1 - - [07/Dec/2019 18:10:49] "GET /menus/assets/js/core/jquery.min.js HTTP/1.1" 404 -
INFO:werkzeug:127.0.0.1 - - [07/Dec/2019 18:10:49] "GET /menus/assets/js/core/popper.min.js HTTP/1.1" 404 -
INFO:werkzeug:127.0.0.1 - - [07/Dec/2019 18:10:49] "GET /menus/assets/js/plugins/perfect-scrollbar.jquery.min.js HTTP/1.1" 404 -
INFO:werkzeug:127.0.0.1 - - [07/Dec/2019 18:10:49] "GET /menus/assets/js/plugins/chartist.min.js HTTP/1.1" 404 -
INFO:werkzeug:127.0.0.1 - - [07/Dec/2019 18:10:49] "GET /menus/assets/js/core/bootstrap-material-design.min.js HTTP/1.1" 404 -
INFO:werkzeug:127.0.0.1 - - [07/Dec/2019 18:10:49] "GET /menus/assets/js/plugins/bootstrap-notify.js HTTP/1.1" 404 -
INFO:werkzeug:127.0.0.1 - - [07/Dec/2019 18:10:49] "GET /menus/assets/js/material-dashboard.js?v=2.1.1 HTTP/1.1" 404 -
INFO:werkzeug:127.0.0.1 - - [07/Dec/2019 18:10:50] "GET /menus/assets/js/plugins/perfect-scrollbar.jquery.min.js HTTP/1.1" 404 -
INFO:werkzeug:127.0.0.1 - - [07/Dec/2019 18:10:50] "GET /menus/assets/js/plugins/chartist.min.js HTTP/1.1" 404 -
INFO:werkzeug:127.0.0.1 - - [07/Dec/2019 18:10:50] "GET /menus/assets/js/plugins/bootstrap-notify.js HTTP/1.1" 404 -
INFO:werkzeug:127.0.0.1 - - [07/Dec/2019 18:10:50] "GET /menus/assets/js/material-dashboard.js?v=2.1.1 HTTP/1.1" 404 -
INFO:werkzeug:127.0.0.1 - - [07/Dec/2019 18:10:52] "GET /menus/searchs HTTP/1.1" 200 -
INFO:werkzeug:127.0.0.1 - - [07/Dec/2019 18:10:52] "GET /menus/assets/js/core/jquery.min.js HTTP/1.1" 404 -
INFO:werkzeug:127.0.0.1 - - [07/Dec/2019 18:10:52] "GET /menus/assets/js/core/bootstrap-material-design.min.js HTTP/1.1" 404 -
INFO:werkzeug:127.0.0.1 - - [07/Dec/2019 18:10:52] "GET /menus/assets/js/plugins/bootstrap-notify.js HTTP/1.1" 404 -
INFO:werkzeug:127.0.0.1 - - [07/Dec/2019 18:10:52] "GET /menus/assets/js/core/popper.min.js HTTP/1.1" 404 -
INFO:werkzeug:127.0.0.1 - - [07/Dec/2019 18:10:52] "GET /menus/assets/js/material-dashboard.js?v=2.1.1 HTTP/1.1" 404 -
INFO:werkzeug:127.0.0.1 - - [07/Dec/2019 18:10:52] "GET /menus/assets/js/plugins/perfect-scrollbar.jquery.min.js HTTP/1.1" 404 -
INFO:werkzeug:127.0.0.1 - - [07/Dec/2019 18:10:52] "GET /menus/assets/js/plugins/chartist.min.js HTTP/1.1" 404 -
INFO:werkzeug:127.0.0.1 - - [07/Dec/2019 18:10:53] "GET /menus/assets/js/core/bootstrap-material-design.min.js HTTP/1.1" 404 -
INFO:werkzeug:127.0.0.1 - - [07/Dec/2019 18:10:53] "GET /menus/assets/js/plugins/perfect-scrollbar.jquery.min.js HTTP/1.1" 404 -
INFO:werkzeug:127.0.0.1 - - [07/Dec/2019 18:10:53] "GET /menus/assets/js/plugins/chartist.min.js HTTP/1.1" 404 -
INFO:werkzeug:127.0.0.1 - - [07/Dec/2019 18:10:53] "GET /menus/assets/js/plugins/bootstrap-notify.js HTTP/1.1" 404 -
INFO:werkzeug:127.0.0.1 - - [07/Dec/2019 18:10:53] "GET /menus/assets/js/material-dashboard.js?v=2.1.1 HTTP/1.1" 404 -
INFO:werkzeug:127.0.0.1 - - [07/Dec/2019 18:10:55] "GET /menus/searchs HTTP/1.1" 200 -
INFO:werkzeug:127.0.0.1 - - [07/Dec/2019 18:10:55] "GET /menus/assets/js/core/popper.min.js HTTP/1.1" 404 -
INFO:werkzeug:127.0.0.1 - - [07/Dec/2019 18:10:55] "GET /menus/assets/js/core/bootstrap-material-design.min.js HTTP/1.1" 404 -
INFO:werkzeug:127.0.0.1 - - [07/Dec/2019 18:10:55] "GET /menus/assets/js/core/jquery.min.js HTTP/1.1" 404 -
INFO:werkzeug:127.0.0.1 - - [07/Dec/2019 18:10:55] "GET /menus/assets/js/plugins/perfect-scrollbar.jquery.min.js HTTP/1.1" 404 -
INFO:werkzeug:127.0.0.1 - - [07/Dec/2019 18:10:55] "GET /menus/assets/js/plugins/chartist.min.js HTTP/1.1" 404 -
INFO:werkzeug:127.0.0.1 - - [07/Dec/2019 18:10:55] "GET /menus/assets/js/plugins/bootstrap-notify.js HTTP/1.1" 404 -
INFO:werkzeug:127.0.0.1 - - [07/Dec/2019 18:10:56] "GET /menus/assets/js/material-dashboard.js?v=2.1.1 HTTP/1.1" 404 -
INFO:werkzeug:127.0.0.1 - - [07/Dec/2019 18:10:56] "GET /menus/assets/js/core/popper.min.js HTTP/1.1" 404 -
INFO:werkzeug:127.0.0.1 - - [07/Dec/2019 18:10:56] "GET /menus/assets/js/core/bootstrap-material-design.min.js HTTP/1.1" 404 -
INFO:werkzeug:127.0.0.1 - - [07/Dec/2019 18:10:56] "GET /menus/assets/js/plugins/perfect-scrollbar.jquery.min.js HTTP/1.1" 404 -
INFO:werkzeug:127.0.0.1 - - [07/Dec/2019 18:10:56] "GET /menus/assets/js/plugins/chartist.min.js HTTP/1.1" 404 -
INFO:werkzeug:127.0.0.1 - - [07/Dec/2019 18:10:57] "GET /menus/assets/js/plugins/bootstrap-notify.js HTTP/1.1" 404 -
INFO:werkzeug:127.0.0.1 - - [07/Dec/2019 18:10:57] "GET /menus/assets/js/material-dashboard.js?v=2.1.1 HTTP/1.1" 404 -
INFO:werkzeug:127.0.0.1 - - [07/Dec/2019 18:10:59] "GET /menus/uploads HTTP/1.1" 200 -
INFO:werkzeug:127.0.0.1 - - [07/Dec/2019 18:11:00] "GET /menus/assets/js/core/jquery.min.js HTTP/1.1" 404 -
INFO:werkzeug:127.0.0.1 - - [07/Dec/2019 18:11:00] "GET /menus/assets/js/plugins/perfect-scrollbar.jquery.min.js HTTP/1.1" 404 -
INFO:werkzeug:127.0.0.1 - - [07/Dec/2019 18:11:00] "GET /menus/assets/js/core/popper.min.js HTTP/1.1" 404 -
INFO:werkzeug:127.0.0.1 - - [07/Dec/2019 18:11:00] "GET /menus/assets/js/core/bootstrap-material-design.min.js HTTP/1.1" 404 -
INFO:werkzeug:127.0.0.1 - - [07/Dec/2019 18:11:00] "GET /menus/assets/js/plugins/chartist.min.js HTTP/1.1" 404 -
INFO:werkzeug:127.0.0.1 - - [07/Dec/2019 18:11:00] "GET /menus/assets/js/plugins/bootstrap-notify.js HTTP/1.1" 404 -
INFO:werkzeug:127.0.0.1 - - [07/Dec/2019 18:11:00] "GET /menus/assets/js/material-dashboard.js?v=2.1.1 HTTP/1.1" 404 -
INFO:werkzeug:127.0.0.1 - - [07/Dec/2019 18:11:00] "GET /menus/assets/js/plugins/perfect-scrollbar.jquery.min.js HTTP/1.1" 404 -
INFO:werkzeug:127.0.0.1 - - [07/Dec/2019 18:11:00] "GET /menus/assets/js/plugins/chartist.min.js HTTP/1.1" 404 -
INFO:werkzeug:127.0.0.1 - - [07/Dec/2019 18:11:01] "GET /menus/assets/js/plugins/bootstrap-notify.js HTTP/1.1" 404 -
INFO:werkzeug:127.0.0.1 - - [07/Dec/2019 18:11:01] "GET /menus/assets/js/material-dashboard.js?v=2.1.1 HTTP/1.1" 404 -
INFO:werkzeug:127.0.0.1 - - [07/Dec/2019 18:34:09] "GET / HTTP/1.1" 200 -
INFO:werkzeug:127.0.0.1 - - [07/Dec/2019 18:34:09] "GET /assets/js/core/popper.min.js HTTP/1.1" 404 -
INFO:werkzeug:127.0.0.1 - - [07/Dec/2019 18:34:09] "GET /assets/js/core/bootstrap-material-design.min.js HTTP/1.1" 404 -
INFO:werkzeug:127.0.0.1 - - [07/Dec/2019 18:34:09] "GET /assets/js/plugins/perfect-scrollbar.jquery.min.js HTTP/1.1" 404 -
INFO:werkzeug:127.0.0.1 - - [07/Dec/2019 18:34:09] "GET /assets/js/plugins/chartist.min.js HTTP/1.1" 404 -
INFO:werkzeug:127.0.0.1 - - [07/Dec/2019 18:34:09] "GET /assets/js/core/jquery.min.js HTTP/1.1" 404 -
INFO:werkzeug:127.0.0.1 - - [07/Dec/2019 18:34:09] "GET /assets/js/plugins/bootstrap-notify.js HTTP/1.1" 404 -
INFO:werkzeug:127.0.0.1 - - [07/Dec/2019 18:34:09] "GET /assets/js/material-dashboard.js?v=2.1.1 HTTP/1.1" 404 -
INFO:werkzeug:127.0.0.1 - - [07/Dec/2019 18:34:09] "GET /assets/js/core/popper.min.js HTTP/1.1" 404 -
INFO:werkzeug:127.0.0.1 - - [07/Dec/2019 18:34:10] "GET /assets/js/core/bootstrap-material-design.min.js HTTP/1.1" 404 -
INFO:werkzeug:127.0.0.1 - - [07/Dec/2019 18:34:10] "GET /assets/js/plugins/perfect-scrollbar.jquery.min.js HTTP/1.1" 404 -
INFO:werkzeug:127.0.0.1 - - [07/Dec/2019 18:34:10] "GET /assets/js/plugins/chartist.min.js HTTP/1.1" 404 -
INFO:werkzeug:127.0.0.1 - - [07/Dec/2019 18:34:10] "GET /assets/js/plugins/bootstrap-notify.js HTTP/1.1" 404 -
INFO:werkzeug:127.0.0.1 - - [07/Dec/2019 18:34:10] "GET /assets/js/material-dashboard.js?v=2.1.1 HTTP/1.1" 404 -
INFO:werkzeug:127.0.0.1 - - [07/Dec/2019 18:34:12] "GET /auth/login HTTP/1.1" 200 -
INFO:werkzeug:127.0.0.1 - - [07/Dec/2019 18:34:12] "GET /auth/assets/js/core/popper.min.js HTTP/1.1" 404 -
INFO:werkzeug:127.0.0.1 - - [07/Dec/2019 18:34:12] "GET /auth/assets/js/core/bootstrap-material-design.min.js HTTP/1.1" 404 -
INFO:werkzeug:127.0.0.1 - - [07/Dec/2019 18:34:12] "GET /auth/assets/js/core/jquery.min.js HTTP/1.1" 404 -
INFO:werkzeug:127.0.0.1 - - [07/Dec/2019 18:34:12] "GET /auth/assets/js/material-dashboard.js?v=2.1.1 HTTP/1.1" 404 -
INFO:werkzeug:127.0.0.1 - - [07/Dec/2019 18:34:12] "GET /auth/assets/js/plugins/perfect-scrollbar.jquery.min.js HTTP/1.1" 404 -
INFO:werkzeug:127.0.0.1 - - [07/Dec/2019 18:34:12] "GET /auth/assets/js/plugins/chartist.min.js HTTP/1.1" 404 -
INFO:werkzeug:127.0.0.1 - - [07/Dec/2019 18:34:13] "GET /auth/assets/js/plugins/bootstrap-notify.js HTTP/1.1" 404 -
INFO:werkzeug:127.0.0.1 - - [07/Dec/2019 18:34:13] "GET /auth/assets/js/core/popper.min.js HTTP/1.1" 404 -
INFO:werkzeug:127.0.0.1 - - [07/Dec/2019 18:34:13] "GET /auth/assets/js/core/bootstrap-material-design.min.js HTTP/1.1" 404 -
INFO:werkzeug:127.0.0.1 - - [07/Dec/2019 18:34:13] "GET /auth/assets/js/plugins/perfect-scrollbar.jquery.min.js HTTP/1.1" 404 -
INFO:werkzeug:127.0.0.1 - - [07/Dec/2019 18:34:13] "GET /auth/assets/js/plugins/chartist.min.js HTTP/1.1" 404 -
INFO:werkzeug:127.0.0.1 - - [07/Dec/2019 18:34:14] "GET /auth/assets/js/plugins/bootstrap-notify.js HTTP/1.1" 404 -
INFO:werkzeug:127.0.0.1 - - [07/Dec/2019 18:34:14] "GET /auth/assets/js/material-dashboard.js?v=2.1.1 HTTP/1.1" 404 -
INFO:werkzeug:127.0.0.1 - - [07/Dec/2019 18:34:16] "GET /auth/kakao_oauth_redirect?code=tVv3auJzNu96FeUygZlt6VzGuG63rpbHalopCf3R6HbwTV6x2vxN_8duNc7p8bMIxIsO2QorDKgAAAFu37Ww-g HTTP/1.1" 302 -
INFO:werkzeug:127.0.0.1 - - [07/Dec/2019 18:34:16] "GET /auth/login HTTP/1.1" 200 -
INFO:werkzeug:127.0.0.1 - - [07/Dec/2019 18:34:16] "GET /auth/assets/js/core/popper.min.js HTTP/1.1" 404 -
INFO:werkzeug:127.0.0.1 - - [07/Dec/2019 18:34:16] "GET /auth/assets/js/core/jquery.min.js HTTP/1.1" 404 -
INFO:werkzeug:127.0.0.1 - - [07/Dec/2019 18:34:16] "GET /auth/assets/js/core/bootstrap-material-design.min.js HTTP/1.1" 404 -
INFO:werkzeug:127.0.0.1 - - [07/Dec/2019 18:34:16] "GET /auth/assets/js/plugins/perfect-scrollbar.jquery.min.js HTTP/1.1" 404 -
INFO:werkzeug:127.0.0.1 - - [07/Dec/2019 18:34:16] "GET /auth/assets/js/plugins/chartist.min.js HTTP/1.1" 404 -
INFO:werkzeug:127.0.0.1 - - [07/Dec/2019 18:34:16] "GET /auth/assets/js/plugins/bootstrap-notify.js HTTP/1.1" 404 -
INFO:werkzeug:127.0.0.1 - - [07/Dec/2019 18:34:16] "GET /auth/assets/js/material-dashboard.js?v=2.1.1 HTTP/1.1" 404 -
INFO:werkzeug:127.0.0.1 - - [07/Dec/2019 18:34:17] "GET /auth/assets/js/core/popper.min.js HTTP/1.1" 404 -
INFO:werkzeug:127.0.0.1 - - [07/Dec/2019 18:34:17] "GET /auth/assets/js/core/bootstrap-material-design.min.js HTTP/1.1" 404 -
INFO:werkzeug:127.0.0.1 - - [07/Dec/2019 18:34:17] "GET /auth/assets/js/plugins/perfect-scrollbar.jquery.min.js HTTP/1.1" 404 -
INFO:werkzeug:127.0.0.1 - - [07/Dec/2019 18:34:17] "GET /auth/assets/js/plugins/chartist.min.js HTTP/1.1" 404 -
INFO:werkzeug:127.0.0.1 - - [07/Dec/2019 18:34:17] "GET /auth/assets/js/plugins/bootstrap-notify.js HTTP/1.1" 404 -
INFO:werkzeug:127.0.0.1 - - [07/Dec/2019 18:34:17] "GET /auth/assets/js/material-dashboard.js?v=2.1.1 HTTP/1.1" 404 -
INFO:werkzeug:127.0.0.1 - - [07/Dec/2019 18:34:23] "POST /auth/login HTTP/1.1" 302 -
INFO:werkzeug:127.0.0.1 - - [07/Dec/2019 18:34:23] "GET / HTTP/1.1" 200 -
INFO:werkzeug:127.0.0.1 - - [07/Dec/2019 18:34:23] "GET /assets/js/core/jquery.min.js HTTP/1.1" 404 -
INFO:werkzeug:127.0.0.1 - - [07/Dec/2019 18:34:23] "GET /assets/js/core/popper.min.js HTTP/1.1" 404 -
INFO:werkzeug:127.0.0.1 - - [07/Dec/2019 18:34:23] "GET /assets/js/core/bootstrap-material-design.min.js HTTP/1.1" 404 -
INFO:werkzeug:127.0.0.1 - - [07/Dec/2019 18:34:23] "GET /assets/js/plugins/perfect-scrollbar.jquery.min.js HTTP/1.1" 404 -
INFO:werkzeug:127.0.0.1 - - [07/Dec/2019 18:34:23] "GET /assets/js/plugins/chartist.min.js HTTP/1.1" 404 -
INFO:werkzeug:127.0.0.1 - - [07/Dec/2019 18:34:23] "GET /assets/js/plugins/bootstrap-notify.js HTTP/1.1" 404 -
INFO:werkzeug:127.0.0.1 - - [07/Dec/2019 18:34:24] "GET /assets/js/material-dashboard.js?v=2.1.1 HTTP/1.1" 404 -
INFO:werkzeug:127.0.0.1 - - [07/Dec/2019 18:38:52] "GET / HTTP/1.1" 200 -
INFO:werkzeug:127.0.0.1 - - [07/Dec/2019 18:38:53] "GET /assets/js/core/jquery.min.js HTTP/1.1" 404 -
INFO:werkzeug:127.0.0.1 - - [07/Dec/2019 18:38:53] "GET /assets/js/core/popper.min.js HTTP/1.1" 404 -
INFO:werkzeug:127.0.0.1 - - [07/Dec/2019 18:38:53] "GET /assets/js/plugins/perfect-scrollbar.jquery.min.js HTTP/1.1" 404 -
INFO:werkzeug:127.0.0.1 - - [07/Dec/2019 18:38:53] "GET /assets/js/core/bootstrap-material-design.min.js HTTP/1.1" 404 -
INFO:werkzeug:127.0.0.1 - - [07/Dec/2019 18:38:53] "GET /assets/js/plugins/chartist.min.js HTTP/1.1" 404 -
INFO:werkzeug:127.0.0.1 - - [07/Dec/2019 18:38:53] "GET /assets/js/plugins/bootstrap-notify.js HTTP/1.1" 404 -
INFO:werkzeug:127.0.0.1 - - [07/Dec/2019 18:38:53] "GET /assets/js/material-dashboard.js?v=2.1.1 HTTP/1.1" 404 -
INFO:werkzeug:127.0.0.1 - - [07/Dec/2019 18:38:53] "GET /assets/js/plugins/perfect-scrollbar.jquery.min.js HTTP/1.1" 404 -
INFO:werkzeug:127.0.0.1 - - [07/Dec/2019 18:38:53] "GET /assets/js/plugins/chartist.min.js HTTP/1.1" 404 -
INFO:werkzeug:127.0.0.1 - - [07/Dec/2019 18:38:54] "GET /assets/js/plugins/bootstrap-notify.js HTTP/1.1" 404 -
INFO:werkzeug:127.0.0.1 - - [07/Dec/2019 18:38:54] "GET /assets/js/material-dashboard.js?v=2.1.1 HTTP/1.1" 404 -
INFO:werkzeug:127.0.0.1 - - [07/Dec/2019 18:42:06] "GET / HTTP/1.1" 200 -
INFO:werkzeug:127.0.0.1 - - [07/Dec/2019 18:42:06] "GET /assets/js/core/jquery.min.js HTTP/1.1" 404 -
INFO:werkzeug:127.0.0.1 - - [07/Dec/2019 18:42:06] "GET /assets/js/core/bootstrap-material-design.min.js HTTP/1.1" 404 -
INFO:werkzeug:127.0.0.1 - - [07/Dec/2019 18:42:06] "GET /assets/js/material-dashboard.js?v=2.1.1 HTTP/1.1" 404 -
INFO:werkzeug:127.0.0.1 - - [07/Dec/2019 18:42:06] "GET /assets/js/core/popper.min.js HTTP/1.1" 404 -
INFO:werkzeug:127.0.0.1 - - [07/Dec/2019 18:42:06] "GET /assets/js/plugins/perfect-scrollbar.jquery.min.js HTTP/1.1" 404 -
INFO:werkzeug:127.0.0.1 - - [07/Dec/2019 18:42:06] "GET /assets/js/plugins/chartist.min.js HTTP/1.1" 404 -
INFO:werkzeug:127.0.0.1 - - [07/Dec/2019 18:42:06] "GET /assets/js/plugins/bootstrap-notify.js HTTP/1.1" 404 -
INFO:werkzeug:127.0.0.1 - - [07/Dec/2019 18:42:07] "GET /assets/js/core/bootstrap-material-design.min.js HTTP/1.1" 404 -
INFO:werkzeug:127.0.0.1 - - [07/Dec/2019 18:42:07] "GET /assets/js/plugins/perfect-scrollbar.jquery.min.js HTTP/1.1" 404 -
INFO:werkzeug:127.0.0.1 - - [07/Dec/2019 18:42:07] "GET /assets/js/plugins/chartist.min.js HTTP/1.1" 404 -
INFO:werkzeug:127.0.0.1 - - [07/Dec/2019 18:42:07] "GET /assets/js/plugins/bootstrap-notify.js HTTP/1.1" 404 -
INFO:werkzeug:127.0.0.1 - - [07/Dec/2019 18:42:07] "GET /assets/js/material-dashboard.js?v=2.1.1 HTTP/1.1" 404 -
INFO:werkzeug:127.0.0.1 - - [07/Dec/2019 18:42:51] "GET /static/assets/css/dashboard-free.css.map HTTP/1.1" 404 -
INFO:werkzeug:127.0.0.1 - - [07/Dec/2019 18:43:41] "GET / HTTP/1.1" 200 -
INFO:werkzeug:127.0.0.1 - - [07/Dec/2019 18:43:41] "GET /static/assets/css/material-dashboard.css?v=2.1.1 HTTP/1.1" 200 -
INFO:werkzeug:127.0.0.1 - - [07/Dec/2019 18:43:41] "GET /static/css/mainpage.css HTTP/1.1" 200 -
INFO:werkzeug:127.0.0.1 - - [07/Dec/2019 18:43:41] "GET /assets/js/core/jquery.min.js HTTP/1.1" 404 -
INFO:werkzeug:127.0.0.1 - - [07/Dec/2019 18:43:41] "GET /assets/js/core/bootstrap-material-design.min.js HTTP/1.1" 404 -
INFO:werkzeug:127.0.0.1 - - [07/Dec/2019 18:43:41] "GET /assets/js/core/popper.min.js HTTP/1.1" 404 -
INFO:werkzeug:127.0.0.1 - - [07/Dec/2019 18:43:41] "GET /assets/js/plugins/perfect-scrollbar.jquery.min.js HTTP/1.1" 404 -
INFO:werkzeug:127.0.0.1 - - [07/Dec/2019 18:43:41] "GET /assets/js/plugins/chartist.min.js HTTP/1.1" 404 -
INFO:werkzeug:127.0.0.1 - - [07/Dec/2019 18:43:41] "GET /assets/js/plugins/bootstrap-notify.js HTTP/1.1" 404 -
INFO:werkzeug:127.0.0.1 - - [07/Dec/2019 18:43:41] "GET /assets/js/material-dashboard.js?v=2.1.1 HTTP/1.1" 404 -
INFO:werkzeug:127.0.0.1 - - [07/Dec/2019 18:43:41] "GET /assets/js/core/bootstrap-material-design.min.js HTTP/1.1" 404 -
INFO:werkzeug:127.0.0.1 - - [07/Dec/2019 18:43:42] "GET /assets/js/plugins/perfect-scrollbar.jquery.min.js HTTP/1.1" 404 -
INFO:werkzeug:127.0.0.1 - - [07/Dec/2019 18:43:42] "GET /assets/js/plugins/chartist.min.js HTTP/1.1" 404 -
INFO:werkzeug:127.0.0.1 - - [07/Dec/2019 18:43:42] "GET /assets/js/plugins/bootstrap-notify.js HTTP/1.1" 404 -
INFO:werkzeug:127.0.0.1 - - [07/Dec/2019 18:43:42] "GET /assets/js/material-dashboard.js?v=2.1.1 HTTP/1.1" 404 -
INFO:werkzeug:127.0.0.1 - - [07/Dec/2019 18:43:42] "GET /static/assets/css/dashboard-free.css.map HTTP/1.1" 404 -
INFO:werkzeug:127.0.0.1 - - [07/Dec/2019 18:44:06] "GET /menus/searchs HTTP/1.1" 200 -
INFO:werkzeug:127.0.0.1 - - [07/Dec/2019 18:44:06] "GET /menus/assets/js/core/jquery.min.js HTTP/1.1" 404 -
INFO:werkzeug:127.0.0.1 - - [07/Dec/2019 18:44:07] "GET /menus/assets/js/core/bootstrap-material-design.min.js HTTP/1.1" 404 -
INFO:werkzeug:127.0.0.1 - - [07/Dec/2019 18:44:07] "GET /menus/assets/js/plugins/perfect-scrollbar.jquery.min.js HTTP/1.1" 404 -
INFO:werkzeug:127.0.0.1 - - [07/Dec/2019 18:44:07] "GET /menus/assets/js/core/popper.min.js HTTP/1.1" 404 -
INFO:werkzeug:127.0.0.1 - - [07/Dec/2019 18:44:07] "GET /menus/assets/js/plugins/chartist.min.js HTTP/1.1" 404 -
INFO:werkzeug:127.0.0.1 - - [07/Dec/2019 18:44:07] "GET /menus/assets/js/plugins/bootstrap-notify.js HTTP/1.1" 404 -
INFO:werkzeug:127.0.0.1 - - [07/Dec/2019 18:44:07] "GET /menus/assets/js/material-dashboard.js?v=2.1.1 HTTP/1.1" 404 -
INFO:werkzeug:127.0.0.1 - - [07/Dec/2019 18:44:07] "GET /menus/assets/js/core/bootstrap-material-design.min.js HTTP/1.1" 404 -
INFO:werkzeug:127.0.0.1 - - [07/Dec/2019 18:44:07] "GET /menus/assets/js/plugins/perfect-scrollbar.jquery.min.js HTTP/1.1" 404 -
INFO:werkzeug:127.0.0.1 - - [07/Dec/2019 18:44:08] "GET /menus/assets/js/plugins/chartist.min.js HTTP/1.1" 404 -
INFO:werkzeug:127.0.0.1 - - [07/Dec/2019 18:44:08] "GET /menus/assets/js/plugins/bootstrap-notify.js HTTP/1.1" 404 -
INFO:werkzeug:127.0.0.1 - - [07/Dec/2019 18:44:08] "GET /menus/assets/js/material-dashboard.js?v=2.1.1 HTTP/1.1" 404 -
INFO:werkzeug:127.0.0.1 - - [07/Dec/2019 18:49:45] "GET / HTTP/1.1" 200 -
INFO:werkzeug:127.0.0.1 - - [07/Dec/2019 18:49:45] "GET /assets/js/core/jquery.min.js HTTP/1.1" 404 -
INFO:werkzeug:127.0.0.1 - - [07/Dec/2019 18:49:45] "GET /assets/js/core/popper.min.js HTTP/1.1" 404 -
INFO:werkzeug:127.0.0.1 - - [07/Dec/2019 18:49:46] "GET /assets/js/material-dashboard.js?v=2.1.1 HTTP/1.1" 404 -
INFO:werkzeug:127.0.0.1 - - [07/Dec/2019 18:49:46] "GET /assets/js/core/bootstrap-material-design.min.js HTTP/1.1" 404 -
INFO:werkzeug:127.0.0.1 - - [07/Dec/2019 18:49:46] "GET /assets/js/plugins/perfect-scrollbar.jquery.min.js HTTP/1.1" 404 -
INFO:werkzeug:127.0.0.1 - - [07/Dec/2019 18:49:46] "GET /assets/js/plugins/chartist.min.js HTTP/1.1" 404 -
INFO:werkzeug:127.0.0.1 - - [07/Dec/2019 18:49:46] "GET /assets/js/plugins/bootstrap-notify.js HTTP/1.1" 404 -
INFO:werkzeug:127.0.0.1 - - [07/Dec/2019 18:49:46] "GET /assets/js/material-dashboard.js?v=2.1.1 HTTP/1.1" 404 -
INFO:werkzeug:127.0.0.1 - - [07/Dec/2019 18:51:43] "GET / HTTP/1.1" 200 -
INFO:werkzeug:127.0.0.1 - - [07/Dec/2019 18:51:43] "GET /assets/js/core/jquery.min.js HTTP/1.1" 404 -
INFO:werkzeug:127.0.0.1 - - [07/Dec/2019 18:51:43] "GET /assets/js/core/popper.min.js HTTP/1.1" 404 -
INFO:werkzeug:127.0.0.1 - - [07/Dec/2019 18:51:43] "GET /assets/js/plugins/perfect-scrollbar.jquery.min.js HTTP/1.1" 404 -
INFO:werkzeug:127.0.0.1 - - [07/Dec/2019 18:51:43] "GET /assets/js/core/bootstrap-material-design.min.js HTTP/1.1" 404 -
INFO:werkzeug:127.0.0.1 - - [07/Dec/2019 18:51:43] "GET /assets/js/plugins/chartist.min.js HTTP/1.1" 404 -
INFO:werkzeug:127.0.0.1 - - [07/Dec/2019 18:51:43] "GET /assets/js/material-dashboard.js?v=2.1.1 HTTP/1.1" 404 -
INFO:werkzeug:127.0.0.1 - - [07/Dec/2019 18:51:43] "GET /assets/js/plugins/bootstrap-notify.js HTTP/1.1" 404 -
INFO:werkzeug:127.0.0.1 - - [07/Dec/2019 18:51:44] "GET /assets/js/plugins/perfect-scrollbar.jquery.min.js HTTP/1.1" 404 -
INFO:werkzeug:127.0.0.1 - - [07/Dec/2019 18:51:44] "GET /assets/js/plugins/chartist.min.js HTTP/1.1" 404 -
INFO:werkzeug:127.0.0.1 - - [07/Dec/2019 18:51:44] "GET /assets/js/plugins/bootstrap-notify.js HTTP/1.1" 404 -
INFO:werkzeug:127.0.0.1 - - [07/Dec/2019 18:51:44] "GET /assets/js/material-dashboard.js?v=2.1.1 HTTP/1.1" 404 -
INFO:werkzeug:127.0.0.1 - - [07/Dec/2019 18:51:56] "GET / HTTP/1.1" 200 -
INFO:werkzeug:127.0.0.1 - - [07/Dec/2019 18:51:56] "GET /assets/js/core/jquery.min.js HTTP/1.1" 404 -
INFO:werkzeug:127.0.0.1 - - [07/Dec/2019 18:51:57] "GET /assets/js/plugins/perfect-scrollbar.jquery.min.js HTTP/1.1" 404 -
INFO:werkzeug:127.0.0.1 - - [07/Dec/2019 18:51:57] "GET /assets/js/core/popper.min.js HTTP/1.1" 404 -
INFO:werkzeug:127.0.0.1 - - [07/Dec/2019 18:51:57] "GET /assets/js/core/bootstrap-material-design.min.js HTTP/1.1" 404 -
INFO:werkzeug:127.0.0.1 - - [07/Dec/2019 18:51:57] "GET /assets/js/plugins/chartist.min.js HTTP/1.1" 404 -
INFO:werkzeug:127.0.0.1 - - [07/Dec/2019 18:51:57] "GET /assets/js/plugins/bootstrap-notify.js HTTP/1.1" 404 -
INFO:werkzeug:127.0.0.1 - - [07/Dec/2019 18:51:57] "GET /assets/js/material-dashboard.js?v=2.1.1 HTTP/1.1" 404 -
INFO:werkzeug:127.0.0.1 - - [07/Dec/2019 18:51:57] "GET /assets/js/plugins/perfect-scrollbar.jquery.min.js HTTP/1.1" 404 -
INFO:werkzeug:127.0.0.1 - - [07/Dec/2019 18:51:57] "GET /assets/js/plugins/chartist.min.js HTTP/1.1" 404 -
INFO:werkzeug:127.0.0.1 - - [07/Dec/2019 18:51:58] "GET /assets/js/plugins/bootstrap-notify.js HTTP/1.1" 404 -
INFO:werkzeug:127.0.0.1 - - [07/Dec/2019 18:51:58] "GET /assets/js/material-dashboard.js?v=2.1.1 HTTP/1.1" 404 -
INFO:werkzeug:127.0.0.1 - - [07/Dec/2019 20:09:16] "GET /menus/uploads HTTP/1.1" 200 -
INFO:werkzeug:127.0.0.1 - - [07/Dec/2019 20:09:16] "GET /menus/assets/js/core/jquery.min.js HTTP/1.1" 404 -
INFO:werkzeug:127.0.0.1 - - [07/Dec/2019 20:09:16] "GET /menus/assets/js/core/popper.min.js HTTP/1.1" 404 -
INFO:werkzeug:127.0.0.1 - - [07/Dec/2019 20:09:16] "GET /menus/assets/js/core/bootstrap-material-design.min.js HTTP/1.1" 404 -
INFO:werkzeug:127.0.0.1 - - [07/Dec/2019 20:09:16] "GET /menus/assets/js/plugins/perfect-scrollbar.jquery.min.js HTTP/1.1" 404 -
INFO:werkzeug:127.0.0.1 - - [07/Dec/2019 20:09:16] "GET /menus/assets/js/plugins/chartist.min.js HTTP/1.1" 404 -
INFO:werkzeug:127.0.0.1 - - [07/Dec/2019 20:09:16] "GET /menus/assets/js/plugins/bootstrap-notify.js HTTP/1.1" 404 -
INFO:werkzeug:127.0.0.1 - - [07/Dec/2019 20:09:16] "GET /menus/assets/js/material-dashboard.js?v=2.1.1 HTTP/1.1" 404 -
INFO:werkzeug:127.0.0.1 - - [07/Dec/2019 20:23:21] "GET /menus/uploads HTTP/1.1" 200 -
INFO:werkzeug:127.0.0.1 - - [07/Dec/2019 20:23:21] "GET /menus/assets/js/core/jquery.min.js HTTP/1.1" 404 -
INFO:werkzeug:127.0.0.1 - - [07/Dec/2019 20:23:22] "GET /menus/assets/js/core/bootstrap-material-design.min.js HTTP/1.1" 404 -
INFO:werkzeug:127.0.0.1 - - [07/Dec/2019 20:23:22] "GET /menus/assets/js/plugins/perfect-scrollbar.jquery.min.js HTTP/1.1" 404 -
INFO:werkzeug:127.0.0.1 - - [07/Dec/2019 20:23:22] "GET /menus/assets/js/core/popper.min.js HTTP/1.1" 404 -
INFO:werkzeug:127.0.0.1 - - [07/Dec/2019 20:23:22] "GET /menus/assets/js/plugins/chartist.min.js HTTP/1.1" 404 -
INFO:werkzeug:127.0.0.1 - - [07/Dec/2019 20:23:22] "GET /menus/assets/js/plugins/bootstrap-notify.js HTTP/1.1" 404 -
INFO:werkzeug:127.0.0.1 - - [07/Dec/2019 20:23:22] "GET /menus/assets/js/material-dashboard.js?v=2.1.1 HTTP/1.1" 404 -
INFO:werkzeug:127.0.0.1 - - [07/Dec/2019 20:23:22] "GET /menus/assets/js/core/bootstrap-material-design.min.js HTTP/1.1" 404 -
INFO:werkzeug:127.0.0.1 - - [07/Dec/2019 20:23:22] "GET /menus/assets/js/plugins/perfect-scrollbar.jquery.min.js HTTP/1.1" 404 -
INFO:werkzeug:127.0.0.1 - - [07/Dec/2019 20:23:22] "GET /menus/assets/js/plugins/chartist.min.js HTTP/1.1" 404 -
INFO:werkzeug:127.0.0.1 - - [07/Dec/2019 20:23:22] "GET /menus/assets/js/plugins/bootstrap-notify.js HTTP/1.1" 404 -
INFO:werkzeug:127.0.0.1 - - [07/Dec/2019 20:23:23] "GET /menus/assets/js/material-dashboard.js?v=2.1.1 HTTP/1.1" 404 -
INFO:werkzeug:127.0.0.1 - - [07/Dec/2019 20:23:23] "GET /images/instro.JPG HTTP/1.1" 404 -
INFO:werkzeug:127.0.0.1 - - [07/Dec/2019 20:23:25] "POST /menus/routes.upload HTTP/1.1" 404 -
INFO:werkzeug:127.0.0.1 - - [07/Dec/2019 20:23:27] "GET /menus/assets/js/core/popper.min.js HTTP/1.1" 404 -
INFO:werkzeug:127.0.0.1 - - [07/Dec/2019 20:24:08] "GET /menus/uploads HTTP/1.1" 200 -
INFO:werkzeug:127.0.0.1 - - [07/Dec/2019 20:24:08] "GET /menus/assets/js/core/jquery.min.js HTTP/1.1" 404 -
INFO:werkzeug:127.0.0.1 - - [07/Dec/2019 20:24:08] "GET /menus/assets/js/core/popper.min.js HTTP/1.1" 404 -
INFO:werkzeug:127.0.0.1 - - [07/Dec/2019 20:24:08] "GET /menus/assets/js/core/bootstrap-material-design.min.js HTTP/1.1" 404 -
INFO:werkzeug:127.0.0.1 - - [07/Dec/2019 20:24:08] "GET /menus/assets/js/plugins/perfect-scrollbar.jquery.min.js HTTP/1.1" 404 -
INFO:werkzeug:127.0.0.1 - - [07/Dec/2019 20:24:08] "GET /menus/assets/js/plugins/chartist.min.js HTTP/1.1" 404 -
INFO:werkzeug:127.0.0.1 - - [07/Dec/2019 20:24:08] "GET /menus/assets/js/plugins/bootstrap-notify.js HTTP/1.1" 404 -
INFO:werkzeug:127.0.0.1 - - [07/Dec/2019 20:24:08] "GET /menus/assets/js/material-dashboard.js?v=2.1.1 HTTP/1.1" 404 -
INFO:werkzeug:127.0.0.1 - - [07/Dec/2019 20:24:08] "GET /static/images/instro.jpg HTTP/1.1" 404 -
INFO:werkzeug:127.0.0.1 - - [07/Dec/2019 20:24:10] "GET /menus/uploads HTTP/1.1" 200 -
INFO:werkzeug:127.0.0.1 - - [07/Dec/2019 20:24:10] "GET /menus/assets/js/core/jquery.min.js HTTP/1.1" 404 -
INFO:werkzeug:127.0.0.1 - - [07/Dec/2019 20:24:10] "GET /menus/assets/js/core/popper.min.js HTTP/1.1" 404 -
INFO:werkzeug:127.0.0.1 - - [07/Dec/2019 20:24:10] "GET /menus/assets/js/core/bootstrap-material-design.min.js HTTP/1.1" 404 -
INFO:werkzeug:127.0.0.1 - - [07/Dec/2019 20:24:10] "GET /menus/assets/js/plugins/perfect-scrollbar.jquery.min.js HTTP/1.1" 404 -
INFO:werkzeug:127.0.0.1 - - [07/Dec/2019 20:24:10] "GET /menus/assets/js/plugins/chartist.min.js HTTP/1.1" 404 -
INFO:werkzeug:127.0.0.1 - - [07/Dec/2019 20:24:10] "GET /menus/assets/js/plugins/bootstrap-notify.js HTTP/1.1" 404 -
INFO:werkzeug:127.0.0.1 - - [07/Dec/2019 20:24:10] "GET /menus/assets/js/material-dashboard.js?v=2.1.1 HTTP/1.1" 404 -
INFO:werkzeug:127.0.0.1 - - [07/Dec/2019 20:24:10] "GET /static/images/instro.jpg HTTP/1.1" 404 -
INFO:werkzeug:127.0.0.1 - - [07/Dec/2019 20:25:15] "GET /menus/uploads HTTP/1.1" 200 -
INFO:werkzeug:127.0.0.1 - - [07/Dec/2019 20:25:15] "GET /menus/assets/js/core/bootstrap-material-design.min.js HTTP/1.1" 404 -
INFO:werkzeug:127.0.0.1 - - [07/Dec/2019 20:25:15] "GET /menus/assets/js/core/jquery.min.js HTTP/1.1" 404 -
INFO:werkzeug:127.0.0.1 - - [07/Dec/2019 20:25:15] "GET /menus/assets/js/core/popper.min.js HTTP/1.1" 404 -
INFO:werkzeug:127.0.0.1 - - [07/Dec/2019 20:25:15] "GET /menus/assets/js/plugins/perfect-scrollbar.jquery.min.js HTTP/1.1" 404 -
INFO:werkzeug:127.0.0.1 - - [07/Dec/2019 20:25:15] "GET /menus/assets/js/plugins/chartist.min.js HTTP/1.1" 404 -
INFO:werkzeug:127.0.0.1 - - [07/Dec/2019 20:25:15] "GET /menus/assets/js/plugins/bootstrap-notify.js HTTP/1.1" 404 -
INFO:werkzeug:127.0.0.1 - - [07/Dec/2019 20:25:15] "GET /menus/assets/js/material-dashboard.js?v=2.1.1 HTTP/1.1" 404 -
INFO:werkzeug:127.0.0.1 - - [07/Dec/2019 20:25:15] "GET /menus/assets/js/core/bootstrap-material-design.min.js HTTP/1.1" 404 -
INFO:werkzeug:127.0.0.1 - - [07/Dec/2019 20:25:15] "GET /menus/assets/js/plugins/perfect-scrollbar.jquery.min.js HTTP/1.1" 404 -
INFO:werkzeug:127.0.0.1 - - [07/Dec/2019 20:25:16] "GET /menus/assets/js/plugins/chartist.min.js HTTP/1.1" 404 -
INFO:werkzeug:127.0.0.1 - - [07/Dec/2019 20:25:16] "GET /menus/assets/js/plugins/bootstrap-notify.js HTTP/1.1" 404 -
INFO:werkzeug:127.0.0.1 - - [07/Dec/2019 20:25:16] "GET /menus/assets/js/material-dashboard.js?v=2.1.1 HTTP/1.1" 404 -
INFO:werkzeug:127.0.0.1 - - [07/Dec/2019 20:25:16] "GET /images/instro.jpg HTTP/1.1" 404 -
INFO:werkzeug:127.0.0.1 - - [07/Dec/2019 20:25:26] "GET /menus/uploads HTTP/1.1" 200 -
INFO:werkzeug:127.0.0.1 - - [07/Dec/2019 20:25:26] "GET /menus/assets/js/core/jquery.min.js HTTP/1.1" 404 -
INFO:werkzeug:127.0.0.1 - - [07/Dec/2019 20:25:26] "GET /menus/assets/js/core/popper.min.js HTTP/1.1" 404 -
INFO:werkzeug:127.0.0.1 - - [07/Dec/2019 20:25:26] "GET /menus/assets/js/core/bootstrap-material-design.min.js HTTP/1.1" 404 -
INFO:werkzeug:127.0.0.1 - - [07/Dec/2019 20:25:26] "GET /menus/assets/js/plugins/perfect-scrollbar.jquery.min.js HTTP/1.1" 404 -
INFO:werkzeug:127.0.0.1 - - [07/Dec/2019 20:25:26] "GET /menus/assets/js/plugins/chartist.min.js HTTP/1.1" 404 -
INFO:werkzeug:127.0.0.1 - - [07/Dec/2019 20:25:26] "GET /menus/assets/js/plugins/bootstrap-notify.js HTTP/1.1" 404 -
INFO:werkzeug:127.0.0.1 - - [07/Dec/2019 20:25:26] "GET /menus/assets/js/material-dashboard.js?v=2.1.1 HTTP/1.1" 404 -
INFO:werkzeug:127.0.0.1 - - [07/Dec/2019 20:25:27] "GET /images/instro.JPG HTTP/1.1" 404 -
INFO:werkzeug:127.0.0.1 - - [07/Dec/2019 20:25:32] "GET /static/assets/css/dashboard-free.css.map HTTP/1.1" 404 -
INFO:werkzeug:127.0.0.1 - - [07/Dec/2019 20:26:16] "GET /menus/uploads HTTP/1.1" 200 -
INFO:werkzeug:127.0.0.1 - - [07/Dec/2019 20:26:16] "GET /static/css/upload.css HTTP/1.1" 200 -
INFO:werkzeug:127.0.0.1 - - [07/Dec/2019 20:26:16] "GET /menus/assets/js/plugins/perfect-scrollbar.jquery.min.js HTTP/1.1" 404 -
INFO:werkzeug:127.0.0.1 - - [07/Dec/2019 20:26:16] "GET /menus/assets/js/core/jquery.min.js HTTP/1.1" 404 -
INFO:werkzeug:127.0.0.1 - - [07/Dec/2019 20:26:16] "GET /menus/assets/js/core/popper.min.js HTTP/1.1" 404 -
INFO:werkzeug:127.0.0.1 - - [07/Dec/2019 20:26:16] "GET /menus/assets/js/core/bootstrap-material-design.min.js HTTP/1.1" 404 -
INFO:werkzeug:127.0.0.1 - - [07/Dec/2019 20:26:16] "GET /menus/assets/js/plugins/chartist.min.js HTTP/1.1" 404 -
INFO:werkzeug:127.0.0.1 - - [07/Dec/2019 20:26:16] "GET /menus/assets/js/plugins/bootstrap-notify.js HTTP/1.1" 404 -
INFO:werkzeug:127.0.0.1 - - [07/Dec/2019 20:26:17] "GET /menus/assets/js/material-dashboard.js?v=2.1.1 HTTP/1.1" 404 -
INFO:werkzeug:127.0.0.1 - - [07/Dec/2019 20:26:17] "GET /menus/assets/js/plugins/perfect-scrollbar.jquery.min.js HTTP/1.1" 404 -
INFO:werkzeug:127.0.0.1 - - [07/Dec/2019 20:26:17] "GET /images/instro.JPG HTTP/1.1" 404 -
INFO:werkzeug:127.0.0.1 - - [07/Dec/2019 20:26:17] "GET /menus/assets/js/plugins/chartist.min.js HTTP/1.1" 404 -
INFO:werkzeug:127.0.0.1 - - [07/Dec/2019 20:26:17] "GET /menus/assets/js/plugins/bootstrap-notify.js HTTP/1.1" 404 -
INFO:werkzeug:127.0.0.1 - - [07/Dec/2019 20:26:17] "GET /menus/assets/js/material-dashboard.js?v=2.1.1 HTTP/1.1" 404 -
INFO:werkzeug:127.0.0.1 - - [07/Dec/2019 20:26:38] "GET /menus/uploads HTTP/1.1" 200 -
INFO:werkzeug:127.0.0.1 - - [07/Dec/2019 20:26:38] "GET /menus/assets/js/core/jquery.min.js HTTP/1.1" 404 -
INFO:werkzeug:127.0.0.1 - - [07/Dec/2019 20:26:38] "GET /menus/assets/js/core/popper.min.js HTTP/1.1" 404 -
INFO:werkzeug:127.0.0.1 - - [07/Dec/2019 20:26:38] "GET /menus/assets/js/core/bootstrap-material-design.min.js HTTP/1.1" 404 -
INFO:werkzeug:127.0.0.1 - - [07/Dec/2019 20:26:38] "GET /menus/assets/js/plugins/perfect-scrollbar.jquery.min.js HTTP/1.1" 404 -
INFO:werkzeug:127.0.0.1 - - [07/Dec/2019 20:26:38] "GET /menus/assets/js/plugins/chartist.min.js HTTP/1.1" 404 -
INFO:werkzeug:127.0.0.1 - - [07/Dec/2019 20:26:38] "GET /menus/assets/js/plugins/bootstrap-notify.js HTTP/1.1" 404 -
INFO:werkzeug:127.0.0.1 - - [07/Dec/2019 20:26:38] "GET /menus/assets/js/material-dashboard.js?v=2.1.1 HTTP/1.1" 404 -
INFO:werkzeug:127.0.0.1 - - [07/Dec/2019 20:26:39] "GET /images/instro.jpg HTTP/1.1" 404 -
INFO:werkzeug:127.0.0.1 - - [07/Dec/2019 20:39:58] "GET /menus/uploads HTTP/1.1" 500 -
INFO:werkzeug:127.0.0.1 - - [07/Dec/2019 20:39:58] "GET /menus/uploads?__debugger__=yes&cmd=resource&f=style.css HTTP/1.1" 200 -
INFO:werkzeug:127.0.0.1 - - [07/Dec/2019 20:39:59] "GET /menus/uploads?__debugger__=yes&cmd=resource&f=jquery.js HTTP/1.1" 200 -
INFO:werkzeug:127.0.0.1 - - [07/Dec/2019 20:39:59] "GET /menus/uploads?__debugger__=yes&cmd=resource&f=debugger.js HTTP/1.1" 200 -
INFO:werkzeug:127.0.0.1 - - [07/Dec/2019 20:39:59] "GET /menus/uploads?__debugger__=yes&cmd=resource&f=ubuntu.ttf HTTP/1.1" 200 -
INFO:werkzeug:127.0.0.1 - - [07/Dec/2019 20:39:59] "GET /menus/uploads?__debugger__=yes&cmd=resource&f=console.png HTTP/1.1" 200 -
INFO:werkzeug:127.0.0.1 - - [07/Dec/2019 20:39:59] "GET /menus/uploads?__debugger__=yes&cmd=resource&f=console.png HTTP/1.1" 200 -
INFO:werkzeug:127.0.0.1 - - [07/Dec/2019 20:40:11] "GET /menus/uploads HTTP/1.1" 500 -
INFO:werkzeug:127.0.0.1 - - [07/Dec/2019 20:40:11] "GET /menus/uploads?__debugger__=yes&cmd=resource&f=style.css HTTP/1.1" 200 -
INFO:werkzeug:127.0.0.1 - - [07/Dec/2019 20:40:11] "GET /menus/uploads?__debugger__=yes&cmd=resource&f=jquery.js HTTP/1.1" 200 -
INFO:werkzeug:127.0.0.1 - - [07/Dec/2019 20:40:11] "GET /menus/uploads?__debugger__=yes&cmd=resource&f=debugger.js HTTP/1.1" 200 -
INFO:werkzeug:127.0.0.1 - - [07/Dec/2019 20:40:11] "GET /menus/uploads?__debugger__=yes&cmd=resource&f=ubuntu.ttf HTTP/1.1" 200 -
INFO:werkzeug:127.0.0.1 - - [07/Dec/2019 20:40:11] "GET /menus/uploads?__debugger__=yes&cmd=resource&f=console.png HTTP/1.1" 200 -
INFO:werkzeug:127.0.0.1 - - [07/Dec/2019 20:40:11] "GET /menus/uploads?__debugger__=yes&cmd=resource&f=console.png HTTP/1.1" 200 -
INFO:werkzeug:127.0.0.1 - - [07/Dec/2019 20:40:26] "GET /menus/uploads HTTP/1.1" 500 -
INFO:werkzeug:127.0.0.1 - - [07/Dec/2019 20:40:26] "GET /menus/uploads?__debugger__=yes&cmd=resource&f=style.css HTTP/1.1" 200 -
INFO:werkzeug:127.0.0.1 - - [07/Dec/2019 20:40:26] "GET /menus/uploads?__debugger__=yes&cmd=resource&f=jquery.js HTTP/1.1" 200 -
INFO:werkzeug:127.0.0.1 - - [07/Dec/2019 20:40:27] "GET /menus/uploads?__debugger__=yes&cmd=resource&f=debugger.js HTTP/1.1" 200 -
INFO:werkzeug:127.0.0.1 - - [07/Dec/2019 20:40:27] "GET /menus/uploads?__debugger__=yes&cmd=resource&f=ubuntu.ttf HTTP/1.1" 200 -
INFO:werkzeug:127.0.0.1 - - [07/Dec/2019 20:40:27] "GET /menus/uploads?__debugger__=yes&cmd=resource&f=console.png HTTP/1.1" 200 -
INFO:werkzeug:127.0.0.1 - - [07/Dec/2019 20:40:27] "GET /menus/uploads?__debugger__=yes&cmd=resource&f=console.png HTTP/1.1" 200 -
INFO:werkzeug:127.0.0.1 - - [07/Dec/2019 20:40:33] "GET /menus/uploads HTTP/1.1" 500 -
INFO:werkzeug:127.0.0.1 - - [07/Dec/2019 20:40:33] "GET /menus/uploads?__debugger__=yes&cmd=resource&f=style.css HTTP/1.1" 200 -
INFO:werkzeug:127.0.0.1 - - [07/Dec/2019 20:40:33] "GET /menus/uploads?__debugger__=yes&cmd=resource&f=jquery.js HTTP/1.1" 200 -
INFO:werkzeug:127.0.0.1 - - [07/Dec/2019 20:40:33] "GET /menus/uploads?__debugger__=yes&cmd=resource&f=debugger.js HTTP/1.1" 200 -
INFO:werkzeug:127.0.0.1 - - [07/Dec/2019 20:40:34] "GET /menus/uploads?__debugger__=yes&cmd=resource&f=ubuntu.ttf HTTP/1.1" 200 -
INFO:werkzeug:127.0.0.1 - - [07/Dec/2019 20:40:34] "GET /menus/uploads?__debugger__=yes&cmd=resource&f=console.png HTTP/1.1" 200 -
INFO:werkzeug:127.0.0.1 - - [07/Dec/2019 20:40:34] "GET /menus/uploads?__debugger__=yes&cmd=resource&f=console.png HTTP/1.1" 200 -
INFO:werkzeug:127.0.0.1 - - [07/Dec/2019 20:40:38] "GET / HTTP/1.1" 200 -
INFO:werkzeug:127.0.0.1 - - [07/Dec/2019 20:40:39] "GET /assets/js/core/popper.min.js HTTP/1.1" 404 -
INFO:werkzeug:127.0.0.1 - - [07/Dec/2019 20:40:39] "GET /assets/js/plugins/bootstrap-notify.js HTTP/1.1" 404 -
INFO:werkzeug:127.0.0.1 - - [07/Dec/2019 20:40:39] "GET /assets/js/core/jquery.min.js HTTP/1.1" 404 -
INFO:werkzeug:127.0.0.1 - - [07/Dec/2019 20:40:39] "GET /assets/js/core/bootstrap-material-design.min.js HTTP/1.1" 404 -
INFO:werkzeug:127.0.0.1 - - [07/Dec/2019 20:40:39] "GET /assets/js/plugins/perfect-scrollbar.jquery.min.js HTTP/1.1" 404 -
INFO:werkzeug:127.0.0.1 - - [07/Dec/2019 20:40:39] "GET /assets/js/plugins/chartist.min.js HTTP/1.1" 404 -
INFO:werkzeug:127.0.0.1 - - [07/Dec/2019 20:40:39] "GET /assets/js/material-dashboard.js?v=2.1.1 HTTP/1.1" 404 -
INFO:werkzeug:127.0.0.1 - - [07/Dec/2019 20:40:39] "GET /assets/js/core/popper.min.js HTTP/1.1" 404 -
INFO:werkzeug:127.0.0.1 - - [07/Dec/2019 20:40:39] "GET /assets/js/core/bootstrap-material-design.min.js HTTP/1.1" 404 -
INFO:werkzeug:127.0.0.1 - - [07/Dec/2019 20:40:39] "GET /assets/js/plugins/perfect-scrollbar.jquery.min.js HTTP/1.1" 404 -
INFO:werkzeug:127.0.0.1 - - [07/Dec/2019 20:40:40] "GET /assets/js/plugins/chartist.min.js HTTP/1.1" 404 -
INFO:werkzeug:127.0.0.1 - - [07/Dec/2019 20:40:40] "GET /assets/js/plugins/bootstrap-notify.js HTTP/1.1" 404 -
INFO:werkzeug:127.0.0.1 - - [07/Dec/2019 20:40:40] "GET /assets/js/material-dashboard.js?v=2.1.1 HTTP/1.1" 404 -
INFO:werkzeug:127.0.0.1 - - [07/Dec/2019 20:40:42] "GET /menus/uploads HTTP/1.1" 500 -
INFO:werkzeug:127.0.0.1 - - [07/Dec/2019 20:40:42] "GET /menus/uploads?__debugger__=yes&cmd=resource&f=style.css HTTP/1.1" 200 -
INFO:werkzeug:127.0.0.1 - - [07/Dec/2019 20:40:42] "GET /menus/uploads?__debugger__=yes&cmd=resource&f=jquery.js HTTP/1.1" 200 -
INFO:werkzeug:127.0.0.1 - - [07/Dec/2019 20:40:42] "GET /menus/uploads?__debugger__=yes&cmd=resource&f=debugger.js HTTP/1.1" 200 -
INFO:werkzeug:127.0.0.1 - - [07/Dec/2019 20:40:43] "GET /menus/uploads?__debugger__=yes&cmd=resource&f=ubuntu.ttf HTTP/1.1" 200 -
INFO:werkzeug:127.0.0.1 - - [07/Dec/2019 20:40:43] "GET /menus/uploads?__debugger__=yes&cmd=resource&f=console.png HTTP/1.1" 200 -
INFO:werkzeug:127.0.0.1 - - [07/Dec/2019 20:42:20] "GET /menus/uploads HTTP/1.1" 200 -
INFO:werkzeug:127.0.0.1 - - [07/Dec/2019 20:42:20] "GET /menus/assets/js/plugins/perfect-scrollbar.jquery.min.js HTTP/1.1" 404 -
INFO:werkzeug:127.0.0.1 - - [07/Dec/2019 20:42:20] "GET /menus/assets/js/plugins/chartist.min.js HTTP/1.1" 404 -
INFO:werkzeug:127.0.0.1 - - [07/Dec/2019 20:42:20] "GET /menus/assets/js/plugins/bootstrap-notify.js HTTP/1.1" 404 -
INFO:werkzeug:127.0.0.1 - - [07/Dec/2019 20:42:20] "GET /menus/assets/js/core/jquery.min.js HTTP/1.1" 404 -
INFO:werkzeug:127.0.0.1 - - [07/Dec/2019 20:42:20] "GET /menus/assets/js/core/popper.min.js HTTP/1.1" 404 -
INFO:werkzeug:127.0.0.1 - - [07/Dec/2019 20:42:20] "GET /menus/assets/js/core/bootstrap-material-design.min.js HTTP/1.1" 404 -
INFO:werkzeug:127.0.0.1 - - [07/Dec/2019 20:42:20] "GET /menus/assets/js/material-dashboard.js?v=2.1.1 HTTP/1.1" 404 -
INFO:werkzeug:127.0.0.1 - - [07/Dec/2019 20:42:20] "GET /menus/assets/js/plugins/perfect-scrollbar.jquery.min.js HTTP/1.1" 404 -
INFO:werkzeug:127.0.0.1 - - [07/Dec/2019 20:42:20] "GET /menus/assets/js/plugins/chartist.min.js HTTP/1.1" 404 -
INFO:werkzeug:127.0.0.1 - - [07/Dec/2019 20:42:20] "GET /menus/assets/js/plugins/bootstrap-notify.js HTTP/1.1" 404 -
INFO:werkzeug:127.0.0.1 - - [07/Dec/2019 20:42:20] "GET /menus/assets/js/material-dashboard.js?v=2.1.1 HTTP/1.1" 404 -
INFO:werkzeug:127.0.0.1 - - [07/Dec/2019 20:42:21] "GET /static/images/instro.JPG HTTP/1.1" 200 -
INFO:werkzeug:127.0.0.1 - - [07/Dec/2019 20:42:57] "GET /static/assets/css/dashboard-free.css.map HTTP/1.1" 404 -
INFO:werkzeug:127.0.0.1 - - [07/Dec/2019 20:44:42] "GET /menus/uploads HTTP/1.1" 200 -
INFO:werkzeug:127.0.0.1 - - [07/Dec/2019 20:44:42] "GET /menus/assets/js/core/jquery.min.js HTTP/1.1" 404 -
INFO:werkzeug:127.0.0.1 - - [07/Dec/2019 20:44:42] "GET /menus/assets/js/core/popper.min.js HTTP/1.1" 404 -
INFO:werkzeug:127.0.0.1 - - [07/Dec/2019 20:44:43] "GET /menus/assets/js/plugins/perfect-scrollbar.jquery.min.js HTTP/1.1" 404 -
INFO:werkzeug:127.0.0.1 - - [07/Dec/2019 20:44:43] "GET /menus/assets/js/core/bootstrap-material-design.min.js HTTP/1.1" 404 -
INFO:werkzeug:127.0.0.1 - - [07/Dec/2019 20:44:43] "GET /menus/assets/js/plugins/chartist.min.js HTTP/1.1" 404 -
INFO:werkzeug:127.0.0.1 - - [07/Dec/2019 20:44:43] "GET /menus/assets/js/plugins/bootstrap-notify.js HTTP/1.1" 404 -
INFO:werkzeug:127.0.0.1 - - [07/Dec/2019 20:44:43] "GET /menus/assets/js/material-dashboard.js?v=2.1.1 HTTP/1.1" 404 -
INFO:werkzeug:127.0.0.1 - - [07/Dec/2019 20:44:43] "GET /menus/assets/js/plugins/perfect-scrollbar.jquery.min.js HTTP/1.1" 404 -
INFO:werkzeug:127.0.0.1 - - [07/Dec/2019 20:44:43] "GET /menus/assets/js/plugins/chartist.min.js HTTP/1.1" 404 -
INFO:werkzeug:127.0.0.1 - - [07/Dec/2019 20:44:43] "GET /menus/assets/js/plugins/bootstrap-notify.js HTTP/1.1" 404 -
INFO:werkzeug:127.0.0.1 - - [07/Dec/2019 20:44:43] "GET /menus/assets/js/material-dashboard.js?v=2.1.1 HTTP/1.1" 404 -
INFO:werkzeug:127.0.0.1 - - [07/Dec/2019 20:45:05] "GET /menus/uploads HTTP/1.1" 200 -
INFO:werkzeug:127.0.0.1 - - [07/Dec/2019 20:45:05] "GET /menus/assets/js/core/popper.min.js HTTP/1.1" 404 -
INFO:werkzeug:127.0.0.1 - - [07/Dec/2019 20:45:05] "GET /menus/assets/js/core/bootstrap-material-design.min.js HTTP/1.1" 404 -
INFO:werkzeug:127.0.0.1 - - [07/Dec/2019 20:45:05] "GET /menus/assets/js/core/jquery.min.js HTTP/1.1" 404 -
INFO:werkzeug:127.0.0.1 - - [07/Dec/2019 20:45:05] "GET /menus/assets/js/plugins/chartist.min.js HTTP/1.1" 404 -
INFO:werkzeug:127.0.0.1 - - [07/Dec/2019 20:45:05] "GET /menus/assets/js/plugins/perfect-scrollbar.jquery.min.js HTTP/1.1" 404 -
INFO:werkzeug:127.0.0.1 - - [07/Dec/2019 20:45:05] "GET /menus/assets/js/plugins/bootstrap-notify.js HTTP/1.1" 404 -
INFO:werkzeug:127.0.0.1 - - [07/Dec/2019 20:45:05] "GET /menus/assets/js/material-dashboard.js?v=2.1.1 HTTP/1.1" 404 -
INFO:werkzeug:127.0.0.1 - - [07/Dec/2019 20:45:05] "GET /menus/assets/js/core/popper.min.js HTTP/1.1" 404 -
INFO:werkzeug:127.0.0.1 - - [07/Dec/2019 20:45:06] "GET /menus/assets/js/core/bootstrap-material-design.min.js HTTP/1.1" 404 -
INFO:werkzeug:127.0.0.1 - - [07/Dec/2019 20:45:06] "GET /menus/assets/js/plugins/perfect-scrollbar.jquery.min.js HTTP/1.1" 404 -
INFO:werkzeug:127.0.0.1 - - [07/Dec/2019 20:45:06] "GET /menus/assets/js/plugins/chartist.min.js HTTP/1.1" 404 -
INFO:werkzeug:127.0.0.1 - - [07/Dec/2019 20:45:06] "GET /menus/assets/js/plugins/bootstrap-notify.js HTTP/1.1" 404 -
INFO:werkzeug:127.0.0.1 - - [07/Dec/2019 20:45:06] "GET /menus/assets/js/material-dashboard.js?v=2.1.1 HTTP/1.1" 404 -
INFO:werkzeug:127.0.0.1 - - [07/Dec/2019 20:47:35] "GET /menus/uploads HTTP/1.1" 200 -
INFO:werkzeug:127.0.0.1 - - [07/Dec/2019 20:47:35] "GET /menus/assets/js/core/jquery.min.js HTTP/1.1" 404 -
INFO:werkzeug:127.0.0.1 - - [07/Dec/2019 20:47:35] "GET /menus/assets/js/core/popper.min.js HTTP/1.1" 404 -
INFO:werkzeug:127.0.0.1 - - [07/Dec/2019 20:47:35] "GET /menus/assets/js/core/bootstrap-material-design.min.js HTTP/1.1" 404 -
INFO:werkzeug:127.0.0.1 - - [07/Dec/2019 20:47:35] "GET /menus/assets/js/plugins/perfect-scrollbar.jquery.min.js HTTP/1.1" 404 -
INFO:werkzeug:127.0.0.1 - - [07/Dec/2019 20:47:35] "GET /menus/assets/js/plugins/chartist.min.js HTTP/1.1" 404 -
INFO:werkzeug:127.0.0.1 - - [07/Dec/2019 20:47:35] "GET /menus/assets/js/plugins/bootstrap-notify.js HTTP/1.1" 404 -
INFO:werkzeug:127.0.0.1 - - [07/Dec/2019 20:47:35] "GET /menus/assets/js/material-dashboard.js?v=2.1.1 HTTP/1.1" 404 -
INFO:werkzeug:127.0.0.1 - - [07/Dec/2019 20:47:35] "GET /menus/assets/js/material-dashboard.js?v=2.1.1 HTTP/1.1" 404 -
INFO:werkzeug:127.0.0.1 - - [07/Dec/2019 20:48:13] "GET /static/assets/css/dashboard-free.css.map HTTP/1.1" 404 -
INFO:werkzeug:127.0.0.1 - - [07/Dec/2019 20:50:07] "GET /static/assets/css/dashboard-free.css.map HTTP/1.1" 404 -
INFO:werkzeug:127.0.0.1 - - [07/Dec/2019 20:52:08] "GET /menus/uploads HTTP/1.1" 200 -
INFO:werkzeug:127.0.0.1 - - [07/Dec/2019 20:52:08] "GET /static/assets/css/material-dashboard.css?v=2.1.1 HTTP/1.1" 200 -
INFO:werkzeug:127.0.0.1 - - [07/Dec/2019 20:52:08] "GET /static/css/mainpage.css HTTP/1.1" 200 -
INFO:werkzeug:127.0.0.1 - - [07/Dec/2019 20:52:08] "GET /menus/assets/js/core/popper.min.js HTTP/1.1" 404 -
INFO:werkzeug:127.0.0.1 - - [07/Dec/2019 20:52:08] "GET /menus/assets/js/core/jquery.min.js HTTP/1.1" 404 -
INFO:werkzeug:127.0.0.1 - - [07/Dec/2019 20:52:08] "GET /menus/assets/js/core/bootstrap-material-design.min.js HTTP/1.1" 404 -
INFO:werkzeug:127.0.0.1 - - [07/Dec/2019 20:52:08] "GET /static/css/upload.css HTTP/1.1" 200 -
INFO:werkzeug:127.0.0.1 - - [07/Dec/2019 20:52:08] "GET /menus/assets/js/plugins/perfect-scrollbar.jquery.min.js HTTP/1.1" 404 -
INFO:werkzeug:127.0.0.1 - - [07/Dec/2019 20:52:08] "GET /menus/assets/js/plugins/chartist.min.js HTTP/1.1" 404 -
INFO:werkzeug:127.0.0.1 - - [07/Dec/2019 20:52:08] "GET /menus/assets/js/plugins/bootstrap-notify.js HTTP/1.1" 404 -
INFO:werkzeug:127.0.0.1 - - [07/Dec/2019 20:52:08] "GET /menus/assets/js/material-dashboard.js?v=2.1.1 HTTP/1.1" 404 -
INFO:werkzeug:127.0.0.1 - - [07/Dec/2019 20:52:08] "GET /menus/assets/js/core/popper.min.js HTTP/1.1" 404 -
INFO:werkzeug:127.0.0.1 - - [07/Dec/2019 20:52:08] "GET /static/images/instro.JPG HTTP/1.1" 200 -
INFO:werkzeug:127.0.0.1 - - [07/Dec/2019 20:52:08] "GET /menus/assets/js/core/bootstrap-material-design.min.js HTTP/1.1" 404 -
INFO:werkzeug:127.0.0.1 - - [07/Dec/2019 20:52:09] "GET /menus/assets/js/plugins/perfect-scrollbar.jquery.min.js HTTP/1.1" 404 -
INFO:werkzeug:127.0.0.1 - - [07/Dec/2019 20:52:09] "GET /menus/assets/js/plugins/chartist.min.js HTTP/1.1" 404 -
INFO:werkzeug:127.0.0.1 - - [07/Dec/2019 20:52:09] "GET /menus/assets/js/plugins/bootstrap-notify.js HTTP/1.1" 404 -
INFO:werkzeug:127.0.0.1 - - [07/Dec/2019 20:52:09] "GET /menus/assets/js/material-dashboard.js?v=2.1.1 HTTP/1.1" 404 -
INFO:werkzeug:127.0.0.1 - - [07/Dec/2019 20:52:09] "GET /static/assets/css/dashboard-free.css.map HTTP/1.1" 404 -
INFO:werkzeug:127.0.0.1 - - [07/Dec/2019 20:53:24] "GET /menus/uploads HTTP/1.1" 200 -
INFO:werkzeug:127.0.0.1 - - [07/Dec/2019 20:53:24] "GET /static/assets/css/material-dashboard.css?v=2.1.1 HTTP/1.1" 200 -
INFO:werkzeug:127.0.0.1 - - [07/Dec/2019 20:53:24] "GET /static/css/mainpage.css HTTP/1.1" 200 -
INFO:werkzeug:127.0.0.1 - - [07/Dec/2019 20:53:24] "GET /menus/assets/js/core/jquery.min.js HTTP/1.1" 404 -
INFO:werkzeug:127.0.0.1 - - [07/Dec/2019 20:53:24] "GET /menus/assets/js/core/popper.min.js HTTP/1.1" 404 -
INFO:werkzeug:127.0.0.1 - - [07/Dec/2019 20:53:24] "GET /menus/assets/js/core/bootstrap-material-design.min.js HTTP/1.1" 404 -
INFO:werkzeug:127.0.0.1 - - [07/Dec/2019 20:53:24] "GET /static/css/upload.css HTTP/1.1" 200 -
INFO:werkzeug:127.0.0.1 - - [07/Dec/2019 20:53:24] "GET /menus/assets/js/plugins/perfect-scrollbar.jquery.min.js HTTP/1.1" 404 -
INFO:werkzeug:127.0.0.1 - - [07/Dec/2019 20:53:24] "GET /menus/assets/js/plugins/chartist.min.js HTTP/1.1" 404 -
INFO:werkzeug:127.0.0.1 - - [07/Dec/2019 20:53:24] "GET /menus/assets/js/plugins/bootstrap-notify.js HTTP/1.1" 404 -
INFO:werkzeug:127.0.0.1 - - [07/Dec/2019 20:53:24] "GET /menus/assets/js/material-dashboard.js?v=2.1.1 HTTP/1.1" 404 -
INFO:werkzeug:127.0.0.1 - - [07/Dec/2019 20:53:24] "GET /menus/assets/js/core/popper.min.js HTTP/1.1" 404 -
INFO:werkzeug:127.0.0.1 - - [07/Dec/2019 20:53:24] "GET /static/images/instro.JPG HTTP/1.1" 200 -
INFO:werkzeug:127.0.0.1 - - [07/Dec/2019 20:53:24] "GET /menus/assets/js/core/bootstrap-material-design.min.js HTTP/1.1" 404 -
INFO:werkzeug:127.0.0.1 - - [07/Dec/2019 20:53:25] "GET /menus/assets/js/plugins/perfect-scrollbar.jquery.min.js HTTP/1.1" 404 -
INFO:werkzeug:127.0.0.1 - - [07/Dec/2019 20:53:25] "GET /static/assets/css/dashboard-free.css.map HTTP/1.1" 404 -
INFO:werkzeug:127.0.0.1 - - [07/Dec/2019 20:53:25] "GET /menus/assets/js/plugins/chartist.min.js HTTP/1.1" 404 -
INFO:werkzeug:127.0.0.1 - - [07/Dec/2019 20:53:25] "GET /menus/assets/js/plugins/bootstrap-notify.js HTTP/1.1" 404 -
INFO:werkzeug:127.0.0.1 - - [07/Dec/2019 20:53:25] "GET /menus/assets/js/material-dashboard.js?v=2.1.1 HTTP/1.1" 404 -
INFO:werkzeug:127.0.0.1 - - [07/Dec/2019 20:53:26] "GET /menus/uploads HTTP/1.1" 200 -
INFO:werkzeug:127.0.0.1 - - [07/Dec/2019 20:53:26] "GET /static/assets/css/material-dashboard.css?v=2.1.1 HTTP/1.1" 200 -
INFO:werkzeug:127.0.0.1 - - [07/Dec/2019 20:53:26] "GET /menus/assets/js/core/jquery.min.js HTTP/1.1" 404 -
INFO:werkzeug:127.0.0.1 - - [07/Dec/2019 20:53:26] "GET /menus/assets/js/core/popper.min.js HTTP/1.1" 404 -
INFO:werkzeug:127.0.0.1 - - [07/Dec/2019 20:53:26] "GET /menus/assets/js/core/bootstrap-material-design.min.js HTTP/1.1" 404 -
INFO:werkzeug:127.0.0.1 - - [07/Dec/2019 20:53:26] "GET /static/css/upload.css HTTP/1.1" 200 -
INFO:werkzeug:127.0.0.1 - - [07/Dec/2019 20:53:26] "GET /static/css/mainpage.css HTTP/1.1" 200 -
INFO:werkzeug:127.0.0.1 - - [07/Dec/2019 20:53:27] "GET /menus/assets/js/plugins/perfect-scrollbar.jquery.min.js HTTP/1.1" 404 -
INFO:werkzeug:127.0.0.1 - - [07/Dec/2019 20:53:27] "GET /menus/assets/js/plugins/chartist.min.js HTTP/1.1" 404 -
INFO:werkzeug:127.0.0.1 - - [07/Dec/2019 20:53:27] "GET /menus/assets/js/plugins/bootstrap-notify.js HTTP/1.1" 404 -
INFO:werkzeug:127.0.0.1 - - [07/Dec/2019 20:53:27] "GET /menus/assets/js/material-dashboard.js?v=2.1.1 HTTP/1.1" 404 -
INFO:werkzeug:127.0.0.1 - - [07/Dec/2019 20:53:27] "GET /menus/assets/js/core/popper.min.js HTTP/1.1" 404 -
INFO:werkzeug:127.0.0.1 - - [07/Dec/2019 20:53:27] "GET /static/images/instro.JPG HTTP/1.1" 200 -
INFO:werkzeug:127.0.0.1 - - [07/Dec/2019 20:53:27] "GET /menus/assets/js/core/bootstrap-material-design.min.js HTTP/1.1" 404 -
INFO:werkzeug:127.0.0.1 - - [07/Dec/2019 20:53:27] "GET /menus/assets/js/plugins/perfect-scrollbar.jquery.min.js HTTP/1.1" 404 -
INFO:werkzeug:127.0.0.1 - - [07/Dec/2019 20:53:27] "GET /menus/assets/js/plugins/chartist.min.js HTTP/1.1" 404 -
INFO:werkzeug:127.0.0.1 - - [07/Dec/2019 20:53:27] "GET /menus/assets/js/plugins/bootstrap-notify.js HTTP/1.1" 404 -
INFO:werkzeug:127.0.0.1 - - [07/Dec/2019 20:53:28] "GET /menus/assets/js/material-dashboard.js?v=2.1.1 HTTP/1.1" 404 -
INFO:werkzeug:127.0.0.1 - - [07/Dec/2019 20:53:28] "GET /static/assets/css/dashboard-free.css.map HTTP/1.1" 404 -
INFO:werkzeug:127.0.0.1 - - [07/Dec/2019 20:55:21] "GET /menus/uploads HTTP/1.1" 200 -
INFO:werkzeug:127.0.0.1 - - [07/Dec/2019 20:55:21] "GET /static/assets/css/material-dashboard.css?v=2.1.1 HTTP/1.1" 200 -
INFO:werkzeug:127.0.0.1 - - [07/Dec/2019 20:55:21] "GET /static/css/mainpage.css HTTP/1.1" 200 -
INFO:werkzeug:127.0.0.1 - - [07/Dec/2019 20:55:21] "GET /menus/assets/js/core/jquery.min.js HTTP/1.1" 404 -
INFO:werkzeug:127.0.0.1 - - [07/Dec/2019 20:55:21] "GET /menus/assets/js/core/popper.min.js HTTP/1.1" 404 -
INFO:werkzeug:127.0.0.1 - - [07/Dec/2019 20:55:21] "GET /static/css/upload.css HTTP/1.1" 200 -
INFO:werkzeug:127.0.0.1 - - [07/Dec/2019 20:55:21] "GET /menus/assets/js/core/bootstrap-material-design.min.js HTTP/1.1" 404 -
INFO:werkzeug:127.0.0.1 - - [07/Dec/2019 20:55:21] "GET /menus/assets/js/plugins/perfect-scrollbar.jquery.min.js HTTP/1.1" 404 -
INFO:werkzeug:127.0.0.1 - - [07/Dec/2019 20:55:21] "GET /menus/assets/js/plugins/chartist.min.js HTTP/1.1" 404 -
INFO:werkzeug:127.0.0.1 - - [07/Dec/2019 20:55:22] "GET /menus/assets/js/plugins/bootstrap-notify.js HTTP/1.1" 404 -
INFO:werkzeug:127.0.0.1 - - [07/Dec/2019 20:55:22] "GET /menus/assets/js/material-dashboard.js?v=2.1.1 HTTP/1.1" 404 -
INFO:werkzeug:127.0.0.1 - - [07/Dec/2019 20:55:22] "GET /menus/assets/js/core/popper.min.js HTTP/1.1" 404 -
INFO:werkzeug:127.0.0.1 - - [07/Dec/2019 20:55:22] "GET /static/assets/css/dashboard-free.css.map HTTP/1.1" 404 -
INFO:werkzeug:127.0.0.1 - - [07/Dec/2019 20:55:22] "GET /static/images/instro.JPG HTTP/1.1" 200 -
INFO:werkzeug:127.0.0.1 - - [07/Dec/2019 20:55:22] "GET /menus/assets/js/core/bootstrap-material-design.min.js HTTP/1.1" 404 -
INFO:werkzeug:127.0.0.1 - - [07/Dec/2019 20:55:22] "GET /menus/assets/js/plugins/perfect-scrollbar.jquery.min.js HTTP/1.1" 404 -
INFO:werkzeug:127.0.0.1 - - [07/Dec/2019 20:55:22] "GET /menus/assets/js/plugins/chartist.min.js HTTP/1.1" 404 -
INFO:werkzeug:127.0.0.1 - - [07/Dec/2019 20:55:22] "GET /menus/assets/js/plugins/bootstrap-notify.js HTTP/1.1" 404 -
INFO:werkzeug:127.0.0.1 - - [07/Dec/2019 20:55:23] "GET /menus/assets/js/material-dashboard.js?v=2.1.1 HTTP/1.1" 404 -
INFO:werkzeug:127.0.0.1 - - [07/Dec/2019 20:55:56] "GET /menus/uploads HTTP/1.1" 200 -
INFO:werkzeug:127.0.0.1 - - [07/Dec/2019 20:55:56] "GET /static/assets/css/material-dashboard.css?v=2.1.1 HTTP/1.1" 200 -
INFO:werkzeug:127.0.0.1 - - [07/Dec/2019 20:55:56] "GET /static/css/mainpage.css HTTP/1.1" 200 -
INFO:werkzeug:127.0.0.1 - - [07/Dec/2019 20:55:57] "GET /menus/assets/js/core/jquery.min.js HTTP/1.1" 404 -
INFO:werkzeug:127.0.0.1 - - [07/Dec/2019 20:55:57] "GET /menus/assets/js/core/popper.min.js HTTP/1.1" 404 -
INFO:werkzeug:127.0.0.1 - - [07/Dec/2019 20:55:57] "GET /menus/assets/js/core/bootstrap-material-design.min.js HTTP/1.1" 404 -
INFO:werkzeug:127.0.0.1 - - [07/Dec/2019 20:55:57] "GET /static/css/upload.css HTTP/1.1" 200 -
INFO:werkzeug:127.0.0.1 - - [07/Dec/2019 20:55:57] "GET /menus/assets/js/plugins/perfect-scrollbar.jquery.min.js HTTP/1.1" 404 -
INFO:werkzeug:127.0.0.1 - - [07/Dec/2019 20:55:57] "GET /menus/assets/js/plugins/chartist.min.js HTTP/1.1" 404 -
INFO:werkzeug:127.0.0.1 - - [07/Dec/2019 20:55:57] "GET /menus/assets/js/plugins/bootstrap-notify.js HTTP/1.1" 404 -
INFO:werkzeug:127.0.0.1 - - [07/Dec/2019 20:55:57] "GET /menus/assets/js/material-dashboard.js?v=2.1.1 HTTP/1.1" 404 -
INFO:werkzeug:127.0.0.1 - - [07/Dec/2019 20:55:57] "GET /menus/assets/js/core/popper.min.js HTTP/1.1" 404 -
INFO:werkzeug:127.0.0.1 - - [07/Dec/2019 20:55:57] "GET /menus/assets/js/core/bootstrap-material-design.min.js HTTP/1.1" 404 -
INFO:werkzeug:127.0.0.1 - - [07/Dec/2019 20:55:57] "GET /static/images/instro.JPG HTTP/1.1" 200 -
INFO:werkzeug:127.0.0.1 - - [07/Dec/2019 20:55:57] "GET /menus/assets/js/plugins/perfect-scrollbar.jquery.min.js HTTP/1.1" 404 -
INFO:werkzeug:127.0.0.1 - - [07/Dec/2019 20:55:57] "GET /static/assets/css/dashboard-free.css.map HTTP/1.1" 404 -
INFO:werkzeug:127.0.0.1 - - [07/Dec/2019 20:55:58] "GET /menus/assets/js/plugins/chartist.min.js HTTP/1.1" 404 -
INFO:werkzeug:127.0.0.1 - - [07/Dec/2019 20:55:58] "GET /menus/assets/js/plugins/bootstrap-notify.js HTTP/1.1" 404 -
INFO:werkzeug:127.0.0.1 - - [07/Dec/2019 20:55:58] "GET /menus/assets/js/material-dashboard.js?v=2.1.1 HTTP/1.1" 404 -
INFO:werkzeug:127.0.0.1 - - [07/Dec/2019 20:56:48] "GET /menus/uploads HTTP/1.1" 200 -
INFO:werkzeug:127.0.0.1 - - [07/Dec/2019 20:56:48] "GET /static/assets/css/material-dashboard.css?v=2.1.1 HTTP/1.1" 200 -
INFO:werkzeug:127.0.0.1 - - [07/Dec/2019 20:56:48] "GET /static/css/mainpage.css HTTP/1.1" 200 -
INFO:werkzeug:127.0.0.1 - - [07/Dec/2019 20:56:48] "GET /static/css/upload.css HTTP/1.1" 200 -
INFO:werkzeug:127.0.0.1 - - [07/Dec/2019 20:56:48] "GET /menus/assets/js/core/jquery.min.js HTTP/1.1" 404 -
INFO:werkzeug:127.0.0.1 - - [07/Dec/2019 20:56:48] "GET /menus/assets/js/core/popper.min.js HTTP/1.1" 404 -
INFO:werkzeug:127.0.0.1 - - [07/Dec/2019 20:56:48] "GET /menus/assets/js/core/bootstrap-material-design.min.js HTTP/1.1" 404 -
INFO:werkzeug:127.0.0.1 - - [07/Dec/2019 20:56:48] "GET /menus/assets/js/plugins/perfect-scrollbar.jquery.min.js HTTP/1.1" 404 -
INFO:werkzeug:127.0.0.1 - - [07/Dec/2019 20:56:48] "GET /menus/assets/js/plugins/chartist.min.js HTTP/1.1" 404 -
INFO:werkzeug:127.0.0.1 - - [07/Dec/2019 20:56:48] "GET /menus/assets/js/plugins/bootstrap-notify.js HTTP/1.1" 404 -
INFO:werkzeug:127.0.0.1 - - [07/Dec/2019 20:56:48] "GET /menus/assets/js/material-dashboard.js?v=2.1.1 HTTP/1.1" 404 -
INFO:werkzeug:127.0.0.1 - - [07/Dec/2019 20:56:48] "GET /static/images/instro.JPG HTTP/1.1" 200 -
INFO:werkzeug:127.0.0.1 - - [07/Dec/2019 20:56:48] "GET /static/assets/css/dashboard-free.css.map HTTP/1.1" 404 -
INFO:werkzeug:127.0.0.1 - - [07/Dec/2019 20:57:02] "GET /menus/searchs HTTP/1.1" 200 -
INFO:werkzeug:127.0.0.1 - - [07/Dec/2019 20:57:02] "GET /menus/assets/js/core/jquery.min.js HTTP/1.1" 404 -
INFO:werkzeug:127.0.0.1 - - [07/Dec/2019 20:57:02] "GET /menus/assets/js/core/popper.min.js HTTP/1.1" 404 -
INFO:werkzeug:127.0.0.1 - - [07/Dec/2019 20:57:02] "GET /menus/assets/js/core/bootstrap-material-design.min.js HTTP/1.1" 404 -
INFO:werkzeug:127.0.0.1 - - [07/Dec/2019 20:57:02] "GET /menus/assets/js/plugins/perfect-scrollbar.jquery.min.js HTTP/1.1" 404 -
INFO:werkzeug:127.0.0.1 - - [07/Dec/2019 20:57:02] "GET /menus/assets/js/plugins/chartist.min.js HTTP/1.1" 404 -
INFO:werkzeug:127.0.0.1 - - [07/Dec/2019 20:57:02] "GET /menus/assets/js/plugins/bootstrap-notify.js HTTP/1.1" 404 -
INFO:werkzeug:127.0.0.1 - - [07/Dec/2019 20:57:02] "GET /menus/assets/js/material-dashboard.js?v=2.1.1 HTTP/1.1" 404 -
INFO:werkzeug:127.0.0.1 - - [07/Dec/2019 20:57:03] "GET /menus/uploads HTTP/1.1" 200 -
INFO:werkzeug:127.0.0.1 - - [07/Dec/2019 20:57:03] "GET /menus/assets/js/core/jquery.min.js HTTP/1.1" 404 -
INFO:werkzeug:127.0.0.1 - - [07/Dec/2019 20:57:04] "GET /menus/assets/js/core/popper.min.js HTTP/1.1" 404 -
INFO:werkzeug:127.0.0.1 - - [07/Dec/2019 20:57:04] "GET /menus/assets/js/core/bootstrap-material-design.min.js HTTP/1.1" 404 -
INFO:werkzeug:127.0.0.1 - - [07/Dec/2019 20:57:04] "GET /menus/assets/js/plugins/perfect-scrollbar.jquery.min.js HTTP/1.1" 404 -
INFO:werkzeug:127.0.0.1 - - [07/Dec/2019 20:57:04] "GET /menus/assets/js/plugins/chartist.min.js HTTP/1.1" 404 -
INFO:werkzeug:127.0.0.1 - - [07/Dec/2019 20:57:04] "GET /menus/assets/js/plugins/bootstrap-notify.js HTTP/1.1" 404 -
INFO:werkzeug:127.0.0.1 - - [07/Dec/2019 20:57:04] "GET /menus/assets/js/material-dashboard.js?v=2.1.1 HTTP/1.1" 404 -
INFO:werkzeug:127.0.0.1 - - [07/Dec/2019 20:57:05] "GET /menus/books HTTP/1.1" 200 -
INFO:werkzeug:127.0.0.1 - - [07/Dec/2019 20:57:05] "GET /menus/assets/js/core/bootstrap-material-design.min.js HTTP/1.1" 404 -
INFO:werkzeug:127.0.0.1 - - [07/Dec/2019 20:57:05] "GET /menus/assets/js/plugins/perfect-scrollbar.jquery.min.js HTTP/1.1" 404 -
INFO:werkzeug:127.0.0.1 - - [07/Dec/2019 20:57:05] "GET /menus/assets/js/core/jquery.min.js HTTP/1.1" 404 -
INFO:werkzeug:127.0.0.1 - - [07/Dec/2019 20:57:05] "GET /menus/assets/js/core/popper.min.js HTTP/1.1" 404 -
INFO:werkzeug:127.0.0.1 - - [07/Dec/2019 20:57:05] "GET /menus/assets/js/plugins/chartist.min.js HTTP/1.1" 404 -
INFO:werkzeug:127.0.0.1 - - [07/Dec/2019 20:57:05] "GET /menus/assets/js/plugins/bootstrap-notify.js HTTP/1.1" 404 -
INFO:werkzeug:127.0.0.1 - - [07/Dec/2019 20:57:05] "GET /menus/assets/js/material-dashboard.js?v=2.1.1 HTTP/1.1" 404 -
INFO:werkzeug:127.0.0.1 - - [07/Dec/2019 20:57:06] "GET /menus/assets/js/core/bootstrap-material-design.min.js HTTP/1.1" 404 -
INFO:werkzeug:127.0.0.1 - - [07/Dec/2019 20:57:06] "GET /menus/assets/js/plugins/perfect-scrollbar.jquery.min.js HTTP/1.1" 404 -
INFO:werkzeug:127.0.0.1 - - [07/Dec/2019 20:57:06] "GET /menus/assets/js/plugins/chartist.min.js HTTP/1.1" 404 -
INFO:werkzeug:127.0.0.1 - - [07/Dec/2019 20:57:06] "GET /menus/assets/js/plugins/bootstrap-notify.js HTTP/1.1" 404 -
INFO:werkzeug:127.0.0.1 - - [07/Dec/2019 20:57:07] "GET /menus/assets/js/material-dashboard.js?v=2.1.1 HTTP/1.1" 404 -
INFO:werkzeug:127.0.0.1 - - [07/Dec/2019 20:57:08] "GET /menus/images HTTP/1.1" 200 -
INFO:werkzeug:127.0.0.1 - - [07/Dec/2019 20:57:08] "GET /menus/assets/js/core/jquery.min.js HTTP/1.1" 404 -
INFO:werkzeug:127.0.0.1 - - [07/Dec/2019 20:57:08] "GET /menus/assets/js/core/popper.min.js HTTP/1.1" 404 -
INFO:werkzeug:127.0.0.1 - - [07/Dec/2019 20:57:08] "GET /menus/assets/js/plugins/chartist.min.js HTTP/1.1" 404 -
INFO:werkzeug:127.0.0.1 - - [07/Dec/2019 20:57:08] "GET /menus/assets/js/material-dashboard.js?v=2.1.1 HTTP/1.1" 404 -
INFO:werkzeug:127.0.0.1 - - [07/Dec/2019 20:57:08] "GET /menus/assets/js/core/bootstrap-material-design.min.js HTTP/1.1" 404 -
INFO:werkzeug:127.0.0.1 - - [07/Dec/2019 20:57:08] "GET /menus/assets/js/plugins/perfect-scrollbar.jquery.min.js HTTP/1.1" 404 -
INFO:werkzeug:127.0.0.1 - - [07/Dec/2019 20:57:08] "GET /menus/assets/js/plugins/bootstrap-notify.js HTTP/1.1" 404 -
INFO:werkzeug:127.0.0.1 - - [07/Dec/2019 20:57:09] "GET /menus/assets/js/plugins/chartist.min.js HTTP/1.1" 404 -
INFO:werkzeug:127.0.0.1 - - [07/Dec/2019 20:57:09] "GET /menus/assets/js/plugins/bootstrap-notify.js HTTP/1.1" 404 -
INFO:werkzeug:127.0.0.1 - - [07/Dec/2019 20:57:09] "GET /menus/assets/js/material-dashboard.js?v=2.1.1 HTTP/1.1" 404 -
INFO:werkzeug:127.0.0.1 - - [07/Dec/2019 20:57:10] "GET / HTTP/1.1" 200 -
INFO:werkzeug:127.0.0.1 - - [07/Dec/2019 20:57:10] "GET /assets/js/core/jquery.min.js HTTP/1.1" 404 -
INFO:werkzeug:127.0.0.1 - - [07/Dec/2019 20:57:10] "GET /assets/js/core/popper.min.js HTTP/1.1" 404 -
INFO:werkzeug:127.0.0.1 - - [07/Dec/2019 20:57:10] "GET /assets/js/plugins/perfect-scrollbar.jquery.min.js HTTP/1.1" 404 -
INFO:werkzeug:127.0.0.1 - - [07/Dec/2019 20:57:10] "GET /assets/js/core/bootstrap-material-design.min.js HTTP/1.1" 404 -
INFO:werkzeug:127.0.0.1 - - [07/Dec/2019 20:57:10] "GET /assets/js/plugins/chartist.min.js HTTP/1.1" 404 -
INFO:werkzeug:127.0.0.1 - - [07/Dec/2019 20:57:10] "GET /assets/js/plugins/bootstrap-notify.js HTTP/1.1" 404 -
INFO:werkzeug:127.0.0.1 - - [07/Dec/2019 20:57:10] "GET /assets/js/material-dashboard.js?v=2.1.1 HTTP/1.1" 404 -
INFO:werkzeug:127.0.0.1 - - [07/Dec/2019 20:57:10] "GET /assets/js/plugins/perfect-scrollbar.jquery.min.js HTTP/1.1" 404 -
INFO:werkzeug:127.0.0.1 - - [07/Dec/2019 20:57:11] "GET /assets/js/plugins/chartist.min.js HTTP/1.1" 404 -
INFO:werkzeug:127.0.0.1 - - [07/Dec/2019 20:57:11] "GET /assets/js/plugins/bootstrap-notify.js HTTP/1.1" 404 -
INFO:werkzeug:127.0.0.1 - - [07/Dec/2019 20:57:11] "GET /assets/js/material-dashboard.js?v=2.1.1 HTTP/1.1" 404 -
INFO:werkzeug:127.0.0.1 - - [07/Dec/2019 20:57:16] "GET /menus/uploads HTTP/1.1" 200 -
INFO:werkzeug:127.0.0.1 - - [07/Dec/2019 20:57:16] "GET /menus/assets/js/core/popper.min.js HTTP/1.1" 404 -
INFO:werkzeug:127.0.0.1 - - [07/Dec/2019 20:57:16] "GET /menus/assets/js/core/bootstrap-material-design.min.js HTTP/1.1" 404 -
INFO:werkzeug:127.0.0.1 - - [07/Dec/2019 20:57:16] "GET /menus/assets/js/core/jquery.min.js HTTP/1.1" 404 -
INFO:werkzeug:127.0.0.1 - - [07/Dec/2019 20:57:16] "GET /menus/assets/js/plugins/perfect-scrollbar.jquery.min.js HTTP/1.1" 404 -
INFO:werkzeug:127.0.0.1 - - [07/Dec/2019 20:57:16] "GET /menus/assets/js/plugins/chartist.min.js HTTP/1.1" 404 -
INFO:werkzeug:127.0.0.1 - - [07/Dec/2019 20:57:16] "GET /menus/assets/js/plugins/bootstrap-notify.js HTTP/1.1" 404 -
INFO:werkzeug:127.0.0.1 - - [07/Dec/2019 20:57:16] "GET /menus/assets/js/material-dashboard.js?v=2.1.1 HTTP/1.1" 404 -
INFO:werkzeug:127.0.0.1 - - [07/Dec/2019 20:57:16] "GET /menus/assets/js/core/popper.min.js HTTP/1.1" 404 -
INFO:werkzeug:127.0.0.1 - - [07/Dec/2019 20:57:17] "GET /menus/assets/js/core/bootstrap-material-design.min.js HTTP/1.1" 404 -
INFO:werkzeug:127.0.0.1 - - [07/Dec/2019 20:57:17] "GET /menus/assets/js/plugins/perfect-scrollbar.jquery.min.js HTTP/1.1" 404 -
INFO:werkzeug:127.0.0.1 - - [07/Dec/2019 20:57:17] "GET /menus/assets/js/plugins/chartist.min.js HTTP/1.1" 404 -
INFO:werkzeug:127.0.0.1 - - [07/Dec/2019 20:57:17] "GET /menus/assets/js/plugins/bootstrap-notify.js HTTP/1.1" 404 -
INFO:werkzeug:127.0.0.1 - - [07/Dec/2019 20:57:17] "GET /menus/assets/js/material-dashboard.js?v=2.1.1 HTTP/1.1" 404 -
INFO:werkzeug:127.0.0.1 - - [07/Dec/2019 20:57:22] "POST /menus/routes.upload HTTP/1.1" 404 -
INFO:werkzeug:127.0.0.1 - - [07/Dec/2019 20:57:23] "GET /menus/assets/js/core/jquery.min.js HTTP/1.1" 404 -
INFO:werkzeug:127.0.0.1 - - [07/Dec/2019 20:57:23] "GET /menus/assets/js/core/popper.min.js HTTP/1.1" 404 -
INFO:werkzeug:127.0.0.1 - - [07/Dec/2019 20:57:38] "GET / HTTP/1.1" 200 -
INFO:werkzeug:127.0.0.1 - - [07/Dec/2019 20:57:38] "GET /assets/js/core/jquery.min.js HTTP/1.1" 404 -
INFO:werkzeug:127.0.0.1 - - [07/Dec/2019 20:57:39] "GET /assets/js/core/popper.min.js HTTP/1.1" 404 -
INFO:werkzeug:127.0.0.1 - - [07/Dec/2019 20:57:39] "GET /assets/js/core/bootstrap-material-design.min.js HTTP/1.1" 404 -
INFO:werkzeug:127.0.0.1 - - [07/Dec/2019 20:57:39] "GET /assets/js/plugins/perfect-scrollbar.jquery.min.js HTTP/1.1" 404 -
INFO:werkzeug:127.0.0.1 - - [07/Dec/2019 20:57:39] "GET /assets/js/plugins/chartist.min.js HTTP/1.1" 404 -
INFO:werkzeug:127.0.0.1 - - [07/Dec/2019 20:57:39] "GET /assets/js/plugins/bootstrap-notify.js HTTP/1.1" 404 -
INFO:werkzeug:127.0.0.1 - - [07/Dec/2019 20:57:39] "GET /assets/js/material-dashboard.js?v=2.1.1 HTTP/1.1" 404 -
INFO:werkzeug:127.0.0.1 - - [07/Dec/2019 20:58:40] "GET /menus/searchs HTTP/1.1" 200 -
INFO:werkzeug:127.0.0.1 - - [07/Dec/2019 20:58:40] "GET /menus/assets/js/core/jquery.min.js HTTP/1.1" 404 -
INFO:werkzeug:127.0.0.1 - - [07/Dec/2019 20:58:40] "GET /menus/assets/js/core/popper.min.js HTTP/1.1" 404 -
INFO:werkzeug:127.0.0.1 - - [07/Dec/2019 20:58:41] "GET /menus/assets/js/core/bootstrap-material-design.min.js HTTP/1.1" 404 -
INFO:werkzeug:127.0.0.1 - - [07/Dec/2019 20:58:41] "GET /menus/assets/js/plugins/perfect-scrollbar.jquery.min.js HTTP/1.1" 404 -
INFO:werkzeug:127.0.0.1 - - [07/Dec/2019 20:58:41] "GET /menus/assets/js/plugins/chartist.min.js HTTP/1.1" 404 -
INFO:werkzeug:127.0.0.1 - - [07/Dec/2019 20:58:41] "GET /menus/assets/js/plugins/bootstrap-notify.js HTTP/1.1" 404 -
INFO:werkzeug:127.0.0.1 - - [07/Dec/2019 20:58:41] "GET /menus/assets/js/material-dashboard.js?v=2.1.1 HTTP/1.1" 404 -
INFO:werkzeug:127.0.0.1 - - [07/Dec/2019 20:58:42] "GET /menus/uploads HTTP/1.1" 200 -
INFO:werkzeug:127.0.0.1 - - [07/Dec/2019 20:58:42] "GET /menus/assets/js/core/popper.min.js HTTP/1.1" 404 -
INFO:werkzeug:127.0.0.1 - - [07/Dec/2019 20:58:42] "GET /menus/assets/js/core/jquery.min.js HTTP/1.1" 404 -
INFO:werkzeug:127.0.0.1 - - [07/Dec/2019 20:58:42] "GET /menus/assets/js/core/bootstrap-material-design.min.js HTTP/1.1" 404 -
INFO:werkzeug:127.0.0.1 - - [07/Dec/2019 20:58:42] "GET /menus/assets/js/plugins/perfect-scrollbar.jquery.min.js HTTP/1.1" 404 -
INFO:werkzeug:127.0.0.1 - - [07/Dec/2019 20:58:42] "GET /menus/assets/js/plugins/chartist.min.js HTTP/1.1" 404 -
INFO:werkzeug:127.0.0.1 - - [07/Dec/2019 20:58:42] "GET /menus/assets/js/plugins/bootstrap-notify.js HTTP/1.1" 404 -
INFO:werkzeug:127.0.0.1 - - [07/Dec/2019 20:58:42] "GET /menus/assets/js/material-dashboard.js?v=2.1.1 HTTP/1.1" 404 -
INFO:werkzeug:127.0.0.1 - - [07/Dec/2019 20:58:42] "GET /menus/assets/js/core/popper.min.js HTTP/1.1" 404 -
INFO:werkzeug:127.0.0.1 - - [07/Dec/2019 20:58:43] "GET /menus/assets/js/core/bootstrap-material-design.min.js HTTP/1.1" 404 -
INFO:werkzeug:127.0.0.1 - - [07/Dec/2019 20:58:43] "GET /menus/assets/js/plugins/perfect-scrollbar.jquery.min.js HTTP/1.1" 404 -
INFO:werkzeug:127.0.0.1 - - [07/Dec/2019 20:58:43] "GET /menus/assets/js/plugins/chartist.min.js HTTP/1.1" 404 -
INFO:werkzeug:127.0.0.1 - - [07/Dec/2019 20:58:43] "GET /menus/assets/js/plugins/bootstrap-notify.js HTTP/1.1" 404 -
INFO:werkzeug:127.0.0.1 - - [07/Dec/2019 20:58:43] "GET /menus/assets/js/material-dashboard.js?v=2.1.1 HTTP/1.1" 404 -
INFO:werkzeug:127.0.0.1 - - [07/Dec/2019 20:58:44] "GET /menus/searchs HTTP/1.1" 200 -
INFO:werkzeug:127.0.0.1 - - [07/Dec/2019 20:58:44] "GET /menus/assets/js/plugins/bootstrap-notify.js HTTP/1.1" 404 -
INFO:werkzeug:127.0.0.1 - - [07/Dec/2019 20:58:44] "GET /menus/assets/js/core/jquery.min.js HTTP/1.1" 404 -
INFO:werkzeug:127.0.0.1 - - [07/Dec/2019 20:58:44] "GET /menus/assets/js/core/popper.min.js HTTP/1.1" 404 -
INFO:werkzeug:127.0.0.1 - - [07/Dec/2019 20:58:44] "GET /menus/assets/js/plugins/perfect-scrollbar.jquery.min.js HTTP/1.1" 404 -
INFO:werkzeug:127.0.0.1 - - [07/Dec/2019 20:58:44] "GET /menus/assets/js/core/bootstrap-material-design.min.js HTTP/1.1" 404 -
INFO:werkzeug:127.0.0.1 - - [07/Dec/2019 20:58:44] "GET /menus/assets/js/plugins/chartist.min.js HTTP/1.1" 404 -
INFO:werkzeug:127.0.0.1 - - [07/Dec/2019 20:58:45] "GET /menus/assets/js/material-dashboard.js?v=2.1.1 HTTP/1.1" 404 -
INFO:werkzeug:127.0.0.1 - - [07/Dec/2019 20:58:45] "GET /menus/assets/js/core/popper.min.js HTTP/1.1" 404 -
INFO:werkzeug:127.0.0.1 - - [07/Dec/2019 20:58:45] "GET /menus/assets/js/core/bootstrap-material-design.min.js HTTP/1.1" 404 -
INFO:werkzeug:127.0.0.1 - - [07/Dec/2019 20:58:45] "GET /menus/assets/js/plugins/perfect-scrollbar.jquery.min.js HTTP/1.1" 404 -
INFO:werkzeug:127.0.0.1 - - [07/Dec/2019 20:58:45] "GET /menus/assets/js/plugins/chartist.min.js HTTP/1.1" 404 -
INFO:werkzeug:127.0.0.1 - - [07/Dec/2019 20:58:46] "GET /menus/assets/js/plugins/bootstrap-notify.js HTTP/1.1" 404 -
INFO:werkzeug:127.0.0.1 - - [07/Dec/2019 20:58:46] "GET /menus/assets/js/material-dashboard.js?v=2.1.1 HTTP/1.1" 404 -
INFO:werkzeug:127.0.0.1 - - [07/Dec/2019 21:19:07] "GET /static/assets/css/dashboard-free.css.map HTTP/1.1" 404 -
INFO:werkzeug:127.0.0.1 - - [07/Dec/2019 21:19:50] "GET /menus/searchs HTTP/1.1" 200 -
INFO:werkzeug:127.0.0.1 - - [07/Dec/2019 21:19:50] "GET /static/assets/css/material-dashboard.css?v=2.1.1 HTTP/1.1" 200 -
INFO:werkzeug:127.0.0.1 - - [07/Dec/2019 21:19:50] "GET /static/css/mainpage.css HTTP/1.1" 200 -
INFO:werkzeug:127.0.0.1 - - [07/Dec/2019 21:19:50] "GET /menus/assets/js/core/jquery.min.js HTTP/1.1" 404 -
INFO:werkzeug:127.0.0.1 - - [07/Dec/2019 21:19:50] "GET /static/css/upload.css HTTP/1.1" 200 -
INFO:werkzeug:127.0.0.1 - - [07/Dec/2019 21:19:50] "GET /menus/assets/js/core/popper.min.js HTTP/1.1" 404 -
INFO:werkzeug:127.0.0.1 - - [07/Dec/2019 21:19:50] "GET /menus/assets/js/core/bootstrap-material-design.min.js HTTP/1.1" 404 -
INFO:werkzeug:127.0.0.1 - - [07/Dec/2019 21:19:50] "GET /menus/assets/js/plugins/perfect-scrollbar.jquery.min.js HTTP/1.1" 404 -
INFO:werkzeug:127.0.0.1 - - [07/Dec/2019 21:19:51] "GET /menus/assets/js/plugins/chartist.min.js HTTP/1.1" 404 -
INFO:werkzeug:127.0.0.1 - - [07/Dec/2019 21:19:51] "GET /menus/assets/js/plugins/bootstrap-notify.js HTTP/1.1" 404 -
INFO:werkzeug:127.0.0.1 - - [07/Dec/2019 21:19:51] "GET /menus/assets/js/material-dashboard.js?v=2.1.1 HTTP/1.1" 404 -
INFO:werkzeug:127.0.0.1 - - [07/Dec/2019 21:19:51] "GET /menus/assets/js/core/popper.min.js HTTP/1.1" 404 -
INFO:werkzeug:127.0.0.1 - - [07/Dec/2019 21:19:51] "GET /static/assets/css/dashboard-free.css.map HTTP/1.1" 404 -
INFO:werkzeug:127.0.0.1 - - [07/Dec/2019 21:19:51] "GET /menus/assets/js/core/bootstrap-material-design.min.js HTTP/1.1" 404 -
INFO:werkzeug:127.0.0.1 - - [07/Dec/2019 21:19:51] "GET /menus/assets/js/plugins/perfect-scrollbar.jquery.min.js HTTP/1.1" 404 -
INFO:werkzeug:127.0.0.1 - - [07/Dec/2019 21:19:52] "GET /menus/assets/js/plugins/chartist.min.js HTTP/1.1" 404 -
INFO:werkzeug:127.0.0.1 - - [07/Dec/2019 21:19:52] "GET /menus/assets/js/plugins/bootstrap-notify.js HTTP/1.1" 404 -
INFO:werkzeug:127.0.0.1 - - [07/Dec/2019 21:19:52] "GET /menus/assets/js/material-dashboard.js?v=2.1.1 HTTP/1.1" 404 -
INFO:werkzeug:127.0.0.1 - - [07/Dec/2019 21:20:01] "GET /static/assets/css/dashboard-free.css.map HTTP/1.1" 404 -
INFO:werkzeug:127.0.0.1 - - [07/Dec/2019 23:44:27] "GET /menus/uploads HTTP/1.1" 200 -
INFO:werkzeug:127.0.0.1 - - [07/Dec/2019 23:44:27] "GET /static/assets/css/material-dashboard.css?v=2.1.1 HTTP/1.1" 200 -
INFO:werkzeug:127.0.0.1 - - [07/Dec/2019 23:44:28] "GET /static/css/mainpage.css HTTP/1.1" 200 -
INFO:werkzeug:127.0.0.1 - - [07/Dec/2019 23:44:28] "GET /menus/assets/js/core/jquery.min.js HTTP/1.1" 404 -
INFO:werkzeug:127.0.0.1 - - [07/Dec/2019 23:44:28] "GET /menus/assets/js/core/popper.min.js HTTP/1.1" 404 -
INFO:werkzeug:127.0.0.1 - - [07/Dec/2019 23:44:28] "GET /menus/assets/js/core/bootstrap-material-design.min.js HTTP/1.1" 404 -
INFO:werkzeug:127.0.0.1 - - [07/Dec/2019 23:44:28] "GET /menus/assets/js/plugins/perfect-scrollbar.jquery.min.js HTTP/1.1" 404 -
INFO:werkzeug:127.0.0.1 - - [07/Dec/2019 23:44:28] "GET /static/css/upload.css HTTP/1.1" 200 -
INFO:werkzeug:127.0.0.1 - - [07/Dec/2019 23:44:28] "GET /menus/assets/js/plugins/chartist.min.js HTTP/1.1" 404 -
INFO:werkzeug:127.0.0.1 - - [07/Dec/2019 23:44:28] "GET /menus/assets/js/plugins/bootstrap-notify.js HTTP/1.1" 404 -
INFO:werkzeug:127.0.0.1 - - [07/Dec/2019 23:44:28] "GET /menus/assets/js/material-dashboard.js?v=2.1.1 HTTP/1.1" 404 -
INFO:werkzeug:127.0.0.1 - - [07/Dec/2019 23:44:28] "GET /menus/assets/js/core/popper.min.js HTTP/1.1" 404 -
INFO:werkzeug:127.0.0.1 - - [07/Dec/2019 23:44:28] "GET /static/images/instro.JPG HTTP/1.1" 200 -
INFO:werkzeug:127.0.0.1 - - [07/Dec/2019 23:44:28] "GET /menus/assets/js/core/bootstrap-material-design.min.js HTTP/1.1" 404 -
INFO:werkzeug:127.0.0.1 - - [07/Dec/2019 23:44:28] "GET /menus/assets/js/plugins/perfect-scrollbar.jquery.min.js HTTP/1.1" 404 -
INFO:werkzeug:127.0.0.1 - - [07/Dec/2019 23:44:28] "GET /static/assets/css/dashboard-free.css.map HTTP/1.1" 404 -
INFO:werkzeug:127.0.0.1 - - [07/Dec/2019 23:44:29] "GET /menus/assets/js/plugins/chartist.min.js HTTP/1.1" 404 -
INFO:werkzeug:127.0.0.1 - - [07/Dec/2019 23:44:29] "GET /menus/assets/js/plugins/bootstrap-notify.js HTTP/1.1" 404 -
INFO:werkzeug:127.0.0.1 - - [07/Dec/2019 23:44:29] "GET /menus/assets/js/material-dashboard.js?v=2.1.1 HTTP/1.1" 404 -
INFO:werkzeug:127.0.0.1 - - [07/Dec/2019 23:44:35] "GET /menus/uploads HTTP/1.1" 200 -
INFO:werkzeug:127.0.0.1 - - [07/Dec/2019 23:44:35] "GET /static/assets/css/material-dashboard.css?v=2.1.1 HTTP/1.1" 200 -
INFO:werkzeug:127.0.0.1 - - [07/Dec/2019 23:44:35] "GET /menus/assets/js/core/jquery.min.js HTTP/1.1" 404 -
INFO:werkzeug:127.0.0.1 - - [07/Dec/2019 23:44:35] "GET /menus/assets/js/core/popper.min.js HTTP/1.1" 404 -
INFO:werkzeug:127.0.0.1 - - [07/Dec/2019 23:44:35] "GET /static/css/mainpage.css HTTP/1.1" 200 -
INFO:werkzeug:127.0.0.1 - - [07/Dec/2019 23:44:35] "GET /menus/assets/js/core/bootstrap-material-design.min.js HTTP/1.1" 404 -
INFO:werkzeug:127.0.0.1 - - [07/Dec/2019 23:44:35] "GET /static/css/upload.css HTTP/1.1" 200 -
INFO:werkzeug:127.0.0.1 - - [07/Dec/2019 23:44:35] "GET /menus/assets/js/plugins/perfect-scrollbar.jquery.min.js HTTP/1.1" 404 -
INFO:werkzeug:127.0.0.1 - - [07/Dec/2019 23:44:36] "GET /menus/assets/js/plugins/chartist.min.js HTTP/1.1" 404 -
INFO:werkzeug:127.0.0.1 - - [07/Dec/2019 23:44:36] "GET /menus/assets/js/plugins/bootstrap-notify.js HTTP/1.1" 404 -
INFO:werkzeug:127.0.0.1 - - [07/Dec/2019 23:44:36] "GET /menus/assets/js/material-dashboard.js?v=2.1.1 HTTP/1.1" 404 -
INFO:werkzeug:127.0.0.1 - - [07/Dec/2019 23:44:36] "GET /menus/assets/js/core/popper.min.js HTTP/1.1" 404 -
INFO:werkzeug:127.0.0.1 - - [07/Dec/2019 23:44:36] "GET /static/images/instro.JPG HTTP/1.1" 200 -
INFO:werkzeug:127.0.0.1 - - [07/Dec/2019 23:44:36] "GET /menus/assets/js/core/bootstrap-material-design.min.js HTTP/1.1" 404 -
INFO:werkzeug:127.0.0.1 - - [07/Dec/2019 23:44:36] "GET /menus/assets/js/plugins/perfect-scrollbar.jquery.min.js HTTP/1.1" 404 -
INFO:werkzeug:127.0.0.1 - - [07/Dec/2019 23:44:36] "GET /menus/assets/js/plugins/chartist.min.js HTTP/1.1" 404 -
INFO:werkzeug:127.0.0.1 - - [07/Dec/2019 23:44:36] "GET /menus/assets/js/plugins/bootstrap-notify.js HTTP/1.1" 404 -
INFO:werkzeug:127.0.0.1 - - [07/Dec/2019 23:44:36] "GET /menus/assets/js/material-dashboard.js?v=2.1.1 HTTP/1.1" 404 -
INFO:werkzeug:127.0.0.1 - - [07/Dec/2019 23:44:36] "GET /static/assets/css/dashboard-free.css.map HTTP/1.1" 404 -
INFO:werkzeug:127.0.0.1 - - [07/Dec/2019 23:44:38] "GET /menus/searchs HTTP/1.1" 200 -
INFO:werkzeug:127.0.0.1 - - [07/Dec/2019 23:44:38] "GET /static/assets/css/material-dashboard.css?v=2.1.1 HTTP/1.1" 200 -
INFO:werkzeug:127.0.0.1 - - [07/Dec/2019 23:44:38] "GET /static/css/mainpage.css HTTP/1.1" 200 -
INFO:werkzeug:127.0.0.1 - - [07/Dec/2019 23:44:38] "GET /menus/assets/js/core/jquery.min.js HTTP/1.1" 404 -
INFO:werkzeug:127.0.0.1 - - [07/Dec/2019 23:44:38] "GET /menus/assets/js/core/popper.min.js HTTP/1.1" 404 -
INFO:werkzeug:127.0.0.1 - - [07/Dec/2019 23:44:38] "GET /static/css/upload.css HTTP/1.1" 200 -
INFO:werkzeug:127.0.0.1 - - [07/Dec/2019 23:44:38] "GET /menus/assets/js/core/bootstrap-material-design.min.js HTTP/1.1" 404 -
INFO:werkzeug:127.0.0.1 - - [07/Dec/2019 23:44:38] "GET /menus/assets/js/plugins/perfect-scrollbar.jquery.min.js HTTP/1.1" 404 -
INFO:werkzeug:127.0.0.1 - - [07/Dec/2019 23:44:38] "GET /menus/assets/js/plugins/chartist.min.js HTTP/1.1" 404 -
INFO:werkzeug:127.0.0.1 - - [07/Dec/2019 23:44:38] "GET /menus/assets/js/plugins/bootstrap-notify.js HTTP/1.1" 404 -
INFO:werkzeug:127.0.0.1 - - [07/Dec/2019 23:44:38] "GET /menus/assets/js/material-dashboard.js?v=2.1.1 HTTP/1.1" 404 -
INFO:werkzeug:127.0.0.1 - - [07/Dec/2019 23:44:38] "GET /menus/assets/js/core/popper.min.js HTTP/1.1" 404 -
INFO:werkzeug:127.0.0.1 - - [07/Dec/2019 23:44:38] "GET /static/assets/css/dashboard-free.css.map HTTP/1.1" 404 -
INFO:werkzeug:127.0.0.1 - - [07/Dec/2019 23:44:39] "GET /menus/assets/js/core/bootstrap-material-design.min.js HTTP/1.1" 404 -
INFO:werkzeug:127.0.0.1 - - [07/Dec/2019 23:44:39] "GET /menus/assets/js/plugins/perfect-scrollbar.jquery.min.js HTTP/1.1" 404 -
INFO:werkzeug:127.0.0.1 - - [07/Dec/2019 23:44:39] "GET /menus/assets/js/plugins/chartist.min.js HTTP/1.1" 404 -
INFO:werkzeug:127.0.0.1 - - [07/Dec/2019 23:44:39] "GET /menus/assets/js/plugins/bootstrap-notify.js HTTP/1.1" 404 -
INFO:werkzeug:127.0.0.1 - - [07/Dec/2019 23:44:39] "GET /menus/assets/js/material-dashboard.js?v=2.1.1 HTTP/1.1" 404 -
INFO:werkzeug:127.0.0.1 - - [07/Dec/2019 23:44:40] "GET / HTTP/1.1" 200 -
INFO:werkzeug:127.0.0.1 - - [07/Dec/2019 23:44:41] "GET /static/assets/css/material-dashboard.css?v=2.1.1 HTTP/1.1" 200 -
INFO:werkzeug:127.0.0.1 - - [07/Dec/2019 23:44:41] "GET /assets/js/core/jquery.min.js HTTP/1.1" 404 -
INFO:werkzeug:127.0.0.1 - - [07/Dec/2019 23:44:41] "GET /static/css/mainpage.css HTTP/1.1" 200 -
INFO:werkzeug:127.0.0.1 - - [07/Dec/2019 23:44:41] "GET /static/css/upload.css HTTP/1.1" 200 -
INFO:werkzeug:127.0.0.1 - - [07/Dec/2019 23:44:41] "GET /assets/js/core/popper.min.js HTTP/1.1" 404 -
INFO:werkzeug:127.0.0.1 - - [07/Dec/2019 23:44:41] "GET /assets/js/core/bootstrap-material-design.min.js HTTP/1.1" 404 -
INFO:werkzeug:127.0.0.1 - - [07/Dec/2019 23:44:41] "GET /assets/js/plugins/perfect-scrollbar.jquery.min.js HTTP/1.1" 404 -
INFO:werkzeug:127.0.0.1 - - [07/Dec/2019 23:44:41] "GET /assets/js/plugins/chartist.min.js HTTP/1.1" 404 -
INFO:werkzeug:127.0.0.1 - - [07/Dec/2019 23:44:41] "GET /assets/js/plugins/bootstrap-notify.js HTTP/1.1" 404 -
INFO:werkzeug:127.0.0.1 - - [07/Dec/2019 23:44:41] "GET /assets/js/material-dashboard.js?v=2.1.1 HTTP/1.1" 404 -
INFO:werkzeug:127.0.0.1 - - [07/Dec/2019 23:44:41] "GET /assets/js/core/popper.min.js HTTP/1.1" 404 -
INFO:werkzeug:127.0.0.1 - - [07/Dec/2019 23:44:41] "GET /assets/js/core/bootstrap-material-design.min.js HTTP/1.1" 404 -
INFO:werkzeug:127.0.0.1 - - [07/Dec/2019 23:44:42] "GET /assets/js/plugins/perfect-scrollbar.jquery.min.js HTTP/1.1" 404 -
INFO:werkzeug:127.0.0.1 - - [07/Dec/2019 23:44:42] "GET /assets/js/plugins/chartist.min.js HTTP/1.1" 404 -
INFO:werkzeug:127.0.0.1 - - [07/Dec/2019 23:44:42] "GET /assets/js/plugins/bootstrap-notify.js HTTP/1.1" 404 -
INFO:werkzeug:127.0.0.1 - - [07/Dec/2019 23:44:42] "GET /assets/js/material-dashboard.js?v=2.1.1 HTTP/1.1" 404 -
INFO:werkzeug:127.0.0.1 - - [07/Dec/2019 23:44:42] "GET /static/assets/css/dashboard-free.css.map HTTP/1.1" 404 -
INFO:werkzeug:127.0.0.1 - - [07/Dec/2019 23:48:52] "GET /menus/uploads HTTP/1.1" 200 -
INFO:werkzeug:127.0.0.1 - - [07/Dec/2019 23:48:52] "GET /menus/assets/js/core/popper.min.js HTTP/1.1" 404 -
INFO:werkzeug:127.0.0.1 - - [07/Dec/2019 23:48:52] "GET /menus/assets/js/core/jquery.min.js HTTP/1.1" 404 -
INFO:werkzeug:127.0.0.1 - - [07/Dec/2019 23:48:52] "GET /menus/assets/js/core/bootstrap-material-design.min.js HTTP/1.1" 404 -
INFO:werkzeug:127.0.0.1 - - [07/Dec/2019 23:48:52] "GET /menus/assets/js/plugins/perfect-scrollbar.jquery.min.js HTTP/1.1" 404 -
INFO:werkzeug:127.0.0.1 - - [07/Dec/2019 23:48:52] "GET /menus/assets/js/plugins/chartist.min.js HTTP/1.1" 404 -
INFO:werkzeug:127.0.0.1 - - [07/Dec/2019 23:48:52] "GET /menus/assets/js/plugins/bootstrap-notify.js HTTP/1.1" 404 -
INFO:werkzeug:127.0.0.1 - - [07/Dec/2019 23:48:52] "GET /menus/assets/js/material-dashboard.js?v=2.1.1 HTTP/1.1" 404 -
INFO:werkzeug:127.0.0.1 - - [07/Dec/2019 23:48:52] "GET /menus/assets/js/core/popper.min.js HTTP/1.1" 404 -
INFO:werkzeug:127.0.0.1 - - [07/Dec/2019 23:48:53] "GET /menus/assets/js/core/bootstrap-material-design.min.js HTTP/1.1" 404 -
INFO:werkzeug:127.0.0.1 - - [07/Dec/2019 23:48:53] "GET /menus/assets/js/plugins/perfect-scrollbar.jquery.min.js HTTP/1.1" 404 -
INFO:werkzeug:127.0.0.1 - - [07/Dec/2019 23:48:53] "GET /menus/assets/js/plugins/chartist.min.js HTTP/1.1" 404 -
INFO:werkzeug:127.0.0.1 - - [07/Dec/2019 23:48:53] "GET /menus/assets/js/plugins/bootstrap-notify.js HTTP/1.1" 404 -
INFO:werkzeug:127.0.0.1 - - [07/Dec/2019 23:48:53] "GET /menus/assets/js/material-dashboard.js?v=2.1.1 HTTP/1.1" 404 -
INFO:werkzeug:127.0.0.1 - - [07/Dec/2019 23:48:58] "GET /menus/images HTTP/1.1" 200 -
INFO:werkzeug:127.0.0.1 - - [07/Dec/2019 23:48:58] "GET /menus/assets/js/core/jquery.min.js HTTP/1.1" 404 -
INFO:werkzeug:127.0.0.1 - - [07/Dec/2019 23:48:58] "GET /menus/assets/js/core/popper.min.js HTTP/1.1" 404 -
INFO:werkzeug:127.0.0.1 - - [07/Dec/2019 23:48:58] "GET /menus/assets/js/core/bootstrap-material-design.min.js HTTP/1.1" 404 -
INFO:werkzeug:127.0.0.1 - - [07/Dec/2019 23:48:58] "GET /menus/assets/js/plugins/perfect-scrollbar.jquery.min.js HTTP/1.1" 404 -
INFO:werkzeug:127.0.0.1 - - [07/Dec/2019 23:48:58] "GET /menus/assets/js/plugins/chartist.min.js HTTP/1.1" 404 -
INFO:werkzeug:127.0.0.1 - - [07/Dec/2019 23:48:58] "GET /menus/assets/js/plugins/bootstrap-notify.js HTTP/1.1" 404 -
INFO:werkzeug:127.0.0.1 - - [07/Dec/2019 23:48:58] "GET /menus/assets/js/material-dashboard.js?v=2.1.1 HTTP/1.1" 404 -
INFO:werkzeug:127.0.0.1 - - [07/Dec/2019 23:49:00] "GET / HTTP/1.1" 200 -
INFO:werkzeug:127.0.0.1 - - [07/Dec/2019 23:49:00] "GET /assets/js/core/jquery.min.js HTTP/1.1" 404 -
INFO:werkzeug:127.0.0.1 - - [07/Dec/2019 23:49:01] "GET /assets/js/core/popper.min.js HTTP/1.1" 404 -
INFO:werkzeug:127.0.0.1 - - [07/Dec/2019 23:49:01] "GET /assets/js/core/bootstrap-material-design.min.js HTTP/1.1" 404 -
INFO:werkzeug:127.0.0.1 - - [07/Dec/2019 23:49:01] "GET /assets/js/plugins/perfect-scrollbar.jquery.min.js HTTP/1.1" 404 -
INFO:werkzeug:127.0.0.1 - - [07/Dec/2019 23:49:01] "GET /assets/js/plugins/chartist.min.js HTTP/1.1" 404 -
INFO:werkzeug:127.0.0.1 - - [07/Dec/2019 23:49:01] "GET /assets/js/material-dashboard.js?v=2.1.1 HTTP/1.1" 404 -
INFO:werkzeug:127.0.0.1 - - [07/Dec/2019 23:49:01] "GET /assets/js/plugins/bootstrap-notify.js HTTP/1.1" 404 -
INFO:werkzeug:127.0.0.1 - - [07/Dec/2019 23:49:01] "GET /assets/js/material-dashboard.js?v=2.1.1 HTTP/1.1" 404 -
INFO:werkzeug: * Detected change in 'C:\\Users\\ARTALL\\Desktop\\web_service_2 쌔거\\views\\menus.py', reloading
INFO:werkzeug: * Restarting with stat
WARNING:werkzeug: * Debugger is active!
INFO:werkzeug: * Debugger PIN: 791-056-875
INFO:werkzeug: * Running on http://localhost:8080/ (Press CTRL+C to quit)
INFO:werkzeug:127.0.0.1 - - [07/Dec/2019 23:57:31] "GET / HTTP/1.1" 200 -
INFO:werkzeug:127.0.0.1 - - [07/Dec/2019 23:57:31] "GET /assets/js/core/jquery.min.js HTTP/1.1" 404 -
INFO:werkzeug:127.0.0.1 - - [07/Dec/2019 23:57:31] "GET /assets/js/core/popper.min.js HTTP/1.1" 404 -
INFO:werkzeug:127.0.0.1 - - [07/Dec/2019 23:57:32] "GET /assets/js/core/bootstrap-material-design.min.js HTTP/1.1" 404 -
INFO:werkzeug:127.0.0.1 - - [07/Dec/2019 23:57:32] "GET /assets/js/plugins/perfect-scrollbar.jquery.min.js HTTP/1.1" 404 -
INFO:werkzeug:127.0.0.1 - - [07/Dec/2019 23:57:32] "GET /assets/js/plugins/chartist.min.js HTTP/1.1" 404 -
INFO:werkzeug:127.0.0.1 - - [07/Dec/2019 23:57:32] "GET /assets/js/plugins/bootstrap-notify.js HTTP/1.1" 404 -
INFO:werkzeug:127.0.0.1 - - [07/Dec/2019 23:57:32] "GET /assets/js/material-dashboard.js?v=2.1.1 HTTP/1.1" 404 -
INFO:werkzeug:127.0.0.1 - - [07/Dec/2019 23:57:34] "GET /auth/login HTTP/1.1" 200 -
INFO:werkzeug:127.0.0.1 - - [07/Dec/2019 23:57:34] "GET /auth/assets/js/core/jquery.min.js HTTP/1.1" 404 -
INFO:werkzeug:127.0.0.1 - - [07/Dec/2019 23:57:34] "GET /auth/assets/js/core/popper.min.js HTTP/1.1" 404 -
INFO:werkzeug:127.0.0.1 - - [07/Dec/2019 23:57:34] "GET /auth/assets/js/core/bootstrap-material-design.min.js HTTP/1.1" 404 -
INFO:werkzeug:127.0.0.1 - - [07/Dec/2019 23:57:34] "GET /auth/assets/js/plugins/perfect-scrollbar.jquery.min.js HTTP/1.1" 404 -
INFO:werkzeug:127.0.0.1 - - [07/Dec/2019 23:57:34] "GET /auth/assets/js/plugins/chartist.min.js HTTP/1.1" 404 -
INFO:werkzeug:127.0.0.1 - - [07/Dec/2019 23:57:34] "GET /auth/assets/js/plugins/bootstrap-notify.js HTTP/1.1" 404 -
INFO:werkzeug:127.0.0.1 - - [07/Dec/2019 23:57:34] "GET /auth/assets/js/material-dashboard.js?v=2.1.1 HTTP/1.1" 404 -
INFO:werkzeug:127.0.0.1 - - [07/Dec/2019 23:57:37] "GET /auth/kakao_oauth_redirect?code=nOvwvDWP0K1hQ44mBRxj6yFp-irXOexBfJzq0_H2f5PvNK3T9WjoZU5Yk_4UvYPlEzGskQorDKYAAAFu4N25Lw HTTP/1.1" 302 -
INFO:werkzeug:127.0.0.1 - - [07/Dec/2019 23:57:37] "GET /auth/login HTTP/1.1" 200 -
INFO:werkzeug:127.0.0.1 - - [07/Dec/2019 23:57:37] "GET /auth/assets/js/core/bootstrap-material-design.min.js HTTP/1.1" 404 -
INFO:werkzeug:127.0.0.1 - - [07/Dec/2019 23:57:37] "GET /auth/assets/js/core/jquery.min.js HTTP/1.1" 404 -
INFO:werkzeug:127.0.0.1 - - [07/Dec/2019 23:57:37] "GET /auth/assets/js/core/popper.min.js HTTP/1.1" 404 -
INFO:werkzeug:127.0.0.1 - - [07/Dec/2019 23:57:37] "GET /auth/assets/js/plugins/perfect-scrollbar.jquery.min.js HTTP/1.1" 404 -
INFO:werkzeug:127.0.0.1 - - [07/Dec/2019 23:57:37] "GET /auth/assets/js/plugins/chartist.min.js HTTP/1.1" 404 -
INFO:werkzeug:127.0.0.1 - - [07/Dec/2019 23:57:37] "GET /auth/assets/js/plugins/bootstrap-notify.js HTTP/1.1" 404 -
INFO:werkzeug:127.0.0.1 - - [07/Dec/2019 23:57:38] "GET /auth/assets/js/material-dashboard.js?v=2.1.1 HTTP/1.1" 404 -
INFO:werkzeug:127.0.0.1 - - [07/Dec/2019 23:57:38] "GET /auth/assets/js/core/bootstrap-material-design.min.js HTTP/1.1" 404 -
INFO:werkzeug:127.0.0.1 - - [07/Dec/2019 23:57:38] "GET /auth/assets/js/plugins/perfect-scrollbar.jquery.min.js HTTP/1.1" 404 -
INFO:werkzeug:127.0.0.1 - - [07/Dec/2019 23:57:38] "GET /auth/assets/js/plugins/chartist.min.js HTTP/1.1" 404 -
INFO:werkzeug:127.0.0.1 - - [07/Dec/2019 23:57:38] "GET /auth/assets/js/plugins/bootstrap-notify.js HTTP/1.1" 404 -
INFO:werkzeug:127.0.0.1 - - [07/Dec/2019 23:57:39] "GET /auth/assets/js/material-dashboard.js?v=2.1.1 HTTP/1.1" 404 -
INFO:werkzeug:127.0.0.1 - - [07/Dec/2019 23:57:54] "POST /auth/login HTTP/1.1" 302 -
INFO:werkzeug:127.0.0.1 - - [07/Dec/2019 23:57:54] "GET / HTTP/1.1" 200 -
INFO:werkzeug:127.0.0.1 - - [07/Dec/2019 23:57:54] "GET /assets/js/core/jquery.min.js HTTP/1.1" 404 -
INFO:werkzeug:127.0.0.1 - - [07/Dec/2019 23:57:54] "GET /assets/js/plugins/perfect-scrollbar.jquery.min.js HTTP/1.1" 404 -
INFO:werkzeug:127.0.0.1 - - [07/Dec/2019 23:57:54] "GET /assets/js/core/popper.min.js HTTP/1.1" 404 -
INFO:werkzeug:127.0.0.1 - - [07/Dec/2019 23:57:54] "GET /assets/js/core/bootstrap-material-design.min.js HTTP/1.1" 404 -
INFO:werkzeug:127.0.0.1 - - [07/Dec/2019 23:57:54] "GET /assets/js/plugins/chartist.min.js HTTP/1.1" 404 -
INFO:werkzeug:127.0.0.1 - - [07/Dec/2019 23:57:54] "GET /assets/js/plugins/bootstrap-notify.js HTTP/1.1" 404 -
INFO:werkzeug:127.0.0.1 - - [07/Dec/2019 23:57:54] "GET /assets/js/material-dashboard.js?v=2.1.1 HTTP/1.1" 404 -
INFO:werkzeug:127.0.0.1 - - [07/Dec/2019 23:57:55] "GET /assets/js/plugins/perfect-scrollbar.jquery.min.js HTTP/1.1" 404 -
INFO:werkzeug:127.0.0.1 - - [07/Dec/2019 23:57:55] "GET /assets/js/plugins/chartist.min.js HTTP/1.1" 404 -
INFO:werkzeug:127.0.0.1 - - [07/Dec/2019 23:57:55] "GET /assets/js/plugins/bootstrap-notify.js HTTP/1.1" 404 -
INFO:werkzeug:127.0.0.1 - - [07/Dec/2019 23:57:55] "GET /assets/js/material-dashboard.js?v=2.1.1 HTTP/1.1" 404 -
INFO:werkzeug:127.0.0.1 - - [07/Dec/2019 23:58:17] "GET / HTTP/1.1" 200 -
INFO:werkzeug:127.0.0.1 - - [07/Dec/2019 23:58:17] "GET /assets/js/core/jquery.min.js HTTP/1.1" 404 -
INFO:werkzeug:127.0.0.1 - - [07/Dec/2019 23:58:17] "GET /assets/js/core/popper.min.js HTTP/1.1" 404 -
INFO:werkzeug:127.0.0.1 - - [07/Dec/2019 23:58:17] "GET /assets/js/plugins/perfect-scrollbar.jquery.min.js HTTP/1.1" 404 -
INFO:werkzeug:127.0.0.1 - - [07/Dec/2019 23:58:17] "GET /assets/js/core/bootstrap-material-design.min.js HTTP/1.1" 404 -
INFO:werkzeug:127.0.0.1 - - [07/Dec/2019 23:58:17] "GET /assets/js/plugins/chartist.min.js HTTP/1.1" 404 -
INFO:werkzeug:127.0.0.1 - - [07/Dec/2019 23:58:17] "GET /assets/js/plugins/bootstrap-notify.js HTTP/1.1" 404 -
INFO:werkzeug:127.0.0.1 - - [07/Dec/2019 23:58:17] "GET /assets/js/material-dashboard.js?v=2.1.1 HTTP/1.1" 404 -
INFO:werkzeug:127.0.0.1 - - [07/Dec/2019 23:58:18] "GET /assets/js/plugins/perfect-scrollbar.jquery.min.js HTTP/1.1" 404 -
INFO:werkzeug:127.0.0.1 - - [07/Dec/2019 23:58:18] "GET /assets/js/plugins/chartist.min.js HTTP/1.1" 404 -
INFO:werkzeug:127.0.0.1 - - [07/Dec/2019 23:58:18] "GET /assets/js/plugins/bootstrap-notify.js HTTP/1.1" 404 -
INFO:werkzeug:127.0.0.1 - - [07/Dec/2019 23:58:18] "GET /assets/js/material-dashboard.js?v=2.1.1 HTTP/1.1" 404 -
INFO:werkzeug:127.0.0.1 - - [07/Dec/2019 23:58:22] "GET /menus/images HTTP/1.1" 200 -
INFO:werkzeug:127.0.0.1 - - [07/Dec/2019 23:58:22] "GET /menus/assets/js/core/jquery.min.js HTTP/1.1" 404 -
INFO:werkzeug:127.0.0.1 - - [07/Dec/2019 23:58:22] "GET /menus/assets/js/core/popper.min.js HTTP/1.1" 404 -
INFO:werkzeug:127.0.0.1 - - [07/Dec/2019 23:58:22] "GET /menus/assets/js/core/bootstrap-material-design.min.js HTTP/1.1" 404 -
INFO:werkzeug:127.0.0.1 - - [07/Dec/2019 23:58:22] "GET /menus/assets/js/plugins/perfect-scrollbar.jquery.min.js HTTP/1.1" 404 -
INFO:werkzeug:127.0.0.1 - - [07/Dec/2019 23:58:22] "GET /menus/assets/js/plugins/chartist.min.js HTTP/1.1" 404 -
INFO:werkzeug:127.0.0.1 - - [07/Dec/2019 23:58:22] "GET /menus/assets/js/plugins/bootstrap-notify.js HTTP/1.1" 404 -
INFO:werkzeug:127.0.0.1 - - [07/Dec/2019 23:58:22] "GET /menus/assets/js/material-dashboard.js?v=2.1.1 HTTP/1.1" 404 -
INFO:werkzeug:127.0.0.1 - - [07/Dec/2019 23:58:23] "GET /menus/books HTTP/1.1" 200 -
INFO:werkzeug:127.0.0.1 - - [07/Dec/2019 23:58:23] "GET /menus/assets/js/core/popper.min.js HTTP/1.1" 404 -
INFO:werkzeug:127.0.0.1 - - [07/Dec/2019 23:58:23] "GET /menus/assets/js/core/bootstrap-material-design.min.js HTTP/1.1" 404 -
INFO:werkzeug:127.0.0.1 - - [07/Dec/2019 23:58:23] "GET /menus/assets/js/material-dashboard.js?v=2.1.1 HTTP/1.1" 404 -
INFO:werkzeug:127.0.0.1 - - [07/Dec/2019 23:58:23] "GET /menus/assets/js/plugins/perfect-scrollbar.jquery.min.js HTTP/1.1" 404 -
INFO:werkzeug:127.0.0.1 - - [07/Dec/2019 23:58:23] "GET /menus/assets/js/core/jquery.min.js HTTP/1.1" 404 -
INFO:werkzeug:127.0.0.1 - - [07/Dec/2019 23:58:23] "GET /menus/assets/js/plugins/chartist.min.js HTTP/1.1" 404 -
INFO:werkzeug:127.0.0.1 - - [07/Dec/2019 23:58:23] "GET /menus/assets/js/plugins/bootstrap-notify.js HTTP/1.1" 404 -
INFO:werkzeug:127.0.0.1 - - [07/Dec/2019 23:58:24] "GET /menus/assets/js/core/popper.min.js HTTP/1.1" 404 -
INFO:werkzeug:127.0.0.1 - - [07/Dec/2019 23:58:24] "GET /menus/assets/js/core/bootstrap-material-design.min.js HTTP/1.1" 404 -
INFO:werkzeug:127.0.0.1 - - [07/Dec/2019 23:58:24] "GET /menus/assets/js/plugins/perfect-scrollbar.jquery.min.js HTTP/1.1" 404 -
INFO:werkzeug:127.0.0.1 - - [07/Dec/2019 23:58:24] "GET /menus/assets/js/plugins/chartist.min.js HTTP/1.1" 404 -
INFO:werkzeug:127.0.0.1 - - [07/Dec/2019 23:58:24] "GET /menus/assets/js/plugins/bootstrap-notify.js HTTP/1.1" 404 -
INFO:werkzeug:127.0.0.1 - - [07/Dec/2019 23:58:25] "GET /menus/assets/js/material-dashboard.js?v=2.1.1 HTTP/1.1" 404 -
INFO:werkzeug:127.0.0.1 - - [07/Dec/2019 23:58:25] "GET /menus/searchs HTTP/1.1" 200 -
INFO:werkzeug:127.0.0.1 - - [07/Dec/2019 23:58:26] "GET /menus/assets/js/core/jquery.min.js HTTP/1.1" 404 -
INFO:werkzeug:127.0.0.1 - - [07/Dec/2019 23:58:26] "GET /menus/assets/js/core/popper.min.js HTTP/1.1" 404 -
INFO:werkzeug:127.0.0.1 - - [07/Dec/2019 23:58:26] "GET /menus/assets/js/core/bootstrap-material-design.min.js HTTP/1.1" 404 -
INFO:werkzeug:127.0.0.1 - - [07/Dec/2019 23:58:26] "GET /menus/assets/js/plugins/perfect-scrollbar.jquery.min.js HTTP/1.1" 404 -
INFO:werkzeug:127.0.0.1 - - [07/Dec/2019 23:58:26] "GET /menus/assets/js/plugins/chartist.min.js HTTP/1.1" 404 -
INFO:werkzeug:127.0.0.1 - - [07/Dec/2019 23:58:26] "GET /menus/assets/js/plugins/bootstrap-notify.js HTTP/1.1" 404 -
INFO:werkzeug:127.0.0.1 - - [07/Dec/2019 23:58:26] "GET /menus/assets/js/material-dashboard.js?v=2.1.1 HTTP/1.1" 404 -
INFO:werkzeug:127.0.0.1 - - [07/Dec/2019 23:58:26] "GET /menus/assets/js/plugins/chartist.min.js HTTP/1.1" 404 -
INFO:werkzeug:127.0.0.1 - - [07/Dec/2019 23:58:26] "GET /menus/assets/js/plugins/bootstrap-notify.js HTTP/1.1" 404 -
INFO:werkzeug:127.0.0.1 - - [07/Dec/2019 23:58:26] "GET /menus/assets/js/material-dashboard.js?v=2.1.1 HTTP/1.1" 404 -
INFO:werkzeug:127.0.0.1 - - [07/Dec/2019 23:58:27] "GET /menus/uploads HTTP/1.1" 200 -
INFO:werkzeug:127.0.0.1 - - [07/Dec/2019 23:58:28] "GET /menus/assets/js/core/popper.min.js HTTP/1.1" 404 -
INFO:werkzeug:127.0.0.1 - - [07/Dec/2019 23:58:28] "GET /menus/assets/js/plugins/chartist.min.js HTTP/1.1" 404 -
INFO:werkzeug:127.0.0.1 - - [07/Dec/2019 23:58:28] "GET /menus/assets/js/core/jquery.min.js HTTP/1.1" 404 -
INFO:werkzeug:127.0.0.1 - - [07/Dec/2019 23:58:28] "GET /menus/assets/js/core/bootstrap-material-design.min.js HTTP/1.1" 404 -
INFO:werkzeug:127.0.0.1 - - [07/Dec/2019 23:58:28] "GET /menus/assets/js/plugins/perfect-scrollbar.jquery.min.js HTTP/1.1" 404 -
INFO:werkzeug:127.0.0.1 - - [07/Dec/2019 23:58:28] "GET /menus/assets/js/plugins/bootstrap-notify.js HTTP/1.1" 404 -
INFO:werkzeug:127.0.0.1 - - [07/Dec/2019 23:58:28] "GET /menus/assets/js/material-dashboard.js?v=2.1.1 HTTP/1.1" 404 -
INFO:werkzeug:127.0.0.1 - - [07/Dec/2019 23:58:28] "GET /menus/assets/js/core/popper.min.js HTTP/1.1" 404 -
INFO:werkzeug:127.0.0.1 - - [07/Dec/2019 23:58:28] "GET /menus/assets/js/core/bootstrap-material-design.min.js HTTP/1.1" 404 -
INFO:werkzeug:127.0.0.1 - - [07/Dec/2019 23:58:29] "GET /menus/assets/js/plugins/perfect-scrollbar.jquery.min.js HTTP/1.1" 404 -
INFO:werkzeug:127.0.0.1 - - [07/Dec/2019 23:58:29] "GET /menus/assets/js/plugins/chartist.min.js HTTP/1.1" 404 -
INFO:werkzeug:127.0.0.1 - - [07/Dec/2019 23:58:29] "GET /menus/assets/js/plugins/bootstrap-notify.js HTTP/1.1" 404 -
INFO:werkzeug:127.0.0.1 - - [07/Dec/2019 23:58:29] "GET /menus/assets/js/material-dashboard.js?v=2.1.1 HTTP/1.1" 404 -
INFO:werkzeug:127.0.0.1 - - [07/Dec/2019 23:58:30] "GET / HTTP/1.1" 200 -
INFO:werkzeug:127.0.0.1 - - [07/Dec/2019 23:58:30] "GET /assets/js/core/jquery.min.js HTTP/1.1" 404 -
INFO:werkzeug:127.0.0.1 - - [07/Dec/2019 23:58:30] "GET /assets/js/core/popper.min.js HTTP/1.1" 404 -
INFO:werkzeug:127.0.0.1 - - [07/Dec/2019 23:58:30] "GET /assets/js/core/bootstrap-material-design.min.js HTTP/1.1" 404 -
INFO:werkzeug:127.0.0.1 - - [07/Dec/2019 23:58:30] "GET /assets/js/plugins/perfect-scrollbar.jquery.min.js HTTP/1.1" 404 -
INFO:werkzeug:127.0.0.1 - - [07/Dec/2019 23:58:30] "GET /assets/js/plugins/chartist.min.js HTTP/1.1" 404 -
INFO:werkzeug:127.0.0.1 - - [07/Dec/2019 23:58:30] "GET /assets/js/plugins/bootstrap-notify.js HTTP/1.1" 404 -
INFO:werkzeug:127.0.0.1 - - [07/Dec/2019 23:58:30] "GET /assets/js/material-dashboard.js?v=2.1.1 HTTP/1.1" 404 -
INFO:werkzeug:127.0.0.1 - - [08/Dec/2019 00:00:07] "GET /sports HTTP/1.1" 404 -
INFO:werkzeug:127.0.0.1 - - [08/Dec/2019 00:00:09] "GET /assets/js/core/popper.min.js HTTP/1.1" 404 -
INFO:werkzeug:127.0.0.1 - - [08/Dec/2019 00:00:09] "GET /assets/js/core/bootstrap-material-design.min.js HTTP/1.1" 404 -
INFO:werkzeug:127.0.0.1 - - [08/Dec/2019 00:00:10] "GET /assets/js/plugins/perfect-scrollbar.jquery.min.js HTTP/1.1" 404 -
INFO:werkzeug:127.0.0.1 - - [08/Dec/2019 00:00:10] "GET /assets/js/plugins/chartist.min.js HTTP/1.1" 404 -
INFO:werkzeug:127.0.0.1 - - [08/Dec/2019 00:00:10] "GET /assets/js/plugins/bootstrap-notify.js HTTP/1.1" 404 -
INFO:werkzeug:127.0.0.1 - - [08/Dec/2019 00:00:15] "GET /menus/books HTTP/1.1" 200 -
INFO:werkzeug:127.0.0.1 - - [08/Dec/2019 00:00:15] "GET /menus/assets/js/core/jquery.min.js HTTP/1.1" 404 -
INFO:werkzeug:127.0.0.1 - - [08/Dec/2019 00:00:15] "GET /menus/assets/js/material-dashboard.js?v=2.1.1 HTTP/1.1" 404 -
INFO:werkzeug:127.0.0.1 - - [08/Dec/2019 00:00:15] "GET /menus/assets/js/core/popper.min.js HTTP/1.1" 404 -
INFO:werkzeug:127.0.0.1 - - [08/Dec/2019 00:00:15] "GET /menus/assets/js/plugins/perfect-scrollbar.jquery.min.js HTTP/1.1" 404 -
INFO:werkzeug:127.0.0.1 - - [08/Dec/2019 00:00:15] "GET /menus/assets/js/core/bootstrap-material-design.min.js HTTP/1.1" 404 -
INFO:werkzeug:127.0.0.1 - - [08/Dec/2019 00:00:15] "GET /menus/assets/js/plugins/chartist.min.js HTTP/1.1" 404 -
INFO:werkzeug:127.0.0.1 - - [08/Dec/2019 00:00:15] "GET /menus/assets/js/plugins/bootstrap-notify.js HTTP/1.1" 404 -
INFO:werkzeug:127.0.0.1 - - [08/Dec/2019 00:00:16] "GET /menus/assets/js/plugins/perfect-scrollbar.jquery.min.js HTTP/1.1" 404 -
INFO:werkzeug:127.0.0.1 - - [08/Dec/2019 00:00:16] "GET /menus/assets/js/plugins/chartist.min.js HTTP/1.1" 404 -
INFO:werkzeug:127.0.0.1 - - [08/Dec/2019 00:00:16] "GET /menus/assets/js/plugins/bootstrap-notify.js HTTP/1.1" 404 -
INFO:werkzeug:127.0.0.1 - - [08/Dec/2019 00:00:16] "GET /menus/assets/js/material-dashboard.js?v=2.1.1 HTTP/1.1" 404 -
INFO:werkzeug:127.0.0.1 - - [08/Dec/2019 00:00:17] "GET /menus/images HTTP/1.1" 200 -
INFO:werkzeug:127.0.0.1 - - [08/Dec/2019 00:00:17] "GET /menus/assets/js/core/jquery.min.js HTTP/1.1" 404 -
INFO:werkzeug:127.0.0.1 - - [08/Dec/2019 00:00:18] "GET /menus/assets/js/core/bootstrap-material-design.min.js HTTP/1.1" 404 -
INFO:werkzeug:127.0.0.1 - - [08/Dec/2019 00:00:18] "GET /menus/assets/js/core/popper.min.js HTTP/1.1" 404 -
INFO:werkzeug:127.0.0.1 - - [08/Dec/2019 00:00:18] "GET /menus/assets/js/plugins/perfect-scrollbar.jquery.min.js HTTP/1.1" 404 -
INFO:werkzeug:127.0.0.1 - - [08/Dec/2019 00:00:18] "GET /menus/assets/js/plugins/chartist.min.js HTTP/1.1" 404 -
INFO:werkzeug:127.0.0.1 - - [08/Dec/2019 00:00:18] "GET /menus/assets/js/plugins/bootstrap-notify.js HTTP/1.1" 404 -
INFO:werkzeug:127.0.0.1 - - [08/Dec/2019 00:00:18] "GET /menus/assets/js/material-dashboard.js?v=2.1.1 HTTP/1.1" 404 -
INFO:werkzeug:127.0.0.1 - - [08/Dec/2019 00:00:18] "GET /menus/assets/js/core/bootstrap-material-design.min.js HTTP/1.1" 404 -
INFO:werkzeug:127.0.0.1 - - [08/Dec/2019 00:00:18] "GET /menus/assets/js/plugins/perfect-scrollbar.jquery.min.js HTTP/1.1" 404 -
INFO:werkzeug:127.0.0.1 - - [08/Dec/2019 00:00:19] "GET /menus/assets/js/plugins/chartist.min.js HTTP/1.1" 404 -
INFO:werkzeug:127.0.0.1 - - [08/Dec/2019 00:00:19] "GET /menus/assets/js/plugins/bootstrap-notify.js HTTP/1.1" 404 -
INFO:werkzeug:127.0.0.1 - - [08/Dec/2019 00:00:19] "GET /menus/assets/js/material-dashboard.js?v=2.1.1 HTTP/1.1" 404 -
INFO:werkzeug:127.0.0.1 - - [08/Dec/2019 00:00:20] "GET / HTTP/1.1" 200 -
INFO:werkzeug:127.0.0.1 - - [08/Dec/2019 00:00:20] "GET /assets/js/core/jquery.min.js HTTP/1.1" 404 -
INFO:werkzeug:127.0.0.1 - - [08/Dec/2019 00:00:20] "GET /assets/js/core/popper.min.js HTTP/1.1" 404 -
INFO:werkzeug:127.0.0.1 - - [08/Dec/2019 00:00:20] "GET /assets/js/plugins/perfect-scrollbar.jquery.min.js HTTP/1.1" 404 -
INFO:werkzeug:127.0.0.1 - - [08/Dec/2019 00:00:20] "GET /assets/js/core/bootstrap-material-design.min.js HTTP/1.1" 404 -
INFO:werkzeug:127.0.0.1 - - [08/Dec/2019 00:00:20] "GET /assets/js/plugins/chartist.min.js HTTP/1.1" 404 -
INFO:werkzeug:127.0.0.1 - - [08/Dec/2019 00:00:20] "GET /assets/js/plugins/bootstrap-notify.js HTTP/1.1" 404 -
INFO:werkzeug:127.0.0.1 - - [08/Dec/2019 00:00:20] "GET /assets/js/material-dashboard.js?v=2.1.1 HTTP/1.1" 404 -
INFO:werkzeug:127.0.0.1 - - [08/Dec/2019 00:00:20] "GET /assets/js/plugins/perfect-scrollbar.jquery.min.js HTTP/1.1" 404 -
INFO:werkzeug:127.0.0.1 - - [08/Dec/2019 00:00:21] "GET /assets/js/plugins/chartist.min.js HTTP/1.1" 404 -
INFO:werkzeug:127.0.0.1 - - [08/Dec/2019 00:00:21] "GET /assets/js/plugins/bootstrap-notify.js HTTP/1.1" 404 -
INFO:werkzeug:127.0.0.1 - - [08/Dec/2019 00:00:21] "GET /assets/js/material-dashboard.js?v=2.1.1 HTTP/1.1" 404 -
INFO:werkzeug:127.0.0.1 - - [08/Dec/2019 00:00:29] "GET /menus/sports HTTP/1.1" 200 -
INFO:werkzeug:127.0.0.1 - - [08/Dec/2019 00:00:32] "GET /assets/js/core/bootstrap-material-design.min.js HTTP/1.1" 404 -
INFO:werkzeug:127.0.0.1 - - [08/Dec/2019 00:00:38] "GET /menus/img HTTP/1.1" 200 -
INFO:werkzeug:127.0.0.1 - - [08/Dec/2019 00:01:06] "GET /menus/img HTTP/1.1" 200 -
INFO:werkzeug:127.0.0.1 - - [08/Dec/2019 00:01:06] "GET /menus/assets/js/core/popper.min.js HTTP/1.1" 404 -
INFO:werkzeug:127.0.0.1 - - [08/Dec/2019 00:01:06] "GET /menus/assets/js/core/jquery.min.js HTTP/1.1" 404 -
INFO:werkzeug:127.0.0.1 - - [08/Dec/2019 00:01:06] "GET /menus/assets/js/core/bootstrap-material-design.min.js HTTP/1.1" 404 -
INFO:werkzeug:127.0.0.1 - - [08/Dec/2019 00:01:06] "GET /menus/assets/js/plugins/perfect-scrollbar.jquery.min.js HTTP/1.1" 404 -
INFO:werkzeug:127.0.0.1 - - [08/Dec/2019 00:01:06] "GET /menus/assets/js/plugins/chartist.min.js HTTP/1.1" 404 -
INFO:werkzeug:127.0.0.1 - - [08/Dec/2019 00:01:06] "GET /menus/assets/js/plugins/bootstrap-notify.js HTTP/1.1" 404 -
INFO:werkzeug:127.0.0.1 - - [08/Dec/2019 00:01:06] "GET /menus/assets/js/material-dashboard.js?v=2.1.1 HTTP/1.1" 404 -
INFO:werkzeug:127.0.0.1 - - [08/Dec/2019 00:01:06] "GET /menus/assets/js/core/popper.min.js HTTP/1.1" 404 -
INFO:werkzeug:127.0.0.1 - - [08/Dec/2019 00:01:07] "GET /menus/assets/js/core/bootstrap-material-design.min.js HTTP/1.1" 404 -
INFO:werkzeug:127.0.0.1 - - [08/Dec/2019 00:01:07] "GET /menus/assets/js/plugins/perfect-scrollbar.jquery.min.js HTTP/1.1" 404 -
INFO:werkzeug:127.0.0.1 - - [08/Dec/2019 00:01:07] "GET /menus/assets/js/plugins/chartist.min.js HTTP/1.1" 404 -
INFO:werkzeug:127.0.0.1 - - [08/Dec/2019 00:01:07] "GET /menus/assets/js/plugins/bootstrap-notify.js HTTP/1.1" 404 -
INFO:werkzeug:127.0.0.1 - - [08/Dec/2019 00:01:07] "GET /menus/assets/js/material-dashboard.js?v=2.1.1 HTTP/1.1" 404 -
INFO:werkzeug: * Detected change in 'C:\\Users\\ARTALL\\Desktop\\web_service_2 쌔거\\views\\menus.py', reloading
INFO:werkzeug: * Restarting with stat
WARNING:werkzeug: * Debugger is active!
INFO:werkzeug: * Debugger PIN: 791-056-875
INFO:werkzeug: * Running on http://localhost:8080/ (Press CTRL+C to quit)
INFO:werkzeug:127.0.0.1 - - [08/Dec/2019 00:02:25] "GET / HTTP/1.1" 200 -
INFO:werkzeug:127.0.0.1 - - [08/Dec/2019 00:02:25] "GET /assets/js/core/popper.min.js HTTP/1.1" 404 -
INFO:werkzeug:127.0.0.1 - - [08/Dec/2019 00:02:25] "GET /assets/js/core/jquery.min.js HTTP/1.1" 404 -
INFO:werkzeug:127.0.0.1 - - [08/Dec/2019 00:02:25] "GET /assets/js/core/bootstrap-material-design.min.js HTTP/1.1" 404 -
INFO:werkzeug:127.0.0.1 - - [08/Dec/2019 00:02:25] "GET /assets/js/plugins/perfect-scrollbar.jquery.min.js HTTP/1.1" 404 -
INFO:werkzeug:127.0.0.1 - - [08/Dec/2019 00:02:25] "GET /assets/js/plugins/chartist.min.js HTTP/1.1" 404 -
INFO:werkzeug:127.0.0.1 - - [08/Dec/2019 00:02:25] "GET /assets/js/plugins/bootstrap-notify.js HTTP/1.1" 404 -
INFO:werkzeug:127.0.0.1 - - [08/Dec/2019 00:02:25] "GET /assets/js/material-dashboard.js?v=2.1.1 HTTP/1.1" 404 -
INFO:werkzeug:127.0.0.1 - - [08/Dec/2019 00:02:25] "GET /assets/js/core/popper.min.js HTTP/1.1" 404 -
INFO:werkzeug:127.0.0.1 - - [08/Dec/2019 00:02:25] "GET /assets/js/core/bootstrap-material-design.min.js HTTP/1.1" 404 -
INFO:werkzeug:127.0.0.1 - - [08/Dec/2019 00:02:26] "GET /assets/js/plugins/perfect-scrollbar.jquery.min.js HTTP/1.1" 404 -
INFO:werkzeug:127.0.0.1 - - [08/Dec/2019 00:02:26] "GET /assets/js/plugins/chartist.min.js HTTP/1.1" 404 -
INFO:werkzeug:127.0.0.1 - - [08/Dec/2019 00:02:26] "GET /assets/js/plugins/bootstrap-notify.js HTTP/1.1" 404 -
INFO:werkzeug:127.0.0.1 - - [08/Dec/2019 00:02:26] "GET /assets/js/material-dashboard.js?v=2.1.1 HTTP/1.1" 404 -
INFO:werkzeug:127.0.0.1 - - [08/Dec/2019 00:02:27] "GET /menus/images HTTP/1.1" 200 -
INFO:werkzeug:127.0.0.1 - - [08/Dec/2019 00:02:27] "GET /menus/assets/js/core/jquery.min.js HTTP/1.1" 404 -
INFO:werkzeug:127.0.0.1 - - [08/Dec/2019 00:02:28] "GET /menus/assets/js/core/popper.min.js HTTP/1.1" 404 -
INFO:werkzeug:127.0.0.1 - - [08/Dec/2019 00:02:28] "GET /menus/assets/js/core/bootstrap-material-design.min.js HTTP/1.1" 404 -
INFO:werkzeug:127.0.0.1 - - [08/Dec/2019 00:02:28] "GET /menus/assets/js/plugins/perfect-scrollbar.jquery.min.js HTTP/1.1" 404 -
INFO:werkzeug:127.0.0.1 - - [08/Dec/2019 00:02:28] "GET /menus/assets/js/plugins/chartist.min.js HTTP/1.1" 404 -
INFO:werkzeug:127.0.0.1 - - [08/Dec/2019 00:02:28] "GET /menus/assets/js/plugins/bootstrap-notify.js HTTP/1.1" 404 -
INFO:werkzeug:127.0.0.1 - - [08/Dec/2019 00:02:28] "GET /menus/assets/js/material-dashboard.js?v=2.1.1 HTTP/1.1" 404 -
INFO:werkzeug:127.0.0.1 - - [08/Dec/2019 00:02:29] "GET /menus/books HTTP/1.1" 200 -
INFO:werkzeug:127.0.0.1 - - [08/Dec/2019 00:02:29] "GET /menus/assets/js/core/bootstrap-material-design.min.js HTTP/1.1" 404 -
INFO:werkzeug:127.0.0.1 - - [08/Dec/2019 00:02:29] "GET /menus/assets/js/plugins/perfect-scrollbar.jquery.min.js HTTP/1.1" 404 -
INFO:werkzeug:127.0.0.1 - - [08/Dec/2019 00:02:29] "GET /menus/assets/js/core/jquery.min.js HTTP/1.1" 404 -
INFO:werkzeug:127.0.0.1 - - [08/Dec/2019 00:02:29] "GET /menus/assets/js/core/popper.min.js HTTP/1.1" 404 -
INFO:werkzeug:127.0.0.1 - - [08/Dec/2019 00:02:29] "GET /menus/assets/js/plugins/chartist.min.js HTTP/1.1" 404 -
INFO:werkzeug:127.0.0.1 - - [08/Dec/2019 00:02:29] "GET /menus/assets/js/plugins/bootstrap-notify.js HTTP/1.1" 404 -
INFO:werkzeug:127.0.0.1 - - [08/Dec/2019 00:02:29] "GET /menus/assets/js/material-dashboard.js?v=2.1.1 HTTP/1.1" 404 -
INFO:werkzeug:127.0.0.1 - - [08/Dec/2019 00:02:30] "GET /menus/assets/js/core/bootstrap-material-design.min.js HTTP/1.1" 404 -
INFO:werkzeug:127.0.0.1 - - [08/Dec/2019 00:02:30] "GET /menus/assets/js/plugins/perfect-scrollbar.jquery.min.js HTTP/1.1" 404 -
INFO:werkzeug:127.0.0.1 - - [08/Dec/2019 00:02:30] "GET /menus/assets/js/plugins/chartist.min.js HTTP/1.1" 404 -
INFO:werkzeug:127.0.0.1 - - [08/Dec/2019 00:02:30] "GET /menus/assets/js/plugins/bootstrap-notify.js HTTP/1.1" 404 -
INFO:werkzeug:127.0.0.1 - - [08/Dec/2019 00:02:30] "GET /menus/assets/js/material-dashboard.js?v=2.1.1 HTTP/1.1" 404 -
INFO:werkzeug:127.0.0.1 - - [08/Dec/2019 00:02:31] "GET /menus/searchs HTTP/1.1" 200 -
INFO:werkzeug:127.0.0.1 - - [08/Dec/2019 00:02:31] "GET /menus/assets/js/core/jquery.min.js HTTP/1.1" 404 -
INFO:werkzeug:127.0.0.1 - - [08/Dec/2019 00:02:31] "GET /menus/assets/js/core/popper.min.js HTTP/1.1" 404 -
INFO:werkzeug:127.0.0.1 - - [08/Dec/2019 00:02:31] "GET /menus/assets/js/core/bootstrap-material-design.min.js HTTP/1.1" 404 -
INFO:werkzeug:127.0.0.1 - - [08/Dec/2019 00:02:31] "GET /menus/assets/js/plugins/perfect-scrollbar.jquery.min.js HTTP/1.1" 404 -
INFO:werkzeug:127.0.0.1 - - [08/Dec/2019 00:02:31] "GET /menus/assets/js/plugins/chartist.min.js HTTP/1.1" 404 -
INFO:werkzeug:127.0.0.1 - - [08/Dec/2019 00:02:31] "GET /menus/assets/js/plugins/bootstrap-notify.js HTTP/1.1" 404 -
INFO:werkzeug:127.0.0.1 - - [08/Dec/2019 00:02:31] "GET /menus/assets/js/material-dashboard.js?v=2.1.1 HTTP/1.1" 404 -
INFO:werkzeug:127.0.0.1 - - [08/Dec/2019 00:02:33] "GET /menus/uploads HTTP/1.1" 200 -
INFO:werkzeug:127.0.0.1 - - [08/Dec/2019 00:02:33] "GET /menus/assets/js/core/jquery.min.js HTTP/1.1" 404 -
INFO:werkzeug:127.0.0.1 - - [08/Dec/2019 00:02:33] "GET /menus/assets/js/plugins/perfect-scrollbar.jquery.min.js HTTP/1.1" 404 -
INFO:werkzeug:127.0.0.1 - - [08/Dec/2019 00:02:34] "GET /menus/assets/js/core/popper.min.js HTTP/1.1" 404 -
INFO:werkzeug:127.0.0.1 - - [08/Dec/2019 00:02:34] "GET /menus/assets/js/core/bootstrap-material-design.min.js HTTP/1.1" 404 -
INFO:werkzeug:127.0.0.1 - - [08/Dec/2019 00:02:34] "GET /menus/assets/js/plugins/chartist.min.js HTTP/1.1" 404 -
INFO:werkzeug:127.0.0.1 - - [08/Dec/2019 00:02:34] "GET /menus/assets/js/plugins/bootstrap-notify.js HTTP/1.1" 404 -
INFO:werkzeug:127.0.0.1 - - [08/Dec/2019 00:02:34] "GET /menus/assets/js/material-dashboard.js?v=2.1.1 HTTP/1.1" 404 -
INFO:werkzeug:127.0.0.1 - - [08/Dec/2019 00:02:34] "GET /menus/assets/js/plugins/perfect-scrollbar.jquery.min.js HTTP/1.1" 404 -
INFO:werkzeug:127.0.0.1 - - [08/Dec/2019 00:02:34] "GET /menus/assets/js/plugins/chartist.min.js HTTP/1.1" 404 -
INFO:werkzeug:127.0.0.1 - - [08/Dec/2019 00:02:34] "GET /menus/assets/js/plugins/bootstrap-notify.js HTTP/1.1" 404 -
INFO:werkzeug:127.0.0.1 - - [08/Dec/2019 00:02:34] "GET /menus/assets/js/material-dashboard.js?v=2.1.1 HTTP/1.1" 404 -
INFO:werkzeug:127.0.0.1 - - [08/Dec/2019 00:02:36] "GET /auth/login HTTP/1.1" 200 -
INFO:werkzeug:127.0.0.1 - - [08/Dec/2019 00:02:37] "GET /auth/assets/js/core/jquery.min.js HTTP/1.1" 404 -
INFO:werkzeug:127.0.0.1 - - [08/Dec/2019 00:02:37] "GET /auth/assets/js/core/popper.min.js HTTP/1.1" 404 -
INFO:werkzeug:127.0.0.1 - - [08/Dec/2019 00:02:37] "GET /auth/assets/js/core/bootstrap-material-design.min.js HTTP/1.1" 404 -
INFO:werkzeug:127.0.0.1 - - [08/Dec/2019 00:02:37] "GET /auth/assets/js/plugins/perfect-scrollbar.jquery.min.js HTTP/1.1" 404 -
INFO:werkzeug:127.0.0.1 - - [08/Dec/2019 00:02:37] "GET /auth/assets/js/plugins/chartist.min.js HTTP/1.1" 404 -
INFO:werkzeug:127.0.0.1 - - [08/Dec/2019 00:02:37] "GET /auth/assets/js/plugins/bootstrap-notify.js HTTP/1.1" 404 -
INFO:werkzeug:127.0.0.1 - - [08/Dec/2019 00:02:37] "GET /auth/assets/js/material-dashboard.js?v=2.1.1 HTTP/1.1" 404 -
INFO:werkzeug:127.0.0.1 - - [08/Dec/2019 00:02:56] "GET /auth/kakao_oauth_redirect?code=Aq3Ou14vIuDJ8swd9liESfamLuGfA8L-vxrPsIdFa-MzCrNxirI9nyrdmmODFTMU5pIxHgo9eGEAAAFu4OKaKw HTTP/1.1" 302 -
INFO:werkzeug:127.0.0.1 - - [08/Dec/2019 00:02:56] "GET /auth/login HTTP/1.1" 200 -
INFO:werkzeug:127.0.0.1 - - [08/Dec/2019 00:02:57] "GET /auth/assets/js/core/popper.min.js HTTP/1.1" 404 -
INFO:werkzeug:127.0.0.1 - - [08/Dec/2019 00:02:57] "GET /auth/assets/js/core/jquery.min.js HTTP/1.1" 404 -
INFO:werkzeug:127.0.0.1 - - [08/Dec/2019 00:02:57] "GET /auth/assets/js/core/bootstrap-material-design.min.js HTTP/1.1" 404 -
INFO:werkzeug:127.0.0.1 - - [08/Dec/2019 00:02:57] "GET /auth/assets/js/plugins/perfect-scrollbar.jquery.min.js HTTP/1.1" 404 -
INFO:werkzeug:127.0.0.1 - - [08/Dec/2019 00:02:57] "GET /auth/assets/js/plugins/chartist.min.js HTTP/1.1" 404 -
INFO:werkzeug:127.0.0.1 - - [08/Dec/2019 00:02:57] "GET /auth/assets/js/plugins/bootstrap-notify.js HTTP/1.1" 404 -
INFO:werkzeug:127.0.0.1 - - [08/Dec/2019 00:02:57] "GET /auth/assets/js/material-dashboard.js?v=2.1.1 HTTP/1.1" 404 -
INFO:werkzeug:127.0.0.1 - - [08/Dec/2019 00:02:57] "GET /auth/assets/js/core/popper.min.js HTTP/1.1" 404 -
INFO:werkzeug:127.0.0.1 - - [08/Dec/2019 00:02:57] "GET /auth/assets/js/core/bootstrap-material-design.min.js HTTP/1.1" 404 -
INFO:werkzeug:127.0.0.1 - - [08/Dec/2019 00:02:58] "GET /auth/assets/js/plugins/perfect-scrollbar.jquery.min.js HTTP/1.1" 404 -
INFO:werkzeug:127.0.0.1 - - [08/Dec/2019 00:02:58] "GET /auth/assets/js/plugins/chartist.min.js HTTP/1.1" 404 -
INFO:werkzeug:127.0.0.1 - - [08/Dec/2019 00:02:58] "GET /auth/assets/js/plugins/bootstrap-notify.js HTTP/1.1" 404 -
INFO:werkzeug:127.0.0.1 - - [08/Dec/2019 00:02:58] "GET /auth/assets/js/material-dashboard.js?v=2.1.1 HTTP/1.1" 404 -
INFO:werkzeug:127.0.0.1 - - [08/Dec/2019 00:03:05] "POST /auth/login HTTP/1.1" 302 -
INFO:werkzeug:127.0.0.1 - - [08/Dec/2019 00:03:05] "GET / HTTP/1.1" 200 -
INFO:werkzeug:127.0.0.1 - - [08/Dec/2019 00:03:06] "GET /assets/js/plugins/perfect-scrollbar.jquery.min.js HTTP/1.1" 404 -
INFO:werkzeug:127.0.0.1 - - [08/Dec/2019 00:03:06] "GET /assets/js/plugins/chartist.min.js HTTP/1.1" 404 -
INFO:werkzeug:127.0.0.1 - - [08/Dec/2019 00:03:06] "GET /assets/js/core/jquery.min.js HTTP/1.1" 404 -
INFO:werkzeug:127.0.0.1 - - [08/Dec/2019 00:03:06] "GET /assets/js/core/popper.min.js HTTP/1.1" 404 -
INFO:werkzeug:127.0.0.1 - - [08/Dec/2019 00:03:06] "GET /assets/js/core/bootstrap-material-design.min.js HTTP/1.1" 404 -
INFO:werkzeug:127.0.0.1 - - [08/Dec/2019 00:03:06] "GET /assets/js/plugins/bootstrap-notify.js HTTP/1.1" 404 -
INFO:werkzeug:127.0.0.1 - - [08/Dec/2019 00:03:06] "GET /assets/js/material-dashboard.js?v=2.1.1 HTTP/1.1" 404 -
INFO:werkzeug:127.0.0.1 - - [08/Dec/2019 00:03:06] "GET /assets/js/plugins/perfect-scrollbar.jquery.min.js HTTP/1.1" 404 -
INFO:werkzeug:127.0.0.1 - - [08/Dec/2019 00:03:06] "GET /assets/js/plugins/chartist.min.js HTTP/1.1" 404 -
INFO:werkzeug:127.0.0.1 - - [08/Dec/2019 00:03:06] "GET /assets/js/plugins/bootstrap-notify.js HTTP/1.1" 404 -
INFO:werkzeug:127.0.0.1 - - [08/Dec/2019 00:03:07] "GET /assets/js/material-dashboard.js?v=2.1.1 HTTP/1.1" 404 -
INFO:werkzeug:127.0.0.1 - - [08/Dec/2019 00:03:11] "GET /menus/images HTTP/1.1" 200 -
INFO:werkzeug:127.0.0.1 - - [08/Dec/2019 00:03:12] "GET /menus/assets/js/core/popper.min.js HTTP/1.1" 404 -
INFO:werkzeug:127.0.0.1 - - [08/Dec/2019 00:03:12] "GET /menus/assets/js/core/bootstrap-material-design.min.js HTTP/1.1" 404 -
INFO:werkzeug:127.0.0.1 - - [08/Dec/2019 00:03:12] "GET /menus/assets/js/plugins/perfect-scrollbar.jquery.min.js HTTP/1.1" 404 -
INFO:werkzeug:127.0.0.1 - - [08/Dec/2019 00:03:12] "GET /menus/assets/js/core/jquery.min.js HTTP/1.1" 404 -
INFO:werkzeug:127.0.0.1 - - [08/Dec/2019 00:03:12] "GET /menus/assets/js/plugins/chartist.min.js HTTP/1.1" 404 -
INFO:werkzeug:127.0.0.1 - - [08/Dec/2019 00:03:12] "GET /menus/assets/js/plugins/bootstrap-notify.js HTTP/1.1" 404 -
INFO:werkzeug:127.0.0.1 - - [08/Dec/2019 00:03:12] "GET /menus/assets/js/material-dashboard.js?v=2.1.1 HTTP/1.1" 404 -
INFO:werkzeug:127.0.0.1 - - [08/Dec/2019 00:03:12] "GET /menus/assets/js/core/popper.min.js HTTP/1.1" 404 -
INFO:werkzeug:127.0.0.1 - - [08/Dec/2019 00:03:12] "GET /menus/assets/js/core/bootstrap-material-design.min.js HTTP/1.1" 404 -
INFO:werkzeug:127.0.0.1 - - [08/Dec/2019 00:03:13] "GET /menus/assets/js/plugins/perfect-scrollbar.jquery.min.js HTTP/1.1" 404 -
INFO:werkzeug:127.0.0.1 - - [08/Dec/2019 00:03:13] "GET /menus/assets/js/plugins/chartist.min.js HTTP/1.1" 404 -
INFO:werkzeug:127.0.0.1 - - [08/Dec/2019 00:03:13] "GET /menus/assets/js/plugins/bootstrap-notify.js HTTP/1.1" 404 -
INFO:werkzeug:127.0.0.1 - - [08/Dec/2019 00:03:13] "GET /menus/assets/js/material-dashboard.js?v=2.1.1 HTTP/1.1" 404 -
INFO:werkzeug:127.0.0.1 - - [08/Dec/2019 00:03:14] "GET /menus/books HTTP/1.1" 200 -
INFO:werkzeug:127.0.0.1 - - [08/Dec/2019 00:03:14] "GET /menus/assets/js/core/jquery.min.js HTTP/1.1" 404 -
INFO:werkzeug:127.0.0.1 - - [08/Dec/2019 00:03:14] "GET /menus/assets/js/plugins/perfect-scrollbar.jquery.min.js HTTP/1.1" 404 -
INFO:werkzeug:127.0.0.1 - - [08/Dec/2019 00:03:14] "GET /menus/assets/js/core/popper.min.js HTTP/1.1" 404 -
INFO:werkzeug:127.0.0.1 - - [08/Dec/2019 00:03:14] "GET /menus/assets/js/core/bootstrap-material-design.min.js HTTP/1.1" 404 -
INFO:werkzeug:127.0.0.1 - - [08/Dec/2019 00:03:14] "GET /menus/assets/js/material-dashboard.js?v=2.1.1 HTTP/1.1" 404 -
INFO:werkzeug:127.0.0.1 - - [08/Dec/2019 00:03:14] "GET /menus/assets/js/plugins/chartist.min.js HTTP/1.1" 404 -
INFO:werkzeug:127.0.0.1 - - [08/Dec/2019 00:03:14] "GET /menus/assets/js/plugins/bootstrap-notify.js HTTP/1.1" 404 -
INFO:werkzeug:127.0.0.1 - - [08/Dec/2019 00:03:14] "GET /menus/assets/js/plugins/perfect-scrollbar.jquery.min.js HTTP/1.1" 404 -
INFO:werkzeug:127.0.0.1 - - [08/Dec/2019 00:03:15] "GET /menus/assets/js/plugins/chartist.min.js HTTP/1.1" 404 -
INFO:werkzeug:127.0.0.1 - - [08/Dec/2019 00:03:15] "GET /menus/assets/js/plugins/bootstrap-notify.js HTTP/1.1" 404 -
INFO:werkzeug:127.0.0.1 - - [08/Dec/2019 00:03:15] "GET /menus/assets/js/material-dashboard.js?v=2.1.1 HTTP/1.1" 404 -
INFO:werkzeug:127.0.0.1 - - [08/Dec/2019 00:03:15] "GET /menus/searchs HTTP/1.1" 200 -
INFO:werkzeug:127.0.0.1 - - [08/Dec/2019 00:03:16] "GET /menus/assets/js/core/popper.min.js HTTP/1.1" 404 -
INFO:werkzeug:127.0.0.1 - - [08/Dec/2019 00:03:16] "GET /menus/assets/js/core/jquery.min.js HTTP/1.1" 404 -
INFO:werkzeug:127.0.0.1 - - [08/Dec/2019 00:03:16] "GET /menus/assets/js/core/bootstrap-material-design.min.js HTTP/1.1" 404 -
INFO:werkzeug:127.0.0.1 - - [08/Dec/2019 00:03:16] "GET /menus/assets/js/plugins/perfect-scrollbar.jquery.min.js HTTP/1.1" 404 -
INFO:werkzeug:127.0.0.1 - - [08/Dec/2019 00:03:16] "GET /menus/assets/js/plugins/chartist.min.js HTTP/1.1" 404 -
INFO:werkzeug:127.0.0.1 - - [08/Dec/2019 00:03:16] "GET /menus/assets/js/plugins/bootstrap-notify.js HTTP/1.1" 404 -
INFO:werkzeug:127.0.0.1 - - [08/Dec/2019 00:03:16] "GET /menus/assets/js/material-dashboard.js?v=2.1.1 HTTP/1.1" 404 -
INFO:werkzeug:127.0.0.1 - - [08/Dec/2019 00:03:16] "GET /menus/assets/js/core/popper.min.js HTTP/1.1" 404 -
INFO:werkzeug:127.0.0.1 - - [08/Dec/2019 00:03:16] "GET /menus/assets/js/core/bootstrap-material-design.min.js HTTP/1.1" 404 -
INFO:werkzeug:127.0.0.1 - - [08/Dec/2019 00:03:17] "GET /menus/assets/js/plugins/perfect-scrollbar.jquery.min.js HTTP/1.1" 404 -
INFO:werkzeug:127.0.0.1 - - [08/Dec/2019 00:03:17] "GET /menus/assets/js/plugins/chartist.min.js HTTP/1.1" 404 -
INFO:werkzeug:127.0.0.1 - - [08/Dec/2019 00:03:17] "GET /menus/assets/js/plugins/bootstrap-notify.js HTTP/1.1" 404 -
INFO:werkzeug:127.0.0.1 - - [08/Dec/2019 00:03:17] "GET /menus/assets/js/material-dashboard.js?v=2.1.1 HTTP/1.1" 404 -
INFO:werkzeug:127.0.0.1 - - [08/Dec/2019 00:03:18] "GET /menus/uploads HTTP/1.1" 200 -
INFO:werkzeug:127.0.0.1 - - [08/Dec/2019 00:03:18] "GET /menus/assets/js/core/jquery.min.js HTTP/1.1" 404 -
INFO:werkzeug:127.0.0.1 - - [08/Dec/2019 00:03:18] "GET /menus/assets/js/core/bootstrap-material-design.min.js HTTP/1.1" 404 -
INFO:werkzeug:127.0.0.1 - - [08/Dec/2019 00:03:18] "GET /menus/assets/js/core/popper.min.js HTTP/1.1" 404 -
INFO:werkzeug:127.0.0.1 - - [08/Dec/2019 00:03:18] "GET /menus/assets/js/plugins/perfect-scrollbar.jquery.min.js HTTP/1.1" 404 -
INFO:werkzeug:127.0.0.1 - - [08/Dec/2019 00:03:18] "GET /menus/assets/js/plugins/chartist.min.js HTTP/1.1" 404 -
INFO:werkzeug:127.0.0.1 - - [08/Dec/2019 00:03:18] "GET /menus/assets/js/plugins/bootstrap-notify.js HTTP/1.1" 404 -
INFO:werkzeug:127.0.0.1 - - [08/Dec/2019 00:03:19] "GET /menus/assets/js/material-dashboard.js?v=2.1.1 HTTP/1.1" 404 -
INFO:werkzeug:127.0.0.1 - - [08/Dec/2019 00:03:19] "GET /menus/assets/js/core/bootstrap-material-design.min.js HTTP/1.1" 404 -
INFO:werkzeug:127.0.0.1 - - [08/Dec/2019 00:03:19] "GET /menus/assets/js/plugins/perfect-scrollbar.jquery.min.js HTTP/1.1" 404 -
INFO:werkzeug:127.0.0.1 - - [08/Dec/2019 00:03:19] "GET /menus/assets/js/plugins/chartist.min.js HTTP/1.1" 404 -
INFO:werkzeug:127.0.0.1 - - [08/Dec/2019 00:03:19] "GET /menus/assets/js/plugins/bootstrap-notify.js HTTP/1.1" 404 -
INFO:werkzeug:127.0.0.1 - - [08/Dec/2019 00:03:20] "GET /menus/assets/js/material-dashboard.js?v=2.1.1 HTTP/1.1" 404 -
INFO:werkzeug:127.0.0.1 - - [08/Dec/2019 00:03:21] "GET /menus/books HTTP/1.1" 200 -
INFO:werkzeug:127.0.0.1 - - [08/Dec/2019 00:03:21] "GET /menus/assets/js/core/popper.min.js HTTP/1.1" 404 -
INFO:werkzeug:127.0.0.1 - - [08/Dec/2019 00:03:21] "GET /menus/assets/js/core/jquery.min.js HTTP/1.1" 404 -
INFO:werkzeug:127.0.0.1 - - [08/Dec/2019 00:03:21] "GET /menus/assets/js/core/bootstrap-material-design.min.js HTTP/1.1" 404 -
INFO:werkzeug:127.0.0.1 - - [08/Dec/2019 00:03:21] "GET /menus/assets/js/plugins/perfect-scrollbar.jquery.min.js HTTP/1.1" 404 -
INFO:werkzeug:127.0.0.1 - - [08/Dec/2019 00:03:21] "GET /menus/assets/js/plugins/chartist.min.js HTTP/1.1" 404 -
INFO:werkzeug:127.0.0.1 - - [08/Dec/2019 00:03:21] "GET /menus/assets/js/plugins/bootstrap-notify.js HTTP/1.1" 404 -
INFO:werkzeug:127.0.0.1 - - [08/Dec/2019 00:03:21] "GET /menus/assets/js/material-dashboard.js?v=2.1.1 HTTP/1.1" 404 -
INFO:werkzeug:127.0.0.1 - - [08/Dec/2019 00:03:21] "GET /menus/assets/js/core/popper.min.js HTTP/1.1" 404 -
INFO:werkzeug:127.0.0.1 - - [08/Dec/2019 00:03:22] "GET /menus/assets/js/core/bootstrap-material-design.min.js HTTP/1.1" 404 -
INFO:werkzeug:127.0.0.1 - - [08/Dec/2019 00:03:22] "GET /menus/assets/js/plugins/perfect-scrollbar.jquery.min.js HTTP/1.1" 404 -
INFO:werkzeug:127.0.0.1 - - [08/Dec/2019 00:03:22] "GET /menus/assets/js/plugins/chartist.min.js HTTP/1.1" 404 -
INFO:werkzeug:127.0.0.1 - - [08/Dec/2019 00:03:22] "GET /menus/assets/js/plugins/bootstrap-notify.js HTTP/1.1" 404 -
INFO:werkzeug:127.0.0.1 - - [08/Dec/2019 00:03:22] "GET /menus/assets/js/material-dashboard.js?v=2.1.1 HTTP/1.1" 404 -
INFO:werkzeug:127.0.0.1 - - [08/Dec/2019 00:04:50] "GET /menus/searchs HTTP/1.1" 200 -
INFO:werkzeug:127.0.0.1 - - [08/Dec/2019 00:04:50] "GET /menus/assets/js/core/jquery.min.js HTTP/1.1" 404 -
INFO:werkzeug:127.0.0.1 - - [08/Dec/2019 00:04:50] "GET /menus/assets/js/core/popper.min.js HTTP/1.1" 404 -
INFO:werkzeug:127.0.0.1 - - [08/Dec/2019 00:04:51] "GET /menus/assets/js/core/bootstrap-material-design.min.js HTTP/1.1" 404 -
INFO:werkzeug:127.0.0.1 - - [08/Dec/2019 00:04:51] "GET /menus/assets/js/plugins/perfect-scrollbar.jquery.min.js HTTP/1.1" 404 -
INFO:werkzeug:127.0.0.1 - - [08/Dec/2019 00:04:51] "GET /menus/assets/js/plugins/chartist.min.js HTTP/1.1" 404 -
INFO:werkzeug:127.0.0.1 - - [08/Dec/2019 00:04:51] "GET /menus/assets/js/plugins/bootstrap-notify.js HTTP/1.1" 404 -
INFO:werkzeug:127.0.0.1 - - [08/Dec/2019 00:04:51] "GET /menus/assets/js/material-dashboard.js?v=2.1.1 HTTP/1.1" 404 -
INFO:werkzeug:127.0.0.1 - - [08/Dec/2019 00:05:10] "GET /menus/uploads HTTP/1.1" 200 -
INFO:werkzeug:127.0.0.1 - - [08/Dec/2019 00:05:10] "GET /menus/assets/js/core/popper.min.js HTTP/1.1" 404 -
INFO:werkzeug:127.0.0.1 - - [08/Dec/2019 00:05:10] "GET /menus/assets/js/core/bootstrap-material-design.min.js HTTP/1.1" 404 -
INFO:werkzeug:127.0.0.1 - - [08/Dec/2019 00:05:10] "GET /menus/assets/js/plugins/perfect-scrollbar.jquery.min.js HTTP/1.1" 404 -
INFO:werkzeug:127.0.0.1 - - [08/Dec/2019 00:05:10] "GET /menus/assets/js/core/jquery.min.js HTTP/1.1" 404 -
INFO:werkzeug:127.0.0.1 - - [08/Dec/2019 00:05:10] "GET /menus/assets/js/plugins/bootstrap-notify.js HTTP/1.1" 404 -
INFO:werkzeug:127.0.0.1 - - [08/Dec/2019 00:05:10] "GET /menus/assets/js/plugins/chartist.min.js HTTP/1.1" 404 -
INFO:werkzeug:127.0.0.1 - - [08/Dec/2019 00:05:10] "GET /menus/assets/js/material-dashboard.js?v=2.1.1 HTTP/1.1" 404 -
INFO:werkzeug:127.0.0.1 - - [08/Dec/2019 00:05:10] "GET /menus/assets/js/core/popper.min.js HTTP/1.1" 404 -
INFO:werkzeug:127.0.0.1 - - [08/Dec/2019 00:05:11] "GET /menus/assets/js/core/bootstrap-material-design.min.js HTTP/1.1" 404 -
INFO:werkzeug:127.0.0.1 - - [08/Dec/2019 00:05:11] "GET /menus/assets/js/plugins/perfect-scrollbar.jquery.min.js HTTP/1.1" 404 -
INFO:werkzeug:127.0.0.1 - - [08/Dec/2019 00:05:11] "GET /menus/assets/js/plugins/chartist.min.js HTTP/1.1" 404 -
INFO:werkzeug:127.0.0.1 - - [08/Dec/2019 00:05:11] "GET /menus/assets/js/plugins/bootstrap-notify.js HTTP/1.1" 404 -
INFO:werkzeug:127.0.0.1 - - [08/Dec/2019 00:05:11] "GET /menus/assets/js/material-dashboard.js?v=2.1.1 HTTP/1.1" 404 -
INFO:werkzeug:127.0.0.1 - - [08/Dec/2019 00:05:15] "GET /menus/books HTTP/1.1" 200 -
INFO:werkzeug:127.0.0.1 - - [08/Dec/2019 00:05:15] "GET /menus/assets/js/core/jquery.min.js HTTP/1.1" 404 -
INFO:werkzeug:127.0.0.1 - - [08/Dec/2019 00:05:15] "GET /menus/assets/js/core/popper.min.js HTTP/1.1" 404 -
INFO:werkzeug:127.0.0.1 - - [08/Dec/2019 00:05:15] "GET /menus/assets/js/core/bootstrap-material-design.min.js HTTP/1.1" 404 -
INFO:werkzeug:127.0.0.1 - - [08/Dec/2019 00:05:15] "GET /menus/assets/js/plugins/perfect-scrollbar.jquery.min.js HTTP/1.1" 404 -
INFO:werkzeug:127.0.0.1 - - [08/Dec/2019 00:05:15] "GET /menus/assets/js/plugins/chartist.min.js HTTP/1.1" 404 -
INFO:werkzeug:127.0.0.1 - - [08/Dec/2019 00:05:15] "GET /menus/assets/js/plugins/bootstrap-notify.js HTTP/1.1" 404 -
INFO:werkzeug:127.0.0.1 - - [08/Dec/2019 00:05:15] "GET /menus/assets/js/material-dashboard.js?v=2.1.1 HTTP/1.1" 404 -
INFO:werkzeug:127.0.0.1 - - [08/Dec/2019 00:05:17] "GET /menus/images HTTP/1.1" 200 -
INFO:werkzeug:127.0.0.1 - - [08/Dec/2019 00:05:17] "GET /menus/assets/js/plugins/perfect-scrollbar.jquery.min.js HTTP/1.1" 404 -
INFO:werkzeug:127.0.0.1 - - [08/Dec/2019 00:05:17] "GET /menus/assets/js/core/bootstrap-material-design.min.js HTTP/1.1" 404 -
INFO:werkzeug:127.0.0.1 - - [08/Dec/2019 00:05:17] "GET /menus/assets/js/plugins/chartist.min.js HTTP/1.1" 404 -
INFO:werkzeug:127.0.0.1 - - [08/Dec/2019 00:05:17] "GET /menus/assets/js/core/popper.min.js HTTP/1.1" 404 -
INFO:werkzeug:127.0.0.1 - - [08/Dec/2019 00:05:17] "GET /menus/assets/js/core/jquery.min.js HTTP/1.1" 404 -
INFO:werkzeug:127.0.0.1 - - [08/Dec/2019 00:05:17] "GET /menus/assets/js/plugins/bootstrap-notify.js HTTP/1.1" 404 -
INFO:werkzeug:127.0.0.1 - - [08/Dec/2019 00:05:17] "GET /menus/assets/js/material-dashboard.js?v=2.1.1 HTTP/1.1" 404 -
INFO:werkzeug:127.0.0.1 - - [08/Dec/2019 00:05:18] "GET /menus/assets/js/core/popper.min.js HTTP/1.1" 404 -
INFO:werkzeug:127.0.0.1 - - [08/Dec/2019 00:05:18] "GET /menus/assets/js/core/bootstrap-material-design.min.js HTTP/1.1" 404 -
INFO:werkzeug:127.0.0.1 - - [08/Dec/2019 00:05:18] "GET /menus/assets/js/plugins/perfect-scrollbar.jquery.min.js HTTP/1.1" 404 -
INFO:werkzeug:127.0.0.1 - - [08/Dec/2019 00:05:18] "GET /menus/assets/js/plugins/chartist.min.js HTTP/1.1" 404 -
INFO:werkzeug:127.0.0.1 - - [08/Dec/2019 00:05:19] "GET /menus/assets/js/plugins/bootstrap-notify.js HTTP/1.1" 404 -
INFO:werkzeug:127.0.0.1 - - [08/Dec/2019 00:05:19] "GET /menus/assets/js/material-dashboard.js?v=2.1.1 HTTP/1.1" 404 -
INFO:werkzeug:127.0.0.1 - - [08/Dec/2019 00:05:20] "GET / HTTP/1.1" 200 -
INFO:werkzeug:127.0.0.1 - - [08/Dec/2019 00:05:20] "GET /assets/js/core/jquery.min.js HTTP/1.1" 404 -
INFO:werkzeug:127.0.0.1 - - [08/Dec/2019 00:05:20] "GET /assets/js/core/popper.min.js HTTP/1.1" 404 -
INFO:werkzeug:127.0.0.1 - - [08/Dec/2019 00:05:20] "GET /assets/js/core/bootstrap-material-design.min.js HTTP/1.1" 404 -
INFO:werkzeug:127.0.0.1 - - [08/Dec/2019 00:05:20] "GET /assets/js/plugins/perfect-scrollbar.jquery.min.js HTTP/1.1" 404 -
INFO:werkzeug:127.0.0.1 - - [08/Dec/2019 00:05:20] "GET /assets/js/plugins/chartist.min.js HTTP/1.1" 404 -
INFO:werkzeug:127.0.0.1 - - [08/Dec/2019 00:05:20] "GET /assets/js/plugins/bootstrap-notify.js HTTP/1.1" 404 -
INFO:werkzeug:127.0.0.1 - - [08/Dec/2019 00:05:21] "GET /assets/js/material-dashboard.js?v=2.1.1 HTTP/1.1" 404 -
INFO:werkzeug:127.0.0.1 - - [08/Dec/2019 00:05:21] "GET /assets/js/plugins/bootstrap-notify.js HTTP/1.1" 404 -
INFO:werkzeug:127.0.0.1 - - [08/Dec/2019 00:05:21] "GET /assets/js/material-dashboard.js?v=2.1.1 HTTP/1.1" 404 -
INFO:werkzeug:127.0.0.1 - - [08/Dec/2019 00:05:51] "GET /auth/my_page HTTP/1.1" 200 -
INFO:werkzeug:127.0.0.1 - - [08/Dec/2019 00:05:51] "GET /auth/assets/js/core/jquery.min.js HTTP/1.1" 404 -
INFO:werkzeug:127.0.0.1 - - [08/Dec/2019 00:05:52] "GET /auth/assets/js/core/popper.min.js HTTP/1.1" 404 -
INFO:werkzeug:127.0.0.1 - - [08/Dec/2019 00:05:52] "GET /auth/assets/js/core/bootstrap-material-design.min.js HTTP/1.1" 404 -
INFO:werkzeug:127.0.0.1 - - [08/Dec/2019 00:05:52] "GET /auth/assets/js/plugins/perfect-scrollbar.jquery.min.js HTTP/1.1" 404 -
INFO:werkzeug:127.0.0.1 - - [08/Dec/2019 00:05:52] "GET /auth/assets/js/plugins/chartist.min.js HTTP/1.1" 404 -
INFO:werkzeug:127.0.0.1 - - [08/Dec/2019 00:05:52] "GET /auth/assets/js/plugins/bootstrap-notify.js HTTP/1.1" 404 -
INFO:werkzeug:127.0.0.1 - - [08/Dec/2019 00:05:52] "GET /auth/assets/js/material-dashboard.js?v=2.1.1 HTTP/1.1" 404 -
INFO:werkzeug:127.0.0.1 - - [08/Dec/2019 00:05:57] "GET /assets/js/core/popper.min.js HTTP/1.1" 404 -
INFO:werkzeug:127.0.0.1 - - [08/Dec/2019 00:05:57] "GET /assets/js/core/bootstrap-material-design.min.js HTTP/1.1" 404 -
INFO:werkzeug:127.0.0.1 - - [08/Dec/2019 00:05:57] "GET /assets/js/plugins/bootstrap-notify.js HTTP/1.1" 404 -
INFO:werkzeug:127.0.0.1 - - [08/Dec/2019 00:10:34] "GET / HTTP/1.1" 200 -
INFO:werkzeug:127.0.0.1 - - [08/Dec/2019 00:10:34] "GET /assets/js/core/popper.min.js HTTP/1.1" 404 -
INFO:werkzeug:127.0.0.1 - - [08/Dec/2019 00:10:34] "GET /assets/js/core/bootstrap-material-design.min.js HTTP/1.1" 404 -
INFO:werkzeug:127.0.0.1 - - [08/Dec/2019 00:10:34] "GET /assets/js/core/jquery.min.js HTTP/1.1" 404 -
INFO:werkzeug:127.0.0.1 - - [08/Dec/2019 00:10:34] "GET /assets/js/plugins/perfect-scrollbar.jquery.min.js HTTP/1.1" 404 -
INFO:werkzeug:127.0.0.1 - - [08/Dec/2019 00:10:34] "GET /assets/js/plugins/chartist.min.js HTTP/1.1" 404 -
INFO:werkzeug:127.0.0.1 - - [08/Dec/2019 00:10:34] "GET /assets/js/plugins/bootstrap-notify.js HTTP/1.1" 404 -
INFO:werkzeug:127.0.0.1 - - [08/Dec/2019 00:10:34] "GET /assets/js/material-dashboard.js?v=2.1.1 HTTP/1.1" 404 -
INFO:werkzeug:127.0.0.1 - - [08/Dec/2019 00:10:34] "GET /assets/js/core/popper.min.js HTTP/1.1" 404 -
INFO:werkzeug:127.0.0.1 - - [08/Dec/2019 00:10:35] "GET /assets/js/core/bootstrap-material-design.min.js HTTP/1.1" 404 -
INFO:werkzeug:127.0.0.1 - - [08/Dec/2019 00:10:35] "GET /assets/js/plugins/perfect-scrollbar.jquery.min.js HTTP/1.1" 404 -
INFO:werkzeug:127.0.0.1 - - [08/Dec/2019 00:10:35] "GET /assets/js/plugins/chartist.min.js HTTP/1.1" 404 -
INFO:werkzeug:127.0.0.1 - - [08/Dec/2019 00:10:35] "GET /assets/js/plugins/bootstrap-notify.js HTTP/1.1" 404 -
INFO:werkzeug:127.0.0.1 - - [08/Dec/2019 00:10:35] "GET /assets/js/material-dashboard.js?v=2.1.1 HTTP/1.1" 404 -
INFO:werkzeug:127.0.0.1 - - [08/Dec/2019 00:13:44] "GET / HTTP/1.1" 200 -
INFO:werkzeug:127.0.0.1 - - [08/Dec/2019 00:13:44] "GET /assets/js/core/jquery.min.js HTTP/1.1" 404 -
INFO:werkzeug:127.0.0.1 - - [08/Dec/2019 00:13:44] "GET /assets/js/core/popper.min.js HTTP/1.1" 404 -
INFO:werkzeug:127.0.0.1 - - [08/Dec/2019 00:13:44] "GET /assets/js/core/bootstrap-material-design.min.js HTTP/1.1" 404 -
INFO:werkzeug:127.0.0.1 - - [08/Dec/2019 00:13:44] "GET /assets/js/plugins/perfect-scrollbar.jquery.min.js HTTP/1.1" 404 -
INFO:werkzeug:127.0.0.1 - - [08/Dec/2019 00:13:44] "GET /assets/js/plugins/chartist.min.js HTTP/1.1" 404 -
INFO:werkzeug:127.0.0.1 - - [08/Dec/2019 00:13:44] "GET /assets/js/plugins/bootstrap-notify.js HTTP/1.1" 404 -
INFO:werkzeug:127.0.0.1 - - [08/Dec/2019 00:13:44] "GET /assets/js/material-dashboard.js?v=2.1.1 HTTP/1.1" 404 -
INFO:werkzeug:127.0.0.1 - - [08/Dec/2019 00:13:56] "GET / HTTP/1.1" 200 -
INFO:werkzeug:127.0.0.1 - - [08/Dec/2019 00:13:56] "GET /assets/js/core/jquery.min.js HTTP/1.1" 404 -
INFO:werkzeug:127.0.0.1 - - [08/Dec/2019 00:13:56] "GET /assets/js/core/popper.min.js HTTP/1.1" 404 -
INFO:werkzeug:127.0.0.1 - - [08/Dec/2019 00:13:56] "GET /assets/js/core/bootstrap-material-design.min.js HTTP/1.1" 404 -
INFO:werkzeug:127.0.0.1 - - [08/Dec/2019 00:13:56] "GET /assets/js/plugins/perfect-scrollbar.jquery.min.js HTTP/1.1" 404 -
INFO:werkzeug:127.0.0.1 - - [08/Dec/2019 00:13:56] "GET /assets/js/plugins/chartist.min.js HTTP/1.1" 404 -
INFO:werkzeug:127.0.0.1 - - [08/Dec/2019 00:13:56] "GET /assets/js/plugins/bootstrap-notify.js HTTP/1.1" 404 -
INFO:werkzeug:127.0.0.1 - - [08/Dec/2019 00:13:56] "GET /assets/js/material-dashboard.js?v=2.1.1 HTTP/1.1" 404 -
INFO:werkzeug:127.0.0.1 - - [08/Dec/2019 00:16:57] "GET / HTTP/1.1" 200 -
INFO:werkzeug:127.0.0.1 - - [08/Dec/2019 00:16:57] "GET /assets/js/plugins/perfect-scrollbar.jquery.min.js HTTP/1.1" 404 -
INFO:werkzeug:127.0.0.1 - - [08/Dec/2019 00:16:58] "GET /assets/js/core/jquery.min.js HTTP/1.1" 404 -
INFO:werkzeug:127.0.0.1 - - [08/Dec/2019 00:16:58] "GET /assets/js/core/popper.min.js HTTP/1.1" 404 -
INFO:werkzeug:127.0.0.1 - - [08/Dec/2019 00:16:58] "GET /assets/js/plugins/chartist.min.js HTTP/1.1" 404 -
INFO:werkzeug:127.0.0.1 - - [08/Dec/2019 00:16:58] "GET /assets/js/core/bootstrap-material-design.min.js HTTP/1.1" 404 -
INFO:werkzeug:127.0.0.1 - - [08/Dec/2019 00:16:58] "GET /assets/js/plugins/bootstrap-notify.js HTTP/1.1" 404 -
INFO:werkzeug:127.0.0.1 - - [08/Dec/2019 00:16:58] "GET /assets/js/material-dashboard.js?v=2.1.1 HTTP/1.1" 404 -
INFO:werkzeug:127.0.0.1 - - [08/Dec/2019 00:16:58] "GET /assets/js/plugins/perfect-scrollbar.jquery.min.js HTTP/1.1" 404 -
INFO:werkzeug:127.0.0.1 - - [08/Dec/2019 00:16:58] "GET /assets/js/plugins/chartist.min.js HTTP/1.1" 404 -
INFO:werkzeug:127.0.0.1 - - [08/Dec/2019 00:16:59] "GET /assets/js/plugins/bootstrap-notify.js HTTP/1.1" 404 -
INFO:werkzeug:127.0.0.1 - - [08/Dec/2019 00:16:59] "GET /assets/js/material-dashboard.js?v=2.1.1 HTTP/1.1" 404 -
INFO:werkzeug:127.0.0.1 - - [08/Dec/2019 00:20:16] "GET /auth/my_page HTTP/1.1" 200 -
INFO:werkzeug:127.0.0.1 - - [08/Dec/2019 00:20:16] "GET /auth/assets/js/core/bootstrap-material-design.min.js HTTP/1.1" 404 -
INFO:werkzeug:127.0.0.1 - - [08/Dec/2019 00:20:16] "GET /auth/assets/js/plugins/perfect-scrollbar.jquery.min.js HTTP/1.1" 404 -
INFO:werkzeug:127.0.0.1 - - [08/Dec/2019 00:20:16] "GET /auth/assets/js/core/jquery.min.js HTTP/1.1" 404 -
INFO:werkzeug:127.0.0.1 - - [08/Dec/2019 00:20:16] "GET /auth/assets/js/plugins/chartist.min.js HTTP/1.1" 404 -
INFO:werkzeug:127.0.0.1 - - [08/Dec/2019 00:20:16] "GET /auth/assets/js/plugins/bootstrap-notify.js HTTP/1.1" 404 -
INFO:werkzeug:127.0.0.1 - - [08/Dec/2019 00:20:16] "GET /auth/assets/js/core/popper.min.js HTTP/1.1" 404 -
INFO:werkzeug:127.0.0.1 - - [08/Dec/2019 00:20:16] "GET /auth/assets/js/material-dashboard.js?v=2.1.1 HTTP/1.1" 404 -
INFO:werkzeug:127.0.0.1 - - [08/Dec/2019 00:20:17] "GET /auth/assets/js/core/bootstrap-material-design.min.js HTTP/1.1" 404 -
INFO:werkzeug:127.0.0.1 - - [08/Dec/2019 00:20:17] "GET /auth/assets/js/plugins/perfect-scrollbar.jquery.min.js HTTP/1.1" 404 -
INFO:werkzeug:127.0.0.1 - - [08/Dec/2019 00:20:17] "GET /auth/assets/js/plugins/chartist.min.js HTTP/1.1" 404 -
INFO:werkzeug:127.0.0.1 - - [08/Dec/2019 00:20:17] "GET /auth/assets/js/plugins/bootstrap-notify.js HTTP/1.1" 404 -
INFO:werkzeug:127.0.0.1 - - [08/Dec/2019 00:20:17] "GET /auth/assets/js/material-dashboard.js?v=2.1.1 HTTP/1.1" 404 -
INFO:werkzeug: * Detected change in 'C:\\Users\\ARTALL\\Desktop\\web_service_2 쌔거\\views\\menus.py', reloading
INFO:werkzeug: * Restarting with stat
WARNING:werkzeug: * Debugger is active!
INFO:werkzeug: * Debugger PIN: 791-056-875
INFO:werkzeug: * Running on http://localhost:8080/ (Press CTRL+C to quit)
INFO:werkzeug:127.0.0.1 - - [08/Dec/2019 00:21:05] "GET / HTTP/1.1" 200 -
INFO:werkzeug:127.0.0.1 - - [08/Dec/2019 00:21:05] "GET /assets/js/core/jquery.min.js HTTP/1.1" 404 -
INFO:werkzeug:127.0.0.1 - - [08/Dec/2019 00:21:06] "GET /assets/js/core/popper.min.js HTTP/1.1" 404 -
INFO:werkzeug:127.0.0.1 - - [08/Dec/2019 00:21:06] "GET /assets/js/core/bootstrap-material-design.min.js HTTP/1.1" 404 -
INFO:werkzeug:127.0.0.1 - - [08/Dec/2019 00:21:06] "GET /assets/js/plugins/perfect-scrollbar.jquery.min.js HTTP/1.1" 404 -
INFO:werkzeug:127.0.0.1 - - [08/Dec/2019 00:21:06] "GET /assets/js/plugins/chartist.min.js HTTP/1.1" 404 -
INFO:werkzeug:127.0.0.1 - - [08/Dec/2019 00:21:06] "GET /assets/js/plugins/bootstrap-notify.js HTTP/1.1" 404 -
INFO:werkzeug:127.0.0.1 - - [08/Dec/2019 00:21:06] "GET /assets/js/material-dashboard.js?v=2.1.1 HTTP/1.1" 404 -
INFO:werkzeug:127.0.0.1 - - [08/Dec/2019 00:21:06] "GET /assets/js/plugins/bootstrap-notify.js HTTP/1.1" 404 -
INFO:werkzeug:127.0.0.1 - - [08/Dec/2019 00:21:06] "GET /assets/js/material-dashboard.js?v=2.1.1 HTTP/1.1" 404 -
INFO:werkzeug:127.0.0.1 - - [08/Dec/2019 00:21:08] "GET /auth/login HTTP/1.1" 200 -
INFO:werkzeug:127.0.0.1 - - [08/Dec/2019 00:21:09] "GET /auth/assets/js/core/jquery.min.js HTTP/1.1" 404 -
INFO:werkzeug:127.0.0.1 - - [08/Dec/2019 00:21:09] "GET /auth/assets/js/core/popper.min.js HTTP/1.1" 404 -
INFO:werkzeug:127.0.0.1 - - [08/Dec/2019 00:21:09] "GET /auth/assets/js/core/bootstrap-material-design.min.js HTTP/1.1" 404 -
INFO:werkzeug:127.0.0.1 - - [08/Dec/2019 00:21:09] "GET /auth/assets/js/plugins/perfect-scrollbar.jquery.min.js HTTP/1.1" 404 -
INFO:werkzeug:127.0.0.1 - - [08/Dec/2019 00:21:09] "GET /auth/assets/js/plugins/chartist.min.js HTTP/1.1" 404 -
INFO:werkzeug:127.0.0.1 - - [08/Dec/2019 00:21:09] "GET /auth/assets/js/plugins/bootstrap-notify.js HTTP/1.1" 404 -
INFO:werkzeug:127.0.0.1 - - [08/Dec/2019 00:21:09] "GET /auth/assets/js/material-dashboard.js?v=2.1.1 HTTP/1.1" 404 -
INFO:werkzeug:127.0.0.1 - - [08/Dec/2019 00:21:15] "POST /auth/login HTTP/1.1" 302 -
INFO:werkzeug:127.0.0.1 - - [08/Dec/2019 00:21:15] "GET / HTTP/1.1" 200 -
INFO:werkzeug:127.0.0.1 - - [08/Dec/2019 00:21:15] "GET /assets/js/core/jquery.min.js HTTP/1.1" 404 -
INFO:werkzeug:127.0.0.1 - - [08/Dec/2019 00:21:16] "GET /assets/js/core/bootstrap-material-design.min.js HTTP/1.1" 404 -
INFO:werkzeug:127.0.0.1 - - [08/Dec/2019 00:21:16] "GET /assets/js/core/popper.min.js HTTP/1.1" 404 -
INFO:werkzeug:127.0.0.1 - - [08/Dec/2019 00:21:16] "GET /assets/js/plugins/perfect-scrollbar.jquery.min.js HTTP/1.1" 404 -
INFO:werkzeug:127.0.0.1 - - [08/Dec/2019 00:21:16] "GET /assets/js/plugins/chartist.min.js HTTP/1.1" 404 -
INFO:werkzeug:127.0.0.1 - - [08/Dec/2019 00:21:16] "GET /assets/js/plugins/bootstrap-notify.js HTTP/1.1" 404 -
INFO:werkzeug:127.0.0.1 - - [08/Dec/2019 00:21:16] "GET /assets/js/material-dashboard.js?v=2.1.1 HTTP/1.1" 404 -
INFO:werkzeug:127.0.0.1 - - [08/Dec/2019 00:21:16] "GET /assets/js/core/bootstrap-material-design.min.js HTTP/1.1" 404 -
INFO:werkzeug:127.0.0.1 - - [08/Dec/2019 00:21:16] "GET /assets/js/plugins/perfect-scrollbar.jquery.min.js HTTP/1.1" 404 -
INFO:werkzeug:127.0.0.1 - - [08/Dec/2019 00:21:16] "GET /assets/js/plugins/chartist.min.js HTTP/1.1" 404 -
INFO:werkzeug:127.0.0.1 - - [08/Dec/2019 00:21:17] "GET /assets/js/plugins/bootstrap-notify.js HTTP/1.1" 404 -
INFO:werkzeug:127.0.0.1 - - [08/Dec/2019 00:21:17] "GET /assets/js/material-dashboard.js?v=2.1.1 HTTP/1.1" 404 -
INFO:werkzeug:127.0.0.1 - - [08/Dec/2019 00:21:19] "GET /auth/logout HTTP/1.1" 302 -
INFO:werkzeug:127.0.0.1 - - [08/Dec/2019 00:21:19] "GET / HTTP/1.1" 200 -
INFO:werkzeug:127.0.0.1 - - [08/Dec/2019 00:21:19] "GET /assets/js/core/popper.min.js HTTP/1.1" 404 -
INFO:werkzeug:127.0.0.1 - - [08/Dec/2019 00:21:19] "GET /assets/js/core/jquery.min.js HTTP/1.1" 404 -
INFO:werkzeug:127.0.0.1 - - [08/Dec/2019 00:21:19] "GET /assets/js/core/bootstrap-material-design.min.js HTTP/1.1" 404 -
INFO:werkzeug:127.0.0.1 - - [08/Dec/2019 00:21:19] "GET /assets/js/plugins/perfect-scrollbar.jquery.min.js HTTP/1.1" 404 -
INFO:werkzeug:127.0.0.1 - - [08/Dec/2019 00:21:19] "GET /assets/js/plugins/chartist.min.js HTTP/1.1" 404 -
INFO:werkzeug:127.0.0.1 - - [08/Dec/2019 00:21:19] "GET /assets/js/plugins/bootstrap-notify.js HTTP/1.1" 404 -
INFO:werkzeug:127.0.0.1 - - [08/Dec/2019 00:21:20] "GET /assets/js/material-dashboard.js?v=2.1.1 HTTP/1.1" 404 -
INFO:werkzeug:127.0.0.1 - - [08/Dec/2019 00:21:20] "GET /assets/js/core/popper.min.js HTTP/1.1" 404 -
INFO:werkzeug:127.0.0.1 - - [08/Dec/2019 00:21:20] "GET /assets/js/core/bootstrap-material-design.min.js HTTP/1.1" 404 -
INFO:werkzeug:127.0.0.1 - - [08/Dec/2019 00:21:20] "GET /assets/js/plugins/perfect-scrollbar.jquery.min.js HTTP/1.1" 404 -
INFO:werkzeug:127.0.0.1 - - [08/Dec/2019 00:21:20] "GET /assets/js/plugins/chartist.min.js HTTP/1.1" 404 -
INFO:werkzeug:127.0.0.1 - - [08/Dec/2019 00:21:20] "GET /assets/js/plugins/bootstrap-notify.js HTTP/1.1" 404 -
INFO:werkzeug:127.0.0.1 - - [08/Dec/2019 00:21:21] "GET /assets/js/material-dashboard.js?v=2.1.1 HTTP/1.1" 404 -
INFO:werkzeug:127.0.0.1 - - [08/Dec/2019 00:21:22] "GET /auth/login HTTP/1.1" 200 -
INFO:werkzeug:127.0.0.1 - - [08/Dec/2019 00:21:23] "GET /auth/assets/js/core/popper.min.js HTTP/1.1" 404 -
INFO:werkzeug:127.0.0.1 - - [08/Dec/2019 00:21:23] "GET /auth/assets/js/plugins/perfect-scrollbar.jquery.min.js HTTP/1.1" 404 -
INFO:werkzeug:127.0.0.1 - - [08/Dec/2019 00:21:23] "GET /auth/assets/js/core/jquery.min.js HTTP/1.1" 404 -
INFO:werkzeug:127.0.0.1 - - [08/Dec/2019 00:21:23] "GET /auth/assets/js/core/bootstrap-material-design.min.js HTTP/1.1" 404 -
INFO:werkzeug:127.0.0.1 - - [08/Dec/2019 00:21:23] "GET /auth/assets/js/plugins/chartist.min.js HTTP/1.1" 404 -
INFO:werkzeug:127.0.0.1 - - [08/Dec/2019 00:21:23] "GET /auth/assets/js/plugins/bootstrap-notify.js HTTP/1.1" 404 -
INFO:werkzeug:127.0.0.1 - - [08/Dec/2019 00:21:23] "GET /auth/assets/js/material-dashboard.js?v=2.1.1 HTTP/1.1" 404 -
INFO:werkzeug:127.0.0.1 - - [08/Dec/2019 00:21:23] "GET /auth/assets/js/core/popper.min.js HTTP/1.1" 404 -
INFO:werkzeug:127.0.0.1 - - [08/Dec/2019 00:21:23] "GET /auth/assets/js/core/bootstrap-material-design.min.js HTTP/1.1" 404 -
INFO:werkzeug:127.0.0.1 - - [08/Dec/2019 00:21:24] "GET /auth/assets/js/plugins/perfect-scrollbar.jquery.min.js HTTP/1.1" 404 -
INFO:werkzeug:127.0.0.1 - - [08/Dec/2019 00:21:24] "GET /auth/assets/js/plugins/chartist.min.js HTTP/1.1" 404 -
INFO:werkzeug:127.0.0.1 - - [08/Dec/2019 00:21:24] "GET /auth/assets/js/plugins/bootstrap-notify.js HTTP/1.1" 404 -
INFO:werkzeug:127.0.0.1 - - [08/Dec/2019 00:21:24] "GET /auth/assets/js/material-dashboard.js?v=2.1.1 HTTP/1.1" 404 -
INFO:werkzeug:127.0.0.1 - - [08/Dec/2019 00:21:26] "GET /auth/kakao_oauth_redirect?code=Ttt_-oKUkTrDk2Q3Pmfq3gGnmr-CROGTzkLYdqE4GA1BIPwpgZwdgxs5MIs5wPVHiUGlYwo9dJcAAAFu4POG0g HTTP/1.1" 302 -
INFO:werkzeug:127.0.0.1 - - [08/Dec/2019 00:21:26] "GET /auth/login HTTP/1.1" 200 -
INFO:werkzeug:127.0.0.1 - - [08/Dec/2019 00:21:26] "GET /auth/assets/js/core/jquery.min.js HTTP/1.1" 404 -
INFO:werkzeug:127.0.0.1 - - [08/Dec/2019 00:21:26] "GET /auth/assets/js/core/popper.min.js HTTP/1.1" 404 -
INFO:werkzeug:127.0.0.1 - - [08/Dec/2019 00:21:26] "GET /auth/assets/js/plugins/chartist.min.js HTTP/1.1" 404 -
INFO:werkzeug:127.0.0.1 - - [08/Dec/2019 00:21:26] "GET /auth/assets/js/plugins/perfect-scrollbar.jquery.min.js HTTP/1.1" 404 -
INFO:werkzeug:127.0.0.1 - - [08/Dec/2019 00:21:26] "GET /auth/assets/js/core/bootstrap-material-design.min.js HTTP/1.1" 404 -
INFO:werkzeug:127.0.0.1 - - [08/Dec/2019 00:21:26] "GET /auth/assets/js/plugins/bootstrap-notify.js HTTP/1.1" 404 -
INFO:werkzeug:127.0.0.1 - - [08/Dec/2019 00:21:27] "GET /auth/assets/js/material-dashboard.js?v=2.1.1 HTTP/1.1" 404 -
INFO:werkzeug:127.0.0.1 - - [08/Dec/2019 00:21:27] "GET /auth/assets/js/plugins/perfect-scrollbar.jquery.min.js HTTP/1.1" 404 -
INFO:werkzeug:127.0.0.1 - - [08/Dec/2019 00:21:27] "GET /auth/assets/js/plugins/chartist.min.js HTTP/1.1" 404 -
INFO:werkzeug:127.0.0.1 - - [08/Dec/2019 00:21:27] "GET /auth/assets/js/plugins/bootstrap-notify.js HTTP/1.1" 404 -
INFO:werkzeug:127.0.0.1 - - [08/Dec/2019 00:21:27] "GET /auth/assets/js/material-dashboard.js?v=2.1.1 HTTP/1.1" 404 -
INFO:werkzeug:127.0.0.1 - - [08/Dec/2019 00:21:33] "POST /auth/login HTTP/1.1" 302 -
INFO:werkzeug:127.0.0.1 - - [08/Dec/2019 00:21:33] "GET / HTTP/1.1" 200 -
INFO:werkzeug:127.0.0.1 - - [08/Dec/2019 00:21:33] "GET /assets/js/core/jquery.min.js HTTP/1.1" 404 -
INFO:werkzeug:127.0.0.1 - - [08/Dec/2019 00:21:33] "GET /assets/js/core/bootstrap-material-design.min.js HTTP/1.1" 404 -
INFO:werkzeug:127.0.0.1 - - [08/Dec/2019 00:21:33] "GET /assets/js/core/popper.min.js HTTP/1.1" 404 -
INFO:werkzeug:127.0.0.1 - - [08/Dec/2019 00:21:33] "GET /assets/js/plugins/perfect-scrollbar.jquery.min.js HTTP/1.1" 404 -
INFO:werkzeug:127.0.0.1 - - [08/Dec/2019 00:21:33] "GET /assets/js/plugins/chartist.min.js HTTP/1.1" 404 -
INFO:werkzeug:127.0.0.1 - - [08/Dec/2019 00:21:33] "GET /assets/js/plugins/bootstrap-notify.js HTTP/1.1" 404 -
INFO:werkzeug:127.0.0.1 - - [08/Dec/2019 00:21:34] "GET /assets/js/material-dashboard.js?v=2.1.1 HTTP/1.1" 404 -
INFO:werkzeug:127.0.0.1 - - [08/Dec/2019 00:21:34] "GET /assets/js/core/bootstrap-material-design.min.js HTTP/1.1" 404 -
INFO:werkzeug:127.0.0.1 - - [08/Dec/2019 00:21:34] "GET /assets/js/plugins/perfect-scrollbar.jquery.min.js HTTP/1.1" 404 -
INFO:werkzeug:127.0.0.1 - - [08/Dec/2019 00:21:34] "GET /assets/js/plugins/chartist.min.js HTTP/1.1" 404 -
INFO:werkzeug:127.0.0.1 - - [08/Dec/2019 00:21:34] "GET /assets/js/plugins/bootstrap-notify.js HTTP/1.1" 404 -
INFO:werkzeug:127.0.0.1 - - [08/Dec/2019 00:21:34] "GET /assets/js/material-dashboard.js?v=2.1.1 HTTP/1.1" 404 -
INFO:werkzeug:127.0.0.1 - - [08/Dec/2019 00:22:01] "GET / HTTP/1.1" 200 -
INFO:werkzeug:127.0.0.1 - - [08/Dec/2019 00:22:01] "GET /assets/js/core/jquery.min.js HTTP/1.1" 404 -
INFO:werkzeug:127.0.0.1 - - [08/Dec/2019 00:22:01] "GET /assets/js/core/popper.min.js HTTP/1.1" 404 -
INFO:werkzeug:127.0.0.1 - - [08/Dec/2019 00:22:01] "GET /assets/js/core/bootstrap-material-design.min.js HTTP/1.1" 404 -
INFO:werkzeug:127.0.0.1 - - [08/Dec/2019 00:22:01] "GET /assets/js/plugins/perfect-scrollbar.jquery.min.js HTTP/1.1" 404 -
INFO:werkzeug:127.0.0.1 - - [08/Dec/2019 00:22:01] "GET /assets/js/plugins/chartist.min.js HTTP/1.1" 404 -
INFO:werkzeug:127.0.0.1 - - [08/Dec/2019 00:22:01] "GET /assets/js/plugins/bootstrap-notify.js HTTP/1.1" 404 -
INFO:werkzeug:127.0.0.1 - - [08/Dec/2019 00:22:01] "GET /assets/js/material-dashboard.js?v=2.1.1 HTTP/1.1" 404 -
INFO:werkzeug:127.0.0.1 - - [08/Dec/2019 00:22:04] "GET /static/assets/css/dashboard-free.css.map HTTP/1.1" 404 -
INFO:werkzeug:127.0.0.1 - - [08/Dec/2019 00:22:18] "GET /menus/img HTTP/1.1" 200 -
INFO:werkzeug:127.0.0.1 - - [08/Dec/2019 00:22:18] "GET /static/assets/css/material-dashboard.css?v=2.1.1 HTTP/1.1" 200 -
INFO:werkzeug:127.0.0.1 - - [08/Dec/2019 00:22:18] "GET /static/css/mainpage.css HTTP/1.1" 200 -
INFO:werkzeug:127.0.0.1 - - [08/Dec/2019 00:22:18] "GET /menus/assets/js/core/popper.min.js HTTP/1.1" 404 -
INFO:werkzeug:127.0.0.1 - - [08/Dec/2019 00:22:18] "GET /menus/assets/js/core/bootstrap-material-design.min.js HTTP/1.1" 404 -
INFO:werkzeug:127.0.0.1 - - [08/Dec/2019 00:22:18] "GET /menus/assets/js/core/jquery.min.js HTTP/1.1" 404 -
INFO:werkzeug:127.0.0.1 - - [08/Dec/2019 00:22:18] "GET /static/css/upload.css HTTP/1.1" 200 -
INFO:werkzeug:127.0.0.1 - - [08/Dec/2019 00:22:18] "GET /menus/assets/js/plugins/perfect-scrollbar.jquery.min.js HTTP/1.1" 404 -
INFO:werkzeug:127.0.0.1 - - [08/Dec/2019 00:22:19] "GET /menus/assets/js/plugins/chartist.min.js HTTP/1.1" 404 -
INFO:werkzeug:127.0.0.1 - - [08/Dec/2019 00:22:19] "GET /menus/assets/js/plugins/bootstrap-notify.js HTTP/1.1" 404 -
INFO:werkzeug:127.0.0.1 - - [08/Dec/2019 00:22:19] "GET /menus/assets/js/material-dashboard.js?v=2.1.1 HTTP/1.1" 404 -
INFO:werkzeug:127.0.0.1 - - [08/Dec/2019 00:22:19] "GET /menus/assets/js/core/popper.min.js HTTP/1.1" 404 -
INFO:werkzeug:127.0.0.1 - - [08/Dec/2019 00:22:19] "GET /static/assets/css/dashboard-free.css.map HTTP/1.1" 404 -
INFO:werkzeug:127.0.0.1 - - [08/Dec/2019 00:22:19] "GET /menus/assets/js/core/bootstrap-material-design.min.js HTTP/1.1" 404 -
INFO:werkzeug:127.0.0.1 - - [08/Dec/2019 00:22:19] "GET /menus/assets/js/plugins/perfect-scrollbar.jquery.min.js HTTP/1.1" 404 -
INFO:werkzeug:127.0.0.1 - - [08/Dec/2019 00:22:20] "GET /menus/assets/js/plugins/chartist.min.js HTTP/1.1" 404 -
INFO:werkzeug:127.0.0.1 - - [08/Dec/2019 00:22:20] "GET /menus/assets/js/plugins/bootstrap-notify.js HTTP/1.1" 404 -
INFO:werkzeug:127.0.0.1 - - [08/Dec/2019 00:22:20] "GET /menus/assets/js/material-dashboard.js?v=2.1.1 HTTP/1.1" 404 -
INFO:werkzeug:127.0.0.1 - - [08/Dec/2019 00:34:26] "GET /menus/img HTTP/1.1" 200 -
INFO:werkzeug:127.0.0.1 - - [08/Dec/2019 00:34:26] "GET /static/css/img.css HTTP/1.1" 200 -
INFO:werkzeug:127.0.0.1 - - [08/Dec/2019 00:34:26] "GET /menus/assets/js/core/jquery.min.js HTTP/1.1" 404 -
INFO:werkzeug:127.0.0.1 - - [08/Dec/2019 00:34:26] "GET /menus/assets/js/core/popper.min.js HTTP/1.1" 404 -
INFO:werkzeug:127.0.0.1 - - [08/Dec/2019 00:34:26] "GET /menus/assets/js/core/bootstrap-material-design.min.js HTTP/1.1" 404 -
INFO:werkzeug:127.0.0.1 - - [08/Dec/2019 00:34:26] "GET /menus/assets/js/plugins/perfect-scrollbar.jquery.min.js HTTP/1.1" 404 -
INFO:werkzeug:127.0.0.1 - - [08/Dec/2019 00:34:26] "GET /menus/assets/js/plugins/chartist.min.js HTTP/1.1" 404 -
INFO:werkzeug:127.0.0.1 - - [08/Dec/2019 00:34:26] "GET /menus/assets/js/plugins/bootstrap-notify.js HTTP/1.1" 404 -
INFO:werkzeug:127.0.0.1 - - [08/Dec/2019 00:34:26] "GET /menus/assets/js/material-dashboard.js?v=2.1.1 HTTP/1.1" 404 -
INFO:werkzeug:127.0.0.1 - - [08/Dec/2019 00:38:06] "GET /menus/images HTTP/1.1" 200 -
INFO:werkzeug:127.0.0.1 - - [08/Dec/2019 00:38:06] "GET /menus/assets/js/core/bootstrap-material-design.min.js HTTP/1.1" 404 -
INFO:werkzeug:127.0.0.1 - - [08/Dec/2019 00:38:06] "GET /menus/assets/js/core/jquery.min.js HTTP/1.1" 404 -
INFO:werkzeug:127.0.0.1 - - [08/Dec/2019 00:38:06] "GET /menus/assets/js/core/popper.min.js HTTP/1.1" 404 -
INFO:werkzeug:127.0.0.1 - - [08/Dec/2019 00:38:06] "GET /menus/assets/js/plugins/perfect-scrollbar.jquery.min.js HTTP/1.1" 404 -
INFO:werkzeug:127.0.0.1 - - [08/Dec/2019 00:38:06] "GET /menus/assets/js/plugins/chartist.min.js HTTP/1.1" 404 -
INFO:werkzeug:127.0.0.1 - - [08/Dec/2019 00:38:06] "GET /menus/assets/js/plugins/bootstrap-notify.js HTTP/1.1" 404 -
INFO:werkzeug:127.0.0.1 - - [08/Dec/2019 00:38:06] "GET /menus/assets/js/material-dashboard.js?v=2.1.1 HTTP/1.1" 404 -
INFO:werkzeug:127.0.0.1 - - [08/Dec/2019 00:38:07] "GET /menus/assets/js/core/bootstrap-material-design.min.js HTTP/1.1" 404 -
INFO:werkzeug:127.0.0.1 - - [08/Dec/2019 00:38:07] "GET /menus/assets/js/plugins/perfect-scrollbar.jquery.min.js HTTP/1.1" 404 -
INFO:werkzeug:127.0.0.1 - - [08/Dec/2019 00:38:07] "GET /menus/assets/js/plugins/chartist.min.js HTTP/1.1" 404 -
INFO:werkzeug:127.0.0.1 - - [08/Dec/2019 00:38:07] "GET /menus/assets/js/plugins/bootstrap-notify.js HTTP/1.1" 404 -
INFO:werkzeug:127.0.0.1 - - [08/Dec/2019 00:38:08] "GET /menus/assets/js/material-dashboard.js?v=2.1.1 HTTP/1.1" 404 -
INFO:werkzeug:127.0.0.1 - - [08/Dec/2019 00:38:32] "GET /menus/books HTTP/1.1" 200 -
INFO:werkzeug:127.0.0.1 - - [08/Dec/2019 00:38:32] "GET /menus/assets/js/core/jquery.min.js HTTP/1.1" 404 -
INFO:werkzeug:127.0.0.1 - - [08/Dec/2019 00:38:33] "GET /menus/assets/js/material-dashboard.js?v=2.1.1 HTTP/1.1" 404 -
INFO:werkzeug:127.0.0.1 - - [08/Dec/2019 00:38:33] "GET /menus/assets/js/core/popper.min.js HTTP/1.1" 404 -
INFO:werkzeug:127.0.0.1 - - [08/Dec/2019 00:38:33] "GET /menus/assets/js/core/bootstrap-material-design.min.js HTTP/1.1" 404 -
INFO:werkzeug:127.0.0.1 - - [08/Dec/2019 00:38:33] "GET /menus/assets/js/plugins/perfect-scrollbar.jquery.min.js HTTP/1.1" 404 -
INFO:werkzeug:127.0.0.1 - - [08/Dec/2019 00:38:33] "GET /menus/assets/js/plugins/chartist.min.js HTTP/1.1" 404 -
INFO:werkzeug:127.0.0.1 - - [08/Dec/2019 00:38:33] "GET /menus/assets/js/plugins/bootstrap-notify.js HTTP/1.1" 404 -
INFO:werkzeug:127.0.0.1 - - [08/Dec/2019 00:38:33] "GET /menus/assets/js/plugins/chartist.min.js HTTP/1.1" 404 -
INFO:werkzeug:127.0.0.1 - - [08/Dec/2019 00:38:33] "GET /menus/assets/js/plugins/bootstrap-notify.js HTTP/1.1" 404 -
INFO:werkzeug:127.0.0.1 - - [08/Dec/2019 00:38:33] "GET /menus/assets/js/material-dashboard.js?v=2.1.1 HTTP/1.1" 404 -
INFO:werkzeug:127.0.0.1 - - [08/Dec/2019 00:38:34] "GET /menus/searchs HTTP/1.1" 200 -
INFO:werkzeug:127.0.0.1 - - [08/Dec/2019 00:38:35] "GET /menus/assets/js/core/popper.min.js HTTP/1.1" 404 -
INFO:werkzeug:127.0.0.1 - - [08/Dec/2019 00:38:35] "GET /menus/assets/js/plugins/chartist.min.js HTTP/1.1" 404 -
INFO:werkzeug:127.0.0.1 - - [08/Dec/2019 00:38:35] "GET /menus/assets/js/core/bootstrap-material-design.min.js HTTP/1.1" 404 -
INFO:werkzeug:127.0.0.1 - - [08/Dec/2019 00:38:35] "GET /menus/assets/js/plugins/perfect-scrollbar.jquery.min.js HTTP/1.1" 404 -
INFO:werkzeug:127.0.0.1 - - [08/Dec/2019 00:38:35] "GET /menus/assets/js/core/jquery.min.js HTTP/1.1" 404 -
INFO:werkzeug:127.0.0.1 - - [08/Dec/2019 00:38:35] "GET /menus/assets/js/plugins/bootstrap-notify.js HTTP/1.1" 404 -
INFO:werkzeug:127.0.0.1 - - [08/Dec/2019 00:38:35] "GET /menus/assets/js/material-dashboard.js?v=2.1.1 HTTP/1.1" 404 -
INFO:werkzeug:127.0.0.1 - - [08/Dec/2019 00:38:35] "GET /menus/assets/js/core/popper.min.js HTTP/1.1" 404 -
INFO:werkzeug:127.0.0.1 - - [08/Dec/2019 00:38:35] "GET /menus/assets/js/core/bootstrap-material-design.min.js HTTP/1.1" 404 -
INFO:werkzeug:127.0.0.1 - - [08/Dec/2019 00:38:36] "GET /menus/assets/js/plugins/perfect-scrollbar.jquery.min.js HTTP/1.1" 404 -
INFO:werkzeug:127.0.0.1 - - [08/Dec/2019 00:38:36] "GET /menus/assets/js/plugins/chartist.min.js HTTP/1.1" 404 -
INFO:werkzeug:127.0.0.1 - - [08/Dec/2019 00:38:36] "GET /menus/assets/js/plugins/bootstrap-notify.js HTTP/1.1" 404 -
INFO:werkzeug:127.0.0.1 - - [08/Dec/2019 00:38:36] "GET /menus/assets/js/material-dashboard.js?v=2.1.1 HTTP/1.1" 404 -
INFO:werkzeug:127.0.0.1 - - [08/Dec/2019 00:38:39] "GET /menus/uploads HTTP/1.1" 200 -
INFO:werkzeug:127.0.0.1 - - [08/Dec/2019 00:38:40] "GET /menus/assets/js/core/jquery.min.js HTTP/1.1" 404 -
INFO:werkzeug:127.0.0.1 - - [08/Dec/2019 00:38:40] "GET /menus/assets/js/core/bootstrap-material-design.min.js HTTP/1.1" 404 -
INFO:werkzeug:127.0.0.1 - - [08/Dec/2019 00:38:40] "GET /menus/assets/js/core/popper.min.js HTTP/1.1" 404 -
INFO:werkzeug:127.0.0.1 - - [08/Dec/2019 00:38:40] "GET /menus/assets/js/plugins/perfect-scrollbar.jquery.min.js HTTP/1.1" 404 -
INFO:werkzeug:127.0.0.1 - - [08/Dec/2019 00:38:40] "GET /menus/assets/js/plugins/chartist.min.js HTTP/1.1" 404 -
INFO:werkzeug:127.0.0.1 - - [08/Dec/2019 00:38:40] "GET /menus/assets/js/plugins/bootstrap-notify.js HTTP/1.1" 404 -
INFO:werkzeug:127.0.0.1 - - [08/Dec/2019 00:38:40] "GET /menus/assets/js/material-dashboard.js?v=2.1.1 HTTP/1.1" 404 -
INFO:werkzeug:127.0.0.1 - - [08/Dec/2019 00:38:40] "GET /menus/assets/js/core/bootstrap-material-design.min.js HTTP/1.1" 404 -
INFO:werkzeug:127.0.0.1 - - [08/Dec/2019 00:38:40] "GET /menus/assets/js/plugins/perfect-scrollbar.jquery.min.js HTTP/1.1" 404 -
INFO:werkzeug:127.0.0.1 - - [08/Dec/2019 00:38:40] "GET /menus/assets/js/plugins/chartist.min.js HTTP/1.1" 404 -
INFO:werkzeug:127.0.0.1 - - [08/Dec/2019 00:38:40] "GET /menus/assets/js/plugins/bootstrap-notify.js HTTP/1.1" 404 -
INFO:werkzeug:127.0.0.1 - - [08/Dec/2019 00:38:41] "GET /menus/assets/js/material-dashboard.js?v=2.1.1 HTTP/1.1" 404 -
INFO:werkzeug:127.0.0.1 - - [08/Dec/2019 00:38:43] "GET /menus/searchs HTTP/1.1" 200 -
INFO:werkzeug:127.0.0.1 - - [08/Dec/2019 00:38:43] "GET /menus/assets/js/core/popper.min.js HTTP/1.1" 404 -
INFO:werkzeug:127.0.0.1 - - [08/Dec/2019 00:38:43] "GET /menus/assets/js/core/jquery.min.js HTTP/1.1" 404 -
INFO:werkzeug:127.0.0.1 - - [08/Dec/2019 00:38:43] "GET /menus/assets/js/plugins/chartist.min.js HTTP/1.1" 404 -
INFO:werkzeug:127.0.0.1 - - [08/Dec/2019 00:38:43] "GET /menus/assets/js/core/bootstrap-material-design.min.js HTTP/1.1" 404 -
INFO:werkzeug:127.0.0.1 - - [08/Dec/2019 00:38:43] "GET /menus/assets/js/plugins/perfect-scrollbar.jquery.min.js HTTP/1.1" 404 -
INFO:werkzeug:127.0.0.1 - - [08/Dec/2019 00:38:43] "GET /menus/assets/js/plugins/bootstrap-notify.js HTTP/1.1" 404 -
INFO:werkzeug:127.0.0.1 - - [08/Dec/2019 00:38:44] "GET /menus/assets/js/material-dashboard.js?v=2.1.1 HTTP/1.1" 404 -
INFO:werkzeug:127.0.0.1 - - [08/Dec/2019 00:38:44] "GET /menus/assets/js/core/popper.min.js HTTP/1.1" 404 -
INFO:werkzeug:127.0.0.1 - - [08/Dec/2019 00:38:44] "GET /menus/assets/js/core/bootstrap-material-design.min.js HTTP/1.1" 404 -
INFO:werkzeug:127.0.0.1 - - [08/Dec/2019 00:38:44] "GET /menus/assets/js/plugins/perfect-scrollbar.jquery.min.js HTTP/1.1" 404 -
INFO:werkzeug:127.0.0.1 - - [08/Dec/2019 00:38:44] "GET /menus/assets/js/plugins/chartist.min.js HTTP/1.1" 404 -
INFO:werkzeug:127.0.0.1 - - [08/Dec/2019 00:38:45] "GET /menus/assets/js/plugins/bootstrap-notify.js HTTP/1.1" 404 -
INFO:werkzeug:127.0.0.1 - - [08/Dec/2019 00:38:45] "GET /menus/assets/js/material-dashboard.js?v=2.1.1 HTTP/1.1" 404 -
INFO:werkzeug:127.0.0.1 - - [08/Dec/2019 14:04:11] "GET /menus/searchs HTTP/1.1" 200 -
INFO:werkzeug:127.0.0.1 - - [08/Dec/2019 14:04:11] "GET /menus/assets/js/core/jquery.min.js HTTP/1.1" 404 -
INFO:werkzeug:127.0.0.1 - - [08/Dec/2019 14:04:11] "GET /static/assets/css/material-dashboard.css?v=2.1.1 HTTP/1.1" 304 -
INFO:werkzeug:127.0.0.1 - - [08/Dec/2019 14:04:12] "GET /menus/assets/js/core/popper.min.js HTTP/1.1" 404 -
INFO:werkzeug:127.0.0.1 - - [08/Dec/2019 14:04:12] "GET /menus/assets/js/core/bootstrap-material-design.min.js HTTP/1.1" 404 -
INFO:werkzeug:127.0.0.1 - - [08/Dec/2019 14:04:12] "GET /static/css/mainpage.css HTTP/1.1" 304 -
INFO:werkzeug:127.0.0.1 - - [08/Dec/2019 14:04:12] "GET /static/css/upload.css HTTP/1.1" 304 -
INFO:werkzeug:127.0.0.1 - - [08/Dec/2019 14:04:12] "GET /static/css/img.css HTTP/1.1" 304 -
INFO:werkzeug:127.0.0.1 - - [08/Dec/2019 14:04:12] "GET /menus/assets/js/plugins/perfect-scrollbar.jquery.min.js HTTP/1.1" 404 -
INFO:werkzeug:127.0.0.1 - - [08/Dec/2019 14:04:12] "GET /menus/assets/js/plugins/chartist.min.js HTTP/1.1" 404 -
INFO:werkzeug:127.0.0.1 - - [08/Dec/2019 14:04:12] "GET /menus/assets/js/plugins/bootstrap-notify.js HTTP/1.1" 404 -
INFO:werkzeug:127.0.0.1 - - [08/Dec/2019 14:04:12] "GET /menus/assets/js/material-dashboard.js?v=2.1.1 HTTP/1.1" 404 -
INFO:werkzeug:127.0.0.1 - - [08/Dec/2019 14:04:12] "GET /menus/assets/js/core/popper.min.js HTTP/1.1" 404 -
INFO:werkzeug:127.0.0.1 - - [08/Dec/2019 14:04:12] "GET /menus/assets/js/core/bootstrap-material-design.min.js HTTP/1.1" 404 -
INFO:werkzeug:127.0.0.1 - - [08/Dec/2019 14:04:12] "GET /menus/assets/js/plugins/perfect-scrollbar.jquery.min.js HTTP/1.1" 404 -
INFO:werkzeug:127.0.0.1 - - [08/Dec/2019 14:04:12] "GET /menus/assets/js/plugins/chartist.min.js HTTP/1.1" 404 -
INFO:werkzeug:127.0.0.1 - - [08/Dec/2019 14:04:13] "GET /menus/assets/js/plugins/bootstrap-notify.js HTTP/1.1" 404 -
INFO:werkzeug:127.0.0.1 - - [08/Dec/2019 14:04:13] "GET /menus/assets/js/material-dashboard.js?v=2.1.1 HTTP/1.1" 404 -
INFO:werkzeug:127.0.0.1 - - [08/Dec/2019 14:04:18] "GET /menus/img HTTP/1.1" 200 -
INFO:werkzeug:127.0.0.1 - - [08/Dec/2019 14:04:18] "GET /menus/assets/js/core/popper.min.js HTTP/1.1" 404 -
INFO:werkzeug:127.0.0.1 - - [08/Dec/2019 14:04:18] "GET /menus/assets/js/plugins/chartist.min.js HTTP/1.1" 404 -
INFO:werkzeug:127.0.0.1 - - [08/Dec/2019 14:04:18] "GET /menus/assets/js/plugins/perfect-scrollbar.jquery.min.js HTTP/1.1" 404 -
INFO:werkzeug:127.0.0.1 - - [08/Dec/2019 14:04:18] "GET /menus/assets/js/core/jquery.min.js HTTP/1.1" 404 -
INFO:werkzeug:127.0.0.1 - - [08/Dec/2019 14:04:18] "GET /menus/assets/js/core/bootstrap-material-design.min.js HTTP/1.1" 404 -
INFO:werkzeug:127.0.0.1 - - [08/Dec/2019 14:04:18] "GET /menus/assets/js/plugins/bootstrap-notify.js HTTP/1.1" 404 -
INFO:werkzeug:127.0.0.1 - - [08/Dec/2019 14:04:19] "GET /menus/assets/js/material-dashboard.js?v=2.1.1 HTTP/1.1" 404 -
INFO:werkzeug:127.0.0.1 - - [08/Dec/2019 14:04:19] "GET /menus/assets/js/core/popper.min.js HTTP/1.1" 404 -
INFO:werkzeug:127.0.0.1 - - [08/Dec/2019 14:04:19] "GET /menus/assets/js/core/bootstrap-material-design.min.js HTTP/1.1" 404 -
INFO:werkzeug:127.0.0.1 - - [08/Dec/2019 14:04:19] "GET /menus/assets/js/plugins/perfect-scrollbar.jquery.min.js HTTP/1.1" 404 -
INFO:werkzeug:127.0.0.1 - - [08/Dec/2019 14:04:19] "GET /menus/assets/js/plugins/chartist.min.js HTTP/1.1" 404 -
INFO:werkzeug:127.0.0.1 - - [08/Dec/2019 14:04:20] "GET /menus/assets/js/plugins/bootstrap-notify.js HTTP/1.1" 404 -
INFO:werkzeug:127.0.0.1 - - [08/Dec/2019 14:04:20] "GET /menus/assets/js/material-dashboard.js?v=2.1.1 HTTP/1.1" 404 -
INFO:werkzeug:127.0.0.1 - - [08/Dec/2019 14:04:26] "GET /menus/img HTTP/1.1" 200 -
INFO:werkzeug:127.0.0.1 - - [08/Dec/2019 14:04:26] "GET /menus/assets/js/core/jquery.min.js HTTP/1.1" 404 -
INFO:werkzeug:127.0.0.1 - - [08/Dec/2019 14:04:26] "GET /menus/assets/js/core/popper.min.js HTTP/1.1" 404 -
INFO:werkzeug:127.0.0.1 - - [08/Dec/2019 14:04:26] "GET /menus/assets/js/core/bootstrap-material-design.min.js HTTP/1.1" 404 -
INFO:werkzeug:127.0.0.1 - - [08/Dec/2019 14:04:26] "GET /menus/assets/js/plugins/perfect-scrollbar.jquery.min.js HTTP/1.1" 404 -
INFO:werkzeug:127.0.0.1 - - [08/Dec/2019 14:04:26] "GET /menus/assets/js/plugins/chartist.min.js HTTP/1.1" 404 -
INFO:werkzeug:127.0.0.1 - - [08/Dec/2019 14:04:26] "GET /menus/assets/js/plugins/bootstrap-notify.js HTTP/1.1" 404 -
INFO:werkzeug:127.0.0.1 - - [08/Dec/2019 14:04:26] "GET /menus/assets/js/material-dashboard.js?v=2.1.1 HTTP/1.1" 404 -
INFO:werkzeug:127.0.0.1 - - [08/Dec/2019 14:04:30] "GET /menus/img HTTP/1.1" 200 -
INFO:werkzeug:127.0.0.1 - - [08/Dec/2019 14:04:30] "GET /menus/assets/js/core/popper.min.js HTTP/1.1" 404 -
INFO:werkzeug:127.0.0.1 - - [08/Dec/2019 14:04:30] "GET /menus/assets/js/plugins/perfect-scrollbar.jquery.min.js HTTP/1.1" 404 -
INFO:werkzeug:127.0.0.1 - - [08/Dec/2019 14:04:30] "GET /menus/assets/js/core/jquery.min.js HTTP/1.1" 404 -
INFO:werkzeug:127.0.0.1 - - [08/Dec/2019 14:04:30] "GET /menus/assets/js/plugins/chartist.min.js HTTP/1.1" 404 -
INFO:werkzeug:127.0.0.1 - - [08/Dec/2019 14:04:30] "GET /menus/assets/js/core/bootstrap-material-design.min.js HTTP/1.1" 404 -
INFO:werkzeug:127.0.0.1 - - [08/Dec/2019 14:04:30] "GET /menus/assets/js/plugins/bootstrap-notify.js HTTP/1.1" 404 -
INFO:werkzeug:127.0.0.1 - - [08/Dec/2019 14:04:30] "GET /menus/assets/js/material-dashboard.js?v=2.1.1 HTTP/1.1" 404 -
INFO:werkzeug:127.0.0.1 - - [08/Dec/2019 14:04:31] "GET /menus/assets/js/core/popper.min.js HTTP/1.1" 404 -
INFO:werkzeug:127.0.0.1 - - [08/Dec/2019 14:04:31] "GET /menus/assets/js/core/bootstrap-material-design.min.js HTTP/1.1" 404 -
INFO:werkzeug:127.0.0.1 - - [08/Dec/2019 14:04:31] "GET /menus/assets/js/plugins/perfect-scrollbar.jquery.min.js HTTP/1.1" 404 -
INFO:werkzeug:127.0.0.1 - - [08/Dec/2019 14:04:31] "GET /menus/assets/js/plugins/chartist.min.js HTTP/1.1" 404 -
INFO:werkzeug:127.0.0.1 - - [08/Dec/2019 14:04:31] "GET /menus/assets/js/plugins/bootstrap-notify.js HTTP/1.1" 404 -
INFO:werkzeug:127.0.0.1 - - [08/Dec/2019 14:04:31] "GET /menus/assets/js/material-dashboard.js?v=2.1.1 HTTP/1.1" 404 -
INFO:werkzeug:127.0.0.1 - - [08/Dec/2019 14:06:34] "GET /menus/uploads HTTP/1.1" 200 -
INFO:werkzeug:127.0.0.1 - - [08/Dec/2019 14:06:34] "GET /menus/assets/js/core/jquery.min.js HTTP/1.1" 404 -
INFO:werkzeug:127.0.0.1 - - [08/Dec/2019 14:06:35] "GET /menus/assets/js/core/popper.min.js HTTP/1.1" 404 -
INFO:werkzeug:127.0.0.1 - - [08/Dec/2019 14:06:35] "GET /menus/assets/js/plugins/perfect-scrollbar.jquery.min.js HTTP/1.1" 404 -
INFO:werkzeug:127.0.0.1 - - [08/Dec/2019 14:06:35] "GET /menus/assets/js/core/bootstrap-material-design.min.js HTTP/1.1" 404 -
INFO:werkzeug:127.0.0.1 - - [08/Dec/2019 14:06:35] "GET /menus/assets/js/plugins/bootstrap-notify.js HTTP/1.1" 404 -
INFO:werkzeug:127.0.0.1 - - [08/Dec/2019 14:06:35] "GET /menus/assets/js/plugins/chartist.min.js HTTP/1.1" 404 -
INFO:werkzeug:127.0.0.1 - - [08/Dec/2019 14:06:35] "GET /menus/assets/js/material-dashboard.js?v=2.1.1 HTTP/1.1" 404 -
INFO:werkzeug:127.0.0.1 - - [08/Dec/2019 14:06:35] "GET /menus/assets/js/plugins/perfect-scrollbar.jquery.min.js HTTP/1.1" 404 -
INFO:werkzeug:127.0.0.1 - - [08/Dec/2019 14:06:35] "GET /menus/assets/js/plugins/chartist.min.js HTTP/1.1" 404 -
INFO:werkzeug:127.0.0.1 - - [08/Dec/2019 14:06:35] "GET /menus/assets/js/plugins/bootstrap-notify.js HTTP/1.1" 404 -
INFO:werkzeug:127.0.0.1 - - [08/Dec/2019 14:06:35] "GET /menus/assets/js/material-dashboard.js?v=2.1.1 HTTP/1.1" 404 -
INFO:werkzeug:127.0.0.1 - - [08/Dec/2019 14:06:35] "GET /static/images/instro.JPG HTTP/1.1" 304 -
INFO:werkzeug:127.0.0.1 - - [08/Dec/2019 14:06:37] "GET /menus/images HTTP/1.1" 200 -
INFO:werkzeug:127.0.0.1 - - [08/Dec/2019 14:06:37] "GET /menus/assets/js/core/bootstrap-material-design.min.js HTTP/1.1" 404 -
INFO:werkzeug:127.0.0.1 - - [08/Dec/2019 14:06:37] "GET /menus/assets/js/core/jquery.min.js HTTP/1.1" 404 -
INFO:werkzeug:127.0.0.1 - - [08/Dec/2019 14:06:38] "GET /menus/assets/js/core/popper.min.js HTTP/1.1" 404 -
INFO:werkzeug:127.0.0.1 - - [08/Dec/2019 14:06:38] "GET /menus/assets/js/plugins/perfect-scrollbar.jquery.min.js HTTP/1.1" 404 -
INFO:werkzeug:127.0.0.1 - - [08/Dec/2019 14:06:38] "GET /menus/assets/js/plugins/chartist.min.js HTTP/1.1" 404 -
INFO:werkzeug:127.0.0.1 - - [08/Dec/2019 14:06:38] "GET /menus/assets/js/plugins/bootstrap-notify.js HTTP/1.1" 404 -
INFO:werkzeug:127.0.0.1 - - [08/Dec/2019 14:06:38] "GET /menus/assets/js/material-dashboard.js?v=2.1.1 HTTP/1.1" 404 -
INFO:werkzeug:127.0.0.1 - - [08/Dec/2019 14:06:38] "GET /menus/assets/js/core/bootstrap-material-design.min.js HTTP/1.1" 404 -
INFO:werkzeug:127.0.0.1 - - [08/Dec/2019 14:06:38] "GET /menus/assets/js/plugins/perfect-scrollbar.jquery.min.js HTTP/1.1" 404 -
INFO:werkzeug:127.0.0.1 - - [08/Dec/2019 14:06:39] "GET /menus/assets/js/plugins/chartist.min.js HTTP/1.1" 404 -
INFO:werkzeug:127.0.0.1 - - [08/Dec/2019 14:06:39] "GET /menus/assets/js/plugins/bootstrap-notify.js HTTP/1.1" 404 -
INFO:werkzeug:127.0.0.1 - - [08/Dec/2019 14:06:39] "GET /menus/assets/js/material-dashboard.js?v=2.1.1 HTTP/1.1" 404 -
INFO:werkzeug:127.0.0.1 - - [08/Dec/2019 14:06:39] "GET /menus/books HTTP/1.1" 200 -
INFO:werkzeug:127.0.0.1 - - [08/Dec/2019 14:06:40] "GET /menus/assets/js/core/popper.min.js HTTP/1.1" 404 -
INFO:werkzeug:127.0.0.1 - - [08/Dec/2019 14:06:40] "GET /menus/assets/js/core/jquery.min.js HTTP/1.1" 404 -
INFO:werkzeug:127.0.0.1 - - [08/Dec/2019 14:06:40] "GET /menus/assets/js/core/bootstrap-material-design.min.js HTTP/1.1" 404 -
INFO:werkzeug:127.0.0.1 - - [08/Dec/2019 14:06:40] "GET /menus/assets/js/plugins/perfect-scrollbar.jquery.min.js HTTP/1.1" 404 -
INFO:werkzeug:127.0.0.1 - - [08/Dec/2019 14:06:40] "GET /menus/assets/js/plugins/chartist.min.js HTTP/1.1" 404 -
INFO:werkzeug:127.0.0.1 - - [08/Dec/2019 14:06:40] "GET /menus/assets/js/plugins/bootstrap-notify.js HTTP/1.1" 404 -
INFO:werkzeug:127.0.0.1 - - [08/Dec/2019 14:06:40] "GET /menus/assets/js/material-dashboard.js?v=2.1.1 HTTP/1.1" 404 -
INFO:werkzeug:127.0.0.1 - - [08/Dec/2019 14:06:40] "GET /menus/assets/js/core/popper.min.js HTTP/1.1" 404 -
INFO:werkzeug:127.0.0.1 - - [08/Dec/2019 14:06:40] "GET /menus/assets/js/core/bootstrap-material-design.min.js HTTP/1.1" 404 -
INFO:werkzeug:127.0.0.1 - - [08/Dec/2019 14:06:41] "GET /menus/assets/js/plugins/perfect-scrollbar.jquery.min.js HTTP/1.1" 404 -
INFO:werkzeug:127.0.0.1 - - [08/Dec/2019 14:06:41] "GET /menus/assets/js/plugins/chartist.min.js HTTP/1.1" 404 -
INFO:werkzeug:127.0.0.1 - - [08/Dec/2019 14:06:41] "GET /menus/assets/js/plugins/bootstrap-notify.js HTTP/1.1" 404 -
INFO:werkzeug:127.0.0.1 - - [08/Dec/2019 14:06:41] "GET /menus/assets/js/material-dashboard.js?v=2.1.1 HTTP/1.1" 404 -
INFO:werkzeug:127.0.0.1 - - [08/Dec/2019 14:07:09] "GET /menus/searchs HTTP/1.1" 200 -
INFO:werkzeug:127.0.0.1 - - [08/Dec/2019 14:07:09] "GET /menus/assets/js/core/jquery.min.js HTTP/1.1" 404 -
INFO:werkzeug:127.0.0.1 - - [08/Dec/2019 14:07:09] "GET /menus/assets/js/core/popper.min.js HTTP/1.1" 404 -
INFO:werkzeug:127.0.0.1 - - [08/Dec/2019 14:07:09] "GET /menus/assets/js/core/bootstrap-material-design.min.js HTTP/1.1" 404 -
INFO:werkzeug:127.0.0.1 - - [08/Dec/2019 14:07:09] "GET /menus/assets/js/plugins/perfect-scrollbar.jquery.min.js HTTP/1.1" 404 -
INFO:werkzeug:127.0.0.1 - - [08/Dec/2019 14:07:09] "GET /menus/assets/js/plugins/chartist.min.js HTTP/1.1" 404 -
INFO:werkzeug:127.0.0.1 - - [08/Dec/2019 14:07:09] "GET /menus/assets/js/plugins/bootstrap-notify.js HTTP/1.1" 404 -
INFO:werkzeug:127.0.0.1 - - [08/Dec/2019 14:07:09] "GET /menus/assets/js/material-dashboard.js?v=2.1.1 HTTP/1.1" 404 -
INFO:werkzeug:127.0.0.1 - - [08/Dec/2019 14:07:11] "GET /menus/uploads HTTP/1.1" 200 -
INFO:werkzeug:127.0.0.1 - - [08/Dec/2019 14:07:11] "GET /menus/assets/js/core/bootstrap-material-design.min.js HTTP/1.1" 404 -
INFO:werkzeug:127.0.0.1 - - [08/Dec/2019 14:07:12] "GET /menus/assets/js/core/jquery.min.js HTTP/1.1" 404 -
INFO:werkzeug:127.0.0.1 - - [08/Dec/2019 14:07:12] "GET /menus/assets/js/core/popper.min.js HTTP/1.1" 404 -
INFO:werkzeug:127.0.0.1 - - [08/Dec/2019 14:07:12] "GET /menus/assets/js/plugins/perfect-scrollbar.jquery.min.js HTTP/1.1" 404 -
INFO:werkzeug:127.0.0.1 - - [08/Dec/2019 14:07:12] "GET /menus/assets/js/plugins/chartist.min.js HTTP/1.1" 404 -
INFO:werkzeug:127.0.0.1 - - [08/Dec/2019 14:07:12] "GET /menus/assets/js/plugins/bootstrap-notify.js HTTP/1.1" 404 -
INFO:werkzeug:127.0.0.1 - - [08/Dec/2019 14:07:12] "GET /menus/assets/js/material-dashboard.js?v=2.1.1 HTTP/1.1" 404 -
INFO:werkzeug:127.0.0.1 - - [08/Dec/2019 14:07:12] "GET /menus/assets/js/core/bootstrap-material-design.min.js HTTP/1.1" 404 -
INFO:werkzeug:127.0.0.1 - - [08/Dec/2019 14:07:12] "GET /menus/assets/js/plugins/perfect-scrollbar.jquery.min.js HTTP/1.1" 404 -
INFO:werkzeug:127.0.0.1 - - [08/Dec/2019 14:07:13] "GET /menus/assets/js/plugins/chartist.min.js HTTP/1.1" 404 -
INFO:werkzeug:127.0.0.1 - - [08/Dec/2019 14:07:13] "GET /menus/assets/js/plugins/bootstrap-notify.js HTTP/1.1" 404 -
INFO:werkzeug:127.0.0.1 - - [08/Dec/2019 14:07:13] "GET /menus/assets/js/material-dashboard.js?v=2.1.1 HTTP/1.1" 404 -
INFO:werkzeug:127.0.0.1 - - [08/Dec/2019 14:07:16] "GET /menus/img HTTP/1.1" 200 -
INFO:werkzeug:127.0.0.1 - - [08/Dec/2019 14:07:16] "GET /menus/assets/js/material-dashboard.js?v=2.1.1 HTTP/1.1" 404 -
INFO:werkzeug:127.0.0.1 - - [08/Dec/2019 14:07:16] "GET /menus/assets/js/core/jquery.min.js HTTP/1.1" 404 -
INFO:werkzeug:127.0.0.1 - - [08/Dec/2019 14:07:16] "GET /menus/assets/js/core/popper.min.js HTTP/1.1" 404 -
INFO:werkzeug:127.0.0.1 - - [08/Dec/2019 14:07:16] "GET /menus/assets/js/core/bootstrap-material-design.min.js HTTP/1.1" 404 -
INFO:werkzeug:127.0.0.1 - - [08/Dec/2019 14:07:16] "GET /menus/assets/js/plugins/perfect-scrollbar.jquery.min.js HTTP/1.1" 404 -
INFO:werkzeug:127.0.0.1 - - [08/Dec/2019 14:07:16] "GET /menus/assets/js/plugins/chartist.min.js HTTP/1.1" 404 -
INFO:werkzeug:127.0.0.1 - - [08/Dec/2019 14:07:17] "GET /menus/assets/js/plugins/perfect-scrollbar.jquery.min.js HTTP/1.1" 404 -
INFO:werkzeug:127.0.0.1 - - [08/Dec/2019 14:07:17] "GET /menus/assets/js/plugins/chartist.min.js HTTP/1.1" 404 -
INFO:werkzeug:127.0.0.1 - - [08/Dec/2019 14:07:17] "GET /menus/assets/js/plugins/bootstrap-notify.js HTTP/1.1" 404 -
INFO:werkzeug:127.0.0.1 - - [08/Dec/2019 14:07:17] "GET /menus/assets/js/material-dashboard.js?v=2.1.1 HTTP/1.1" 404 -
INFO:werkzeug: * Detected change in 'C:\\Users\\ARTALL\\Desktop\\web_service_2 쌔거\\app.py', reloading
INFO:werkzeug: * Restarting with stat
WARNING:werkzeug: * Debugger is active!
INFO:werkzeug: * Debugger PIN: 791-056-875
INFO:werkzeug: * Running on http://localhost:8080/ (Press CTRL+C to quit)
INFO:werkzeug:127.0.0.1 - - [08/Dec/2019 14:23:28] "GET /menus/img HTTP/1.1" 200 -
INFO:werkzeug:127.0.0.1 - - [08/Dec/2019 14:23:28] "GET /menus/assets/js/core/jquery.min.js HTTP/1.1" 404 -
INFO:werkzeug:127.0.0.1 - - [08/Dec/2019 14:23:29] "GET /menus/assets/js/core/popper.min.js HTTP/1.1" 404 -
INFO:werkzeug:127.0.0.1 - - [08/Dec/2019 14:23:29] "GET /menus/assets/js/core/bootstrap-material-design.min.js HTTP/1.1" 404 -
INFO:werkzeug:127.0.0.1 - - [08/Dec/2019 14:23:29] "GET /menus/assets/js/plugins/perfect-scrollbar.jquery.min.js HTTP/1.1" 404 -
INFO:werkzeug:127.0.0.1 - - [08/Dec/2019 14:23:29] "GET /menus/assets/js/plugins/bootstrap-notify.js HTTP/1.1" 404 -
INFO:werkzeug:127.0.0.1 - - [08/Dec/2019 14:23:29] "GET /menus/assets/js/plugins/chartist.min.js HTTP/1.1" 404 -
INFO:werkzeug:127.0.0.1 - - [08/Dec/2019 14:23:29] "GET /menus/assets/js/material-dashboard.js?v=2.1.1 HTTP/1.1" 404 -
INFO:werkzeug:127.0.0.1 - - [08/Dec/2019 14:23:32] "GET /auth/login HTTP/1.1" 200 -
INFO:werkzeug:127.0.0.1 - - [08/Dec/2019 14:23:32] "GET /auth/assets/js/core/popper.min.js HTTP/1.1" 404 -
INFO:werkzeug:127.0.0.1 - - [08/Dec/2019 14:23:32] "GET /auth/assets/js/core/bootstrap-material-design.min.js HTTP/1.1" 404 -
INFO:werkzeug:127.0.0.1 - - [08/Dec/2019 14:23:32] "GET /auth/assets/js/core/jquery.min.js HTTP/1.1" 404 -
INFO:werkzeug:127.0.0.1 - - [08/Dec/2019 14:23:32] "GET /auth/assets/js/plugins/perfect-scrollbar.jquery.min.js HTTP/1.1" 404 -
INFO:werkzeug:127.0.0.1 - - [08/Dec/2019 14:23:32] "GET /auth/assets/js/plugins/chartist.min.js HTTP/1.1" 404 -
INFO:werkzeug:127.0.0.1 - - [08/Dec/2019 14:23:32] "GET /auth/assets/js/plugins/bootstrap-notify.js HTTP/1.1" 404 -
INFO:werkzeug:127.0.0.1 - - [08/Dec/2019 14:23:32] "GET /auth/assets/js/material-dashboard.js?v=2.1.1 HTTP/1.1" 404 -
INFO:werkzeug:127.0.0.1 - - [08/Dec/2019 14:23:32] "GET /auth/assets/js/core/popper.min.js HTTP/1.1" 404 -
INFO:werkzeug:127.0.0.1 - - [08/Dec/2019 14:23:32] "GET /auth/assets/js/core/bootstrap-material-design.min.js HTTP/1.1" 404 -
INFO:werkzeug:127.0.0.1 - - [08/Dec/2019 14:23:32] "GET /auth/assets/js/plugins/perfect-scrollbar.jquery.min.js HTTP/1.1" 404 -
INFO:werkzeug:127.0.0.1 - - [08/Dec/2019 14:23:32] "GET /auth/assets/js/plugins/chartist.min.js HTTP/1.1" 404 -
INFO:werkzeug:127.0.0.1 - - [08/Dec/2019 14:23:33] "GET /auth/assets/js/plugins/bootstrap-notify.js HTTP/1.1" 404 -
INFO:werkzeug:127.0.0.1 - - [08/Dec/2019 14:23:33] "GET /auth/assets/js/material-dashboard.js?v=2.1.1 HTTP/1.1" 404 -
INFO:werkzeug:127.0.0.1 - - [08/Dec/2019 14:23:33] "GET /static/images/kakao_account_login_btn_medium_narrow.png HTTP/1.1" 304 -
INFO:werkzeug:127.0.0.1 - - [08/Dec/2019 14:23:35] "GET /auth/kakao_oauth_redirect?code=3SRBtRtZodp65JekyaUHmuFUTl6-pukO8p7VG1yx3wfOICUl-JqdZH4MMveH6rkd3doPuAorDR4AAAFu4_aJkg HTTP/1.1" 302 -
INFO:werkzeug:127.0.0.1 - - [08/Dec/2019 14:23:35] "GET /auth/login HTTP/1.1" 200 -
INFO:werkzeug:127.0.0.1 - - [08/Dec/2019 14:23:35] "GET /auth/assets/js/core/bootstrap-material-design.min.js HTTP/1.1" 404 -
INFO:werkzeug:127.0.0.1 - - [08/Dec/2019 14:23:35] "GET /auth/assets/js/core/jquery.min.js HTTP/1.1" 404 -
INFO:werkzeug:127.0.0.1 - - [08/Dec/2019 14:23:35] "GET /auth/assets/js/core/popper.min.js HTTP/1.1" 404 -
INFO:werkzeug:127.0.0.1 - - [08/Dec/2019 14:23:35] "GET /auth/assets/js/plugins/perfect-scrollbar.jquery.min.js HTTP/1.1" 404 -
INFO:werkzeug:127.0.0.1 - - [08/Dec/2019 14:23:35] "GET /auth/assets/js/plugins/chartist.min.js HTTP/1.1" 404 -
INFO:werkzeug:127.0.0.1 - - [08/Dec/2019 14:23:35] "GET /auth/assets/js/material-dashboard.js?v=2.1.1 HTTP/1.1" 404 -
INFO:werkzeug:127.0.0.1 - - [08/Dec/2019 14:23:36] "GET /auth/assets/js/plugins/bootstrap-notify.js HTTP/1.1" 404 -
INFO:werkzeug:127.0.0.1 - - [08/Dec/2019 14:23:36] "GET /auth/assets/js/core/bootstrap-material-design.min.js HTTP/1.1" 404 -
INFO:werkzeug:127.0.0.1 - - [08/Dec/2019 14:23:36] "GET /auth/assets/js/plugins/perfect-scrollbar.jquery.min.js HTTP/1.1" 404 -
INFO:werkzeug:127.0.0.1 - - [08/Dec/2019 14:23:36] "GET /auth/assets/js/plugins/chartist.min.js HTTP/1.1" 404 -
INFO:werkzeug:127.0.0.1 - - [08/Dec/2019 14:23:36] "GET /auth/assets/js/plugins/bootstrap-notify.js HTTP/1.1" 404 -
INFO:werkzeug:127.0.0.1 - - [08/Dec/2019 14:23:37] "GET /auth/assets/js/material-dashboard.js?v=2.1.1 HTTP/1.1" 404 -
INFO:werkzeug:127.0.0.1 - - [08/Dec/2019 14:23:46] "POST /auth/login HTTP/1.1" 302 -
INFO:werkzeug:127.0.0.1 - - [08/Dec/2019 14:23:46] "GET / HTTP/1.1" 200 -
INFO:werkzeug:127.0.0.1 - - [08/Dec/2019 14:23:46] "GET /assets/js/core/bootstrap-material-design.min.js HTTP/1.1" 404 -
INFO:werkzeug:127.0.0.1 - - [08/Dec/2019 14:23:46] "GET /assets/js/plugins/perfect-scrollbar.jquery.min.js HTTP/1.1" 404 -
INFO:werkzeug:127.0.0.1 - - [08/Dec/2019 14:23:46] "GET /assets/js/core/popper.min.js HTTP/1.1" 404 -
INFO:werkzeug:127.0.0.1 - - [08/Dec/2019 14:23:46] "GET /assets/js/core/jquery.min.js HTTP/1.1" 404 -
INFO:werkzeug:127.0.0.1 - - [08/Dec/2019 14:23:46] "GET /assets/js/plugins/chartist.min.js HTTP/1.1" 404 -
INFO:werkzeug:127.0.0.1 - - [08/Dec/2019 14:23:46] "GET /assets/js/plugins/bootstrap-notify.js HTTP/1.1" 404 -
INFO:werkzeug:127.0.0.1 - - [08/Dec/2019 14:23:46] "GET /assets/js/material-dashboard.js?v=2.1.1 HTTP/1.1" 404 -
INFO:werkzeug:127.0.0.1 - - [08/Dec/2019 14:23:46] "GET /assets/js/core/popper.min.js HTTP/1.1" 404 -
INFO:werkzeug:127.0.0.1 - - [08/Dec/2019 14:23:47] "GET /assets/js/core/bootstrap-material-design.min.js HTTP/1.1" 404 -
INFO:werkzeug:127.0.0.1 - - [08/Dec/2019 14:23:47] "GET /assets/js/plugins/perfect-scrollbar.jquery.min.js HTTP/1.1" 404 -
INFO:werkzeug:127.0.0.1 - - [08/Dec/2019 14:23:47] "GET /assets/js/plugins/chartist.min.js HTTP/1.1" 404 -
INFO:werkzeug:127.0.0.1 - - [08/Dec/2019 14:23:47] "GET /assets/js/plugins/bootstrap-notify.js HTTP/1.1" 404 -
INFO:werkzeug:127.0.0.1 - - [08/Dec/2019 14:23:47] "GET /assets/js/material-dashboard.js?v=2.1.1 HTTP/1.1" 404 -
INFO:werkzeug:127.0.0.1 - - [08/Dec/2019 14:23:54] "GET /menus/img HTTP/1.1" 200 -
INFO:werkzeug:127.0.0.1 - - [08/Dec/2019 14:23:54] "GET /menus/assets/js/core/bootstrap-material-design.min.js HTTP/1.1" 404 -
INFO:werkzeug:127.0.0.1 - - [08/Dec/2019 14:23:54] "GET /menus/assets/js/core/jquery.min.js HTTP/1.1" 404 -
INFO:werkzeug:127.0.0.1 - - [08/Dec/2019 14:23:54] "GET /menus/assets/js/core/popper.min.js HTTP/1.1" 404 -
INFO:werkzeug:127.0.0.1 - - [08/Dec/2019 14:23:54] "GET /menus/assets/js/plugins/perfect-scrollbar.jquery.min.js HTTP/1.1" 404 -
INFO:werkzeug:127.0.0.1 - - [08/Dec/2019 14:23:54] "GET /menus/assets/js/plugins/chartist.min.js HTTP/1.1" 404 -
INFO:werkzeug:127.0.0.1 - - [08/Dec/2019 14:23:54] "GET /menus/assets/js/plugins/bootstrap-notify.js HTTP/1.1" 404 -
INFO:werkzeug:127.0.0.1 - - [08/Dec/2019 14:23:55] "GET /menus/assets/js/material-dashboard.js?v=2.1.1 HTTP/1.1" 404 -
INFO:werkzeug:127.0.0.1 - - [08/Dec/2019 14:23:55] "GET /menus/assets/js/core/bootstrap-material-design.min.js HTTP/1.1" 404 -
INFO:werkzeug:127.0.0.1 - - [08/Dec/2019 14:23:55] "GET /menus/assets/js/plugins/perfect-scrollbar.jquery.min.js HTTP/1.1" 404 -
INFO:werkzeug:127.0.0.1 - - [08/Dec/2019 14:23:55] "GET /menus/assets/js/plugins/chartist.min.js HTTP/1.1" 404 -
INFO:werkzeug:127.0.0.1 - - [08/Dec/2019 14:23:55] "GET /menus/assets/js/plugins/bootstrap-notify.js HTTP/1.1" 404 -
INFO:werkzeug:127.0.0.1 - - [08/Dec/2019 14:23:55] "GET /menus/assets/js/material-dashboard.js?v=2.1.1 HTTP/1.1" 404 -
INFO:werkzeug:127.0.0.1 - - [08/Dec/2019 14:25:09] "GET /menus/img HTTP/1.1" 200 -
INFO:werkzeug:127.0.0.1 - - [08/Dec/2019 14:25:09] "GET /menus/assets/js/core/jquery.min.js HTTP/1.1" 404 -
INFO:werkzeug:127.0.0.1 - - [08/Dec/2019 14:25:09] "GET /menus/assets/js/core/popper.min.js HTTP/1.1" 404 -
INFO:werkzeug:127.0.0.1 - - [08/Dec/2019 14:25:09] "GET /menus/assets/js/plugins/bootstrap-notify.js HTTP/1.1" 404 -
INFO:werkzeug:127.0.0.1 - - [08/Dec/2019 14:25:09] "GET /menus/assets/js/core/bootstrap-material-design.min.js HTTP/1.1" 404 -
INFO:werkzeug:127.0.0.1 - - [08/Dec/2019 14:25:09] "GET /menus/assets/js/plugins/perfect-scrollbar.jquery.min.js HTTP/1.1" 404 -
INFO:werkzeug:127.0.0.1 - - [08/Dec/2019 14:25:09] "GET /menus/assets/js/plugins/chartist.min.js HTTP/1.1" 404 -
INFO:werkzeug:127.0.0.1 - - [08/Dec/2019 14:25:09] "GET /menus/assets/js/material-dashboard.js?v=2.1.1 HTTP/1.1" 404 -
INFO:werkzeug:127.0.0.1 - - [08/Dec/2019 14:25:09] "GET /menus/assets/js/plugins/bootstrap-notify.js HTTP/1.1" 404 -
INFO:werkzeug:127.0.0.1 - - [08/Dec/2019 14:25:10] "GET /menus/assets/js/material-dashboard.js?v=2.1.1 HTTP/1.1" 404 -
INFO:werkzeug:127.0.0.1 - - [08/Dec/2019 14:25:17] "GET /menus/img HTTP/1.1" 200 -
INFO:werkzeug:127.0.0.1 - - [08/Dec/2019 14:25:17] "GET /menus/assets/js/core/jquery.min.js HTTP/1.1" 404 -
INFO:werkzeug:127.0.0.1 - - [08/Dec/2019 14:25:17] "GET /menus/assets/js/core/popper.min.js HTTP/1.1" 404 -
INFO:werkzeug:127.0.0.1 - - [08/Dec/2019 14:25:17] "GET /menus/assets/js/core/bootstrap-material-design.min.js HTTP/1.1" 404 -
INFO:werkzeug:127.0.0.1 - - [08/Dec/2019 14:25:17] "GET /menus/assets/js/plugins/chartist.min.js HTTP/1.1" 404 -
INFO:werkzeug:127.0.0.1 - - [08/Dec/2019 14:25:17] "GET /menus/assets/js/plugins/perfect-scrollbar.jquery.min.js HTTP/1.1" 404 -
INFO:werkzeug:127.0.0.1 - - [08/Dec/2019 14:25:17] "GET /menus/assets/js/plugins/bootstrap-notify.js HTTP/1.1" 404 -
INFO:werkzeug:127.0.0.1 - - [08/Dec/2019 14:25:17] "GET /menus/assets/js/material-dashboard.js?v=2.1.1 HTTP/1.1" 404 -
INFO:werkzeug:127.0.0.1 - - [08/Dec/2019 14:25:17] "GET /menus/assets/js/plugins/chartist.min.js HTTP/1.1" 404 -
INFO:werkzeug:127.0.0.1 - - [08/Dec/2019 14:25:18] "GET /menus/assets/js/plugins/bootstrap-notify.js HTTP/1.1" 404 -
INFO:werkzeug:127.0.0.1 - - [08/Dec/2019 14:25:18] "GET /menus/assets/js/material-dashboard.js?v=2.1.1 HTTP/1.1" 404 -
INFO:werkzeug:127.0.0.1 - - [08/Dec/2019 14:25:24] "GET /static/assets/css/dashboard-free.css.map HTTP/1.1" 404 -
INFO:werkzeug:127.0.0.1 - - [08/Dec/2019 14:27:20] "GET /menus/img HTTP/1.1" 200 -
INFO:werkzeug:127.0.0.1 - - [08/Dec/2019 14:27:20] "GET /static/assets/css/material-dashboard.css?v=2.1.1 HTTP/1.1" 200 -
INFO:werkzeug:127.0.0.1 - - [08/Dec/2019 14:27:21] "GET /static/css/mainpage.css HTTP/1.1" 200 -
INFO:werkzeug:127.0.0.1 - - [08/Dec/2019 14:27:21] "GET /menus/assets/js/core/jquery.min.js HTTP/1.1" 404 -
INFO:werkzeug:127.0.0.1 - - [08/Dec/2019 14:27:21] "GET /menus/assets/js/core/popper.min.js HTTP/1.1" 404 -
INFO:werkzeug:127.0.0.1 - - [08/Dec/2019 14:27:21] "GET /static/css/upload.css HTTP/1.1" 200 -
INFO:werkzeug:127.0.0.1 - - [08/Dec/2019 14:27:21] "GET /static/css/img.css HTTP/1.1" 200 -
INFO:werkzeug:127.0.0.1 - - [08/Dec/2019 14:27:21] "GET /menus/assets/js/core/bootstrap-material-design.min.js HTTP/1.1" 404 -
INFO:werkzeug:127.0.0.1 - - [08/Dec/2019 14:27:21] "GET /menus/assets/js/plugins/perfect-scrollbar.jquery.min.js HTTP/1.1" 404 -
INFO:werkzeug:127.0.0.1 - - [08/Dec/2019 14:27:21] "GET /menus/assets/js/plugins/chartist.min.js HTTP/1.1" 404 -
INFO:werkzeug:127.0.0.1 - - [08/Dec/2019 14:27:21] "GET /menus/assets/js/plugins/bootstrap-notify.js HTTP/1.1" 404 -
INFO:werkzeug:127.0.0.1 - - [08/Dec/2019 14:27:21] "GET /menus/assets/js/material-dashboard.js?v=2.1.1 HTTP/1.1" 404 -
INFO:werkzeug:127.0.0.1 - - [08/Dec/2019 14:27:21] "GET /menus/assets/js/core/popper.min.js HTTP/1.1" 404 -
INFO:werkzeug:127.0.0.1 - - [08/Dec/2019 14:27:21] "GET /menus/assets/js/core/bootstrap-material-design.min.js HTTP/1.1" 404 -
INFO:werkzeug:127.0.0.1 - - [08/Dec/2019 14:27:21] "GET /menus/assets/js/plugins/perfect-scrollbar.jquery.min.js HTTP/1.1" 404 -
INFO:werkzeug:127.0.0.1 - - [08/Dec/2019 14:27:21] "GET /static/assets/css/dashboard-free.css.map HTTP/1.1" 404 -
INFO:werkzeug:127.0.0.1 - - [08/Dec/2019 14:27:22] "GET /menus/assets/js/plugins/chartist.min.js HTTP/1.1" 404 -
INFO:werkzeug:127.0.0.1 - - [08/Dec/2019 14:27:22] "GET /menus/assets/js/plugins/bootstrap-notify.js HTTP/1.1" 404 -
INFO:werkzeug:127.0.0.1 - - [08/Dec/2019 14:27:22] "GET /menus/assets/js/material-dashboard.js?v=2.1.1 HTTP/1.1" 404 -
INFO:werkzeug:127.0.0.1 - - [08/Dec/2019 14:27:25] "GET /menus/img HTTP/1.1" 200 -
INFO:werkzeug:127.0.0.1 - - [08/Dec/2019 14:27:25] "GET /menus/assets/js/core/jquery.min.js HTTP/1.1" 404 -
INFO:werkzeug:127.0.0.1 - - [08/Dec/2019 14:27:25] "GET /menus/assets/js/core/popper.min.js HTTP/1.1" 404 -
INFO:werkzeug:127.0.0.1 - - [08/Dec/2019 14:27:25] "GET /menus/assets/js/core/bootstrap-material-design.min.js HTTP/1.1" 404 -
INFO:werkzeug:127.0.0.1 - - [08/Dec/2019 14:27:25] "GET /menus/assets/js/plugins/perfect-scrollbar.jquery.min.js HTTP/1.1" 404 -
INFO:werkzeug:127.0.0.1 - - [08/Dec/2019 14:27:25] "GET /menus/assets/js/plugins/chartist.min.js HTTP/1.1" 404 -
INFO:werkzeug:127.0.0.1 - - [08/Dec/2019 14:27:25] "GET /menus/assets/js/plugins/bootstrap-notify.js HTTP/1.1" 404 -
INFO:werkzeug:127.0.0.1 - - [08/Dec/2019 14:27:26] "GET /menus/assets/js/material-dashboard.js?v=2.1.1 HTTP/1.1" 404 -
INFO:werkzeug:127.0.0.1 - - [08/Dec/2019 14:27:41] "GET /menus/img HTTP/1.1" 200 -
INFO:werkzeug:127.0.0.1 - - [08/Dec/2019 14:27:41] "GET /menus/assets/js/core/jquery.min.js HTTP/1.1" 404 -
INFO:werkzeug:127.0.0.1 - - [08/Dec/2019 14:27:41] "GET /menus/assets/js/core/popper.min.js HTTP/1.1" 404 -
INFO:werkzeug:127.0.0.1 - - [08/Dec/2019 14:27:41] "GET /menus/assets/js/plugins/perfect-scrollbar.jquery.min.js HTTP/1.1" 404 -
INFO:werkzeug:127.0.0.1 - - [08/Dec/2019 14:27:41] "GET /menus/assets/js/core/bootstrap-material-design.min.js HTTP/1.1" 404 -
INFO:werkzeug:127.0.0.1 - - [08/Dec/2019 14:27:41] "GET /menus/assets/js/plugins/chartist.min.js HTTP/1.1" 404 -
INFO:werkzeug:127.0.0.1 - - [08/Dec/2019 14:27:41] "GET /menus/assets/js/plugins/bootstrap-notify.js HTTP/1.1" 404 -
INFO:werkzeug:127.0.0.1 - - [08/Dec/2019 14:27:41] "GET /menus/assets/js/material-dashboard.js?v=2.1.1 HTTP/1.1" 404 -
INFO:werkzeug:127.0.0.1 - - [08/Dec/2019 14:27:42] "GET /menus/assets/js/plugins/perfect-scrollbar.jquery.min.js HTTP/1.1" 404 -
INFO:werkzeug:127.0.0.1 - - [08/Dec/2019 14:27:42] "GET /menus/assets/js/plugins/chartist.min.js HTTP/1.1" 404 -
INFO:werkzeug:127.0.0.1 - - [08/Dec/2019 14:27:42] "GET /menus/assets/js/plugins/bootstrap-notify.js HTTP/1.1" 404 -
INFO:werkzeug:127.0.0.1 - - [08/Dec/2019 14:27:42] "GET /menus/assets/js/material-dashboard.js?v=2.1.1 HTTP/1.1" 404 -
INFO:werkzeug:127.0.0.1 - - [08/Dec/2019 14:27:48] "GET /menus/img HTTP/1.1" 200 -
INFO:werkzeug:127.0.0.1 - - [08/Dec/2019 14:27:48] "GET /menus/assets/js/core/bootstrap-material-design.min.js HTTP/1.1" 404 -
INFO:werkzeug:127.0.0.1 - - [08/Dec/2019 14:27:48] "GET /menus/assets/js/core/jquery.min.js HTTP/1.1" 404 -
INFO:werkzeug:127.0.0.1 - - [08/Dec/2019 14:27:48] "GET /menus/assets/js/core/popper.min.js HTTP/1.1" 404 -
INFO:werkzeug:127.0.0.1 - - [08/Dec/2019 14:27:48] "GET /menus/assets/js/plugins/perfect-scrollbar.jquery.min.js HTTP/1.1" 404 -
INFO:werkzeug:127.0.0.1 - - [08/Dec/2019 14:27:48] "GET /menus/assets/js/plugins/chartist.min.js HTTP/1.1" 404 -
INFO:werkzeug:127.0.0.1 - - [08/Dec/2019 14:27:48] "GET /menus/assets/js/plugins/bootstrap-notify.js HTTP/1.1" 404 -
INFO:werkzeug:127.0.0.1 - - [08/Dec/2019 14:27:48] "GET /menus/assets/js/material-dashboard.js?v=2.1.1 HTTP/1.1" 404 -
INFO:werkzeug:127.0.0.1 - - [08/Dec/2019 14:27:48] "GET /menus/assets/js/core/bootstrap-material-design.min.js HTTP/1.1" 404 -
INFO:werkzeug:127.0.0.1 - - [08/Dec/2019 14:27:49] "GET /menus/assets/js/plugins/perfect-scrollbar.jquery.min.js HTTP/1.1" 404 -
INFO:werkzeug:127.0.0.1 - - [08/Dec/2019 14:27:49] "GET /menus/assets/js/plugins/chartist.min.js HTTP/1.1" 404 -
INFO:werkzeug:127.0.0.1 - - [08/Dec/2019 14:27:49] "GET /menus/assets/js/plugins/bootstrap-notify.js HTTP/1.1" 404 -
INFO:werkzeug:127.0.0.1 - - [08/Dec/2019 14:27:49] "GET /menus/assets/js/material-dashboard.js?v=2.1.1 HTTP/1.1" 404 -
INFO:werkzeug:127.0.0.1 - - [08/Dec/2019 14:27:54] "GET /static/assets/css/dashboard-free.css.map HTTP/1.1" 404 -
INFO:werkzeug:127.0.0.1 - - [08/Dec/2019 14:29:31] "GET /menus/img HTTP/1.1" 200 -
INFO:werkzeug:127.0.0.1 - - [08/Dec/2019 14:29:31] "GET /static/assets/css/material-dashboard.css?v=2.1.1 HTTP/1.1" 200 -
INFO:werkzeug:127.0.0.1 - - [08/Dec/2019 14:29:31] "GET /static/css/mainpage.css HTTP/1.1" 200 -
INFO:werkzeug:127.0.0.1 - - [08/Dec/2019 14:29:31] "GET /menus/assets/js/core/jquery.min.js HTTP/1.1" 404 -
INFO:werkzeug:127.0.0.1 - - [08/Dec/2019 14:29:31] "GET /menus/assets/js/core/popper.min.js HTTP/1.1" 404 -
INFO:werkzeug:127.0.0.1 - - [08/Dec/2019 14:29:31] "GET /static/css/upload.css HTTP/1.1" 200 -
INFO:werkzeug:127.0.0.1 - - [08/Dec/2019 14:29:31] "GET /menus/assets/js/core/bootstrap-material-design.min.js HTTP/1.1" 404 -
INFO:werkzeug:127.0.0.1 - - [08/Dec/2019 14:29:31] "GET /static/css/img.css HTTP/1.1" 200 -
INFO:werkzeug:127.0.0.1 - - [08/Dec/2019 14:29:32] "GET /menus/assets/js/plugins/perfect-scrollbar.jquery.min.js HTTP/1.1" 404 -
INFO:werkzeug:127.0.0.1 - - [08/Dec/2019 14:29:32] "GET /menus/assets/js/plugins/chartist.min.js HTTP/1.1" 404 -
INFO:werkzeug:127.0.0.1 - - [08/Dec/2019 14:29:32] "GET /menus/assets/js/plugins/bootstrap-notify.js HTTP/1.1" 404 -
INFO:werkzeug:127.0.0.1 - - [08/Dec/2019 14:29:32] "GET /menus/assets/js/material-dashboard.js?v=2.1.1 HTTP/1.1" 404 -
INFO:werkzeug:127.0.0.1 - - [08/Dec/2019 14:29:32] "GET /menus/assets/js/core/popper.min.js HTTP/1.1" 404 -
INFO:werkzeug:127.0.0.1 - - [08/Dec/2019 14:29:32] "GET /static/assets/css/dashboard-free.css.map HTTP/1.1" 404 -
INFO:werkzeug:127.0.0.1 - - [08/Dec/2019 14:29:32] "GET /menus/assets/js/core/bootstrap-material-design.min.js HTTP/1.1" 404 -
INFO:werkzeug:127.0.0.1 - - [08/Dec/2019 14:29:32] "GET /menus/assets/js/plugins/perfect-scrollbar.jquery.min.js HTTP/1.1" 404 -
INFO:werkzeug:127.0.0.1 - - [08/Dec/2019 14:29:33] "GET /menus/assets/js/plugins/chartist.min.js HTTP/1.1" 404 -
INFO:werkzeug:127.0.0.1 - - [08/Dec/2019 14:29:33] "GET /menus/assets/js/plugins/bootstrap-notify.js HTTP/1.1" 404 -
INFO:werkzeug:127.0.0.1 - - [08/Dec/2019 14:29:33] "GET /menus/assets/js/material-dashboard.js?v=2.1.1 HTTP/1.1" 404 -
INFO:werkzeug:127.0.0.1 - - [08/Dec/2019 14:29:33] "GET /menus/img HTTP/1.1" 200 -
INFO:werkzeug:127.0.0.1 - - [08/Dec/2019 14:29:33] "GET /static/assets/css/material-dashboard.css?v=2.1.1 HTTP/1.1" 200 -
INFO:werkzeug:127.0.0.1 - - [08/Dec/2019 14:29:33] "GET /menus/assets/js/core/jquery.min.js HTTP/1.1" 404 -
INFO:werkzeug:127.0.0.1 - - [08/Dec/2019 14:29:33] "GET /menus/assets/js/core/popper.min.js HTTP/1.1" 404 -
INFO:werkzeug:127.0.0.1 - - [08/Dec/2019 14:29:33] "GET /static/css/mainpage.css HTTP/1.1" 200 -
INFO:werkzeug:127.0.0.1 - - [08/Dec/2019 14:29:33] "GET /static/css/upload.css HTTP/1.1" 200 -
INFO:werkzeug:127.0.0.1 - - [08/Dec/2019 14:29:33] "GET /static/css/img.css HTTP/1.1" 200 -
INFO:werkzeug:127.0.0.1 - - [08/Dec/2019 14:29:34] "GET /menus/assets/js/core/bootstrap-material-design.min.js HTTP/1.1" 404 -
INFO:werkzeug:127.0.0.1 - - [08/Dec/2019 14:29:34] "GET /menus/assets/js/plugins/perfect-scrollbar.jquery.min.js HTTP/1.1" 404 -
INFO:werkzeug:127.0.0.1 - - [08/Dec/2019 14:29:34] "GET /menus/assets/js/plugins/chartist.min.js HTTP/1.1" 404 -
INFO:werkzeug:127.0.0.1 - - [08/Dec/2019 14:29:34] "GET /menus/assets/js/plugins/bootstrap-notify.js HTTP/1.1" 404 -
INFO:werkzeug:127.0.0.1 - - [08/Dec/2019 14:29:34] "GET /menus/assets/js/material-dashboard.js?v=2.1.1 HTTP/1.1" 404 -
INFO:werkzeug:127.0.0.1 - - [08/Dec/2019 14:29:34] "GET /menus/assets/js/core/popper.min.js HTTP/1.1" 404 -
INFO:werkzeug:127.0.0.1 - - [08/Dec/2019 14:29:34] "GET /menus/assets/js/core/bootstrap-material-design.min.js HTTP/1.1" 404 -
INFO:werkzeug:127.0.0.1 - - [08/Dec/2019 14:29:34] "GET /menus/assets/js/plugins/perfect-scrollbar.jquery.min.js HTTP/1.1" 404 -
INFO:werkzeug:127.0.0.1 - - [08/Dec/2019 14:29:34] "GET /menus/assets/js/plugins/chartist.min.js HTTP/1.1" 404 -
INFO:werkzeug:127.0.0.1 - - [08/Dec/2019 14:29:34] "GET /menus/assets/js/plugins/bootstrap-notify.js HTTP/1.1" 404 -
INFO:werkzeug:127.0.0.1 - - [08/Dec/2019 14:29:34] "GET /menus/assets/js/material-dashboard.js?v=2.1.1 HTTP/1.1" 404 -
INFO:werkzeug:127.0.0.1 - - [08/Dec/2019 14:29:35] "GET /static/assets/css/dashboard-free.css.map HTTP/1.1" 404 -
INFO:werkzeug:127.0.0.1 - - [08/Dec/2019 14:29:39] "GET /menus/img HTTP/1.1" 200 -
INFO:werkzeug:127.0.0.1 - - [08/Dec/2019 14:29:40] "GET /static/assets/css/material-dashboard.css?v=2.1.1 HTTP/1.1" 200 -
INFO:werkzeug:127.0.0.1 - - [08/Dec/2019 14:29:40] "GET /menus/assets/js/core/jquery.min.js HTTP/1.1" 404 -
INFO:werkzeug:127.0.0.1 - - [08/Dec/2019 14:29:40] "GET /static/css/mainpage.css HTTP/1.1" 200 -
INFO:werkzeug:127.0.0.1 - - [08/Dec/2019 14:29:40] "GET /menus/assets/js/core/popper.min.js HTTP/1.1" 404 -
INFO:werkzeug:127.0.0.1 - - [08/Dec/2019 14:29:40] "GET /static/css/upload.css HTTP/1.1" 200 -
INFO:werkzeug:127.0.0.1 - - [08/Dec/2019 14:29:40] "GET /static/css/img.css HTTP/1.1" 200 -
INFO:werkzeug:127.0.0.1 - - [08/Dec/2019 14:29:40] "GET /menus/assets/js/core/bootstrap-material-design.min.js HTTP/1.1" 404 -
INFO:werkzeug:127.0.0.1 - - [08/Dec/2019 14:29:40] "GET /menus/assets/js/plugins/perfect-scrollbar.jquery.min.js HTTP/1.1" 404 -
INFO:werkzeug:127.0.0.1 - - [08/Dec/2019 14:29:40] "GET /menus/assets/js/plugins/chartist.min.js HTTP/1.1" 404 -
INFO:werkzeug:127.0.0.1 - - [08/Dec/2019 14:29:40] "GET /menus/assets/js/plugins/bootstrap-notify.js HTTP/1.1" 404 -
INFO:werkzeug:127.0.0.1 - - [08/Dec/2019 14:29:40] "GET /menus/assets/js/material-dashboard.js?v=2.1.1 HTTP/1.1" 404 -
INFO:werkzeug:127.0.0.1 - - [08/Dec/2019 14:29:40] "GET /menus/assets/js/core/popper.min.js HTTP/1.1" 404 -
INFO:werkzeug:127.0.0.1 - - [08/Dec/2019 14:29:40] "GET /menus/assets/js/core/bootstrap-material-design.min.js HTTP/1.1" 404 -
INFO:werkzeug:127.0.0.1 - - [08/Dec/2019 14:29:40] "GET /menus/assets/js/plugins/perfect-scrollbar.jquery.min.js HTTP/1.1" 404 -
INFO:werkzeug:127.0.0.1 - - [08/Dec/2019 14:29:41] "GET /menus/assets/js/plugins/chartist.min.js HTTP/1.1" 404 -
INFO:werkzeug:127.0.0.1 - - [08/Dec/2019 14:29:41] "GET /menus/assets/js/plugins/bootstrap-notify.js HTTP/1.1" 404 -
INFO:werkzeug:127.0.0.1 - - [08/Dec/2019 14:29:41] "GET /menus/assets/js/material-dashboard.js?v=2.1.1 HTTP/1.1" 404 -
INFO:werkzeug:127.0.0.1 - - [08/Dec/2019 14:29:41] "GET /static/assets/css/dashboard-free.css.map HTTP/1.1" 404 -
INFO:werkzeug:127.0.0.1 - - [08/Dec/2019 14:29:54] "GET /menus/img HTTP/1.1" 200 -
INFO:werkzeug:127.0.0.1 - - [08/Dec/2019 14:29:54] "GET /static/assets/css/material-dashboard.css?v=2.1.1 HTTP/1.1" 200 -
INFO:werkzeug:127.0.0.1 - - [08/Dec/2019 14:29:54] "GET /static/css/mainpage.css HTTP/1.1" 200 -
INFO:werkzeug:127.0.0.1 - - [08/Dec/2019 14:29:54] "GET /menus/assets/js/core/jquery.min.js HTTP/1.1" 404 -
INFO:werkzeug:127.0.0.1 - - [08/Dec/2019 14:29:54] "GET /static/css/upload.css HTTP/1.1" 200 -
INFO:werkzeug:127.0.0.1 - - [08/Dec/2019 14:29:54] "GET /menus/assets/js/core/popper.min.js HTTP/1.1" 404 -
INFO:werkzeug:127.0.0.1 - - [08/Dec/2019 14:29:54] "GET /static/css/img.css HTTP/1.1" 200 -
INFO:werkzeug:127.0.0.1 - - [08/Dec/2019 14:29:54] "GET /menus/assets/js/core/bootstrap-material-design.min.js HTTP/1.1" 404 -
INFO:werkzeug:127.0.0.1 - - [08/Dec/2019 14:29:54] "GET /menus/assets/js/plugins/perfect-scrollbar.jquery.min.js HTTP/1.1" 404 -
INFO:werkzeug:127.0.0.1 - - [08/Dec/2019 14:29:55] "GET /menus/assets/js/plugins/chartist.min.js HTTP/1.1" 404 -
INFO:werkzeug:127.0.0.1 - - [08/Dec/2019 14:29:55] "GET /menus/assets/js/plugins/bootstrap-notify.js HTTP/1.1" 404 -
INFO:werkzeug:127.0.0.1 - - [08/Dec/2019 14:29:55] "GET /menus/assets/js/material-dashboard.js?v=2.1.1 HTTP/1.1" 404 -
INFO:werkzeug:127.0.0.1 - - [08/Dec/2019 14:29:55] "GET /menus/assets/js/core/popper.min.js HTTP/1.1" 404 -
INFO:werkzeug:127.0.0.1 - - [08/Dec/2019 14:29:55] "GET /static/assets/css/dashboard-free.css.map HTTP/1.1" 404 -
INFO:werkzeug:127.0.0.1 - - [08/Dec/2019 14:29:55] "GET /menus/assets/js/core/bootstrap-material-design.min.js HTTP/1.1" 404 -
INFO:werkzeug:127.0.0.1 - - [08/Dec/2019 14:29:55] "GET /menus/assets/js/plugins/perfect-scrollbar.jquery.min.js HTTP/1.1" 404 -
INFO:werkzeug:127.0.0.1 - - [08/Dec/2019 14:29:55] "GET /menus/assets/js/plugins/chartist.min.js HTTP/1.1" 404 -
INFO:werkzeug:127.0.0.1 - - [08/Dec/2019 14:29:56] "GET /menus/assets/js/plugins/bootstrap-notify.js HTTP/1.1" 404 -
INFO:werkzeug:127.0.0.1 - - [08/Dec/2019 14:29:56] "GET /menus/assets/js/material-dashboard.js?v=2.1.1 HTTP/1.1" 404 -
INFO:werkzeug:127.0.0.1 - - [08/Dec/2019 14:30:16] "GET /menus/img HTTP/1.1" 200 -
INFO:werkzeug:127.0.0.1 - - [08/Dec/2019 14:30:16] "GET /static/assets/css/material-dashboard.css?v=2.1.1 HTTP/1.1" 200 -
INFO:werkzeug:127.0.0.1 - - [08/Dec/2019 14:30:16] "GET /static/css/mainpage.css HTTP/1.1" 200 -
INFO:werkzeug:127.0.0.1 - - [08/Dec/2019 14:30:16] "GET /menus/assets/js/core/jquery.min.js HTTP/1.1" 404 -
INFO:werkzeug:127.0.0.1 - - [08/Dec/2019 14:30:16] "GET /menus/assets/js/core/popper.min.js HTTP/1.1" 404 -
INFO:werkzeug:127.0.0.1 - - [08/Dec/2019 14:30:16] "GET /static/css/upload.css HTTP/1.1" 200 -
INFO:werkzeug:127.0.0.1 - - [08/Dec/2019 14:30:16] "GET /static/css/img.css HTTP/1.1" 200 -
INFO:werkzeug:127.0.0.1 - - [08/Dec/2019 14:30:16] "GET /menus/assets/js/core/bootstrap-material-design.min.js HTTP/1.1" 404 -
INFO:werkzeug:127.0.0.1 - - [08/Dec/2019 14:30:16] "GET /menus/assets/js/plugins/perfect-scrollbar.jquery.min.js HTTP/1.1" 404 -
INFO:werkzeug:127.0.0.1 - - [08/Dec/2019 14:30:16] "GET /menus/assets/js/plugins/chartist.min.js HTTP/1.1" 404 -
INFO:werkzeug:127.0.0.1 - - [08/Dec/2019 14:30:16] "GET /menus/assets/js/plugins/bootstrap-notify.js HTTP/1.1" 404 -
INFO:werkzeug:127.0.0.1 - - [08/Dec/2019 14:30:16] "GET /menus/assets/js/material-dashboard.js?v=2.1.1 HTTP/1.1" 404 -
INFO:werkzeug:127.0.0.1 - - [08/Dec/2019 14:30:16] "GET /menus/assets/js/core/popper.min.js HTTP/1.1" 404 -
INFO:werkzeug:127.0.0.1 - - [08/Dec/2019 14:30:16] "GET /static/assets/css/dashboard-free.css.map HTTP/1.1" 404 -
INFO:werkzeug:127.0.0.1 - - [08/Dec/2019 14:30:16] "GET /menus/assets/js/core/bootstrap-material-design.min.js HTTP/1.1" 404 -
INFO:werkzeug:127.0.0.1 - - [08/Dec/2019 14:30:17] "GET /menus/assets/js/plugins/perfect-scrollbar.jquery.min.js HTTP/1.1" 404 -
INFO:werkzeug:127.0.0.1 - - [08/Dec/2019 14:30:17] "GET /menus/assets/js/plugins/chartist.min.js HTTP/1.1" 404 -
INFO:werkzeug:127.0.0.1 - - [08/Dec/2019 14:30:17] "GET /menus/assets/js/plugins/bootstrap-notify.js HTTP/1.1" 404 -
INFO:werkzeug:127.0.0.1 - - [08/Dec/2019 14:30:17] "GET /menus/assets/js/material-dashboard.js?v=2.1.1 HTTP/1.1" 404 -
INFO:werkzeug:127.0.0.1 - - [08/Dec/2019 14:32:41] "GET /menus/img HTTP/1.1" 200 -
INFO:werkzeug:127.0.0.1 - - [08/Dec/2019 14:32:41] "GET /static/assets/css/material-dashboard.css?v=2.1.1 HTTP/1.1" 200 -
INFO:werkzeug:127.0.0.1 - - [08/Dec/2019 14:32:41] "GET /static/css/mainpage.css HTTP/1.1" 200 -
INFO:werkzeug:127.0.0.1 - - [08/Dec/2019 14:32:42] "GET /menus/assets/js/core/jquery.min.js HTTP/1.1" 404 -
INFO:werkzeug:127.0.0.1 - - [08/Dec/2019 14:32:42] "GET /menus/assets/js/core/popper.min.js HTTP/1.1" 404 -
INFO:werkzeug:127.0.0.1 - - [08/Dec/2019 14:32:42] "GET /static/css/img.css HTTP/1.1" 200 -
INFO:werkzeug:127.0.0.1 - - [08/Dec/2019 14:32:42] "GET /static/css/upload.css HTTP/1.1" 200 -
INFO:werkzeug:127.0.0.1 - - [08/Dec/2019 14:32:42] "GET /menus/assets/js/core/bootstrap-material-design.min.js HTTP/1.1" 404 -
INFO:werkzeug:127.0.0.1 - - [08/Dec/2019 14:32:42] "GET /menus/assets/js/plugins/perfect-scrollbar.jquery.min.js HTTP/1.1" 404 -
INFO:werkzeug:127.0.0.1 - - [08/Dec/2019 14:32:42] "GET /menus/assets/js/plugins/chartist.min.js HTTP/1.1" 404 -
INFO:werkzeug:127.0.0.1 - - [08/Dec/2019 14:32:42] "GET /menus/assets/js/plugins/bootstrap-notify.js HTTP/1.1" 404 -
INFO:werkzeug:127.0.0.1 - - [08/Dec/2019 14:32:42] "GET /menus/assets/js/material-dashboard.js?v=2.1.1 HTTP/1.1" 404 -
INFO:werkzeug:127.0.0.1 - - [08/Dec/2019 14:32:42] "GET /menus/assets/js/core/popper.min.js HTTP/1.1" 404 -
INFO:werkzeug:127.0.0.1 - - [08/Dec/2019 14:32:42] "GET /static/assets/css/dashboard-free.css.map HTTP/1.1" 404 -
INFO:werkzeug:127.0.0.1 - - [08/Dec/2019 14:32:42] "GET /menus/assets/js/core/bootstrap-material-design.min.js HTTP/1.1" 404 -
INFO:werkzeug:127.0.0.1 - - [08/Dec/2019 14:32:42] "GET /menus/assets/js/plugins/perfect-scrollbar.jquery.min.js HTTP/1.1" 404 -
INFO:werkzeug:127.0.0.1 - - [08/Dec/2019 14:32:43] "GET /menus/assets/js/plugins/chartist.min.js HTTP/1.1" 404 -
INFO:werkzeug:127.0.0.1 - - [08/Dec/2019 14:32:43] "GET /menus/assets/js/plugins/bootstrap-notify.js HTTP/1.1" 404 -
INFO:werkzeug:127.0.0.1 - - [08/Dec/2019 14:32:43] "GET /menus/assets/js/material-dashboard.js?v=2.1.1 HTTP/1.1" 404 -
INFO:werkzeug:127.0.0.1 - - [08/Dec/2019 14:33:40] "GET /auth/my_page HTTP/1.1" 200 -
INFO:werkzeug:127.0.0.1 - - [08/Dec/2019 14:33:40] "GET /static/assets/css/material-dashboard.css?v=2.1.1 HTTP/1.1" 200 -
INFO:werkzeug:127.0.0.1 - - [08/Dec/2019 14:33:40] "GET /static/css/mainpage.css HTTP/1.1" 200 -
INFO:werkzeug:127.0.0.1 - - [08/Dec/2019 14:33:40] "GET /auth/assets/js/core/jquery.min.js HTTP/1.1" 404 -
INFO:werkzeug:127.0.0.1 - - [08/Dec/2019 14:33:40] "GET /static/css/img.css HTTP/1.1" 200 -
INFO:werkzeug:127.0.0.1 - - [08/Dec/2019 14:33:40] "GET /static/css/upload.css HTTP/1.1" 200 -
INFO:werkzeug:127.0.0.1 - - [08/Dec/2019 14:33:40] "GET /auth/assets/js/core/popper.min.js HTTP/1.1" 404 -
INFO:werkzeug:127.0.0.1 - - [08/Dec/2019 14:33:40] "GET /auth/assets/js/core/bootstrap-material-design.min.js HTTP/1.1" 404 -
INFO:werkzeug:127.0.0.1 - - [08/Dec/2019 14:33:40] "GET /auth/assets/js/plugins/perfect-scrollbar.jquery.min.js HTTP/1.1" 404 -
INFO:werkzeug:127.0.0.1 - - [08/Dec/2019 14:33:40] "GET /auth/assets/js/plugins/chartist.min.js HTTP/1.1" 404 -
INFO:werkzeug:127.0.0.1 - - [08/Dec/2019 14:33:40] "GET /auth/assets/js/plugins/bootstrap-notify.js HTTP/1.1" 404 -
INFO:werkzeug:127.0.0.1 - - [08/Dec/2019 14:33:40] "GET /auth/assets/js/material-dashboard.js?v=2.1.1 HTTP/1.1" 404 -
INFO:werkzeug:127.0.0.1 - - [08/Dec/2019 14:33:40] "GET /static/assets/css/dashboard-free.css.map HTTP/1.1" 404 -
INFO:werkzeug:127.0.0.1 - - [08/Dec/2019 14:33:53] "GET /menus/assets/js/core/jquery.min.js HTTP/1.1" 404 -
INFO:werkzeug:127.0.0.1 - - [08/Dec/2019 14:33:53] "GET /menus/assets/js/core/popper.min.js HTTP/1.1" 404 -
INFO:werkzeug:127.0.0.1 - - [08/Dec/2019 14:33:53] "GET /menus/assets/js/plugins/bootstrap-notify.js HTTP/1.1" 404 -
INFO:werkzeug:127.0.0.1 - - [08/Dec/2019 14:34:06] "GET /menus/images HTTP/1.1" 200 -
INFO:werkzeug:127.0.0.1 - - [08/Dec/2019 14:34:06] "GET /menus/assets/js/core/jquery.min.js HTTP/1.1" 404 -
INFO:werkzeug:127.0.0.1 - - [08/Dec/2019 14:34:06] "GET /menus/assets/js/core/popper.min.js HTTP/1.1" 404 -
INFO:werkzeug:127.0.0.1 - - [08/Dec/2019 14:34:06] "GET /menus/assets/js/core/bootstrap-material-design.min.js HTTP/1.1" 404 -
INFO:werkzeug:127.0.0.1 - - [08/Dec/2019 14:34:06] "GET /menus/assets/js/plugins/perfect-scrollbar.jquery.min.js HTTP/1.1" 404 -
INFO:werkzeug:127.0.0.1 - - [08/Dec/2019 14:34:06] "GET /menus/assets/js/plugins/chartist.min.js HTTP/1.1" 404 -
INFO:werkzeug:127.0.0.1 - - [08/Dec/2019 14:34:06] "GET /menus/assets/js/plugins/bootstrap-notify.js HTTP/1.1" 404 -
INFO:werkzeug:127.0.0.1 - - [08/Dec/2019 14:34:06] "GET /menus/assets/js/material-dashboard.js?v=2.1.1 HTTP/1.1" 404 -
INFO:werkzeug:127.0.0.1 - - [08/Dec/2019 14:34:06] "GET /menus/assets/js/core/popper.min.js HTTP/1.1" 404 -
INFO:werkzeug:127.0.0.1 - - [08/Dec/2019 14:34:07] "GET /menus/assets/js/core/bootstrap-material-design.min.js HTTP/1.1" 404 -
INFO:werkzeug:127.0.0.1 - - [08/Dec/2019 14:34:07] "GET /menus/assets/js/plugins/perfect-scrollbar.jquery.min.js HTTP/1.1" 404 -
INFO:werkzeug:127.0.0.1 - - [08/Dec/2019 14:34:07] "GET /menus/assets/js/plugins/chartist.min.js HTTP/1.1" 404 -
INFO:werkzeug:127.0.0.1 - - [08/Dec/2019 14:34:07] "GET /menus/assets/js/plugins/bootstrap-notify.js HTTP/1.1" 404 -
INFO:werkzeug:127.0.0.1 - - [08/Dec/2019 14:34:07] "GET /menus/assets/js/material-dashboard.js?v=2.1.1 HTTP/1.1" 404 -
INFO:werkzeug:127.0.0.1 - - [08/Dec/2019 14:34:09] "GET /menus/assets/js/core/popper.min.js HTTP/1.1" 404 -
INFO:werkzeug: * Detected change in 'C:\\Users\\ARTALL\\Desktop\\web_service_2 쌔거\\app.py', reloading
INFO:werkzeug: * Restarting with stat
WARNING:werkzeug: * Debugger is active!
INFO:werkzeug: * Debugger PIN: 791-056-875
INFO:werkzeug: * Running on http://localhost:8080/ (Press CTRL+C to quit)
INFO:werkzeug: * Detected change in 'C:\\Users\\ARTALL\\Desktop\\web_service_2 쌔거\\app.py', reloading
INFO:werkzeug: * Restarting with stat
WARNING:werkzeug: * Debugger is active!
INFO:werkzeug: * Debugger PIN: 791-056-875
INFO:werkzeug: * Running on http://localhost:8080/ (Press CTRL+C to quit)
INFO:werkzeug: * Detected change in 'C:\\Users\\ARTALL\\Desktop\\web_service_2 쌔거\\app.py', reloading
INFO:werkzeug: * Restarting with stat
INFO:werkzeug: * Restarting with stat
WARNING:werkzeug: * Debugger is active!
INFO:werkzeug: * Debugger PIN: 791-056-875
INFO:werkzeug: * Running on http://localhost:8080/ (Press CTRL+C to quit)
INFO:werkzeug:127.0.0.1 - - [08/Dec/2019 15:23:51] "GET / HTTP/1.1" 200 -
INFO:werkzeug:127.0.0.1 - - [08/Dec/2019 15:23:51] "GET /assets/js/core/jquery.min.js HTTP/1.1" 404 -
INFO:werkzeug:127.0.0.1 - - [08/Dec/2019 15:23:51] "GET /assets/js/core/popper.min.js HTTP/1.1" 404 -
INFO:werkzeug:127.0.0.1 - - [08/Dec/2019 15:23:51] "GET /assets/js/core/bootstrap-material-design.min.js HTTP/1.1" 404 -
INFO:werkzeug:127.0.0.1 - - [08/Dec/2019 15:23:51] "GET /assets/js/plugins/perfect-scrollbar.jquery.min.js HTTP/1.1" 404 -
INFO:werkzeug:127.0.0.1 - - [08/Dec/2019 15:23:51] "GET /assets/js/plugins/chartist.min.js HTTP/1.1" 404 -
INFO:werkzeug:127.0.0.1 - - [08/Dec/2019 15:23:51] "GET /assets/js/plugins/bootstrap-notify.js HTTP/1.1" 404 -
INFO:werkzeug:127.0.0.1 - - [08/Dec/2019 15:23:51] "GET /assets/js/material-dashboard.js?v=2.1.1 HTTP/1.1" 404 -
INFO:werkzeug:127.0.0.1 - - [08/Dec/2019 15:23:53] "GET /auth/login HTTP/1.1" 200 -
INFO:werkzeug:127.0.0.1 - - [08/Dec/2019 15:23:53] "GET /auth/assets/js/core/jquery.min.js HTTP/1.1" 404 -
INFO:werkzeug:127.0.0.1 - - [08/Dec/2019 15:23:53] "GET /auth/assets/js/core/popper.min.js HTTP/1.1" 404 -
INFO:werkzeug:127.0.0.1 - - [08/Dec/2019 15:23:53] "GET /auth/assets/js/core/bootstrap-material-design.min.js HTTP/1.1" 404 -
INFO:werkzeug:127.0.0.1 - - [08/Dec/2019 15:23:53] "GET /auth/assets/js/plugins/perfect-scrollbar.jquery.min.js HTTP/1.1" 404 -
INFO:werkzeug:127.0.0.1 - - [08/Dec/2019 15:23:53] "GET /auth/assets/js/plugins/chartist.min.js HTTP/1.1" 404 -
INFO:werkzeug:127.0.0.1 - - [08/Dec/2019 15:23:53] "GET /auth/assets/js/plugins/bootstrap-notify.js HTTP/1.1" 404 -
INFO:werkzeug:127.0.0.1 - - [08/Dec/2019 15:23:53] "GET /auth/assets/js/material-dashboard.js?v=2.1.1 HTTP/1.1" 404 -
INFO:werkzeug:127.0.0.1 - - [08/Dec/2019 15:23:55] "GET /auth/kakao_oauth_redirect?code=kuEHbKoRfVMO0UKXKYpYBjg4P7F-XWcO72Vu6invrk5APwkey70Z0wXd-2lAb4UG8P25MgopyNgAAAFu5C3G6g HTTP/1.1" 302 -
INFO:werkzeug:127.0.0.1 - - [08/Dec/2019 15:23:55] "GET /auth/login HTTP/1.1" 200 -
INFO:werkzeug:127.0.0.1 - - [08/Dec/2019 15:23:56] "GET /auth/assets/js/plugins/perfect-scrollbar.jquery.min.js HTTP/1.1" 404 -
INFO:werkzeug:127.0.0.1 - - [08/Dec/2019 15:23:56] "GET /auth/assets/js/core/popper.min.js HTTP/1.1" 404 -
INFO:werkzeug:127.0.0.1 - - [08/Dec/2019 15:23:56] "GET /auth/assets/js/core/jquery.min.js HTTP/1.1" 404 -
INFO:werkzeug:127.0.0.1 - - [08/Dec/2019 15:23:56] "GET /auth/assets/js/core/bootstrap-material-design.min.js HTTP/1.1" 404 -
INFO:werkzeug:127.0.0.1 - - [08/Dec/2019 15:23:56] "GET /auth/assets/js/plugins/chartist.min.js HTTP/1.1" 404 -
INFO:werkzeug:127.0.0.1 - - [08/Dec/2019 15:23:56] "GET /auth/assets/js/plugins/bootstrap-notify.js HTTP/1.1" 404 -
INFO:werkzeug:127.0.0.1 - - [08/Dec/2019 15:23:56] "GET /auth/assets/js/material-dashboard.js?v=2.1.1 HTTP/1.1" 404 -
INFO:werkzeug:127.0.0.1 - - [08/Dec/2019 15:23:56] "GET /auth/assets/js/core/popper.min.js HTTP/1.1" 404 -
INFO:werkzeug:127.0.0.1 - - [08/Dec/2019 15:23:56] "GET /auth/assets/js/core/bootstrap-material-design.min.js HTTP/1.1" 404 -
INFO:werkzeug:127.0.0.1 - - [08/Dec/2019 15:23:56] "GET /auth/assets/js/plugins/perfect-scrollbar.jquery.min.js HTTP/1.1" 404 -
INFO:werkzeug:127.0.0.1 - - [08/Dec/2019 15:23:56] "GET /auth/assets/js/plugins/chartist.min.js HTTP/1.1" 404 -
INFO:werkzeug:127.0.0.1 - - [08/Dec/2019 15:23:57] "GET /auth/assets/js/plugins/bootstrap-notify.js HTTP/1.1" 404 -
INFO:werkzeug:127.0.0.1 - - [08/Dec/2019 15:23:57] "GET /auth/assets/js/material-dashboard.js?v=2.1.1 HTTP/1.1" 404 -
INFO:werkzeug:127.0.0.1 - - [08/Dec/2019 15:24:02] "POST /auth/login HTTP/1.1" 302 -
INFO:werkzeug:127.0.0.1 - - [08/Dec/2019 15:24:03] "GET / HTTP/1.1" 200 -
INFO:werkzeug:127.0.0.1 - - [08/Dec/2019 15:24:03] "GET /assets/js/core/bootstrap-material-design.min.js HTTP/1.1" 404 -
INFO:werkzeug:127.0.0.1 - - [08/Dec/2019 15:24:03] "GET /assets/js/plugins/perfect-scrollbar.jquery.min.js HTTP/1.1" 404 -
INFO:werkzeug:127.0.0.1 - - [08/Dec/2019 15:24:03] "GET /assets/js/core/jquery.min.js HTTP/1.1" 404 -
INFO:werkzeug:127.0.0.1 - - [08/Dec/2019 15:24:03] "GET /assets/js/plugins/chartist.min.js HTTP/1.1" 404 -
INFO:werkzeug:127.0.0.1 - - [08/Dec/2019 15:24:03] "GET /assets/js/core/popper.min.js HTTP/1.1" 404 -
INFO:werkzeug:127.0.0.1 - - [08/Dec/2019 15:24:03] "GET /assets/js/plugins/bootstrap-notify.js HTTP/1.1" 404 -
INFO:werkzeug:127.0.0.1 - - [08/Dec/2019 15:24:03] "GET /assets/js/material-dashboard.js?v=2.1.1 HTTP/1.1" 404 -
INFO:werkzeug:127.0.0.1 - - [08/Dec/2019 15:24:03] "GET /assets/js/core/bootstrap-material-design.min.js HTTP/1.1" 404 -
INFO:werkzeug:127.0.0.1 - - [08/Dec/2019 15:24:04] "GET /assets/js/plugins/perfect-scrollbar.jquery.min.js HTTP/1.1" 404 -
INFO:werkzeug:127.0.0.1 - - [08/Dec/2019 15:24:04] "GET /assets/js/plugins/chartist.min.js HTTP/1.1" 404 -
INFO:werkzeug:127.0.0.1 - - [08/Dec/2019 15:24:04] "GET /assets/js/plugins/bootstrap-notify.js HTTP/1.1" 404 -
INFO:werkzeug:127.0.0.1 - - [08/Dec/2019 15:24:04] "GET /assets/js/material-dashboard.js?v=2.1.1 HTTP/1.1" 404 -
INFO:werkzeug:127.0.0.1 - - [08/Dec/2019 15:24:10] "GET /menus/img HTTP/1.1" 200 -
INFO:werkzeug:127.0.0.1 - - [08/Dec/2019 15:24:10] "GET /menus/assets/js/core/jquery.min.js HTTP/1.1" 404 -
INFO:werkzeug:127.0.0.1 - - [08/Dec/2019 15:24:10] "GET /menus/assets/js/core/bootstrap-material-design.min.js HTTP/1.1" 404 -
INFO:werkzeug:127.0.0.1 - - [08/Dec/2019 15:24:10] "GET /menus/assets/js/plugins/perfect-scrollbar.jquery.min.js HTTP/1.1" 404 -
INFO:werkzeug:127.0.0.1 - - [08/Dec/2019 15:24:10] "GET /menus/assets/js/core/popper.min.js HTTP/1.1" 404 -
INFO:werkzeug:127.0.0.1 - - [08/Dec/2019 15:24:10] "GET /menus/assets/js/plugins/chartist.min.js HTTP/1.1" 404 -
INFO:werkzeug:127.0.0.1 - - [08/Dec/2019 15:24:10] "GET /menus/assets/js/plugins/bootstrap-notify.js HTTP/1.1" 404 -
INFO:werkzeug:127.0.0.1 - - [08/Dec/2019 15:24:11] "GET /menus/assets/js/material-dashboard.js?v=2.1.1 HTTP/1.1" 404 -
INFO:werkzeug:127.0.0.1 - - [08/Dec/2019 15:24:11] "GET /menus/assets/js/core/bootstrap-material-design.min.js HTTP/1.1" 404 -
INFO:werkzeug:127.0.0.1 - - [08/Dec/2019 15:24:11] "GET /menus/assets/js/plugins/perfect-scrollbar.jquery.min.js HTTP/1.1" 404 -
INFO:werkzeug:127.0.0.1 - - [08/Dec/2019 15:24:11] "GET /menus/assets/js/plugins/chartist.min.js HTTP/1.1" 404 -
INFO:werkzeug:127.0.0.1 - - [08/Dec/2019 15:24:11] "GET /menus/assets/js/plugins/bootstrap-notify.js HTTP/1.1" 404 -
INFO:werkzeug:127.0.0.1 - - [08/Dec/2019 15:24:11] "GET /menus/assets/js/material-dashboard.js?v=2.1.1 HTTP/1.1" 404 -
INFO:werkzeug: * Detected change in 'C:\\Users\\ARTALL\\Desktop\\web_service_2 쌔거\\app.py', reloading
INFO:werkzeug: * Restarting with stat
INFO:werkzeug: * Restarting with stat
WARNING:werkzeug: * Debugger is active!
INFO:werkzeug: * Debugger PIN: 791-056-875
INFO:werkzeug: * Running on http://localhost:8080/ (Press CTRL+C to quit)
INFO:werkzeug:127.0.0.1 - - [08/Dec/2019 17:27:46] "GET / HTTP/1.1" 200 -
INFO:werkzeug:127.0.0.1 - - [08/Dec/2019 17:27:46] "GET /assets/js/core/bootstrap-material-design.min.js HTTP/1.1" 404 -
INFO:werkzeug:127.0.0.1 - - [08/Dec/2019 17:27:46] "GET /assets/js/plugins/perfect-scrollbar.jquery.min.js HTTP/1.1" 404 -
INFO:werkzeug:127.0.0.1 - - [08/Dec/2019 17:27:46] "GET /assets/js/core/jquery.min.js HTTP/1.1" 404 -
INFO:werkzeug:127.0.0.1 - - [08/Dec/2019 17:27:46] "GET /assets/js/core/popper.min.js HTTP/1.1" 404 -
INFO:werkzeug:127.0.0.1 - - [08/Dec/2019 17:27:46] "GET /assets/js/material-dashboard.js?v=2.1.1 HTTP/1.1" 404 -
INFO:werkzeug:127.0.0.1 - - [08/Dec/2019 17:27:46] "GET /assets/js/plugins/chartist.min.js HTTP/1.1" 404 -
INFO:werkzeug:127.0.0.1 - - [08/Dec/2019 17:27:46] "GET /assets/js/plugins/bootstrap-notify.js HTTP/1.1" 404 -
INFO:werkzeug:127.0.0.1 - - [08/Dec/2019 17:27:47] "GET /assets/js/core/bootstrap-material-design.min.js HTTP/1.1" 404 -
INFO:werkzeug:127.0.0.1 - - [08/Dec/2019 17:27:47] "GET /assets/js/plugins/perfect-scrollbar.jquery.min.js HTTP/1.1" 404 -
INFO:werkzeug:127.0.0.1 - - [08/Dec/2019 17:27:47] "GET /assets/js/plugins/chartist.min.js HTTP/1.1" 404 -
INFO:werkzeug:127.0.0.1 - - [08/Dec/2019 17:27:47] "GET /assets/js/plugins/bootstrap-notify.js HTTP/1.1" 404 -
INFO:werkzeug:127.0.0.1 - - [08/Dec/2019 17:27:48] "GET /assets/js/material-dashboard.js?v=2.1.1 HTTP/1.1" 404 -
INFO:werkzeug:127.0.0.1 - - [08/Dec/2019 17:27:49] "GET /auth/login HTTP/1.1" 200 -
INFO:werkzeug:127.0.0.1 - - [08/Dec/2019 17:27:49] "GET /auth/assets/js/core/popper.min.js HTTP/1.1" 404 -
INFO:werkzeug:127.0.0.1 - - [08/Dec/2019 17:27:49] "GET /auth/assets/js/plugins/perfect-scrollbar.jquery.min.js HTTP/1.1" 404 -
INFO:werkzeug:127.0.0.1 - - [08/Dec/2019 17:27:49] "GET /auth/assets/js/core/jquery.min.js HTTP/1.1" 404 -
INFO:werkzeug:127.0.0.1 - - [08/Dec/2019 17:27:49] "GET /auth/assets/js/plugins/bootstrap-notify.js HTTP/1.1" 404 -
INFO:werkzeug:127.0.0.1 - - [08/Dec/2019 17:27:49] "GET /auth/assets/js/material-dashboard.js?v=2.1.1 HTTP/1.1" 404 -
INFO:werkzeug:127.0.0.1 - - [08/Dec/2019 17:27:49] "GET /auth/assets/js/core/bootstrap-material-design.min.js HTTP/1.1" 404 -
INFO:werkzeug:127.0.0.1 - - [08/Dec/2019 17:27:50] "GET /auth/assets/js/plugins/chartist.min.js HTTP/1.1" 404 -
INFO:werkzeug:127.0.0.1 - - [08/Dec/2019 17:27:50] "GET /auth/assets/js/core/popper.min.js HTTP/1.1" 404 -
INFO:werkzeug:127.0.0.1 - - [08/Dec/2019 17:27:50] "GET /auth/assets/js/core/bootstrap-material-design.min.js HTTP/1.1" 404 -
INFO:werkzeug:127.0.0.1 - - [08/Dec/2019 17:27:50] "GET /auth/assets/js/plugins/perfect-scrollbar.jquery.min.js HTTP/1.1" 404 -
INFO:werkzeug:127.0.0.1 - - [08/Dec/2019 17:27:50] "GET /auth/assets/js/plugins/chartist.min.js HTTP/1.1" 404 -
INFO:werkzeug:127.0.0.1 - - [08/Dec/2019 17:27:51] "GET /auth/assets/js/plugins/bootstrap-notify.js HTTP/1.1" 404 -
INFO:werkzeug:127.0.0.1 - - [08/Dec/2019 17:27:51] "GET /auth/assets/js/material-dashboard.js?v=2.1.1 HTTP/1.1" 404 -
INFO:werkzeug:127.0.0.1 - - [08/Dec/2019 17:27:53] "GET /auth/kakao_oauth_redirect?code=A-8uvH96goxqcSFX8XjLHXRkhueeZ8cuTmSJM4qHsaGI2FYB6Fn_8UYBoAuNF9oK1jvMWQopyV4AAAFu5J9EBw HTTP/1.1" 302 -
INFO:werkzeug:127.0.0.1 - - [08/Dec/2019 17:27:53] "GET /auth/login HTTP/1.1" 200 -
INFO:werkzeug:127.0.0.1 - - [08/Dec/2019 17:27:53] "GET /auth/assets/js/core/jquery.min.js HTTP/1.1" 404 -
INFO:werkzeug:127.0.0.1 - - [08/Dec/2019 17:27:53] "GET /auth/assets/js/core/popper.min.js HTTP/1.1" 404 -
INFO:werkzeug:127.0.0.1 - - [08/Dec/2019 17:27:53] "GET /auth/assets/js/core/bootstrap-material-design.min.js HTTP/1.1" 404 -
INFO:werkzeug:127.0.0.1 - - [08/Dec/2019 17:27:53] "GET /auth/assets/js/plugins/perfect-scrollbar.jquery.min.js HTTP/1.1" 404 -
INFO:werkzeug:127.0.0.1 - - [08/Dec/2019 17:27:53] "GET /auth/assets/js/plugins/chartist.min.js HTTP/1.1" 404 -
INFO:werkzeug:127.0.0.1 - - [08/Dec/2019 17:27:53] "GET /auth/assets/js/plugins/bootstrap-notify.js HTTP/1.1" 404 -
INFO:werkzeug:127.0.0.1 - - [08/Dec/2019 17:27:53] "GET /auth/assets/js/material-dashboard.js?v=2.1.1 HTTP/1.1" 404 -
INFO:werkzeug:127.0.0.1 - - [08/Dec/2019 17:27:59] "POST /auth/login HTTP/1.1" 302 -
INFO:werkzeug:127.0.0.1 - - [08/Dec/2019 17:27:59] "GET / HTTP/1.1" 200 -
INFO:werkzeug:127.0.0.1 - - [08/Dec/2019 17:28:00] "GET /assets/js/core/jquery.min.js HTTP/1.1" 404 -
INFO:werkzeug:127.0.0.1 - - [08/Dec/2019 17:28:00] "GET /assets/js/core/popper.min.js HTTP/1.1" 404 -
INFO:werkzeug:127.0.0.1 - - [08/Dec/2019 17:28:00] "GET /assets/js/plugins/chartist.min.js HTTP/1.1" 404 -
INFO:werkzeug:127.0.0.1 - - [08/Dec/2019 17:28:00] "GET /assets/js/core/bootstrap-material-design.min.js HTTP/1.1" 404 -
INFO:werkzeug:127.0.0.1 - - [08/Dec/2019 17:28:00] "GET /assets/js/plugins/perfect-scrollbar.jquery.min.js HTTP/1.1" 404 -
INFO:werkzeug:127.0.0.1 - - [08/Dec/2019 17:28:00] "GET /assets/js/plugins/bootstrap-notify.js HTTP/1.1" 404 -
INFO:werkzeug:127.0.0.1 - - [08/Dec/2019 17:28:00] "GET /assets/js/material-dashboard.js?v=2.1.1 HTTP/1.1" 404 -
INFO:werkzeug:127.0.0.1 - - [08/Dec/2019 17:28:00] "GET /assets/js/plugins/chartist.min.js HTTP/1.1" 404 -
INFO:werkzeug:127.0.0.1 - - [08/Dec/2019 17:28:00] "GET /assets/js/plugins/bootstrap-notify.js HTTP/1.1" 404 -
INFO:werkzeug:127.0.0.1 - - [08/Dec/2019 17:28:01] "GET /assets/js/material-dashboard.js?v=2.1.1 HTTP/1.1" 404 -
INFO:werkzeug:127.0.0.1 - - [08/Dec/2019 17:28:36] "GET / HTTP/1.1" 200 -
INFO:werkzeug:127.0.0.1 - - [08/Dec/2019 17:28:36] "GET /assets/js/core/jquery.min.js HTTP/1.1" 404 -
INFO:werkzeug:127.0.0.1 - - [08/Dec/2019 17:28:37] "GET /assets/js/core/popper.min.js HTTP/1.1" 404 -
INFO:werkzeug:127.0.0.1 - - [08/Dec/2019 17:28:37] "GET /assets/js/plugins/perfect-scrollbar.jquery.min.js HTTP/1.1" 404 -
INFO:werkzeug:127.0.0.1 - - [08/Dec/2019 17:28:37] "GET /assets/js/core/bootstrap-material-design.min.js HTTP/1.1" 404 -
INFO:werkzeug:127.0.0.1 - - [08/Dec/2019 17:28:37] "GET /assets/js/plugins/chartist.min.js HTTP/1.1" 404 -
INFO:werkzeug:127.0.0.1 - - [08/Dec/2019 17:28:37] "GET /assets/js/plugins/bootstrap-notify.js HTTP/1.1" 404 -
INFO:werkzeug:127.0.0.1 - - [08/Dec/2019 17:28:37] "GET /assets/js/material-dashboard.js?v=2.1.1 HTTP/1.1" 404 -
INFO:werkzeug:127.0.0.1 - - [08/Dec/2019 17:28:37] "GET /assets/js/plugins/perfect-scrollbar.jquery.min.js HTTP/1.1" 404 -
INFO:werkzeug:127.0.0.1 - - [08/Dec/2019 17:28:37] "GET /assets/js/plugins/chartist.min.js HTTP/1.1" 404 -
INFO:werkzeug:127.0.0.1 - - [08/Dec/2019 17:28:37] "GET /assets/js/plugins/bootstrap-notify.js HTTP/1.1" 404 -
INFO:werkzeug:127.0.0.1 - - [08/Dec/2019 17:28:38] "GET /assets/js/material-dashboard.js?v=2.1.1 HTTP/1.1" 404 -
INFO:werkzeug:127.0.0.1 - - [08/Dec/2019 17:28:46] "GET /menus/img HTTP/1.1" 200 -
INFO:werkzeug:127.0.0.1 - - [08/Dec/2019 17:28:46] "GET /menus/assets/js/core/popper.min.js HTTP/1.1" 404 -
INFO:werkzeug:127.0.0.1 - - [08/Dec/2019 17:28:46] "GET /menus/assets/js/core/bootstrap-material-design.min.js HTTP/1.1" 404 -
INFO:werkzeug:127.0.0.1 - - [08/Dec/2019 17:28:46] "GET /menus/assets/js/plugins/perfect-scrollbar.jquery.min.js HTTP/1.1" 404 -
INFO:werkzeug:127.0.0.1 - - [08/Dec/2019 17:28:46] "GET /menus/assets/js/plugins/chartist.min.js HTTP/1.1" 404 -
INFO:werkzeug:127.0.0.1 - - [08/Dec/2019 17:28:46] "GET /menus/assets/js/plugins/bootstrap-notify.js HTTP/1.1" 404 -
INFO:werkzeug:127.0.0.1 - - [08/Dec/2019 17:28:46] "GET /menus/assets/js/core/jquery.min.js HTTP/1.1" 404 -
INFO:werkzeug:127.0.0.1 - - [08/Dec/2019 17:28:47] "GET /menus/assets/js/material-dashboard.js?v=2.1.1 HTTP/1.1" 404 -
INFO:werkzeug:127.0.0.1 - - [08/Dec/2019 17:28:47] "GET /menus/assets/js/core/popper.min.js HTTP/1.1" 404 -
INFO:werkzeug:127.0.0.1 - - [08/Dec/2019 17:28:47] "GET /menus/assets/js/core/bootstrap-material-design.min.js HTTP/1.1" 404 -
INFO:werkzeug:127.0.0.1 - - [08/Dec/2019 17:28:47] "GET /menus/assets/js/plugins/perfect-scrollbar.jquery.min.js HTTP/1.1" 404 -
INFO:werkzeug:127.0.0.1 - - [08/Dec/2019 17:28:47] "GET /menus/assets/js/plugins/chartist.min.js HTTP/1.1" 404 -
INFO:werkzeug:127.0.0.1 - - [08/Dec/2019 17:28:48] "GET /menus/assets/js/plugins/bootstrap-notify.js HTTP/1.1" 404 -
INFO:werkzeug:127.0.0.1 - - [08/Dec/2019 17:28:48] "GET /menus/assets/js/material-dashboard.js?v=2.1.1 HTTP/1.1" 404 -
INFO:werkzeug:127.0.0.1 - - [08/Dec/2019 17:51:54] "POST /menus/img HTTP/1.1" 405 -
INFO:werkzeug:127.0.0.1 - - [08/Dec/2019 20:49:44] "GET / HTTP/1.1" 200 -
INFO:werkzeug:127.0.0.1 - - [08/Dec/2019 20:49:44] "GET /assets/js/core/bootstrap-material-design.min.js HTTP/1.1" 404 -
INFO:werkzeug:127.0.0.1 - - [08/Dec/2019 20:49:44] "GET /assets/js/core/jquery.min.js HTTP/1.1" 404 -
INFO:werkzeug:127.0.0.1 - - [08/Dec/2019 20:49:44] "GET /assets/js/core/popper.min.js HTTP/1.1" 404 -
INFO:werkzeug:127.0.0.1 - - [08/Dec/2019 20:49:44] "GET /assets/js/plugins/perfect-scrollbar.jquery.min.js HTTP/1.1" 404 -
INFO:werkzeug:127.0.0.1 - - [08/Dec/2019 20:49:44] "GET /assets/js/plugins/chartist.min.js HTTP/1.1" 404 -
INFO:werkzeug:127.0.0.1 - - [08/Dec/2019 20:49:44] "GET /assets/js/plugins/bootstrap-notify.js HTTP/1.1" 404 -
INFO:werkzeug:127.0.0.1 - - [08/Dec/2019 20:49:44] "GET /assets/js/material-dashboard.js?v=2.1.1 HTTP/1.1" 404 -
INFO:werkzeug:127.0.0.1 - - [08/Dec/2019 20:49:44] "GET /assets/js/core/bootstrap-material-design.min.js HTTP/1.1" 404 -
INFO:werkzeug:127.0.0.1 - - [08/Dec/2019 20:49:45] "GET /assets/js/plugins/perfect-scrollbar.jquery.min.js HTTP/1.1" 404 -
INFO:werkzeug:127.0.0.1 - - [08/Dec/2019 20:49:45] "GET /assets/js/plugins/chartist.min.js HTTP/1.1" 404 -
INFO:werkzeug:127.0.0.1 - - [08/Dec/2019 20:49:45] "GET /assets/js/plugins/bootstrap-notify.js HTTP/1.1" 404 -
INFO:werkzeug:127.0.0.1 - - [08/Dec/2019 20:49:45] "GET /assets/js/material-dashboard.js?v=2.1.1 HTTP/1.1" 404 -
INFO:werkzeug:127.0.0.1 - - [08/Dec/2019 20:49:46] "GET /menus/images HTTP/1.1" 200 -
INFO:werkzeug:127.0.0.1 - - [08/Dec/2019 20:49:46] "GET /menus/assets/js/core/jquery.min.js HTTP/1.1" 404 -
INFO:werkzeug:127.0.0.1 - - [08/Dec/2019 20:49:47] "GET /menus/assets/js/core/popper.min.js HTTP/1.1" 404 -
INFO:werkzeug:127.0.0.1 - - [08/Dec/2019 20:49:47] "GET /menus/assets/js/core/bootstrap-material-design.min.js HTTP/1.1" 404 -
INFO:werkzeug:127.0.0.1 - - [08/Dec/2019 20:49:47] "GET /menus/assets/js/plugins/perfect-scrollbar.jquery.min.js HTTP/1.1" 404 -
INFO:werkzeug:127.0.0.1 - - [08/Dec/2019 20:49:47] "GET /menus/assets/js/plugins/chartist.min.js HTTP/1.1" 404 -
INFO:werkzeug:127.0.0.1 - - [08/Dec/2019 20:49:47] "GET /menus/assets/js/plugins/bootstrap-notify.js HTTP/1.1" 404 -
INFO:werkzeug:127.0.0.1 - - [08/Dec/2019 20:49:47] "GET /menus/assets/js/material-dashboard.js?v=2.1.1 HTTP/1.1" 404 -
INFO:werkzeug:127.0.0.1 - - [08/Dec/2019 20:49:49] "GET /menus/books HTTP/1.1" 200 -
INFO:werkzeug:127.0.0.1 - - [08/Dec/2019 20:49:49] "GET /menus/assets/js/core/popper.min.js HTTP/1.1" 404 -
INFO:werkzeug:127.0.0.1 - - [08/Dec/2019 20:49:49] "GET /menus/assets/js/core/bootstrap-material-design.min.js HTTP/1.1" 404 -
INFO:werkzeug:127.0.0.1 - - [08/Dec/2019 20:49:49] "GET /menus/assets/js/core/jquery.min.js HTTP/1.1" 404 -
INFO:werkzeug:127.0.0.1 - - [08/Dec/2019 20:49:49] "GET /menus/assets/js/plugins/perfect-scrollbar.jquery.min.js HTTP/1.1" 404 -
INFO:werkzeug:127.0.0.1 - - [08/Dec/2019 20:49:49] "GET /menus/assets/js/plugins/chartist.min.js HTTP/1.1" 404 -
INFO:werkzeug:127.0.0.1 - - [08/Dec/2019 20:49:49] "GET /menus/assets/js/plugins/bootstrap-notify.js HTTP/1.1" 404 -
INFO:werkzeug:127.0.0.1 - - [08/Dec/2019 20:49:49] "GET /menus/assets/js/material-dashboard.js?v=2.1.1 HTTP/1.1" 404 -
INFO:werkzeug:127.0.0.1 - - [08/Dec/2019 20:49:50] "GET /menus/assets/js/core/popper.min.js HTTP/1.1" 404 -
INFO:werkzeug:127.0.0.1 - - [08/Dec/2019 20:49:50] "GET /menus/assets/js/core/bootstrap-material-design.min.js HTTP/1.1" 404 -
INFO:werkzeug:127.0.0.1 - - [08/Dec/2019 20:49:50] "GET /menus/assets/js/plugins/perfect-scrollbar.jquery.min.js HTTP/1.1" 404 -
INFO:werkzeug:127.0.0.1 - - [08/Dec/2019 20:49:50] "GET /menus/assets/js/plugins/chartist.min.js HTTP/1.1" 404 -
INFO:werkzeug:127.0.0.1 - - [08/Dec/2019 20:49:51] "GET /menus/assets/js/plugins/bootstrap-notify.js HTTP/1.1" 404 -
INFO:werkzeug:127.0.0.1 - - [08/Dec/2019 20:49:51] "GET /menus/assets/js/material-dashboard.js?v=2.1.1 HTTP/1.1" 404 -
INFO:werkzeug:127.0.0.1 - - [08/Dec/2019 20:49:51] "GET /menus/searchs HTTP/1.1" 200 -
INFO:werkzeug:127.0.0.1 - - [08/Dec/2019 20:49:52] "GET /menus/assets/js/core/jquery.min.js HTTP/1.1" 404 -
INFO:werkzeug:127.0.0.1 - - [08/Dec/2019 20:49:52] "GET /menus/assets/js/plugins/bootstrap-notify.js HTTP/1.1" 404 -
INFO:werkzeug:127.0.0.1 - - [08/Dec/2019 20:49:52] "GET /menus/assets/js/core/popper.min.js HTTP/1.1" 404 -
INFO:werkzeug:127.0.0.1 - - [08/Dec/2019 20:49:52] "GET /menus/assets/js/core/bootstrap-material-design.min.js HTTP/1.1" 404 -
INFO:werkzeug:127.0.0.1 - - [08/Dec/2019 20:49:52] "GET /menus/assets/js/plugins/perfect-scrollbar.jquery.min.js HTTP/1.1" 404 -
INFO:werkzeug:127.0.0.1 - - [08/Dec/2019 20:49:52] "GET /menus/assets/js/plugins/chartist.min.js HTTP/1.1" 404 -
INFO:werkzeug:127.0.0.1 - - [08/Dec/2019 20:49:52] "GET /menus/assets/js/material-dashboard.js?v=2.1.1 HTTP/1.1" 404 -
INFO:werkzeug:127.0.0.1 - - [08/Dec/2019 20:49:52] "GET /menus/assets/js/plugins/bootstrap-notify.js HTTP/1.1" 404 -
INFO:werkzeug:127.0.0.1 - - [08/Dec/2019 20:49:52] "GET /menus/assets/js/material-dashboard.js?v=2.1.1 HTTP/1.1" 404 -
INFO:werkzeug:127.0.0.1 - - [08/Dec/2019 20:49:53] "GET /menus/uploads HTTP/1.1" 200 -
INFO:werkzeug:127.0.0.1 - - [08/Dec/2019 20:49:54] "GET /menus/assets/js/core/popper.min.js HTTP/1.1" 404 -
INFO:werkzeug:127.0.0.1 - - [08/Dec/2019 20:49:54] "GET /menus/assets/js/core/bootstrap-material-design.min.js HTTP/1.1" 404 -
INFO:werkzeug:127.0.0.1 - - [08/Dec/2019 20:49:54] "GET /menus/assets/js/core/jquery.min.js HTTP/1.1" 404 -
INFO:werkzeug:127.0.0.1 - - [08/Dec/2019 20:49:54] "GET /menus/assets/js/plugins/perfect-scrollbar.jquery.min.js HTTP/1.1" 404 -
INFO:werkzeug:127.0.0.1 - - [08/Dec/2019 20:49:54] "GET /menus/assets/js/plugins/chartist.min.js HTTP/1.1" 404 -
INFO:werkzeug:127.0.0.1 - - [08/Dec/2019 20:49:54] "GET /menus/assets/js/plugins/bootstrap-notify.js HTTP/1.1" 404 -
INFO:werkzeug:127.0.0.1 - - [08/Dec/2019 20:49:54] "GET /menus/assets/js/material-dashboard.js?v=2.1.1 HTTP/1.1" 404 -
INFO:werkzeug:127.0.0.1 - - [08/Dec/2019 20:49:54] "GET /menus/assets/js/core/popper.min.js HTTP/1.1" 404 -
INFO:werkzeug:127.0.0.1 - - [08/Dec/2019 20:49:54] "GET /menus/assets/js/core/bootstrap-material-design.min.js HTTP/1.1" 404 -
INFO:werkzeug:127.0.0.1 - - [08/Dec/2019 20:49:55] "GET /menus/assets/js/plugins/perfect-scrollbar.jquery.min.js HTTP/1.1" 404 -
INFO:werkzeug:127.0.0.1 - - [08/Dec/2019 20:49:55] "GET /menus/assets/js/plugins/chartist.min.js HTTP/1.1" 404 -
INFO:werkzeug:127.0.0.1 - - [08/Dec/2019 20:49:55] "GET /menus/assets/js/plugins/bootstrap-notify.js HTTP/1.1" 404 -
INFO:werkzeug:127.0.0.1 - - [08/Dec/2019 20:49:55] "GET /menus/assets/js/material-dashboard.js?v=2.1.1 HTTP/1.1" 404 -
INFO:werkzeug:127.0.0.1 - - [08/Dec/2019 20:49:56] "GET /menus/searchs HTTP/1.1" 200 -
INFO:werkzeug:127.0.0.1 - - [08/Dec/2019 20:49:56] "GET /menus/assets/js/core/jquery.min.js HTTP/1.1" 404 -
INFO:werkzeug:127.0.0.1 - - [08/Dec/2019 20:49:56] "GET /menus/assets/js/core/popper.min.js HTTP/1.1" 404 -
INFO:werkzeug:127.0.0.1 - - [08/Dec/2019 20:49:56] "GET /menus/assets/js/core/bootstrap-material-design.min.js HTTP/1.1" 404 -
INFO:werkzeug:127.0.0.1 - - [08/Dec/2019 20:49:56] "GET /menus/assets/js/plugins/perfect-scrollbar.jquery.min.js HTTP/1.1" 404 -
INFO:werkzeug:127.0.0.1 - - [08/Dec/2019 20:49:56] "GET /menus/assets/js/plugins/chartist.min.js HTTP/1.1" 404 -
INFO:werkzeug:127.0.0.1 - - [08/Dec/2019 20:49:56] "GET /menus/assets/js/plugins/bootstrap-notify.js HTTP/1.1" 404 -
INFO:werkzeug:127.0.0.1 - - [08/Dec/2019 20:49:57] "GET /menus/assets/js/material-dashboard.js?v=2.1.1 HTTP/1.1" 404 -
INFO:werkzeug:127.0.0.1 - - [08/Dec/2019 20:50:45] "GET /static/assets/css/dashboard-free.css.map HTTP/1.1" 404 -
INFO:werkzeug:127.0.0.1 - - [08/Dec/2019 20:54:09] "GET /static/assets/css/dashboard-free.css.map HTTP/1.1" 404 -
INFO:werkzeug: * Detected change in 'C:\\Users\\ARTALL\\Desktop\\web_service_2 쌔거\\views\\menus.py', reloading
INFO:werkzeug: * Restarting with stat
WARNING:werkzeug: * Debugger is active!
INFO:werkzeug: * Debugger PIN: 791-056-875
INFO:werkzeug: * Running on http://localhost:8080/ (Press CTRL+C to quit)
INFO:werkzeug: * Detected change in 'C:\\Users\\ARTALL\\Desktop\\web_service_2 쌔거\\app.py', reloading
INFO:werkzeug: * Restarting with stat
WARNING:werkzeug: * Debugger is active!
INFO:werkzeug: * Debugger PIN: 791-056-875
INFO:werkzeug: * Running on http://localhost:8080/ (Press CTRL+C to quit)
INFO:werkzeug:127.0.0.1 - - [08/Dec/2019 21:20:11] "GET / HTTP/1.1" 200 -
INFO:werkzeug:127.0.0.1 - - [08/Dec/2019 21:20:11] "GET /static/assets/css/material-dashboard.css?v=2.1.1 HTTP/1.1" 200 -
INFO:werkzeug:127.0.0.1 - - [08/Dec/2019 21:20:12] "GET /static/css/mainpage.css HTTP/1.1" 200 -
INFO:werkzeug:127.0.0.1 - - [08/Dec/2019 21:20:12] "GET /assets/js/core/jquery.min.js HTTP/1.1" 404 -
INFO:werkzeug:127.0.0.1 - - [08/Dec/2019 21:20:12] "GET /assets/js/core/popper.min.js HTTP/1.1" 404 -
INFO:werkzeug:127.0.0.1 - - [08/Dec/2019 21:20:12] "GET /static/css/img.css HTTP/1.1" 200 -
INFO:werkzeug:127.0.0.1 - - [08/Dec/2019 21:20:12] "GET /static/css/upload.css HTTP/1.1" 200 -
INFO:werkzeug:127.0.0.1 - - [08/Dec/2019 21:20:12] "GET /assets/js/core/bootstrap-material-design.min.js HTTP/1.1" 404 -
INFO:werkzeug:127.0.0.1 - - [08/Dec/2019 21:20:12] "GET /assets/js/plugins/perfect-scrollbar.jquery.min.js HTTP/1.1" 404 -
INFO:werkzeug:127.0.0.1 - - [08/Dec/2019 21:20:12] "GET /assets/js/plugins/chartist.min.js HTTP/1.1" 404 -
INFO:werkzeug:127.0.0.1 - - [08/Dec/2019 21:20:12] "GET /assets/js/plugins/bootstrap-notify.js HTTP/1.1" 404 -
INFO:werkzeug:127.0.0.1 - - [08/Dec/2019 21:20:12] "GET /assets/js/material-dashboard.js?v=2.1.1 HTTP/1.1" 404 -
INFO:werkzeug:127.0.0.1 - - [08/Dec/2019 21:20:12] "GET /assets/js/core/popper.min.js HTTP/1.1" 404 -
INFO:werkzeug:127.0.0.1 - - [08/Dec/2019 21:20:12] "GET /assets/js/core/bootstrap-material-design.min.js HTTP/1.1" 404 -
INFO:werkzeug:127.0.0.1 - - [08/Dec/2019 21:20:12] "GET /assets/js/plugins/perfect-scrollbar.jquery.min.js HTTP/1.1" 404 -
INFO:werkzeug:127.0.0.1 - - [08/Dec/2019 21:20:12] "GET /assets/js/plugins/chartist.min.js HTTP/1.1" 404 -
INFO:werkzeug:127.0.0.1 - - [08/Dec/2019 21:20:13] "GET /assets/js/plugins/bootstrap-notify.js HTTP/1.1" 404 -
INFO:werkzeug:127.0.0.1 - - [08/Dec/2019 21:20:13] "GET /assets/js/material-dashboard.js?v=2.1.1 HTTP/1.1" 404 -
INFO:werkzeug:127.0.0.1 - - [08/Dec/2019 21:20:13] "GET /static/assets/css/dashboard-free.css.map HTTP/1.1" 404 -
INFO:werkzeug:127.0.0.1 - - [08/Dec/2019 21:20:15] "GET /auth/login HTTP/1.1" 200 -
INFO:werkzeug:127.0.0.1 - - [08/Dec/2019 21:20:15] "GET /static/assets/css/material-dashboard.css?v=2.1.1 HTTP/1.1" 200 -
INFO:werkzeug:127.0.0.1 - - [08/Dec/2019 21:20:16] "GET /static/css/mainpage.css HTTP/1.1" 200 -
INFO:werkzeug:127.0.0.1 - - [08/Dec/2019 21:20:16] "GET /auth/assets/js/core/jquery.min.js HTTP/1.1" 404 -
INFO:werkzeug:127.0.0.1 - - [08/Dec/2019 21:20:16] "GET /auth/assets/js/core/popper.min.js HTTP/1.1" 404 -
INFO:werkzeug:127.0.0.1 - - [08/Dec/2019 21:20:16] "GET /static/css/upload.css HTTP/1.1" 200 -
INFO:werkzeug:127.0.0.1 - - [08/Dec/2019 21:20:16] "GET /static/css/img.css HTTP/1.1" 200 -
INFO:werkzeug:127.0.0.1 - - [08/Dec/2019 21:20:16] "GET /auth/assets/js/core/bootstrap-material-design.min.js HTTP/1.1" 404 -
INFO:werkzeug:127.0.0.1 - - [08/Dec/2019 21:20:16] "GET /auth/assets/js/plugins/perfect-scrollbar.jquery.min.js HTTP/1.1" 404 -
INFO:werkzeug:127.0.0.1 - - [08/Dec/2019 21:20:16] "GET /auth/assets/js/plugins/chartist.min.js HTTP/1.1" 404 -
INFO:werkzeug:127.0.0.1 - - [08/Dec/2019 21:20:16] "GET /auth/assets/js/plugins/bootstrap-notify.js HTTP/1.1" 404 -
INFO:werkzeug:127.0.0.1 - - [08/Dec/2019 21:20:16] "GET /auth/assets/js/material-dashboard.js?v=2.1.1 HTTP/1.1" 404 -
INFO:werkzeug:127.0.0.1 - - [08/Dec/2019 21:20:16] "GET /auth/assets/js/core/popper.min.js HTTP/1.1" 404 -
INFO:werkzeug:127.0.0.1 - - [08/Dec/2019 21:20:16] "GET /static/images/kakao_account_login_btn_medium_narrow.png HTTP/1.1" 200 -
INFO:werkzeug:127.0.0.1 - - [08/Dec/2019 21:20:16] "GET /auth/assets/js/core/bootstrap-material-design.min.js HTTP/1.1" 404 -
INFO:werkzeug:127.0.0.1 - - [08/Dec/2019 21:20:16] "GET /auth/assets/js/plugins/perfect-scrollbar.jquery.min.js HTTP/1.1" 404 -
INFO:werkzeug:127.0.0.1 - - [08/Dec/2019 21:20:16] "GET /auth/assets/js/plugins/chartist.min.js HTTP/1.1" 404 -
INFO:werkzeug:127.0.0.1 - - [08/Dec/2019 21:20:17] "GET /auth/assets/js/plugins/bootstrap-notify.js HTTP/1.1" 404 -
INFO:werkzeug:127.0.0.1 - - [08/Dec/2019 21:20:17] "GET /auth/assets/js/material-dashboard.js?v=2.1.1 HTTP/1.1" 404 -
INFO:werkzeug:127.0.0.1 - - [08/Dec/2019 21:20:17] "GET /static/assets/css/dashboard-free.css.map HTTP/1.1" 404 -
INFO:werkzeug:127.0.0.1 - - [08/Dec/2019 21:20:19] "GET /auth/kakao_oauth_redirect?code=hUi2l9sCIjlHDUWBO5FNx0xVj0idQXvdoqBJcWvnl81ah7uEgYzbLNj1_ubkE53QNE4H2AopdXcAAAFu5XQPOw HTTP/1.1" 302 -
INFO:werkzeug:127.0.0.1 - - [08/Dec/2019 21:20:19] "GET /auth/login HTTP/1.1" 200 -
INFO:werkzeug:127.0.0.1 - - [08/Dec/2019 21:20:19] "GET /static/assets/css/material-dashboard.css?v=2.1.1 HTTP/1.1" 200 -
INFO:werkzeug:127.0.0.1 - - [08/Dec/2019 21:20:19] "GET /static/css/mainpage.css HTTP/1.1" 200 -
INFO:werkzeug:127.0.0.1 - - [08/Dec/2019 21:20:19] "GET /auth/assets/js/core/jquery.min.js HTTP/1.1" 404 -
INFO:werkzeug:127.0.0.1 - - [08/Dec/2019 21:20:19] "GET /auth/assets/js/core/popper.min.js HTTP/1.1" 404 -
INFO:werkzeug:127.0.0.1 - - [08/Dec/2019 21:20:19] "GET /static/css/upload.css HTTP/1.1" 200 -
INFO:werkzeug:127.0.0.1 - - [08/Dec/2019 21:20:19] "GET /static/css/img.css HTTP/1.1" 200 -
INFO:werkzeug:127.0.0.1 - - [08/Dec/2019 21:20:19] "GET /auth/assets/js/core/bootstrap-material-design.min.js HTTP/1.1" 404 -
INFO:werkzeug:127.0.0.1 - - [08/Dec/2019 21:20:19] "GET /auth/assets/js/plugins/perfect-scrollbar.jquery.min.js HTTP/1.1" 404 -
INFO:werkzeug:127.0.0.1 - - [08/Dec/2019 21:20:19] "GET /auth/assets/js/plugins/chartist.min.js HTTP/1.1" 404 -
INFO:werkzeug:127.0.0.1 - - [08/Dec/2019 21:20:19] "GET /auth/assets/js/plugins/bootstrap-notify.js HTTP/1.1" 404 -
INFO:werkzeug:127.0.0.1 - - [08/Dec/2019 21:20:19] "GET /auth/assets/js/material-dashboard.js?v=2.1.1 HTTP/1.1" 404 -
INFO:werkzeug:127.0.0.1 - - [08/Dec/2019 21:20:19] "GET /auth/assets/js/core/popper.min.js HTTP/1.1" 404 -
INFO:werkzeug:127.0.0.1 - - [08/Dec/2019 21:20:20] "GET /auth/assets/js/core/bootstrap-material-design.min.js HTTP/1.1" 404 -
INFO:werkzeug:127.0.0.1 - - [08/Dec/2019 21:20:20] "GET /static/images/kakao_account_login_btn_medium_narrow.png HTTP/1.1" 200 -
INFO:werkzeug:127.0.0.1 - - [08/Dec/2019 21:20:20] "GET /auth/assets/js/plugins/perfect-scrollbar.jquery.min.js HTTP/1.1" 404 -
INFO:werkzeug:127.0.0.1 - - [08/Dec/2019 21:20:20] "GET /auth/assets/js/plugins/chartist.min.js HTTP/1.1" 404 -
INFO:werkzeug:127.0.0.1 - - [08/Dec/2019 21:20:20] "GET /auth/assets/js/plugins/bootstrap-notify.js HTTP/1.1" 404 -
INFO:werkzeug:127.0.0.1 - - [08/Dec/2019 21:20:20] "GET /auth/assets/js/material-dashboard.js?v=2.1.1 HTTP/1.1" 404 -
INFO:werkzeug:127.0.0.1 - - [08/Dec/2019 21:20:20] "GET /static/assets/css/dashboard-free.css.map HTTP/1.1" 404 -
INFO:werkzeug:127.0.0.1 - - [08/Dec/2019 21:20:26] "POST /auth/login HTTP/1.1" 302 -
INFO:werkzeug:127.0.0.1 - - [08/Dec/2019 21:20:26] "GET / HTTP/1.1" 200 -
INFO:werkzeug:127.0.0.1 - - [08/Dec/2019 21:20:26] "GET /static/assets/css/material-dashboard.css?v=2.1.1 HTTP/1.1" 200 -
INFO:werkzeug:127.0.0.1 - - [08/Dec/2019 21:20:27] "GET /assets/js/core/jquery.min.js HTTP/1.1" 404 -
INFO:werkzeug:127.0.0.1 - - [08/Dec/2019 21:20:27] "GET /static/css/mainpage.css HTTP/1.1" 200 -
INFO:werkzeug:127.0.0.1 - - [08/Dec/2019 21:20:27] "GET /assets/js/core/popper.min.js HTTP/1.1" 404 -
INFO:werkzeug:127.0.0.1 - - [08/Dec/2019 21:20:27] "GET /static/css/upload.css HTTP/1.1" 200 -
INFO:werkzeug:127.0.0.1 - - [08/Dec/2019 21:20:27] "GET /static/css/img.css HTTP/1.1" 200 -
INFO:werkzeug:127.0.0.1 - - [08/Dec/2019 21:20:27] "GET /assets/js/core/bootstrap-material-design.min.js HTTP/1.1" 404 -
INFO:werkzeug:127.0.0.1 - - [08/Dec/2019 21:20:27] "GET /assets/js/plugins/perfect-scrollbar.jquery.min.js HTTP/1.1" 404 -
INFO:werkzeug:127.0.0.1 - - [08/Dec/2019 21:20:27] "GET /assets/js/plugins/chartist.min.js HTTP/1.1" 404 -
INFO:werkzeug:127.0.0.1 - - [08/Dec/2019 21:20:27] "GET /assets/js/plugins/bootstrap-notify.js HTTP/1.1" 404 -
INFO:werkzeug:127.0.0.1 - - [08/Dec/2019 21:20:27] "GET /assets/js/material-dashboard.js?v=2.1.1 HTTP/1.1" 404 -
INFO:werkzeug:127.0.0.1 - - [08/Dec/2019 21:20:27] "GET /assets/js/core/popper.min.js HTTP/1.1" 404 -
INFO:werkzeug:127.0.0.1 - - [08/Dec/2019 21:20:27] "GET /assets/js/core/bootstrap-material-design.min.js HTTP/1.1" 404 -
INFO:werkzeug:127.0.0.1 - - [08/Dec/2019 21:20:27] "GET /assets/js/plugins/perfect-scrollbar.jquery.min.js HTTP/1.1" 404 -
INFO:werkzeug:127.0.0.1 - - [08/Dec/2019 21:20:27] "GET /assets/js/plugins/chartist.min.js HTTP/1.1" 404 -
INFO:werkzeug:127.0.0.1 - - [08/Dec/2019 21:20:28] "GET /assets/js/plugins/bootstrap-notify.js HTTP/1.1" 404 -
INFO:werkzeug:127.0.0.1 - - [08/Dec/2019 21:20:28] "GET /assets/js/material-dashboard.js?v=2.1.1 HTTP/1.1" 404 -
INFO:werkzeug:127.0.0.1 - - [08/Dec/2019 21:20:28] "GET /static/assets/css/dashboard-free.css.map HTTP/1.1" 404 -
INFO:werkzeug:127.0.0.1 - - [08/Dec/2019 21:20:43] "GET /img HTTP/1.1" 200 -
INFO:werkzeug:127.0.0.1 - - [08/Dec/2019 21:20:43] "GET /assets/js/core/jquery.min.js HTTP/1.1" 404 -
INFO:werkzeug:127.0.0.1 - - [08/Dec/2019 21:20:43] "GET /assets/js/core/popper.min.js HTTP/1.1" 404 -
INFO:werkzeug:127.0.0.1 - - [08/Dec/2019 21:20:43] "GET /assets/js/core/bootstrap-material-design.min.js HTTP/1.1" 404 -
INFO:werkzeug:127.0.0.1 - - [08/Dec/2019 21:20:43] "GET /assets/js/plugins/perfect-scrollbar.jquery.min.js HTTP/1.1" 404 -
INFO:werkzeug:127.0.0.1 - - [08/Dec/2019 21:20:43] "GET /assets/js/plugins/chartist.min.js HTTP/1.1" 404 -
INFO:werkzeug:127.0.0.1 - - [08/Dec/2019 21:20:43] "GET /assets/js/plugins/bootstrap-notify.js HTTP/1.1" 404 -
INFO:werkzeug:127.0.0.1 - - [08/Dec/2019 21:20:43] "GET /assets/js/material-dashboard.js?v=2.1.1 HTTP/1.1" 404 -
INFO:werkzeug:127.0.0.1 - - [08/Dec/2019 21:20:48] "GET /assets/js/core/bootstrap-material-design.min.js HTTP/1.1" 404 -
INFO:werkzeug:127.0.0.1 - - [08/Dec/2019 21:20:57] "GET /img HTTP/1.1" 200 -
INFO:werkzeug:127.0.0.1 - - [08/Dec/2019 21:20:57] "GET /assets/js/core/bootstrap-material-design.min.js HTTP/1.1" 404 -
INFO:werkzeug:127.0.0.1 - - [08/Dec/2019 21:20:58] "GET /assets/js/core/jquery.min.js HTTP/1.1" 404 -
INFO:werkzeug:127.0.0.1 - - [08/Dec/2019 21:20:58] "GET /assets/js/core/popper.min.js HTTP/1.1" 404 -
INFO:werkzeug:127.0.0.1 - - [08/Dec/2019 21:20:58] "GET /assets/js/plugins/perfect-scrollbar.jquery.min.js HTTP/1.1" 404 -
INFO:werkzeug:127.0.0.1 - - [08/Dec/2019 21:20:58] "GET /assets/js/plugins/chartist.min.js HTTP/1.1" 404 -
INFO:werkzeug:127.0.0.1 - - [08/Dec/2019 21:20:58] "GET /assets/js/plugins/bootstrap-notify.js HTTP/1.1" 404 -
INFO:werkzeug:127.0.0.1 - - [08/Dec/2019 21:20:58] "GET /assets/js/material-dashboard.js?v=2.1.1 HTTP/1.1" 404 -
INFO:werkzeug:127.0.0.1 - - [08/Dec/2019 21:20:58] "GET /assets/js/core/bootstrap-material-design.min.js HTTP/1.1" 404 -
INFO:werkzeug:127.0.0.1 - - [08/Dec/2019 21:20:58] "GET /assets/js/plugins/perfect-scrollbar.jquery.min.js HTTP/1.1" 404 -
INFO:werkzeug:127.0.0.1 - - [08/Dec/2019 21:20:58] "GET /assets/js/plugins/chartist.min.js HTTP/1.1" 404 -
INFO:werkzeug:127.0.0.1 - - [08/Dec/2019 21:20:58] "GET /assets/js/plugins/bootstrap-notify.js HTTP/1.1" 404 -
INFO:werkzeug:127.0.0.1 - - [08/Dec/2019 21:20:59] "GET /assets/js/material-dashboard.js?v=2.1.1 HTTP/1.1" 404 -
INFO:werkzeug:127.0.0.1 - - [08/Dec/2019 21:21:19] "GET / HTTP/1.1" 200 -
INFO:werkzeug:127.0.0.1 - - [08/Dec/2019 21:21:19] "GET /assets/js/core/jquery.min.js HTTP/1.1" 404 -
INFO:werkzeug:127.0.0.1 - - [08/Dec/2019 21:21:19] "GET /assets/js/core/popper.min.js HTTP/1.1" 404 -
INFO:werkzeug:127.0.0.1 - - [08/Dec/2019 21:21:19] "GET /assets/js/core/bootstrap-material-design.min.js HTTP/1.1" 404 -
INFO:werkzeug:127.0.0.1 - - [08/Dec/2019 21:21:19] "GET /assets/js/plugins/perfect-scrollbar.jquery.min.js HTTP/1.1" 404 -
INFO:werkzeug:127.0.0.1 - - [08/Dec/2019 21:21:19] "GET /assets/js/plugins/chartist.min.js HTTP/1.1" 404 -
INFO:werkzeug:127.0.0.1 - - [08/Dec/2019 21:21:19] "GET /assets/js/plugins/bootstrap-notify.js HTTP/1.1" 404 -
INFO:werkzeug:127.0.0.1 - - [08/Dec/2019 21:21:19] "GET /assets/js/material-dashboard.js?v=2.1.1 HTTP/1.1" 404 -
INFO:werkzeug:127.0.0.1 - - [08/Dec/2019 21:21:35] "GET / HTTP/1.1" 200 -
INFO:werkzeug:127.0.0.1 - - [08/Dec/2019 21:21:35] "GET /assets/js/core/bootstrap-material-design.min.js HTTP/1.1" 404 -
INFO:werkzeug:127.0.0.1 - - [08/Dec/2019 21:21:35] "GET /assets/js/plugins/perfect-scrollbar.jquery.min.js HTTP/1.1" 404 -
INFO:werkzeug:127.0.0.1 - - [08/Dec/2019 21:21:35] "GET /assets/js/core/jquery.min.js HTTP/1.1" 404 -
INFO:werkzeug:127.0.0.1 - - [08/Dec/2019 21:21:35] "GET /assets/js/core/popper.min.js HTTP/1.1" 404 -
INFO:werkzeug:127.0.0.1 - - [08/Dec/2019 21:21:35] "GET /assets/js/plugins/chartist.min.js HTTP/1.1" 404 -
INFO:werkzeug:127.0.0.1 - - [08/Dec/2019 21:21:35] "GET /assets/js/plugins/bootstrap-notify.js HTTP/1.1" 404 -
INFO:werkzeug:127.0.0.1 - - [08/Dec/2019 21:21:35] "GET /assets/js/material-dashboard.js?v=2.1.1 HTTP/1.1" 404 -
INFO:werkzeug:127.0.0.1 - - [08/Dec/2019 21:21:36] "GET /assets/js/core/bootstrap-material-design.min.js HTTP/1.1" 404 -
INFO:werkzeug:127.0.0.1 - - [08/Dec/2019 21:21:36] "GET /assets/js/plugins/perfect-scrollbar.jquery.min.js HTTP/1.1" 404 -
INFO:werkzeug:127.0.0.1 - - [08/Dec/2019 21:21:36] "GET /assets/js/plugins/chartist.min.js HTTP/1.1" 404 -
INFO:werkzeug:127.0.0.1 - - [08/Dec/2019 21:21:36] "GET /assets/js/plugins/bootstrap-notify.js HTTP/1.1" 404 -
INFO:werkzeug:127.0.0.1 - - [08/Dec/2019 21:21:37] "GET /assets/js/material-dashboard.js?v=2.1.1 HTTP/1.1" 404 -
INFO:werkzeug:127.0.0.1 - - [08/Dec/2019 21:23:26] "GET / HTTP/1.1" 200 -
INFO:werkzeug:127.0.0.1 - - [08/Dec/2019 21:23:26] "GET /assets/js/core/jquery.min.js HTTP/1.1" 404 -
INFO:werkzeug:127.0.0.1 - - [08/Dec/2019 21:23:27] "GET /assets/js/core/popper.min.js HTTP/1.1" 404 -
INFO:werkzeug:127.0.0.1 - - [08/Dec/2019 21:23:27] "GET /assets/js/core/bootstrap-material-design.min.js HTTP/1.1" 404 -
INFO:werkzeug:127.0.0.1 - - [08/Dec/2019 21:23:27] "GET /assets/js/plugins/perfect-scrollbar.jquery.min.js HTTP/1.1" 404 -
INFO:werkzeug:127.0.0.1 - - [08/Dec/2019 21:23:27] "GET /assets/js/plugins/chartist.min.js HTTP/1.1" 404 -
INFO:werkzeug:127.0.0.1 - - [08/Dec/2019 21:23:27] "GET /assets/js/plugins/bootstrap-notify.js HTTP/1.1" 404 -
INFO:werkzeug:127.0.0.1 - - [08/Dec/2019 21:23:27] "GET /assets/js/material-dashboard.js?v=2.1.1 HTTP/1.1" 404 -
INFO:werkzeug:127.0.0.1 - - [08/Dec/2019 21:23:34] "GET / HTTP/1.1" 200 -
INFO:werkzeug:127.0.0.1 - - [08/Dec/2019 21:23:34] "GET /assets/js/plugins/perfect-scrollbar.jquery.min.js HTTP/1.1" 404 -
INFO:werkzeug:127.0.0.1 - - [08/Dec/2019 21:23:35] "GET /assets/js/core/jquery.min.js HTTP/1.1" 404 -
INFO:werkzeug:127.0.0.1 - - [08/Dec/2019 21:23:35] "GET /assets/js/core/popper.min.js HTTP/1.1" 404 -
INFO:werkzeug:127.0.0.1 - - [08/Dec/2019 21:23:35] "GET /assets/js/core/bootstrap-material-design.min.js HTTP/1.1" 404 -
INFO:werkzeug:127.0.0.1 - - [08/Dec/2019 21:23:35] "GET /assets/js/plugins/bootstrap-notify.js HTTP/1.1" 404 -
INFO:werkzeug:127.0.0.1 - - [08/Dec/2019 21:23:35] "GET /assets/js/plugins/chartist.min.js HTTP/1.1" 404 -
INFO:werkzeug:127.0.0.1 - - [08/Dec/2019 21:23:35] "GET /assets/js/material-dashboard.js?v=2.1.1 HTTP/1.1" 404 -
INFO:werkzeug:127.0.0.1 - - [08/Dec/2019 21:23:35] "GET /assets/js/plugins/perfect-scrollbar.jquery.min.js HTTP/1.1" 404 -
INFO:werkzeug:127.0.0.1 - - [08/Dec/2019 21:23:35] "GET /assets/js/plugins/chartist.min.js HTTP/1.1" 404 -
INFO:werkzeug:127.0.0.1 - - [08/Dec/2019 21:23:36] "GET /assets/js/plugins/bootstrap-notify.js HTTP/1.1" 404 -
INFO:werkzeug:127.0.0.1 - - [08/Dec/2019 21:23:36] "GET /assets/js/material-dashboard.js?v=2.1.1 HTTP/1.1" 404 -
INFO:werkzeug:127.0.0.1 - - [08/Dec/2019 21:24:46] "GET /img HTTP/1.1" 200 -
INFO:werkzeug:127.0.0.1 - - [08/Dec/2019 21:24:46] "GET /assets/js/core/popper.min.js HTTP/1.1" 404 -
INFO:werkzeug:127.0.0.1 - - [08/Dec/2019 21:24:46] "GET /assets/js/core/bootstrap-material-design.min.js HTTP/1.1" 404 -
INFO:werkzeug:127.0.0.1 - - [08/Dec/2019 21:24:46] "GET /assets/js/core/jquery.min.js HTTP/1.1" 404 -
INFO:werkzeug:127.0.0.1 - - [08/Dec/2019 21:24:46] "GET /assets/js/plugins/perfect-scrollbar.jquery.min.js HTTP/1.1" 404 -
INFO:werkzeug:127.0.0.1 - - [08/Dec/2019 21:24:46] "GET /assets/js/plugins/chartist.min.js HTTP/1.1" 404 -
INFO:werkzeug:127.0.0.1 - - [08/Dec/2019 21:24:46] "GET /assets/js/plugins/bootstrap-notify.js HTTP/1.1" 404 -
INFO:werkzeug:127.0.0.1 - - [08/Dec/2019 21:24:46] "GET /assets/js/material-dashboard.js?v=2.1.1 HTTP/1.1" 404 -
INFO:werkzeug:127.0.0.1 - - [08/Dec/2019 21:24:46] "GET /assets/js/core/popper.min.js HTTP/1.1" 404 -
INFO:werkzeug:127.0.0.1 - - [08/Dec/2019 21:24:47] "GET /assets/js/core/bootstrap-material-design.min.js HTTP/1.1" 404 -
INFO:werkzeug:127.0.0.1 - - [08/Dec/2019 21:24:47] "GET /assets/js/plugins/perfect-scrollbar.jquery.min.js HTTP/1.1" 404 -
INFO:werkzeug:127.0.0.1 - - [08/Dec/2019 21:24:47] "GET /assets/js/plugins/chartist.min.js HTTP/1.1" 404 -
INFO:werkzeug:127.0.0.1 - - [08/Dec/2019 21:24:47] "GET /assets/js/plugins/bootstrap-notify.js HTTP/1.1" 404 -
INFO:werkzeug:127.0.0.1 - - [08/Dec/2019 21:24:47] "GET /assets/js/material-dashboard.js?v=2.1.1 HTTP/1.1" 404 -
INFO:werkzeug: * Detected change in 'C:\\Users\\ARTALL\\Desktop\\web_service_2 쌔거\\app.py', reloading
INFO:werkzeug: * Restarting with stat
WARNING:werkzeug: * Debugger is active!
INFO:werkzeug: * Debugger PIN: 791-056-875
INFO:werkzeug: * Running on http://localhost:8080/ (Press CTRL+C to quit)
INFO:werkzeug:127.0.0.1 - - [08/Dec/2019 21:34:21] "GET / HTTP/1.1" 200 -
INFO:werkzeug:127.0.0.1 - - [08/Dec/2019 21:34:21] "GET /assets/js/core/jquery.min.js HTTP/1.1" 404 -
INFO:werkzeug:127.0.0.1 - - [08/Dec/2019 21:34:21] "GET /assets/js/core/popper.min.js HTTP/1.1" 404 -
INFO:werkzeug:127.0.0.1 - - [08/Dec/2019 21:34:21] "GET /assets/js/core/bootstrap-material-design.min.js HTTP/1.1" 404 -
INFO:werkzeug:127.0.0.1 - - [08/Dec/2019 21:34:21] "GET /assets/js/plugins/perfect-scrollbar.jquery.min.js HTTP/1.1" 404 -
INFO:werkzeug:127.0.0.1 - - [08/Dec/2019 21:34:21] "GET /assets/js/plugins/chartist.min.js HTTP/1.1" 404 -
INFO:werkzeug:127.0.0.1 - - [08/Dec/2019 21:34:21] "GET /assets/js/plugins/bootstrap-notify.js HTTP/1.1" 404 -
INFO:werkzeug:127.0.0.1 - - [08/Dec/2019 21:34:21] "GET /assets/js/material-dashboard.js?v=2.1.1 HTTP/1.1" 404 -
INFO:werkzeug:127.0.0.1 - - [08/Dec/2019 21:34:24] "GET /auth/login HTTP/1.1" 200 -
INFO:werkzeug:127.0.0.1 - - [08/Dec/2019 21:34:24] "GET /auth/assets/js/core/jquery.min.js HTTP/1.1" 404 -
INFO:werkzeug:127.0.0.1 - - [08/Dec/2019 21:34:24] "GET /auth/assets/js/core/popper.min.js HTTP/1.1" 404 -
INFO:werkzeug:127.0.0.1 - - [08/Dec/2019 21:34:25] "GET /auth/assets/js/core/bootstrap-material-design.min.js HTTP/1.1" 404 -
INFO:werkzeug:127.0.0.1 - - [08/Dec/2019 21:34:25] "GET /auth/assets/js/plugins/perfect-scrollbar.jquery.min.js HTTP/1.1" 404 -
INFO:werkzeug:127.0.0.1 - - [08/Dec/2019 21:34:25] "GET /auth/assets/js/plugins/chartist.min.js HTTP/1.1" 404 -
INFO:werkzeug:127.0.0.1 - - [08/Dec/2019 21:34:25] "GET /auth/assets/js/plugins/bootstrap-notify.js HTTP/1.1" 404 -
INFO:werkzeug:127.0.0.1 - - [08/Dec/2019 21:34:25] "GET /auth/assets/js/material-dashboard.js?v=2.1.1 HTTP/1.1" 404 -
INFO:werkzeug:127.0.0.1 - - [08/Dec/2019 21:34:31] "POST /auth/login HTTP/1.1" 302 -
INFO:werkzeug:127.0.0.1 - - [08/Dec/2019 21:34:31] "GET / HTTP/1.1" 200 -
INFO:werkzeug:127.0.0.1 - - [08/Dec/2019 21:34:32] "GET /assets/js/core/jquery.min.js HTTP/1.1" 404 -
INFO:werkzeug:127.0.0.1 - - [08/Dec/2019 21:34:32] "GET /assets/js/core/popper.min.js HTTP/1.1" 404 -
INFO:werkzeug:127.0.0.1 - - [08/Dec/2019 21:34:32] "GET /assets/js/core/bootstrap-material-design.min.js HTTP/1.1" 404 -
INFO:werkzeug:127.0.0.1 - - [08/Dec/2019 21:34:32] "GET /assets/js/plugins/perfect-scrollbar.jquery.min.js HTTP/1.1" 404 -
INFO:werkzeug:127.0.0.1 - - [08/Dec/2019 21:34:32] "GET /assets/js/plugins/chartist.min.js HTTP/1.1" 404 -
INFO:werkzeug:127.0.0.1 - - [08/Dec/2019 21:34:32] "GET /assets/js/plugins/bootstrap-notify.js HTTP/1.1" 404 -
INFO:werkzeug:127.0.0.1 - - [08/Dec/2019 21:34:32] "GET /assets/js/material-dashboard.js?v=2.1.1 HTTP/1.1" 404 -
INFO:werkzeug:127.0.0.1 - - [08/Dec/2019 21:34:34] "GET /auth/logout HTTP/1.1" 302 -
INFO:werkzeug:127.0.0.1 - - [08/Dec/2019 21:34:34] "GET / HTTP/1.1" 200 -
INFO:werkzeug:127.0.0.1 - - [08/Dec/2019 21:34:34] "GET /assets/js/core/popper.min.js HTTP/1.1" 404 -
INFO:werkzeug:127.0.0.1 - - [08/Dec/2019 21:34:34] "GET /assets/js/core/bootstrap-material-design.min.js HTTP/1.1" 404 -
INFO:werkzeug:127.0.0.1 - - [08/Dec/2019 21:34:34] "GET /assets/js/core/jquery.min.js HTTP/1.1" 404 -
INFO:werkzeug:127.0.0.1 - - [08/Dec/2019 21:34:34] "GET /assets/js/plugins/perfect-scrollbar.jquery.min.js HTTP/1.1" 404 -
INFO:werkzeug:127.0.0.1 - - [08/Dec/2019 21:34:34] "GET /assets/js/plugins/chartist.min.js HTTP/1.1" 404 -
INFO:werkzeug:127.0.0.1 - - [08/Dec/2019 21:34:34] "GET /assets/js/plugins/bootstrap-notify.js HTTP/1.1" 404 -
INFO:werkzeug:127.0.0.1 - - [08/Dec/2019 21:34:35] "GET /assets/js/material-dashboard.js?v=2.1.1 HTTP/1.1" 404 -
INFO:werkzeug:127.0.0.1 - - [08/Dec/2019 21:34:35] "GET /assets/js/core/popper.min.js HTTP/1.1" 404 -
INFO:werkzeug:127.0.0.1 - - [08/Dec/2019 21:34:35] "GET /assets/js/core/bootstrap-material-design.min.js HTTP/1.1" 404 -
INFO:werkzeug:127.0.0.1 - - [08/Dec/2019 21:34:35] "GET /assets/js/plugins/perfect-scrollbar.jquery.min.js HTTP/1.1" 404 -
INFO:werkzeug:127.0.0.1 - - [08/Dec/2019 21:34:35] "GET /assets/js/plugins/chartist.min.js HTTP/1.1" 404 -
INFO:werkzeug:127.0.0.1 - - [08/Dec/2019 21:34:36] "GET /assets/js/plugins/bootstrap-notify.js HTTP/1.1" 404 -
INFO:werkzeug:127.0.0.1 - - [08/Dec/2019 21:34:36] "GET /assets/js/material-dashboard.js?v=2.1.1 HTTP/1.1" 404 -
INFO:werkzeug:127.0.0.1 - - [08/Dec/2019 21:34:37] "GET /auth/login HTTP/1.1" 200 -
INFO:werkzeug:127.0.0.1 - - [08/Dec/2019 21:34:37] "GET /auth/assets/js/core/popper.min.js HTTP/1.1" 404 -
INFO:werkzeug:127.0.0.1 - - [08/Dec/2019 21:34:37] "GET /auth/assets/js/core/bootstrap-material-design.min.js HTTP/1.1" 404 -
INFO:werkzeug:127.0.0.1 - - [08/Dec/2019 21:34:37] "GET /auth/assets/js/plugins/perfect-scrollbar.jquery.min.js HTTP/1.1" 404 -
INFO:werkzeug:127.0.0.1 - - [08/Dec/2019 21:34:37] "GET /auth/assets/js/material-dashboard.js?v=2.1.1 HTTP/1.1" 404 -
INFO:werkzeug:127.0.0.1 - - [08/Dec/2019 21:34:37] "GET /auth/assets/js/core/jquery.min.js HTTP/1.1" 404 -
INFO:werkzeug:127.0.0.1 - - [08/Dec/2019 21:34:37] "GET /auth/assets/js/plugins/chartist.min.js HTTP/1.1" 404 -
INFO:werkzeug:127.0.0.1 - - [08/Dec/2019 21:34:38] "GET /auth/assets/js/plugins/bootstrap-notify.js HTTP/1.1" 404 -
INFO:werkzeug:127.0.0.1 - - [08/Dec/2019 21:34:38] "GET /auth/assets/js/core/popper.min.js HTTP/1.1" 404 -
INFO:werkzeug:127.0.0.1 - - [08/Dec/2019 21:34:38] "GET /auth/assets/js/core/bootstrap-material-design.min.js HTTP/1.1" 404 -
INFO:werkzeug:127.0.0.1 - - [08/Dec/2019 21:34:38] "GET /auth/assets/js/plugins/perfect-scrollbar.jquery.min.js HTTP/1.1" 404 -
INFO:werkzeug:127.0.0.1 - - [08/Dec/2019 21:34:38] "GET /auth/assets/js/plugins/chartist.min.js HTTP/1.1" 404 -
INFO:werkzeug:127.0.0.1 - - [08/Dec/2019 21:34:38] "GET /auth/assets/js/plugins/bootstrap-notify.js HTTP/1.1" 404 -
INFO:werkzeug:127.0.0.1 - - [08/Dec/2019 21:34:38] "GET /auth/assets/js/material-dashboard.js?v=2.1.1 HTTP/1.1" 404 -
INFO:werkzeug:127.0.0.1 - - [08/Dec/2019 21:34:40] "GET /auth/kakao_oauth_redirect?code=pILQXUzTSSRLasA3ilumbChUSMPEvkN-8qpqiySaRoWKl7k_3qtCLTDuACLBJbpw9J6K7wo9dNsAAAFu5YE1qA HTTP/1.1" 302 -
INFO:werkzeug:127.0.0.1 - - [08/Dec/2019 21:34:40] "GET /auth/login HTTP/1.1" 200 -
INFO:werkzeug:127.0.0.1 - - [08/Dec/2019 21:34:41] "GET /auth/assets/js/core/jquery.min.js HTTP/1.1" 404 -
INFO:werkzeug:127.0.0.1 - - [08/Dec/2019 21:34:41] "GET /auth/assets/js/core/popper.min.js HTTP/1.1" 404 -
INFO:werkzeug:127.0.0.1 - - [08/Dec/2019 21:34:41] "GET /auth/assets/js/core/bootstrap-material-design.min.js HTTP/1.1" 404 -
INFO:werkzeug:127.0.0.1 - - [08/Dec/2019 21:34:41] "GET /auth/assets/js/plugins/perfect-scrollbar.jquery.min.js HTTP/1.1" 404 -
INFO:werkzeug:127.0.0.1 - - [08/Dec/2019 21:34:41] "GET /auth/assets/js/plugins/chartist.min.js HTTP/1.1" 404 -
INFO:werkzeug:127.0.0.1 - - [08/Dec/2019 21:34:41] "GET /auth/assets/js/plugins/bootstrap-notify.js HTTP/1.1" 404 -
INFO:werkzeug:127.0.0.1 - - [08/Dec/2019 21:34:41] "GET /auth/assets/js/material-dashboard.js?v=2.1.1 HTTP/1.1" 404 -
INFO:werkzeug:127.0.0.1 - - [08/Dec/2019 21:34:47] "POST /auth/login HTTP/1.1" 302 -
INFO:werkzeug:127.0.0.1 - - [08/Dec/2019 21:34:47] "GET / HTTP/1.1" 200 -
INFO:werkzeug:127.0.0.1 - - [08/Dec/2019 21:34:47] "GET /assets/js/core/jquery.min.js HTTP/1.1" 404 -
INFO:werkzeug:127.0.0.1 - - [08/Dec/2019 21:34:47] "GET /assets/js/core/popper.min.js HTTP/1.1" 404 -
INFO:werkzeug:127.0.0.1 - - [08/Dec/2019 21:34:47] "GET /assets/js/core/bootstrap-material-design.min.js HTTP/1.1" 404 -
INFO:werkzeug:127.0.0.1 - - [08/Dec/2019 21:34:47] "GET /assets/js/plugins/perfect-scrollbar.jquery.min.js HTTP/1.1" 404 -
INFO:werkzeug:127.0.0.1 - - [08/Dec/2019 21:34:47] "GET /assets/js/plugins/chartist.min.js HTTP/1.1" 404 -
INFO:werkzeug:127.0.0.1 - - [08/Dec/2019 21:34:47] "GET /assets/js/plugins/bootstrap-notify.js HTTP/1.1" 404 -
INFO:werkzeug:127.0.0.1 - - [08/Dec/2019 21:34:47] "GET /assets/js/material-dashboard.js?v=2.1.1 HTTP/1.1" 404 -
INFO:werkzeug:127.0.0.1 - - [08/Dec/2019 21:34:52] "GET / HTTP/1.1" 200 -
INFO:werkzeug:127.0.0.1 - - [08/Dec/2019 21:34:52] "GET /assets/js/core/popper.min.js HTTP/1.1" 404 -
INFO:werkzeug:127.0.0.1 - - [08/Dec/2019 21:34:52] "GET /assets/js/core/jquery.min.js HTTP/1.1" 404 -
INFO:werkzeug:127.0.0.1 - - [08/Dec/2019 21:34:52] "GET /assets/js/core/bootstrap-material-design.min.js HTTP/1.1" 404 -
INFO:werkzeug:127.0.0.1 - - [08/Dec/2019 21:34:52] "GET /assets/js/plugins/perfect-scrollbar.jquery.min.js HTTP/1.1" 404 -
INFO:werkzeug:127.0.0.1 - - [08/Dec/2019 21:34:52] "GET /assets/js/plugins/chartist.min.js HTTP/1.1" 404 -
INFO:werkzeug:127.0.0.1 - - [08/Dec/2019 21:34:52] "GET /assets/js/plugins/bootstrap-notify.js HTTP/1.1" 404 -
INFO:werkzeug:127.0.0.1 - - [08/Dec/2019 21:34:52] "GET /assets/js/material-dashboard.js?v=2.1.1 HTTP/1.1" 404 -
INFO:werkzeug:127.0.0.1 - - [08/Dec/2019 21:34:52] "GET /assets/js/core/popper.min.js HTTP/1.1" 404 -
INFO:werkzeug:127.0.0.1 - - [08/Dec/2019 21:34:52] "GET /assets/js/core/bootstrap-material-design.min.js HTTP/1.1" 404 -
INFO:werkzeug:127.0.0.1 - - [08/Dec/2019 21:34:53] "GET /assets/js/plugins/perfect-scrollbar.jquery.min.js HTTP/1.1" 404 -
INFO:werkzeug:127.0.0.1 - - [08/Dec/2019 21:34:53] "GET /assets/js/plugins/chartist.min.js HTTP/1.1" 404 -
INFO:werkzeug:127.0.0.1 - - [08/Dec/2019 21:34:53] "GET /assets/js/plugins/bootstrap-notify.js HTTP/1.1" 404 -
INFO:werkzeug:127.0.0.1 - - [08/Dec/2019 21:34:53] "GET /assets/js/material-dashboard.js?v=2.1.1 HTTP/1.1" 404 -
INFO:werkzeug:127.0.0.1 - - [08/Dec/2019 21:34:57] "GET /ㅑㅡㅎ HTTP/1.1" 404 -
INFO:werkzeug:127.0.0.1 - - [08/Dec/2019 21:35:04] "GET /img HTTP/1.1" 404 -
INFO:werkzeug:127.0.0.1 - - [08/Dec/2019 21:35:07] "GET /img HTTP/1.1" 404 -
INFO:werkzeug: * Detected change in 'C:\\Users\\ARTALL\\Desktop\\web_service_2 쌔거\\app.py', reloading
INFO:werkzeug: * Restarting with stat
WARNING:werkzeug: * Debugger is active!
INFO:werkzeug: * Debugger PIN: 791-056-875
INFO:werkzeug: * Running on http://localhost:8080/ (Press CTRL+C to quit)
INFO:werkzeug:127.0.0.1 - - [08/Dec/2019 21:35:14] "GET /img HTTP/1.1" 200 -
INFO:werkzeug:127.0.0.1 - - [08/Dec/2019 21:35:14] "GET /assets/js/core/jquery.min.js HTTP/1.1" 404 -
INFO:werkzeug:127.0.0.1 - - [08/Dec/2019 21:35:14] "GET /assets/js/core/popper.min.js HTTP/1.1" 404 -
INFO:werkzeug:127.0.0.1 - - [08/Dec/2019 21:35:15] "GET /assets/js/core/bootstrap-material-design.min.js HTTP/1.1" 404 -
INFO:werkzeug:127.0.0.1 - - [08/Dec/2019 21:35:15] "GET /assets/js/plugins/perfect-scrollbar.jquery.min.js HTTP/1.1" 404 -
INFO:werkzeug:127.0.0.1 - - [08/Dec/2019 21:35:15] "GET /assets/js/plugins/chartist.min.js HTTP/1.1" 404 -
INFO:werkzeug:127.0.0.1 - - [08/Dec/2019 21:35:15] "GET /assets/js/plugins/bootstrap-notify.js HTTP/1.1" 404 -
INFO:werkzeug:127.0.0.1 - - [08/Dec/2019 21:35:15] "GET /assets/js/material-dashboard.js?v=2.1.1 HTTP/1.1" 404 -
INFO:werkzeug:127.0.0.1 - - [08/Dec/2019 21:35:17] "GET /auth/login HTTP/1.1" 200 -
INFO:werkzeug:127.0.0.1 - - [08/Dec/2019 21:35:17] "GET /auth/assets/js/core/popper.min.js HTTP/1.1" 404 -
INFO:werkzeug:127.0.0.1 - - [08/Dec/2019 21:35:17] "GET /auth/assets/js/core/bootstrap-material-design.min.js HTTP/1.1" 404 -
INFO:werkzeug:127.0.0.1 - - [08/Dec/2019 21:35:17] "GET /auth/assets/js/plugins/bootstrap-notify.js HTTP/1.1" 404 -
INFO:werkzeug:127.0.0.1 - - [08/Dec/2019 21:35:17] "GET /auth/assets/js/core/jquery.min.js HTTP/1.1" 404 -
INFO:werkzeug:127.0.0.1 - - [08/Dec/2019 21:35:17] "GET /auth/assets/js/plugins/perfect-scrollbar.jquery.min.js HTTP/1.1" 404 -
INFO:werkzeug:127.0.0.1 - - [08/Dec/2019 21:35:17] "GET /auth/assets/js/plugins/chartist.min.js HTTP/1.1" 404 -
INFO:werkzeug:127.0.0.1 - - [08/Dec/2019 21:35:17] "GET /auth/assets/js/material-dashboard.js?v=2.1.1 HTTP/1.1" 404 -
INFO:werkzeug:127.0.0.1 - - [08/Dec/2019 21:35:18] "GET /auth/assets/js/core/popper.min.js HTTP/1.1" 404 -
INFO:werkzeug:127.0.0.1 - - [08/Dec/2019 21:35:18] "GET /auth/assets/js/core/bootstrap-material-design.min.js HTTP/1.1" 404 -
INFO:werkzeug:127.0.0.1 - - [08/Dec/2019 21:35:18] "GET /auth/assets/js/plugins/perfect-scrollbar.jquery.min.js HTTP/1.1" 404 -
INFO:werkzeug:127.0.0.1 - - [08/Dec/2019 21:35:18] "GET /auth/assets/js/plugins/chartist.min.js HTTP/1.1" 404 -
INFO:werkzeug:127.0.0.1 - - [08/Dec/2019 21:35:19] "GET /auth/assets/js/plugins/bootstrap-notify.js HTTP/1.1" 404 -
INFO:werkzeug:127.0.0.1 - - [08/Dec/2019 21:35:19] "GET /auth/assets/js/material-dashboard.js?v=2.1.1 HTTP/1.1" 404 -
INFO:werkzeug:127.0.0.1 - - [08/Dec/2019 21:35:24] "POST /auth/login HTTP/1.1" 302 -
INFO:werkzeug:127.0.0.1 - - [08/Dec/2019 21:35:24] "GET /auth/login HTTP/1.1" 200 -
INFO:werkzeug:127.0.0.1 - - [08/Dec/2019 21:35:25] "GET /auth/assets/js/core/jquery.min.js HTTP/1.1" 404 -
INFO:werkzeug:127.0.0.1 - - [08/Dec/2019 21:35:25] "GET /auth/assets/js/core/bootstrap-material-design.min.js HTTP/1.1" 404 -
INFO:werkzeug:127.0.0.1 - - [08/Dec/2019 21:35:25] "GET /auth/assets/js/core/popper.min.js HTTP/1.1" 404 -
INFO:werkzeug:127.0.0.1 - - [08/Dec/2019 21:35:25] "GET /auth/assets/js/plugins/perfect-scrollbar.jquery.min.js HTTP/1.1" 404 -
INFO:werkzeug:127.0.0.1 - - [08/Dec/2019 21:35:25] "GET /auth/assets/js/plugins/chartist.min.js HTTP/1.1" 404 -
INFO:werkzeug:127.0.0.1 - - [08/Dec/2019 21:35:25] "GET /auth/assets/js/plugins/bootstrap-notify.js HTTP/1.1" 404 -
INFO:werkzeug:127.0.0.1 - - [08/Dec/2019 21:35:25] "GET /auth/assets/js/material-dashboard.js?v=2.1.1 HTTP/1.1" 404 -
INFO:werkzeug:127.0.0.1 - - [08/Dec/2019 21:35:25] "GET /auth/assets/js/core/bootstrap-material-design.min.js HTTP/1.1" 404 -
INFO:werkzeug:127.0.0.1 - - [08/Dec/2019 21:35:25] "GET /auth/assets/js/plugins/perfect-scrollbar.jquery.min.js HTTP/1.1" 404 -
INFO:werkzeug:127.0.0.1 - - [08/Dec/2019 21:35:26] "GET /auth/assets/js/plugins/chartist.min.js HTTP/1.1" 404 -
INFO:werkzeug:127.0.0.1 - - [08/Dec/2019 21:35:26] "GET /auth/assets/js/plugins/bootstrap-notify.js HTTP/1.1" 404 -
INFO:werkzeug:127.0.0.1 - - [08/Dec/2019 21:35:26] "GET /auth/assets/js/material-dashboard.js?v=2.1.1 HTTP/1.1" 404 -
INFO:werkzeug:127.0.0.1 - - [08/Dec/2019 21:35:30] "GET /auth/kakao_oauth_redirect?code=2N4o8bvbVuezjjl49qx0Ppn7COcKH1fyOK5k2aViv3hNy2c9Xcbq3CIFxXvxKPZRFZuo7Qo9dqQAAAFu5YH39w HTTP/1.1" 302 -
INFO:werkzeug:127.0.0.1 - - [08/Dec/2019 21:35:30] "GET /auth/login HTTP/1.1" 200 -
INFO:werkzeug:127.0.0.1 - - [08/Dec/2019 21:35:30] "GET /auth/assets/js/core/jquery.min.js HTTP/1.1" 404 -
INFO:werkzeug:127.0.0.1 - - [08/Dec/2019 21:35:30] "GET /auth/assets/js/core/popper.min.js HTTP/1.1" 404 -
INFO:werkzeug:127.0.0.1 - - [08/Dec/2019 21:35:30] "GET /auth/assets/js/core/bootstrap-material-design.min.js HTTP/1.1" 404 -
INFO:werkzeug:127.0.0.1 - - [08/Dec/2019 21:35:30] "GET /auth/assets/js/plugins/perfect-scrollbar.jquery.min.js HTTP/1.1" 404 -
INFO:werkzeug:127.0.0.1 - - [08/Dec/2019 21:35:30] "GET /auth/assets/js/plugins/chartist.min.js HTTP/1.1" 404 -
INFO:werkzeug:127.0.0.1 - - [08/Dec/2019 21:35:30] "GET /auth/assets/js/plugins/bootstrap-notify.js HTTP/1.1" 404 -
INFO:werkzeug:127.0.0.1 - - [08/Dec/2019 21:35:31] "GET /auth/assets/js/material-dashboard.js?v=2.1.1 HTTP/1.1" 404 -
INFO:werkzeug:127.0.0.1 - - [08/Dec/2019 21:35:38] "POST /auth/login HTTP/1.1" 302 -
INFO:werkzeug:127.0.0.1 - - [08/Dec/2019 21:35:38] "GET / HTTP/1.1" 200 -
INFO:werkzeug:127.0.0.1 - - [08/Dec/2019 21:35:38] "GET /assets/js/core/jquery.min.js HTTP/1.1" 404 -
INFO:werkzeug:127.0.0.1 - - [08/Dec/2019 21:35:38] "GET /assets/js/core/bootstrap-material-design.min.js HTTP/1.1" 404 -
INFO:werkzeug:127.0.0.1 - - [08/Dec/2019 21:35:38] "GET /assets/js/core/popper.min.js HTTP/1.1" 404 -
INFO:werkzeug:127.0.0.1 - - [08/Dec/2019 21:35:38] "GET /assets/js/plugins/perfect-scrollbar.jquery.min.js HTTP/1.1" 404 -
INFO:werkzeug:127.0.0.1 - - [08/Dec/2019 21:35:38] "GET /assets/js/plugins/chartist.min.js HTTP/1.1" 404 -
INFO:werkzeug:127.0.0.1 - - [08/Dec/2019 21:35:38] "GET /assets/js/plugins/bootstrap-notify.js HTTP/1.1" 404 -
INFO:werkzeug:127.0.0.1 - - [08/Dec/2019 21:35:38] "GET /assets/js/material-dashboard.js?v=2.1.1 HTTP/1.1" 404 -
INFO:werkzeug:127.0.0.1 - - [08/Dec/2019 21:35:38] "GET /assets/js/core/bootstrap-material-design.min.js HTTP/1.1" 404 -
INFO:werkzeug:127.0.0.1 - - [08/Dec/2019 21:35:39] "GET /assets/js/plugins/perfect-scrollbar.jquery.min.js HTTP/1.1" 404 -
INFO:werkzeug:127.0.0.1 - - [08/Dec/2019 21:35:39] "GET /assets/js/plugins/chartist.min.js HTTP/1.1" 404 -
INFO:werkzeug:127.0.0.1 - - [08/Dec/2019 21:35:39] "GET /assets/js/plugins/bootstrap-notify.js HTTP/1.1" 404 -
INFO:werkzeug:127.0.0.1 - - [08/Dec/2019 21:35:39] "GET /assets/js/material-dashboard.js?v=2.1.1 HTTP/1.1" 404 -
INFO:werkzeug: * Detected change in 'C:\\Users\\ARTALL\\Desktop\\web_service_2 쌔거\\app.py', reloading
INFO:werkzeug: * Restarting with stat
WARNING:werkzeug: * Debugger is active!
INFO:werkzeug: * Debugger PIN: 791-056-875
INFO:werkzeug: * Running on http://localhost:8080/ (Press CTRL+C to quit)
INFO:werkzeug: * Detected change in 'C:\\Users\\ARTALL\\Desktop\\web_service_2 쌔거\\app.py', reloading
INFO:werkzeug: * Restarting with stat
WARNING:werkzeug: * Debugger is active!
INFO:werkzeug: * Debugger PIN: 791-056-875
INFO:werkzeug: * Running on http://localhost:8080/ (Press CTRL+C to quit)
INFO:werkzeug: * Detected change in 'C:\\Users\\ARTALL\\Desktop\\web_service_2 쌔거\\app.py', reloading
INFO:werkzeug: * Restarting with stat
INFO:werkzeug: * Restarting with stat
WARNING:werkzeug: * Debugger is active!
INFO:werkzeug: * Debugger PIN: 791-056-875
INFO:werkzeug: * Running on http://localhost:8080/ (Press CTRL+C to quit)
INFO:werkzeug:127.0.0.1 - - [08/Dec/2019 21:48:05] "GET / HTTP/1.1" 200 -
INFO:werkzeug:127.0.0.1 - - [08/Dec/2019 21:48:05] "GET /assets/js/core/popper.min.js HTTP/1.1" 404 -
INFO:werkzeug:127.0.0.1 - - [08/Dec/2019 21:48:06] "GET /assets/js/core/jquery.min.js HTTP/1.1" 404 -
INFO:werkzeug:127.0.0.1 - - [08/Dec/2019 21:48:06] "GET /assets/js/core/bootstrap-material-design.min.js HTTP/1.1" 404 -
INFO:werkzeug:127.0.0.1 - - [08/Dec/2019 21:48:06] "GET /assets/js/plugins/perfect-scrollbar.jquery.min.js HTTP/1.1" 404 -
INFO:werkzeug:127.0.0.1 - - [08/Dec/2019 21:48:06] "GET /assets/js/plugins/chartist.min.js HTTP/1.1" 404 -
INFO:werkzeug:127.0.0.1 - - [08/Dec/2019 21:48:06] "GET /assets/js/plugins/bootstrap-notify.js HTTP/1.1" 404 -
INFO:werkzeug:127.0.0.1 - - [08/Dec/2019 21:48:06] "GET /assets/js/material-dashboard.js?v=2.1.1 HTTP/1.1" 404 -
INFO:werkzeug:127.0.0.1 - - [08/Dec/2019 21:48:06] "GET /assets/js/core/popper.min.js HTTP/1.1" 404 -
INFO:werkzeug:127.0.0.1 - - [08/Dec/2019 21:48:06] "GET /assets/js/core/bootstrap-material-design.min.js HTTP/1.1" 404 -
INFO:werkzeug:127.0.0.1 - - [08/Dec/2019 21:48:06] "GET /assets/js/plugins/perfect-scrollbar.jquery.min.js HTTP/1.1" 404 -
INFO:werkzeug:127.0.0.1 - - [08/Dec/2019 21:48:07] "GET /assets/js/plugins/chartist.min.js HTTP/1.1" 404 -
INFO:werkzeug:127.0.0.1 - - [08/Dec/2019 21:48:07] "GET /assets/js/plugins/bootstrap-notify.js HTTP/1.1" 404 -
INFO:werkzeug:127.0.0.1 - - [08/Dec/2019 21:48:07] "GET /assets/js/material-dashboard.js?v=2.1.1 HTTP/1.1" 404 -
INFO:werkzeug:127.0.0.1 - - [08/Dec/2019 21:48:09] "GET /auth/login HTTP/1.1" 200 -
INFO:werkzeug:127.0.0.1 - - [08/Dec/2019 21:48:09] "GET /auth/assets/js/core/jquery.min.js HTTP/1.1" 404 -
INFO:werkzeug:127.0.0.1 - - [08/Dec/2019 21:48:09] "GET /auth/assets/js/core/popper.min.js HTTP/1.1" 404 -
INFO:werkzeug:127.0.0.1 - - [08/Dec/2019 21:48:09] "GET /auth/assets/js/core/bootstrap-material-design.min.js HTTP/1.1" 404 -
INFO:werkzeug:127.0.0.1 - - [08/Dec/2019 21:48:09] "GET /auth/assets/js/plugins/perfect-scrollbar.jquery.min.js HTTP/1.1" 404 -
INFO:werkzeug:127.0.0.1 - - [08/Dec/2019 21:48:09] "GET /auth/assets/js/plugins/chartist.min.js HTTP/1.1" 404 -
INFO:werkzeug:127.0.0.1 - - [08/Dec/2019 21:48:09] "GET /auth/assets/js/plugins/bootstrap-notify.js HTTP/1.1" 404 -
INFO:werkzeug:127.0.0.1 - - [08/Dec/2019 21:48:09] "GET /auth/assets/js/material-dashboard.js?v=2.1.1 HTTP/1.1" 404 -
INFO:werkzeug:127.0.0.1 - - [08/Dec/2019 21:48:12] "GET /auth/kakao_oauth_redirect?code=p87VNc0EGSeWgQCsKTLuhLsVKxIeOlqhrc7-sijE9orsKjB-kkCCBtk2fxsV62ZuXowCkgorDKgAAAFu5Y2Wjw HTTP/1.1" 302 -
INFO:werkzeug:127.0.0.1 - - [08/Dec/2019 21:48:12] "GET /auth/login HTTP/1.1" 200 -
INFO:werkzeug:127.0.0.1 - - [08/Dec/2019 21:48:12] "GET /auth/assets/js/core/popper.min.js HTTP/1.1" 404 -
INFO:werkzeug:127.0.0.1 - - [08/Dec/2019 21:48:12] "GET /auth/assets/js/core/bootstrap-material-design.min.js HTTP/1.1" 404 -
INFO:werkzeug:127.0.0.1 - - [08/Dec/2019 21:48:12] "GET /auth/assets/js/core/jquery.min.js HTTP/1.1" 404 -
INFO:werkzeug:127.0.0.1 - - [08/Dec/2019 21:48:12] "GET /auth/assets/js/plugins/perfect-scrollbar.jquery.min.js HTTP/1.1" 404 -
INFO:werkzeug:127.0.0.1 - - [08/Dec/2019 21:48:12] "GET /auth/assets/js/plugins/chartist.min.js HTTP/1.1" 404 -
INFO:werkzeug:127.0.0.1 - - [08/Dec/2019 21:48:12] "GET /auth/assets/js/plugins/bootstrap-notify.js HTTP/1.1" 404 -
INFO:werkzeug:127.0.0.1 - - [08/Dec/2019 21:48:12] "GET /auth/assets/js/material-dashboard.js?v=2.1.1 HTTP/1.1" 404 -
INFO:werkzeug:127.0.0.1 - - [08/Dec/2019 21:48:12] "GET /auth/assets/js/core/popper.min.js HTTP/1.1" 404 -
INFO:werkzeug:127.0.0.1 - - [08/Dec/2019 21:48:13] "GET /auth/assets/js/core/bootstrap-material-design.min.js HTTP/1.1" 404 -
INFO:werkzeug:127.0.0.1 - - [08/Dec/2019 21:48:13] "GET /auth/assets/js/plugins/perfect-scrollbar.jquery.min.js HTTP/1.1" 404 -
INFO:werkzeug:127.0.0.1 - - [08/Dec/2019 21:48:13] "GET /auth/assets/js/plugins/chartist.min.js HTTP/1.1" 404 -
INFO:werkzeug:127.0.0.1 - - [08/Dec/2019 21:48:13] "GET /auth/assets/js/plugins/bootstrap-notify.js HTTP/1.1" 404 -
INFO:werkzeug:127.0.0.1 - - [08/Dec/2019 21:48:13] "GET /auth/assets/js/material-dashboard.js?v=2.1.1 HTTP/1.1" 404 -
INFO:werkzeug:127.0.0.1 - - [08/Dec/2019 21:48:19] "POST /auth/login HTTP/1.1" 302 -
INFO:werkzeug:127.0.0.1 - - [08/Dec/2019 21:48:19] "GET / HTTP/1.1" 200 -
INFO:werkzeug:127.0.0.1 - - [08/Dec/2019 21:48:19] "GET /assets/js/core/jquery.min.js HTTP/1.1" 404 -
INFO:werkzeug:127.0.0.1 - - [08/Dec/2019 21:48:19] "GET /assets/js/core/popper.min.js HTTP/1.1" 404 -
INFO:werkzeug:127.0.0.1 - - [08/Dec/2019 21:48:19] "GET /assets/js/plugins/perfect-scrollbar.jquery.min.js HTTP/1.1" 404 -
INFO:werkzeug:127.0.0.1 - - [08/Dec/2019 21:48:19] "GET /assets/js/core/bootstrap-material-design.min.js HTTP/1.1" 404 -
INFO:werkzeug:127.0.0.1 - - [08/Dec/2019 21:48:19] "GET /assets/js/plugins/chartist.min.js HTTP/1.1" 404 -
INFO:werkzeug:127.0.0.1 - - [08/Dec/2019 21:48:19] "GET /assets/js/plugins/bootstrap-notify.js HTTP/1.1" 404 -
INFO:werkzeug:127.0.0.1 - - [08/Dec/2019 21:48:20] "GET /assets/js/material-dashboard.js?v=2.1.1 HTTP/1.1" 404 -
INFO:werkzeug:127.0.0.1 - - [08/Dec/2019 21:48:20] "GET /assets/js/plugins/perfect-scrollbar.jquery.min.js HTTP/1.1" 404 -
INFO:werkzeug:127.0.0.1 - - [08/Dec/2019 21:48:20] "GET /assets/js/plugins/chartist.min.js HTTP/1.1" 404 -
INFO:werkzeug:127.0.0.1 - - [08/Dec/2019 21:48:20] "GET /assets/js/plugins/bootstrap-notify.js HTTP/1.1" 404 -
INFO:werkzeug:127.0.0.1 - - [08/Dec/2019 21:48:20] "GET /assets/js/material-dashboard.js?v=2.1.1 HTTP/1.1" 404 -
INFO:werkzeug:127.0.0.1 - - [08/Dec/2019 21:48:23] "GET /auth/my_page HTTP/1.1" 200 -
INFO:werkzeug:127.0.0.1 - - [08/Dec/2019 21:48:23] "GET /auth/assets/js/core/jquery.min.js HTTP/1.1" 404 -
INFO:werkzeug:127.0.0.1 - - [08/Dec/2019 21:48:23] "GET /auth/assets/js/plugins/bootstrap-notify.js HTTP/1.1" 404 -
INFO:werkzeug:127.0.0.1 - - [08/Dec/2019 21:48:23] "GET /auth/assets/js/core/popper.min.js HTTP/1.1" 404 -
INFO:werkzeug:127.0.0.1 - - [08/Dec/2019 21:48:23] "GET /auth/assets/js/core/bootstrap-material-design.min.js HTTP/1.1" 404 -
INFO:werkzeug:127.0.0.1 - - [08/Dec/2019 21:48:23] "GET /auth/assets/js/plugins/perfect-scrollbar.jquery.min.js HTTP/1.1" 404 -
INFO:werkzeug:127.0.0.1 - - [08/Dec/2019 21:48:23] "GET /auth/assets/js/plugins/chartist.min.js HTTP/1.1" 404 -
INFO:werkzeug:127.0.0.1 - - [08/Dec/2019 21:48:23] "GET /auth/assets/js/material-dashboard.js?v=2.1.1 HTTP/1.1" 404 -
INFO:werkzeug:127.0.0.1 - - [08/Dec/2019 21:48:23] "GET /auth/assets/js/plugins/bootstrap-notify.js HTTP/1.1" 404 -
INFO:werkzeug:127.0.0.1 - - [08/Dec/2019 21:48:23] "GET /auth/assets/js/material-dashboard.js?v=2.1.1 HTTP/1.1" 404 -
INFO:werkzeug:127.0.0.1 - - [08/Dec/2019 21:48:44] "POST /auth/my_page HTTP/1.1" 302 -
INFO:werkzeug:127.0.0.1 - - [08/Dec/2019 21:48:44] "GET /auth/my_page HTTP/1.1" 200 -
INFO:werkzeug:127.0.0.1 - - [08/Dec/2019 21:48:45] "GET /auth/assets/js/core/bootstrap-material-design.min.js HTTP/1.1" 404 -
INFO:werkzeug:127.0.0.1 - - [08/Dec/2019 21:48:45] "GET /auth/assets/js/plugins/perfect-scrollbar.jquery.min.js HTTP/1.1" 404 -
INFO:werkzeug:127.0.0.1 - - [08/Dec/2019 21:48:45] "GET /auth/assets/js/core/popper.min.js HTTP/1.1" 404 -
INFO:werkzeug:127.0.0.1 - - [08/Dec/2019 21:48:45] "GET /auth/assets/js/plugins/chartist.min.js HTTP/1.1" 404 -
INFO:werkzeug:127.0.0.1 - - [08/Dec/2019 21:48:45] "GET /auth/assets/js/core/jquery.min.js HTTP/1.1" 404 -
INFO:werkzeug:127.0.0.1 - - [08/Dec/2019 21:48:45] "GET /auth/assets/js/plugins/bootstrap-notify.js HTTP/1.1" 404 -
INFO:werkzeug:127.0.0.1 - - [08/Dec/2019 21:48:45] "GET /auth/assets/js/material-dashboard.js?v=2.1.1 HTTP/1.1" 404 -
INFO:werkzeug:127.0.0.1 - - [08/Dec/2019 21:48:45] "GET /auth/assets/js/core/popper.min.js HTTP/1.1" 404 -
INFO:werkzeug:127.0.0.1 - - [08/Dec/2019 21:48:45] "GET /auth/assets/js/core/bootstrap-material-design.min.js HTTP/1.1" 404 -
INFO:werkzeug:127.0.0.1 - - [08/Dec/2019 21:48:46] "GET /auth/assets/js/plugins/perfect-scrollbar.jquery.min.js HTTP/1.1" 404 -
INFO:werkzeug:127.0.0.1 - - [08/Dec/2019 21:48:46] "GET /auth/assets/js/plugins/chartist.min.js HTTP/1.1" 404 -
INFO:werkzeug:127.0.0.1 - - [08/Dec/2019 21:48:46] "GET /auth/assets/js/plugins/bootstrap-notify.js HTTP/1.1" 404 -
INFO:werkzeug:127.0.0.1 - - [08/Dec/2019 21:48:46] "GET /auth/assets/js/material-dashboard.js?v=2.1.1 HTTP/1.1" 404 -
INFO:werkzeug: * Detected change in 'C:\\Users\\ARTALL\\Desktop\\web_service_2 쌔거\\app.py', reloading
INFO:werkzeug: * Restarting with stat
WARNING:werkzeug: * Debugger is active!
INFO:werkzeug: * Debugger PIN: 791-056-875
INFO:werkzeug: * Running on http://localhost:8080/ (Press CTRL+C to quit)
INFO:werkzeug:127.0.0.1 - - [08/Dec/2019 22:01:25] "GET /img HTTP/1.1" 200 -
INFO:werkzeug:127.0.0.1 - - [08/Dec/2019 22:01:25] "GET /assets/js/core/jquery.min.js HTTP/1.1" 404 -
INFO:werkzeug:127.0.0.1 - - [08/Dec/2019 22:01:25] "GET /assets/js/core/popper.min.js HTTP/1.1" 404 -
INFO:werkzeug:127.0.0.1 - - [08/Dec/2019 22:01:25] "GET /assets/js/core/bootstrap-material-design.min.js HTTP/1.1" 404 -
INFO:werkzeug:127.0.0.1 - - [08/Dec/2019 22:01:25] "GET /assets/js/plugins/perfect-scrollbar.jquery.min.js HTTP/1.1" 404 -
INFO:werkzeug:127.0.0.1 - - [08/Dec/2019 22:01:25] "GET /assets/js/plugins/chartist.min.js HTTP/1.1" 404 -
INFO:werkzeug:127.0.0.1 - - [08/Dec/2019 22:01:25] "GET /assets/js/plugins/bootstrap-notify.js HTTP/1.1" 404 -
INFO:werkzeug:127.0.0.1 - - [08/Dec/2019 22:01:25] "GET /assets/js/material-dashboard.js?v=2.1.1 HTTP/1.1" 404 -
INFO:werkzeug:127.0.0.1 - - [08/Dec/2019 22:01:27] "GET /auth/login HTTP/1.1" 200 -
INFO:werkzeug:127.0.0.1 - - [08/Dec/2019 22:01:27] "GET /auth/assets/js/core/jquery.min.js HTTP/1.1" 404 -
INFO:werkzeug:127.0.0.1 - - [08/Dec/2019 22:01:28] "GET /auth/assets/js/plugins/bootstrap-notify.js HTTP/1.1" 404 -
INFO:werkzeug:127.0.0.1 - - [08/Dec/2019 22:01:28] "GET /auth/assets/js/core/popper.min.js HTTP/1.1" 404 -
INFO:werkzeug:127.0.0.1 - - [08/Dec/2019 22:01:28] "GET /auth/assets/js/core/bootstrap-material-design.min.js HTTP/1.1" 404 -
INFO:werkzeug:127.0.0.1 - - [08/Dec/2019 22:01:28] "GET /auth/assets/js/plugins/perfect-scrollbar.jquery.min.js HTTP/1.1" 404 -
INFO:werkzeug:127.0.0.1 - - [08/Dec/2019 22:01:28] "GET /auth/assets/js/plugins/chartist.min.js HTTP/1.1" 404 -
INFO:werkzeug:127.0.0.1 - - [08/Dec/2019 22:01:28] "GET /auth/assets/js/material-dashboard.js?v=2.1.1 HTTP/1.1" 404 -
INFO:werkzeug:127.0.0.1 - - [08/Dec/2019 22:01:28] "GET /auth/assets/js/plugins/bootstrap-notify.js HTTP/1.1" 404 -
INFO:werkzeug:127.0.0.1 - - [08/Dec/2019 22:01:28] "GET /auth/assets/js/material-dashboard.js?v=2.1.1 HTTP/1.1" 404 -
INFO:werkzeug:127.0.0.1 - - [08/Dec/2019 22:01:30] "GET /auth/kakao_oauth_redirect?code=rIqSx64q22oul0NewqM3FCECT8do6OqAq35_BRY7qvCWJT42cyyFj_lbT9EHbN7mRzJFzQo9eCIAAAFu5ZnGBw HTTP/1.1" 302 -
INFO:werkzeug:127.0.0.1 - - [08/Dec/2019 22:01:30] "GET /auth/login HTTP/1.1" 200 -
INFO:werkzeug:127.0.0.1 - - [08/Dec/2019 22:01:31] "GET /auth/assets/js/core/popper.min.js HTTP/1.1" 404 -
INFO:werkzeug:127.0.0.1 - - [08/Dec/2019 22:01:31] "GET /auth/assets/js/core/bootstrap-material-design.min.js HTTP/1.1" 404 -
INFO:werkzeug:127.0.0.1 - - [08/Dec/2019 22:01:31] "GET /auth/assets/js/plugins/perfect-scrollbar.jquery.min.js HTTP/1.1" 404 -
INFO:werkzeug:127.0.0.1 - - [08/Dec/2019 22:01:31] "GET /auth/assets/js/core/jquery.min.js HTTP/1.1" 404 -
INFO:werkzeug:127.0.0.1 - - [08/Dec/2019 22:01:31] "GET /auth/assets/js/plugins/chartist.min.js HTTP/1.1" 404 -
INFO:werkzeug:127.0.0.1 - - [08/Dec/2019 22:01:31] "GET /auth/assets/js/plugins/bootstrap-notify.js HTTP/1.1" 404 -
INFO:werkzeug:127.0.0.1 - - [08/Dec/2019 22:01:31] "GET /auth/assets/js/material-dashboard.js?v=2.1.1 HTTP/1.1" 404 -
INFO:werkzeug:127.0.0.1 - - [08/Dec/2019 22:01:31] "GET /auth/assets/js/core/popper.min.js HTTP/1.1" 404 -
INFO:werkzeug:127.0.0.1 - - [08/Dec/2019 22:01:31] "GET /auth/assets/js/core/bootstrap-material-design.min.js HTTP/1.1" 404 -
INFO:werkzeug:127.0.0.1 - - [08/Dec/2019 22:01:31] "GET /auth/assets/js/plugins/perfect-scrollbar.jquery.min.js HTTP/1.1" 404 -
INFO:werkzeug:127.0.0.1 - - [08/Dec/2019 22:01:32] "GET /auth/assets/js/plugins/chartist.min.js HTTP/1.1" 404 -
INFO:werkzeug:127.0.0.1 - - [08/Dec/2019 22:01:32] "GET /auth/assets/js/plugins/bootstrap-notify.js HTTP/1.1" 404 -
INFO:werkzeug:127.0.0.1 - - [08/Dec/2019 22:01:32] "GET /auth/assets/js/material-dashboard.js?v=2.1.1 HTTP/1.1" 404 -
INFO:werkzeug:127.0.0.1 - - [08/Dec/2019 22:01:40] "POST /auth/login HTTP/1.1" 302 -
INFO:werkzeug:127.0.0.1 - - [08/Dec/2019 22:01:40] "GET / HTTP/1.1" 200 -
INFO:werkzeug:127.0.0.1 - - [08/Dec/2019 22:01:40] "GET /assets/js/core/jquery.min.js HTTP/1.1" 404 -
INFO:werkzeug:127.0.0.1 - - [08/Dec/2019 22:01:40] "GET /assets/js/core/popper.min.js HTTP/1.1" 404 -
INFO:werkzeug:127.0.0.1 - - [08/Dec/2019 22:01:40] "GET /assets/js/plugins/perfect-scrollbar.jquery.min.js HTTP/1.1" 404 -
INFO:werkzeug:127.0.0.1 - - [08/Dec/2019 22:01:40] "GET /assets/js/core/bootstrap-material-design.min.js HTTP/1.1" 404 -
INFO:werkzeug:127.0.0.1 - - [08/Dec/2019 22:01:40] "GET /assets/js/plugins/chartist.min.js HTTP/1.1" 404 -
INFO:werkzeug:127.0.0.1 - - [08/Dec/2019 22:01:40] "GET /assets/js/plugins/bootstrap-notify.js HTTP/1.1" 404 -
INFO:werkzeug:127.0.0.1 - - [08/Dec/2019 22:01:40] "GET /assets/js/material-dashboard.js?v=2.1.1 HTTP/1.1" 404 -
INFO:werkzeug:127.0.0.1 - - [08/Dec/2019 22:01:40] "GET /assets/js/plugins/perfect-scrollbar.jquery.min.js HTTP/1.1" 404 -
INFO:werkzeug:127.0.0.1 - - [08/Dec/2019 22:01:41] "GET /assets/js/plugins/chartist.min.js HTTP/1.1" 404 -
INFO:werkzeug:127.0.0.1 - - [08/Dec/2019 22:01:41] "GET /assets/js/plugins/bootstrap-notify.js HTTP/1.1" 404 -
INFO:werkzeug:127.0.0.1 - - [08/Dec/2019 22:01:41] "GET /assets/js/material-dashboard.js?v=2.1.1 HTTP/1.1" 404 -
INFO:werkzeug:127.0.0.1 - - [08/Dec/2019 22:01:47] "GET /img HTTP/1.1" 200 -
INFO:werkzeug:127.0.0.1 - - [08/Dec/2019 22:01:48] "GET /assets/js/core/jquery.min.js HTTP/1.1" 404 -
INFO:werkzeug:127.0.0.1 - - [08/Dec/2019 22:01:48] "GET /assets/js/core/bootstrap-material-design.min.js HTTP/1.1" 404 -
INFO:werkzeug:127.0.0.1 - - [08/Dec/2019 22:01:48] "GET /assets/js/core/popper.min.js HTTP/1.1" 404 -
INFO:werkzeug:127.0.0.1 - - [08/Dec/2019 22:01:48] "GET /assets/js/plugins/perfect-scrollbar.jquery.min.js HTTP/1.1" 404 -
INFO:werkzeug:127.0.0.1 - - [08/Dec/2019 22:01:48] "GET /assets/js/plugins/chartist.min.js HTTP/1.1" 404 -
INFO:werkzeug:127.0.0.1 - - [08/Dec/2019 22:01:48] "GET /assets/js/plugins/bootstrap-notify.js HTTP/1.1" 404 -
INFO:werkzeug:127.0.0.1 - - [08/Dec/2019 22:01:48] "GET /assets/js/material-dashboard.js?v=2.1.1 HTTP/1.1" 404 -
INFO:werkzeug:127.0.0.1 - - [08/Dec/2019 22:07:24] "GET /img HTTP/1.1" 200 -
INFO:werkzeug:127.0.0.1 - - [08/Dec/2019 22:07:24] "GET /assets/js/core/jquery.min.js HTTP/1.1" 404 -
INFO:werkzeug:127.0.0.1 - - [08/Dec/2019 22:07:25] "GET /assets/js/core/popper.min.js HTTP/1.1" 404 -
INFO:werkzeug:127.0.0.1 - - [08/Dec/2019 22:07:25] "GET /assets/js/core/bootstrap-material-design.min.js HTTP/1.1" 404 -
INFO:werkzeug:127.0.0.1 - - [08/Dec/2019 22:07:25] "GET /assets/js/plugins/perfect-scrollbar.jquery.min.js HTTP/1.1" 404 -
INFO:werkzeug:127.0.0.1 - - [08/Dec/2019 22:07:25] "GET /assets/js/plugins/chartist.min.js HTTP/1.1" 404 -
INFO:werkzeug:127.0.0.1 - - [08/Dec/2019 22:07:25] "GET /assets/js/plugins/bootstrap-notify.js HTTP/1.1" 404 -
INFO:werkzeug:127.0.0.1 - - [08/Dec/2019 22:07:25] "GET /assets/js/material-dashboard.js?v=2.1.1 HTTP/1.1" 404 -
INFO:werkzeug:127.0.0.1 - - [08/Dec/2019 22:07:32] "GET /static/assets/css/dashboard-free.css.map HTTP/1.1" 404 -
INFO:werkzeug:127.0.0.1 - - [08/Dec/2019 22:08:31] "GET /img HTTP/1.1" 200 -
INFO:werkzeug:127.0.0.1 - - [08/Dec/2019 22:08:32] "GET /static/assets/css/material-dashboard.css?v=2.1.1 HTTP/1.1" 200 -
INFO:werkzeug:127.0.0.1 - - [08/Dec/2019 22:08:32] "GET /static/css/mainpage.css HTTP/1.1" 200 -
INFO:werkzeug:127.0.0.1 - - [08/Dec/2019 22:08:32] "GET /assets/js/core/jquery.min.js HTTP/1.1" 404 -
INFO:werkzeug:127.0.0.1 - - [08/Dec/2019 22:08:32] "GET /assets/js/core/popper.min.js HTTP/1.1" 404 -
INFO:werkzeug:127.0.0.1 - - [08/Dec/2019 22:08:32] "GET /static/css/upload.css HTTP/1.1" 200 -
INFO:werkzeug:127.0.0.1 - - [08/Dec/2019 22:08:32] "GET /static/css/img.css HTTP/1.1" 200 -
INFO:werkzeug:127.0.0.1 - - [08/Dec/2019 22:08:32] "GET /assets/js/core/bootstrap-material-design.min.js HTTP/1.1" 404 -
INFO:werkzeug:127.0.0.1 - - [08/Dec/2019 22:08:32] "GET /assets/js/plugins/perfect-scrollbar.jquery.min.js HTTP/1.1" 404 -
INFO:werkzeug:127.0.0.1 - - [08/Dec/2019 22:08:32] "GET /assets/js/plugins/chartist.min.js HTTP/1.1" 404 -
INFO:werkzeug:127.0.0.1 - - [08/Dec/2019 22:08:32] "GET /assets/js/plugins/bootstrap-notify.js HTTP/1.1" 404 -
INFO:werkzeug:127.0.0.1 - - [08/Dec/2019 22:08:32] "GET /assets/js/material-dashboard.js?v=2.1.1 HTTP/1.1" 404 -
INFO:werkzeug:127.0.0.1 - - [08/Dec/2019 22:08:32] "GET /assets/js/core/popper.min.js HTTP/1.1" 404 -
INFO:werkzeug:127.0.0.1 - - [08/Dec/2019 22:08:32] "GET /assets/js/core/bootstrap-material-design.min.js HTTP/1.1" 404 -
INFO:werkzeug:127.0.0.1 - - [08/Dec/2019 22:08:32] "GET /assets/js/plugins/perfect-scrollbar.jquery.min.js HTTP/1.1" 404 -
INFO:werkzeug:127.0.0.1 - - [08/Dec/2019 22:08:32] "GET /assets/js/plugins/chartist.min.js HTTP/1.1" 404 -
INFO:werkzeug:127.0.0.1 - - [08/Dec/2019 22:08:33] "GET /assets/js/plugins/bootstrap-notify.js HTTP/1.1" 404 -
INFO:werkzeug:127.0.0.1 - - [08/Dec/2019 22:08:33] "GET /assets/js/material-dashboard.js?v=2.1.1 HTTP/1.1" 404 -
INFO:werkzeug:127.0.0.1 - - [08/Dec/2019 22:08:33] "GET /static/assets/css/dashboard-free.css.map HTTP/1.1" 404 -
INFO:werkzeug:127.0.0.1 - - [08/Dec/2019 22:08:59] "GET /img HTTP/1.1" 200 -
INFO:werkzeug:127.0.0.1 - - [08/Dec/2019 22:08:59] "GET /static/assets/css/material-dashboard.css?v=2.1.1 HTTP/1.1" 200 -
INFO:werkzeug:127.0.0.1 - - [08/Dec/2019 22:08:59] "GET /static/css/mainpage.css HTTP/1.1" 200 -
INFO:werkzeug:127.0.0.1 - - [08/Dec/2019 22:08:59] "GET /assets/js/core/jquery.min.js HTTP/1.1" 404 -
INFO:werkzeug:127.0.0.1 - - [08/Dec/2019 22:08:59] "GET /assets/js/core/popper.min.js HTTP/1.1" 404 -
INFO:werkzeug:127.0.0.1 - - [08/Dec/2019 22:08:59] "GET /static/css/img.css HTTP/1.1" 200 -
INFO:werkzeug:127.0.0.1 - - [08/Dec/2019 22:08:59] "GET /static/css/upload.css HTTP/1.1" 200 -
INFO:werkzeug:127.0.0.1 - - [08/Dec/2019 22:08:59] "GET /assets/js/core/bootstrap-material-design.min.js HTTP/1.1" 404 -
INFO:werkzeug:127.0.0.1 - - [08/Dec/2019 22:08:59] "GET /assets/js/plugins/perfect-scrollbar.jquery.min.js HTTP/1.1" 404 -
INFO:werkzeug:127.0.0.1 - - [08/Dec/2019 22:08:59] "GET /assets/js/plugins/chartist.min.js HTTP/1.1" 404 -
INFO:werkzeug:127.0.0.1 - - [08/Dec/2019 22:08:59] "GET /assets/js/plugins/bootstrap-notify.js HTTP/1.1" 404 -
INFO:werkzeug:127.0.0.1 - - [08/Dec/2019 22:08:59] "GET /assets/js/material-dashboard.js?v=2.1.1 HTTP/1.1" 404 -
INFO:werkzeug:127.0.0.1 - - [08/Dec/2019 22:08:59] "GET /assets/js/core/popper.min.js HTTP/1.1" 404 -
INFO:werkzeug:127.0.0.1 - - [08/Dec/2019 22:08:59] "GET /static/assets/css/dashboard-free.css.map HTTP/1.1" 404 -
INFO:werkzeug:127.0.0.1 - - [08/Dec/2019 22:09:00] "GET /assets/js/core/bootstrap-material-design.min.js HTTP/1.1" 404 -
INFO:werkzeug:127.0.0.1 - - [08/Dec/2019 22:09:00] "GET /assets/js/plugins/perfect-scrollbar.jquery.min.js HTTP/1.1" 404 -
INFO:werkzeug:127.0.0.1 - - [08/Dec/2019 22:09:00] "GET /assets/js/plugins/chartist.min.js HTTP/1.1" 404 -
INFO:werkzeug:127.0.0.1 - - [08/Dec/2019 22:09:00] "GET /assets/js/plugins/bootstrap-notify.js HTTP/1.1" 404 -
INFO:werkzeug:127.0.0.1 - - [08/Dec/2019 22:09:00] "GET /assets/js/material-dashboard.js?v=2.1.1 HTTP/1.1" 404 -
INFO:werkzeug:127.0.0.1 - - [08/Dec/2019 22:09:11] "GET /img HTTP/1.1" 200 -
INFO:werkzeug:127.0.0.1 - - [08/Dec/2019 22:09:11] "GET /static/assets/css/material-dashboard.css?v=2.1.1 HTTP/1.1" 200 -
INFO:werkzeug:127.0.0.1 - - [08/Dec/2019 22:09:11] "GET /static/css/mainpage.css HTTP/1.1" 200 -
INFO:werkzeug:127.0.0.1 - - [08/Dec/2019 22:09:11] "GET /assets/js/core/jquery.min.js HTTP/1.1" 404 -
INFO:werkzeug:127.0.0.1 - - [08/Dec/2019 22:09:11] "GET /assets/js/core/popper.min.js HTTP/1.1" 404 -
INFO:werkzeug:127.0.0.1 - - [08/Dec/2019 22:09:11] "GET /static/css/img.css HTTP/1.1" 200 -
INFO:werkzeug:127.0.0.1 - - [08/Dec/2019 22:09:11] "GET /static/css/upload.css HTTP/1.1" 200 -
INFO:werkzeug:127.0.0.1 - - [08/Dec/2019 22:09:11] "GET /assets/js/core/bootstrap-material-design.min.js HTTP/1.1" 404 -
INFO:werkzeug:127.0.0.1 - - [08/Dec/2019 22:09:11] "GET /assets/js/plugins/perfect-scrollbar.jquery.min.js HTTP/1.1" 404 -
INFO:werkzeug:127.0.0.1 - - [08/Dec/2019 22:09:11] "GET /assets/js/plugins/chartist.min.js HTTP/1.1" 404 -
INFO:werkzeug:127.0.0.1 - - [08/Dec/2019 22:09:11] "GET /assets/js/plugins/bootstrap-notify.js HTTP/1.1" 404 -
INFO:werkzeug:127.0.0.1 - - [08/Dec/2019 22:09:11] "GET /assets/js/material-dashboard.js?v=2.1.1 HTTP/1.1" 404 -
INFO:werkzeug:127.0.0.1 - - [08/Dec/2019 22:09:11] "GET /assets/js/core/popper.min.js HTTP/1.1" 404 -
INFO:werkzeug:127.0.0.1 - - [08/Dec/2019 22:09:12] "GET /static/assets/css/dashboard-free.css.map HTTP/1.1" 404 -
INFO:werkzeug:127.0.0.1 - - [08/Dec/2019 22:09:12] "GET /assets/js/core/bootstrap-material-design.min.js HTTP/1.1" 404 -
INFO:werkzeug:127.0.0.1 - - [08/Dec/2019 22:09:12] "GET /assets/js/plugins/perfect-scrollbar.jquery.min.js HTTP/1.1" 404 -
INFO:werkzeug:127.0.0.1 - - [08/Dec/2019 22:09:12] "GET /assets/js/plugins/chartist.min.js HTTP/1.1" 404 -
INFO:werkzeug:127.0.0.1 - - [08/Dec/2019 22:09:12] "GET /assets/js/plugins/bootstrap-notify.js HTTP/1.1" 404 -
INFO:werkzeug:127.0.0.1 - - [08/Dec/2019 22:09:13] "GET /assets/js/material-dashboard.js?v=2.1.1 HTTP/1.1" 404 -
INFO:werkzeug:127.0.0.1 - - [08/Dec/2019 22:09:37] "GET /img HTTP/1.1" 200 -
INFO:werkzeug:127.0.0.1 - - [08/Dec/2019 22:09:37] "GET /static/assets/css/material-dashboard.css?v=2.1.1 HTTP/1.1" 200 -
INFO:werkzeug:127.0.0.1 - - [08/Dec/2019 22:09:37] "GET /static/css/mainpage.css HTTP/1.1" 200 -
INFO:werkzeug:127.0.0.1 - - [08/Dec/2019 22:09:37] "GET /static/css/upload.css HTTP/1.1" 200 -
INFO:werkzeug:127.0.0.1 - - [08/Dec/2019 22:09:37] "GET /static/css/img.css HTTP/1.1" 200 -
INFO:werkzeug:127.0.0.1 - - [08/Dec/2019 22:09:37] "GET /assets/js/core/jquery.min.js HTTP/1.1" 404 -
INFO:werkzeug:127.0.0.1 - - [08/Dec/2019 22:09:37] "GET /assets/js/core/popper.min.js HTTP/1.1" 404 -
INFO:werkzeug:127.0.0.1 - - [08/Dec/2019 22:09:37] "GET /assets/js/core/bootstrap-material-design.min.js HTTP/1.1" 404 -
INFO:werkzeug:127.0.0.1 - - [08/Dec/2019 22:09:38] "GET /assets/js/plugins/perfect-scrollbar.jquery.min.js HTTP/1.1" 404 -
INFO:werkzeug:127.0.0.1 - - [08/Dec/2019 22:09:38] "GET /assets/js/plugins/chartist.min.js HTTP/1.1" 404 -
INFO:werkzeug:127.0.0.1 - - [08/Dec/2019 22:09:38] "GET /assets/js/plugins/bootstrap-notify.js HTTP/1.1" 404 -
INFO:werkzeug:127.0.0.1 - - [08/Dec/2019 22:09:38] "GET /assets/js/material-dashboard.js?v=2.1.1 HTTP/1.1" 404 -
INFO:werkzeug:127.0.0.1 - - [08/Dec/2019 22:09:38] "GET /static/assets/css/dashboard-free.css.map HTTP/1.1" 404 -
INFO:werkzeug: * Detected change in 'C:\\Users\\ARTALL\\Desktop\\web_service_2 쌔거\\app.py', reloading
INFO:werkzeug: * Restarting with stat
WARNING:werkzeug: * Debugger is active!
INFO:werkzeug: * Debugger PIN: 791-056-875
INFO:werkzeug: * Running on http://localhost:8080/ (Press CTRL+C to quit)
INFO:werkzeug: * Detected change in 'C:\\Users\\ARTALL\\Desktop\\web_service_2 쌔거\\app.py', reloading
INFO:werkzeug: * Restarting with stat
WARNING:werkzeug: * Debugger is active!
INFO:werkzeug: * Debugger PIN: 791-056-875
INFO:werkzeug: * Running on http://localhost:8080/ (Press CTRL+C to quit)
INFO:werkzeug: * Detected change in 'C:\\Users\\ARTALL\\Desktop\\web_service_2 쌔거\\app.py', reloading
INFO:werkzeug: * Restarting with stat
WARNING:werkzeug: * Debugger is active!
INFO:werkzeug: * Debugger PIN: 791-056-875
INFO:werkzeug: * Running on http://localhost:8080/ (Press CTRL+C to quit)
INFO:werkzeug: * Detected change in 'C:\\Users\\ARTALL\\Desktop\\web_service_2 쌔거\\app.py', reloading
INFO:werkzeug: * Restarting with stat
INFO:werkzeug: * Restarting with stat
WARNING:werkzeug: * Debugger is active!
INFO:werkzeug: * Debugger PIN: 791-056-875
INFO:werkzeug: * Running on http://localhost:8080/ (Press CTRL+C to quit)
INFO:werkzeug:127.0.0.1 - - [08/Dec/2019 22:48:31] "GET /img HTTP/1.1" 200 -
INFO:werkzeug:127.0.0.1 - - [08/Dec/2019 22:48:31] "GET /assets/js/plugins/chartist.min.js HTTP/1.1" 404 -
INFO:werkzeug:127.0.0.1 - - [08/Dec/2019 22:48:32] "GET /assets/js/plugins/bootstrap-notify.js HTTP/1.1" 404 -
INFO:werkzeug:127.0.0.1 - - [08/Dec/2019 22:48:32] "GET /assets/js/core/jquery.min.js HTTP/1.1" 404 -
INFO:werkzeug:127.0.0.1 - - [08/Dec/2019 22:48:32] "GET /assets/js/core/popper.min.js HTTP/1.1" 404 -
INFO:werkzeug:127.0.0.1 - - [08/Dec/2019 22:48:32] "GET /assets/js/core/bootstrap-material-design.min.js HTTP/1.1" 404 -
INFO:werkzeug:127.0.0.1 - - [08/Dec/2019 22:48:32] "GET /assets/js/plugins/perfect-scrollbar.jquery.min.js HTTP/1.1" 404 -
INFO:werkzeug:127.0.0.1 - - [08/Dec/2019 22:48:32] "GET /assets/js/material-dashboard.js?v=2.1.1 HTTP/1.1" 404 -
INFO:werkzeug:127.0.0.1 - - [08/Dec/2019 22:48:32] "GET /assets/js/plugins/chartist.min.js HTTP/1.1" 404 -
INFO:werkzeug:127.0.0.1 - - [08/Dec/2019 22:48:32] "GET /assets/js/plugins/bootstrap-notify.js HTTP/1.1" 404 -
INFO:werkzeug:127.0.0.1 - - [08/Dec/2019 22:48:32] "GET /assets/js/material-dashboard.js?v=2.1.1 HTTP/1.1" 404 -
INFO:werkzeug:127.0.0.1 - - [08/Dec/2019 22:48:35] "GET /auth/login HTTP/1.1" 200 -
INFO:werkzeug:127.0.0.1 - - [08/Dec/2019 22:48:35] "GET /auth/assets/js/plugins/perfect-scrollbar.jquery.min.js HTTP/1.1" 404 -
INFO:werkzeug:127.0.0.1 - - [08/Dec/2019 22:48:35] "GET /auth/assets/js/core/jquery.min.js HTTP/1.1" 404 -
INFO:werkzeug:127.0.0.1 - - [08/Dec/2019 22:48:35] "GET /auth/assets/js/core/popper.min.js HTTP/1.1" 404 -
INFO:werkzeug:127.0.0.1 - - [08/Dec/2019 22:48:35] "GET /auth/assets/js/core/bootstrap-material-design.min.js HTTP/1.1" 404 -
INFO:werkzeug:127.0.0.1 - - [08/Dec/2019 22:48:35] "GET /auth/assets/js/plugins/chartist.min.js HTTP/1.1" 404 -
INFO:werkzeug:127.0.0.1 - - [08/Dec/2019 22:48:35] "GET /auth/assets/js/plugins/bootstrap-notify.js HTTP/1.1" 404 -
INFO:werkzeug:127.0.0.1 - - [08/Dec/2019 22:48:35] "GET /auth/assets/js/material-dashboard.js?v=2.1.1 HTTP/1.1" 404 -
INFO:werkzeug:127.0.0.1 - - [08/Dec/2019 22:48:35] "GET /auth/assets/js/plugins/perfect-scrollbar.jquery.min.js HTTP/1.1" 404 -
INFO:werkzeug:127.0.0.1 - - [08/Dec/2019 22:48:36] "GET /auth/assets/js/plugins/chartist.min.js HTTP/1.1" 404 -
INFO:werkzeug:127.0.0.1 - - [08/Dec/2019 22:48:36] "GET /auth/assets/js/plugins/bootstrap-notify.js HTTP/1.1" 404 -
INFO:werkzeug:127.0.0.1 - - [08/Dec/2019 22:48:36] "GET /auth/assets/js/material-dashboard.js?v=2.1.1 HTTP/1.1" 404 -
INFO:werkzeug:127.0.0.1 - - [08/Dec/2019 22:48:42] "POST /auth/login HTTP/1.1" 302 -
INFO:werkzeug:127.0.0.1 - - [08/Dec/2019 22:48:42] "GET / HTTP/1.1" 200 -
INFO:werkzeug:127.0.0.1 - - [08/Dec/2019 22:48:42] "GET /assets/js/core/popper.min.js HTTP/1.1" 404 -
INFO:werkzeug:127.0.0.1 - - [08/Dec/2019 22:48:42] "GET /assets/js/plugins/perfect-scrollbar.jquery.min.js HTTP/1.1" 404 -
INFO:werkzeug:127.0.0.1 - - [08/Dec/2019 22:48:42] "GET /assets/js/core/bootstrap-material-design.min.js HTTP/1.1" 404 -
INFO:werkzeug:127.0.0.1 - - [08/Dec/2019 22:48:42] "GET /assets/js/core/jquery.min.js HTTP/1.1" 404 -
INFO:werkzeug:127.0.0.1 - - [08/Dec/2019 22:48:42] "GET /assets/js/plugins/chartist.min.js HTTP/1.1" 404 -
INFO:werkzeug:127.0.0.1 - - [08/Dec/2019 22:48:42] "GET /assets/js/plugins/bootstrap-notify.js HTTP/1.1" 404 -
INFO:werkzeug:127.0.0.1 - - [08/Dec/2019 22:48:42] "GET /assets/js/material-dashboard.js?v=2.1.1 HTTP/1.1" 404 -
INFO:werkzeug:127.0.0.1 - - [08/Dec/2019 22:48:42] "GET /assets/js/core/popper.min.js HTTP/1.1" 404 -
INFO:werkzeug:127.0.0.1 - - [08/Dec/2019 22:48:43] "GET /assets/js/core/bootstrap-material-design.min.js HTTP/1.1" 404 -
INFO:werkzeug:127.0.0.1 - - [08/Dec/2019 22:48:43] "GET /assets/js/plugins/perfect-scrollbar.jquery.min.js HTTP/1.1" 404 -
INFO:werkzeug:127.0.0.1 - - [08/Dec/2019 22:48:43] "GET /assets/js/plugins/chartist.min.js HTTP/1.1" 404 -
INFO:werkzeug:127.0.0.1 - - [08/Dec/2019 22:48:43] "GET /assets/js/plugins/bootstrap-notify.js HTTP/1.1" 404 -
INFO:werkzeug:127.0.0.1 - - [08/Dec/2019 22:48:43] "GET /assets/js/material-dashboard.js?v=2.1.1 HTTP/1.1" 404 -
INFO:werkzeug:127.0.0.1 - - [08/Dec/2019 22:48:45] "GET /auth/logout HTTP/1.1" 302 -
INFO:werkzeug:127.0.0.1 - - [08/Dec/2019 22:48:45] "GET / HTTP/1.1" 200 -
INFO:werkzeug:127.0.0.1 - - [08/Dec/2019 22:48:46] "GET /assets/js/core/jquery.min.js HTTP/1.1" 404 -
INFO:werkzeug:127.0.0.1 - - [08/Dec/2019 22:48:46] "GET /assets/js/plugins/perfect-scrollbar.jquery.min.js HTTP/1.1" 404 -
INFO:werkzeug:127.0.0.1 - - [08/Dec/2019 22:48:46] "GET /assets/js/core/bootstrap-material-design.min.js HTTP/1.1" 404 -
INFO:werkzeug:127.0.0.1 - - [08/Dec/2019 22:48:46] "GET /assets/js/core/popper.min.js HTTP/1.1" 404 -
INFO:werkzeug:127.0.0.1 - - [08/Dec/2019 22:48:46] "GET /assets/js/plugins/chartist.min.js HTTP/1.1" 404 -
INFO:werkzeug:127.0.0.1 - - [08/Dec/2019 22:48:46] "GET /assets/js/plugins/bootstrap-notify.js HTTP/1.1" 404 -
INFO:werkzeug:127.0.0.1 - - [08/Dec/2019 22:48:46] "GET /assets/js/material-dashboard.js?v=2.1.1 HTTP/1.1" 404 -
INFO:werkzeug:127.0.0.1 - - [08/Dec/2019 22:48:46] "GET /assets/js/core/bootstrap-material-design.min.js HTTP/1.1" 404 -
INFO:werkzeug:127.0.0.1 - - [08/Dec/2019 22:48:46] "GET /assets/js/plugins/perfect-scrollbar.jquery.min.js HTTP/1.1" 404 -
INFO:werkzeug:127.0.0.1 - - [08/Dec/2019 22:48:47] "GET /assets/js/plugins/chartist.min.js HTTP/1.1" 404 -
INFO:werkzeug:127.0.0.1 - - [08/Dec/2019 22:48:47] "GET /assets/js/plugins/bootstrap-notify.js HTTP/1.1" 404 -
INFO:werkzeug:127.0.0.1 - - [08/Dec/2019 22:48:47] "GET /assets/js/material-dashboard.js?v=2.1.1 HTTP/1.1" 404 -
INFO:werkzeug:127.0.0.1 - - [08/Dec/2019 22:48:48] "GET /auth/login HTTP/1.1" 200 -
INFO:werkzeug:127.0.0.1 - - [08/Dec/2019 22:48:48] "GET /auth/assets/js/core/jquery.min.js HTTP/1.1" 404 -
INFO:werkzeug:127.0.0.1 - - [08/Dec/2019 22:48:48] "GET /auth/assets/js/core/popper.min.js HTTP/1.1" 404 -
INFO:werkzeug:127.0.0.1 - - [08/Dec/2019 22:48:48] "GET /auth/assets/js/core/bootstrap-material-design.min.js HTTP/1.1" 404 -
INFO:werkzeug:127.0.0.1 - - [08/Dec/2019 22:48:48] "GET /auth/assets/js/plugins/perfect-scrollbar.jquery.min.js HTTP/1.1" 404 -
INFO:werkzeug:127.0.0.1 - - [08/Dec/2019 22:48:48] "GET /auth/assets/js/plugins/chartist.min.js HTTP/1.1" 404 -
INFO:werkzeug:127.0.0.1 - - [08/Dec/2019 22:48:48] "GET /auth/assets/js/plugins/bootstrap-notify.js HTTP/1.1" 404 -
INFO:werkzeug:127.0.0.1 - - [08/Dec/2019 22:48:48] "GET /auth/assets/js/material-dashboard.js?v=2.1.1 HTTP/1.1" 404 -
INFO:werkzeug:127.0.0.1 - - [08/Dec/2019 22:48:51] "GET /auth/kakao_oauth_redirect?code=xDJR27l0fR1IRj_rfKA5Hd7oORdjpAI9VGS3ENkoNxM5gLQpP32v1lrMUS_3RLIHNNPIZAo9dRkAAAFu5cUfEg HTTP/1.1" 302 -
INFO:werkzeug:127.0.0.1 - - [08/Dec/2019 22:48:51] "GET /auth/login HTTP/1.1" 200 -
INFO:werkzeug:127.0.0.1 - - [08/Dec/2019 22:48:51] "GET /auth/assets/js/core/jquery.min.js HTTP/1.1" 404 -
INFO:werkzeug:127.0.0.1 - - [08/Dec/2019 22:48:51] "GET /auth/assets/js/core/bootstrap-material-design.min.js HTTP/1.1" 404 -
INFO:werkzeug:127.0.0.1 - - [08/Dec/2019 22:48:51] "GET /auth/assets/js/plugins/chartist.min.js HTTP/1.1" 404 -
INFO:werkzeug:127.0.0.1 - - [08/Dec/2019 22:48:51] "GET /auth/assets/js/plugins/perfect-scrollbar.jquery.min.js HTTP/1.1" 404 -
INFO:werkzeug:127.0.0.1 - - [08/Dec/2019 22:48:51] "GET /auth/assets/js/core/popper.min.js HTTP/1.1" 404 -
INFO:werkzeug:127.0.0.1 - - [08/Dec/2019 22:48:51] "GET /auth/assets/js/plugins/bootstrap-notify.js HTTP/1.1" 404 -
INFO:werkzeug:127.0.0.1 - - [08/Dec/2019 22:48:52] "GET /auth/assets/js/material-dashboard.js?v=2.1.1 HTTP/1.1" 404 -
INFO:werkzeug:127.0.0.1 - - [08/Dec/2019 22:48:52] "GET /auth/assets/js/core/bootstrap-material-design.min.js HTTP/1.1" 404 -
INFO:werkzeug:127.0.0.1 - - [08/Dec/2019 22:48:52] "GET /auth/assets/js/plugins/perfect-scrollbar.jquery.min.js HTTP/1.1" 404 -
INFO:werkzeug:127.0.0.1 - - [08/Dec/2019 22:48:52] "GET /auth/assets/js/plugins/chartist.min.js HTTP/1.1" 404 -
INFO:werkzeug:127.0.0.1 - - [08/Dec/2019 22:48:52] "GET /auth/assets/js/plugins/bootstrap-notify.js HTTP/1.1" 404 -
INFO:werkzeug:127.0.0.1 - - [08/Dec/2019 22:48:53] "GET /auth/assets/js/material-dashboard.js?v=2.1.1 HTTP/1.1" 404 -
INFO:werkzeug:127.0.0.1 - - [08/Dec/2019 22:48:59] "POST /auth/login HTTP/1.1" 302 -
INFO:werkzeug:127.0.0.1 - - [08/Dec/2019 22:48:59] "GET / HTTP/1.1" 200 -
INFO:werkzeug:127.0.0.1 - - [08/Dec/2019 22:49:00] "GET /assets/js/core/jquery.min.js HTTP/1.1" 404 -
INFO:werkzeug:127.0.0.1 - - [08/Dec/2019 22:49:00] "GET /assets/js/core/bootstrap-material-design.min.js HTTP/1.1" 404 -
INFO:werkzeug:127.0.0.1 - - [08/Dec/2019 22:49:00] "GET /assets/js/core/popper.min.js HTTP/1.1" 404 -
INFO:werkzeug:127.0.0.1 - - [08/Dec/2019 22:49:00] "GET /assets/js/plugins/perfect-scrollbar.jquery.min.js HTTP/1.1" 404 -
INFO:werkzeug:127.0.0.1 - - [08/Dec/2019 22:49:00] "GET /assets/js/plugins/chartist.min.js HTTP/1.1" 404 -
INFO:werkzeug:127.0.0.1 - - [08/Dec/2019 22:49:00] "GET /assets/js/plugins/bootstrap-notify.js HTTP/1.1" 404 -
INFO:werkzeug:127.0.0.1 - - [08/Dec/2019 22:49:00] "GET /assets/js/material-dashboard.js?v=2.1.1 HTTP/1.1" 404 -
INFO:werkzeug:127.0.0.1 - - [08/Dec/2019 22:49:00] "GET /assets/js/core/bootstrap-material-design.min.js HTTP/1.1" 404 -
INFO:werkzeug:127.0.0.1 - - [08/Dec/2019 22:49:00] "GET /assets/js/plugins/perfect-scrollbar.jquery.min.js HTTP/1.1" 404 -
INFO:werkzeug:127.0.0.1 - - [08/Dec/2019 22:49:00] "GET /assets/js/plugins/chartist.min.js HTTP/1.1" 404 -
INFO:werkzeug:127.0.0.1 - - [08/Dec/2019 22:49:00] "GET /assets/js/plugins/bootstrap-notify.js HTTP/1.1" 404 -
INFO:werkzeug:127.0.0.1 - - [08/Dec/2019 22:49:01] "GET /assets/js/material-dashboard.js?v=2.1.1 HTTP/1.1" 404 -
INFO:werkzeug:127.0.0.1 - - [08/Dec/2019 22:49:07] "GET /img HTTP/1.1" 200 -
INFO:werkzeug:127.0.0.1 - - [08/Dec/2019 22:49:08] "GET /assets/js/core/jquery.min.js HTTP/1.1" 404 -
INFO:werkzeug:127.0.0.1 - - [08/Dec/2019 22:49:08] "GET /assets/js/core/popper.min.js HTTP/1.1" 404 -
INFO:werkzeug:127.0.0.1 - - [08/Dec/2019 22:49:08] "GET /assets/js/core/bootstrap-material-design.min.js HTTP/1.1" 404 -
INFO:werkzeug:127.0.0.1 - - [08/Dec/2019 22:49:08] "GET /assets/js/plugins/perfect-scrollbar.jquery.min.js HTTP/1.1" 404 -
INFO:werkzeug:127.0.0.1 - - [08/Dec/2019 22:49:08] "GET /assets/js/plugins/chartist.min.js HTTP/1.1" 404 -
INFO:werkzeug:127.0.0.1 - - [08/Dec/2019 22:49:08] "GET /assets/js/plugins/bootstrap-notify.js HTTP/1.1" 404 -
INFO:werkzeug:127.0.0.1 - - [08/Dec/2019 22:49:08] "GET /assets/js/material-dashboard.js?v=2.1.1 HTTP/1.1" 404 -
INFO:werkzeug:127.0.0.1 - - [08/Dec/2019 22:49:11] "POST /submit_message HTTP/1.1" 500 -
INFO:werkzeug:127.0.0.1 - - [08/Dec/2019 22:49:11] "GET /submit_message?__debugger__=yes&cmd=resource&f=style.css HTTP/1.1" 200 -
INFO:werkzeug:127.0.0.1 - - [08/Dec/2019 22:49:11] "GET /submit_message?__debugger__=yes&cmd=resource&f=jquery.js HTTP/1.1" 200 -
INFO:werkzeug:127.0.0.1 - - [08/Dec/2019 22:49:11] "GET /submit_message?__debugger__=yes&cmd=resource&f=debugger.js HTTP/1.1" 200 -
INFO:werkzeug:127.0.0.1 - - [08/Dec/2019 22:49:12] "GET /submit_message?__debugger__=yes&cmd=resource&f=ubuntu.ttf HTTP/1.1" 200 -
INFO:werkzeug:127.0.0.1 - - [08/Dec/2019 22:49:12] "GET /submit_message?__debugger__=yes&cmd=resource&f=console.png HTTP/1.1" 200 -
INFO:werkzeug:127.0.0.1 - - [08/Dec/2019 22:49:12] "GET /submit_message?__debugger__=yes&cmd=resource&f=console.png HTTP/1.1" 200 -
INFO:werkzeug:127.0.0.1 - - [08/Dec/2019 22:49:16] "POST /submit_message HTTP/1.1" 500 -
INFO:werkzeug:127.0.0.1 - - [08/Dec/2019 22:49:16] "GET /submit_message?__debugger__=yes&cmd=resource&f=style.css HTTP/1.1" 200 -
INFO:werkzeug:127.0.0.1 - - [08/Dec/2019 22:49:17] "GET /submit_message?__debugger__=yes&cmd=resource&f=jquery.js HTTP/1.1" 200 -
INFO:werkzeug:127.0.0.1 - - [08/Dec/2019 22:49:17] "GET /submit_message?__debugger__=yes&cmd=resource&f=debugger.js HTTP/1.1" 200 -
INFO:werkzeug:127.0.0.1 - - [08/Dec/2019 22:49:17] "GET /submit_message?__debugger__=yes&cmd=resource&f=ubuntu.ttf HTTP/1.1" 200 -
INFO:werkzeug:127.0.0.1 - - [08/Dec/2019 22:49:17] "GET /submit_message?__debugger__=yes&cmd=resource&f=console.png HTTP/1.1" 200 -
INFO:werkzeug:127.0.0.1 - - [08/Dec/2019 22:49:28] "GET /submit_message?__debugger__=yes&cmd=resource&f=console.png HTTP/1.1" 200 -
INFO:werkzeug: * Detected change in 'C:\\Users\\ARTALL\\Desktop\\web_service_2 쌔거\\app.py', reloading
INFO:werkzeug: * Restarting with stat
WARNING:werkzeug: * Debugger is active!
INFO:werkzeug: * Debugger PIN: 791-056-875
INFO:werkzeug: * Running on http://localhost:8080/ (Press CTRL+C to quit)
INFO:werkzeug:127.0.0.1 - - [08/Dec/2019 22:50:21] "GET /img HTTP/1.1" 200 -
INFO:werkzeug:127.0.0.1 - - [08/Dec/2019 22:50:21] "GET /assets/js/core/jquery.min.js HTTP/1.1" 404 -
INFO:werkzeug:127.0.0.1 - - [08/Dec/2019 22:50:22] "GET /assets/js/core/popper.min.js HTTP/1.1" 404 -
INFO:werkzeug:127.0.0.1 - - [08/Dec/2019 22:50:22] "GET /assets/js/core/bootstrap-material-design.min.js HTTP/1.1" 404 -
INFO:werkzeug:127.0.0.1 - - [08/Dec/2019 22:50:22] "GET /assets/js/plugins/perfect-scrollbar.jquery.min.js HTTP/1.1" 404 -
INFO:werkzeug:127.0.0.1 - - [08/Dec/2019 22:50:22] "GET /assets/js/plugins/chartist.min.js HTTP/1.1" 404 -
INFO:werkzeug:127.0.0.1 - - [08/Dec/2019 22:50:22] "GET /assets/js/plugins/bootstrap-notify.js HTTP/1.1" 404 -
INFO:werkzeug:127.0.0.1 - - [08/Dec/2019 22:50:22] "GET /assets/js/material-dashboard.js?v=2.1.1 HTTP/1.1" 404 -
INFO:werkzeug:127.0.0.1 - - [08/Dec/2019 22:50:24] "GET /auth/login HTTP/1.1" 200 -
INFO:werkzeug:127.0.0.1 - - [08/Dec/2019 22:50:24] "GET /auth/assets/js/core/jquery.min.js HTTP/1.1" 404 -
INFO:werkzeug:127.0.0.1 - - [08/Dec/2019 22:50:24] "GET /auth/assets/js/core/popper.min.js HTTP/1.1" 404 -
INFO:werkzeug:127.0.0.1 - - [08/Dec/2019 22:50:24] "GET /auth/assets/js/core/bootstrap-material-design.min.js HTTP/1.1" 404 -
INFO:werkzeug:127.0.0.1 - - [08/Dec/2019 22:50:24] "GET /auth/assets/js/plugins/chartist.min.js HTTP/1.1" 404 -
INFO:werkzeug:127.0.0.1 - - [08/Dec/2019 22:50:24] "GET /auth/assets/js/plugins/perfect-scrollbar.jquery.min.js HTTP/1.1" 404 -
INFO:werkzeug:127.0.0.1 - - [08/Dec/2019 22:50:24] "GET /auth/assets/js/plugins/bootstrap-notify.js HTTP/1.1" 404 -
INFO:werkzeug:127.0.0.1 - - [08/Dec/2019 22:50:24] "GET /auth/assets/js/material-dashboard.js?v=2.1.1 HTTP/1.1" 404 -
INFO:werkzeug:127.0.0.1 - - [08/Dec/2019 22:50:24] "GET /auth/assets/js/plugins/chartist.min.js HTTP/1.1" 404 -
INFO:werkzeug:127.0.0.1 - - [08/Dec/2019 22:50:25] "GET /auth/assets/js/plugins/bootstrap-notify.js HTTP/1.1" 404 -
INFO:werkzeug:127.0.0.1 - - [08/Dec/2019 22:50:25] "GET /auth/assets/js/material-dashboard.js?v=2.1.1 HTTP/1.1" 404 -
INFO:werkzeug:127.0.0.1 - - [08/Dec/2019 22:50:27] "GET /auth/kakao_oauth_redirect?code=GMJm8D1QcroCpV8yHdNwYl6x4i08tY4IfEMwNVosnL0JehSR8TNxpgZZNiQGsu8GSIylyQo9dZsAAAFu5caVmQ HTTP/1.1" 302 -
INFO:werkzeug:127.0.0.1 - - [08/Dec/2019 22:50:27] "GET /auth/login HTTP/1.1" 200 -
INFO:werkzeug:127.0.0.1 - - [08/Dec/2019 22:50:27] "GET /auth/assets/js/plugins/perfect-scrollbar.jquery.min.js HTTP/1.1" 404 -
INFO:werkzeug:127.0.0.1 - - [08/Dec/2019 22:50:27] "GET /auth/assets/js/core/jquery.min.js HTTP/1.1" 404 -
INFO:werkzeug:127.0.0.1 - - [08/Dec/2019 22:50:27] "GET /auth/assets/js/core/popper.min.js HTTP/1.1" 404 -
INFO:werkzeug:127.0.0.1 - - [08/Dec/2019 22:50:27] "GET /auth/assets/js/core/bootstrap-material-design.min.js HTTP/1.1" 404 -
INFO:werkzeug:127.0.0.1 - - [08/Dec/2019 22:50:27] "GET /auth/assets/js/plugins/chartist.min.js HTTP/1.1" 404 -
INFO:werkzeug:127.0.0.1 - - [08/Dec/2019 22:50:27] "GET /auth/assets/js/plugins/bootstrap-notify.js HTTP/1.1" 404 -
INFO:werkzeug:127.0.0.1 - - [08/Dec/2019 22:50:28] "GET /auth/assets/js/material-dashboard.js?v=2.1.1 HTTP/1.1" 404 -
INFO:werkzeug:127.0.0.1 - - [08/Dec/2019 22:50:28] "GET /auth/assets/js/plugins/perfect-scrollbar.jquery.min.js HTTP/1.1" 404 -
INFO:werkzeug:127.0.0.1 - - [08/Dec/2019 22:50:28] "GET /auth/assets/js/plugins/chartist.min.js HTTP/1.1" 404 -
INFO:werkzeug:127.0.0.1 - - [08/Dec/2019 22:50:28] "GET /auth/assets/js/plugins/bootstrap-notify.js HTTP/1.1" 404 -
INFO:werkzeug:127.0.0.1 - - [08/Dec/2019 22:50:28] "GET /auth/assets/js/material-dashboard.js?v=2.1.1 HTTP/1.1" 404 -
INFO:werkzeug:127.0.0.1 - - [08/Dec/2019 22:50:37] "POST /auth/login HTTP/1.1" 302 -
INFO:werkzeug:127.0.0.1 - - [08/Dec/2019 22:50:37] "GET / HTTP/1.1" 200 -
INFO:werkzeug:127.0.0.1 - - [08/Dec/2019 22:50:37] "GET /assets/js/plugins/perfect-scrollbar.jquery.min.js HTTP/1.1" 404 -
INFO:werkzeug:127.0.0.1 - - [08/Dec/2019 22:50:37] "GET /assets/js/core/bootstrap-material-design.min.js HTTP/1.1" 404 -
INFO:werkzeug:127.0.0.1 - - [08/Dec/2019 22:50:37] "GET /assets/js/core/jquery.min.js HTTP/1.1" 404 -
INFO:werkzeug:127.0.0.1 - - [08/Dec/2019 22:50:37] "GET /assets/js/core/popper.min.js HTTP/1.1" 404 -
INFO:werkzeug:127.0.0.1 - - [08/Dec/2019 22:50:37] "GET /assets/js/plugins/chartist.min.js HTTP/1.1" 404 -
INFO:werkzeug:127.0.0.1 - - [08/Dec/2019 22:50:37] "GET /assets/js/plugins/bootstrap-notify.js HTTP/1.1" 404 -
INFO:werkzeug:127.0.0.1 - - [08/Dec/2019 22:50:38] "GET /assets/js/material-dashboard.js?v=2.1.1 HTTP/1.1" 404 -
INFO:werkzeug:127.0.0.1 - - [08/Dec/2019 22:50:38] "GET /assets/js/core/bootstrap-material-design.min.js HTTP/1.1" 404 -
INFO:werkzeug:127.0.0.1 - - [08/Dec/2019 22:50:38] "GET /assets/js/plugins/perfect-scrollbar.jquery.min.js HTTP/1.1" 404 -
INFO:werkzeug:127.0.0.1 - - [08/Dec/2019 22:50:38] "GET /assets/js/plugins/chartist.min.js HTTP/1.1" 404 -
INFO:werkzeug:127.0.0.1 - - [08/Dec/2019 22:50:38] "GET /assets/js/plugins/bootstrap-notify.js HTTP/1.1" 404 -
INFO:werkzeug:127.0.0.1 - - [08/Dec/2019 22:50:39] "GET /assets/js/material-dashboard.js?v=2.1.1 HTTP/1.1" 404 -
INFO:werkzeug:127.0.0.1 - - [08/Dec/2019 22:50:42] "GET /img HTTP/1.1" 200 -
INFO:werkzeug:127.0.0.1 - - [08/Dec/2019 22:50:42] "GET /assets/js/core/jquery.min.js HTTP/1.1" 404 -
INFO:werkzeug:127.0.0.1 - - [08/Dec/2019 22:50:42] "GET /assets/js/core/popper.min.js HTTP/1.1" 404 -
INFO:werkzeug:127.0.0.1 - - [08/Dec/2019 22:50:42] "GET /assets/js/plugins/perfect-scrollbar.jquery.min.js HTTP/1.1" 404 -
INFO:werkzeug:127.0.0.1 - - [08/Dec/2019 22:50:42] "GET /assets/js/core/bootstrap-material-design.min.js HTTP/1.1" 404 -
INFO:werkzeug:127.0.0.1 - - [08/Dec/2019 22:50:42] "GET /assets/js/plugins/chartist.min.js HTTP/1.1" 404 -
INFO:werkzeug:127.0.0.1 - - [08/Dec/2019 22:50:42] "GET /assets/js/plugins/bootstrap-notify.js HTTP/1.1" 404 -
INFO:werkzeug:127.0.0.1 - - [08/Dec/2019 22:50:42] "GET /assets/js/material-dashboard.js?v=2.1.1 HTTP/1.1" 404 -
INFO:werkzeug:127.0.0.1 - - [08/Dec/2019 22:50:45] "POST /submit_message HTTP/1.1" 500 -
INFO:werkzeug:127.0.0.1 - - [08/Dec/2019 22:50:46] "GET /submit_message?__debugger__=yes&cmd=resource&f=style.css HTTP/1.1" 200 -
INFO:werkzeug:127.0.0.1 - - [08/Dec/2019 22:50:46] "GET /submit_message?__debugger__=yes&cmd=resource&f=jquery.js HTTP/1.1" 200 -
INFO:werkzeug:127.0.0.1 - - [08/Dec/2019 22:50:46] "GET /submit_message?__debugger__=yes&cmd=resource&f=debugger.js HTTP/1.1" 200 -
INFO:werkzeug:127.0.0.1 - - [08/Dec/2019 22:50:46] "GET /submit_message?__debugger__=yes&cmd=resource&f=ubuntu.ttf HTTP/1.1" 200 -
INFO:werkzeug:127.0.0.1 - - [08/Dec/2019 22:50:46] "GET /submit_message?__debugger__=yes&cmd=resource&f=console.png HTTP/1.1" 200 -
INFO:werkzeug: * Detected change in 'C:\\Users\\ARTALL\\Desktop\\web_service_2 쌔거\\app.py', reloading
INFO:werkzeug: * Restarting with stat
WARNING:werkzeug: * Debugger is active!
INFO:werkzeug: * Debugger PIN: 791-056-875
INFO:werkzeug: * Running on http://localhost:8080/ (Press CTRL+C to quit)
INFO:werkzeug:127.0.0.1 - - [08/Dec/2019 22:53:45] "POST /submit_message HTTP/1.1" 302 -
INFO:werkzeug:127.0.0.1 - - [08/Dec/2019 22:53:45] "GET /img HTTP/1.1" 200 -
INFO:werkzeug:127.0.0.1 - - [08/Dec/2019 22:53:45] "GET /assets/js/core/jquery.min.js HTTP/1.1" 404 -
INFO:werkzeug:127.0.0.1 - - [08/Dec/2019 22:53:45] "GET /assets/js/core/popper.min.js HTTP/1.1" 404 -
INFO:werkzeug:127.0.0.1 - - [08/Dec/2019 22:53:45] "GET /assets/js/core/bootstrap-material-design.min.js HTTP/1.1" 404 -
INFO:werkzeug:127.0.0.1 - - [08/Dec/2019 22:53:45] "GET /assets/js/plugins/perfect-scrollbar.jquery.min.js HTTP/1.1" 404 -
INFO:werkzeug:127.0.0.1 - - [08/Dec/2019 22:53:45] "GET /assets/js/plugins/chartist.min.js HTTP/1.1" 404 -
INFO:werkzeug:127.0.0.1 - - [08/Dec/2019 22:53:45] "GET /assets/js/plugins/bootstrap-notify.js HTTP/1.1" 404 -
INFO:werkzeug:127.0.0.1 - - [08/Dec/2019 22:53:46] "GET /assets/js/material-dashboard.js?v=2.1.1 HTTP/1.1" 404 -
INFO:werkzeug:127.0.0.1 - - [08/Dec/2019 22:53:49] "POST /submit_message HTTP/1.1" 302 -
INFO:werkzeug:127.0.0.1 - - [08/Dec/2019 22:53:49] "GET /img HTTP/1.1" 200 -
INFO:werkzeug:127.0.0.1 - - [08/Dec/2019 22:53:49] "GET /assets/js/core/bootstrap-material-design.min.js HTTP/1.1" 404 -
INFO:werkzeug:127.0.0.1 - - [08/Dec/2019 22:53:50] "GET /assets/js/plugins/perfect-scrollbar.jquery.min.js HTTP/1.1" 404 -
INFO:werkzeug:127.0.0.1 - - [08/Dec/2019 22:53:50] "GET /assets/js/core/jquery.min.js HTTP/1.1" 404 -
INFO:werkzeug:127.0.0.1 - - [08/Dec/2019 22:53:50] "GET /assets/js/core/popper.min.js HTTP/1.1" 404 -
INFO:werkzeug:127.0.0.1 - - [08/Dec/2019 22:53:50] "GET /assets/js/plugins/chartist.min.js HTTP/1.1" 404 -
INFO:werkzeug:127.0.0.1 - - [08/Dec/2019 22:53:50] "GET /assets/js/plugins/bootstrap-notify.js HTTP/1.1" 404 -
INFO:werkzeug:127.0.0.1 - - [08/Dec/2019 22:53:50] "GET /assets/js/material-dashboard.js?v=2.1.1 HTTP/1.1" 404 -
INFO:werkzeug:127.0.0.1 - - [08/Dec/2019 22:53:50] "GET /assets/js/core/bootstrap-material-design.min.js HTTP/1.1" 404 -
INFO:werkzeug:127.0.0.1 - - [08/Dec/2019 22:53:50] "GET /assets/js/plugins/perfect-scrollbar.jquery.min.js HTTP/1.1" 404 -
INFO:werkzeug:127.0.0.1 - - [08/Dec/2019 22:53:50] "GET /assets/js/plugins/chartist.min.js HTTP/1.1" 404 -
INFO:werkzeug:127.0.0.1 - - [08/Dec/2019 22:53:51] "GET /assets/js/plugins/bootstrap-notify.js HTTP/1.1" 404 -
INFO:werkzeug:127.0.0.1 - - [08/Dec/2019 22:53:51] "GET /assets/js/material-dashboard.js?v=2.1.1 HTTP/1.1" 404 -
INFO:werkzeug:127.0.0.1 - - [08/Dec/2019 22:53:55] "GET /auth/signup HTTP/1.1" 200 -
INFO:werkzeug:127.0.0.1 - - [08/Dec/2019 22:53:55] "GET /auth/assets/js/core/jquery.min.js HTTP/1.1" 404 -
INFO:werkzeug:127.0.0.1 - - [08/Dec/2019 22:53:55] "GET /auth/assets/js/core/popper.min.js HTTP/1.1" 404 -
INFO:werkzeug:127.0.0.1 - - [08/Dec/2019 22:53:55] "GET /auth/assets/js/core/bootstrap-material-design.min.js HTTP/1.1" 404 -
INFO:werkzeug:127.0.0.1 - - [08/Dec/2019 22:53:55] "GET /auth/assets/js/plugins/perfect-scrollbar.jquery.min.js HTTP/1.1" 404 -
INFO:werkzeug:127.0.0.1 - - [08/Dec/2019 22:53:55] "GET /auth/assets/js/plugins/chartist.min.js HTTP/1.1" 404 -
INFO:werkzeug:127.0.0.1 - - [08/Dec/2019 22:53:55] "GET /auth/assets/js/plugins/bootstrap-notify.js HTTP/1.1" 404 -
INFO:werkzeug:127.0.0.1 - - [08/Dec/2019 22:53:55] "GET /auth/assets/js/material-dashboard.js?v=2.1.1 HTTP/1.1" 404 -
INFO:werkzeug:127.0.0.1 - - [08/Dec/2019 22:53:56] "GET /auth/assets/js/plugins/chartist.min.js HTTP/1.1" 404 -
INFO:werkzeug:127.0.0.1 - - [08/Dec/2019 22:53:56] "GET /auth/assets/js/plugins/bootstrap-notify.js HTTP/1.1" 404 -
INFO:werkzeug:127.0.0.1 - - [08/Dec/2019 22:53:56] "GET /auth/assets/js/material-dashboard.js?v=2.1.1 HTTP/1.1" 404 -
INFO:werkzeug:127.0.0.1 - - [08/Dec/2019 22:54:00] "GET /auth/login HTTP/1.1" 200 -
INFO:werkzeug:127.0.0.1 - - [08/Dec/2019 22:54:00] "GET /auth/assets/js/core/popper.min.js HTTP/1.1" 404 -
INFO:werkzeug:127.0.0.1 - - [08/Dec/2019 22:54:00] "GET /auth/assets/js/core/bootstrap-material-design.min.js HTTP/1.1" 404 -
INFO:werkzeug:127.0.0.1 - - [08/Dec/2019 22:54:00] "GET /auth/assets/js/plugins/bootstrap-notify.js HTTP/1.1" 404 -
INFO:werkzeug:127.0.0.1 - - [08/Dec/2019 22:54:00] "GET /auth/assets/js/core/jquery.min.js HTTP/1.1" 404 -
INFO:werkzeug:127.0.0.1 - - [08/Dec/2019 22:54:00] "GET /auth/assets/js/plugins/perfect-scrollbar.jquery.min.js HTTP/1.1" 404 -
INFO:werkzeug:127.0.0.1 - - [08/Dec/2019 22:54:00] "GET /auth/assets/js/plugins/chartist.min.js HTTP/1.1" 404 -
INFO:werkzeug:127.0.0.1 - - [08/Dec/2019 22:54:00] "GET /auth/assets/js/material-dashboard.js?v=2.1.1 HTTP/1.1" 404 -
INFO:werkzeug:127.0.0.1 - - [08/Dec/2019 22:54:00] "GET /auth/assets/js/core/popper.min.js HTTP/1.1" 404 -
INFO:werkzeug:127.0.0.1 - - [08/Dec/2019 22:54:01] "GET /auth/assets/js/core/bootstrap-material-design.min.js HTTP/1.1" 404 -
INFO:werkzeug:127.0.0.1 - - [08/Dec/2019 22:54:01] "GET /auth/assets/js/plugins/perfect-scrollbar.jquery.min.js HTTP/1.1" 404 -
INFO:werkzeug:127.0.0.1 - - [08/Dec/2019 22:54:01] "GET /auth/assets/js/plugins/chartist.min.js HTTP/1.1" 404 -
INFO:werkzeug:127.0.0.1 - - [08/Dec/2019 22:54:01] "GET /auth/assets/js/plugins/bootstrap-notify.js HTTP/1.1" 404 -
INFO:werkzeug:127.0.0.1 - - [08/Dec/2019 22:54:01] "GET /auth/assets/js/material-dashboard.js?v=2.1.1 HTTP/1.1" 404 -
INFO:werkzeug:127.0.0.1 - - [08/Dec/2019 22:54:04] "GET /auth/kakao_oauth_redirect?code=dOj3HoGaQOwxehjRjFLodwf_PQI1cBQRmYdqqX6jcGX4IPN8LSX6CP3RR9nMzqcaA_dbtgo9dZoAAAFu5cnkpQ HTTP/1.1" 302 -
INFO:werkzeug:127.0.0.1 - - [08/Dec/2019 22:54:04] "GET /auth/login HTTP/1.1" 200 -
INFO:werkzeug:127.0.0.1 - - [08/Dec/2019 22:54:04] "GET /auth/assets/js/core/jquery.min.js HTTP/1.1" 404 -
INFO:werkzeug:127.0.0.1 - - [08/Dec/2019 22:54:04] "GET /auth/assets/js/core/popper.min.js HTTP/1.1" 404 -
INFO:werkzeug:127.0.0.1 - - [08/Dec/2019 22:54:04] "GET /auth/assets/js/core/bootstrap-material-design.min.js HTTP/1.1" 404 -
INFO:werkzeug:127.0.0.1 - - [08/Dec/2019 22:54:04] "GET /auth/assets/js/plugins/perfect-scrollbar.jquery.min.js HTTP/1.1" 404 -
INFO:werkzeug:127.0.0.1 - - [08/Dec/2019 22:54:04] "GET /auth/assets/js/plugins/chartist.min.js HTTP/1.1" 404 -
INFO:werkzeug:127.0.0.1 - - [08/Dec/2019 22:54:04] "GET /auth/assets/js/plugins/bootstrap-notify.js HTTP/1.1" 404 -
INFO:werkzeug:127.0.0.1 - - [08/Dec/2019 22:54:04] "GET /auth/assets/js/material-dashboard.js?v=2.1.1 HTTP/1.1" 404 -
INFO:werkzeug:127.0.0.1 - - [08/Dec/2019 22:54:13] "POST /auth/login HTTP/1.1" 302 -
INFO:werkzeug:127.0.0.1 - - [08/Dec/2019 22:54:13] "GET / HTTP/1.1" 200 -
INFO:werkzeug:127.0.0.1 - - [08/Dec/2019 22:54:13] "GET /assets/js/core/jquery.min.js HTTP/1.1" 404 -
INFO:werkzeug:127.0.0.1 - - [08/Dec/2019 22:54:13] "GET /assets/js/core/popper.min.js HTTP/1.1" 404 -
INFO:werkzeug:127.0.0.1 - - [08/Dec/2019 22:54:13] "GET /assets/js/core/bootstrap-material-design.min.js HTTP/1.1" 404 -
INFO:werkzeug:127.0.0.1 - - [08/Dec/2019 22:54:13] "GET /assets/js/plugins/perfect-scrollbar.jquery.min.js HTTP/1.1" 404 -
INFO:werkzeug:127.0.0.1 - - [08/Dec/2019 22:54:13] "GET /assets/js/plugins/chartist.min.js HTTP/1.1" 404 -
INFO:werkzeug:127.0.0.1 - - [08/Dec/2019 22:54:13] "GET /assets/js/plugins/bootstrap-notify.js HTTP/1.1" 404 -
INFO:werkzeug:127.0.0.1 - - [08/Dec/2019 22:54:13] "GET /assets/js/material-dashboard.js?v=2.1.1 HTTP/1.1" 404 -
INFO:werkzeug:127.0.0.1 - - [08/Dec/2019 22:54:19] "GET /menus/uploads HTTP/1.1" 200 -
INFO:werkzeug:127.0.0.1 - - [08/Dec/2019 22:54:19] "GET /menus/assets/js/core/popper.min.js HTTP/1.1" 404 -
INFO:werkzeug:127.0.0.1 - - [08/Dec/2019 22:54:19] "GET /menus/assets/js/core/bootstrap-material-design.min.js HTTP/1.1" 404 -
INFO:werkzeug:127.0.0.1 - - [08/Dec/2019 22:54:19] "GET /menus/assets/js/plugins/perfect-scrollbar.jquery.min.js HTTP/1.1" 404 -
INFO:werkzeug:127.0.0.1 - - [08/Dec/2019 22:54:19] "GET /menus/assets/js/core/jquery.min.js HTTP/1.1" 404 -
INFO:werkzeug:127.0.0.1 - - [08/Dec/2019 22:54:19] "GET /menus/assets/js/plugins/chartist.min.js HTTP/1.1" 404 -
INFO:werkzeug:127.0.0.1 - - [08/Dec/2019 22:54:19] "GET /menus/assets/js/plugins/bootstrap-notify.js HTTP/1.1" 404 -
INFO:werkzeug:127.0.0.1 - - [08/Dec/2019 22:54:19] "GET /menus/assets/js/material-dashboard.js?v=2.1.1 HTTP/1.1" 404 -
INFO:werkzeug:127.0.0.1 - - [08/Dec/2019 22:54:19] "GET /menus/assets/js/core/popper.min.js HTTP/1.1" 404 -
INFO:werkzeug:127.0.0.1 - - [08/Dec/2019 22:54:20] "GET /menus/assets/js/core/bootstrap-material-design.min.js HTTP/1.1" 404 -
INFO:werkzeug:127.0.0.1 - - [08/Dec/2019 22:54:20] "GET /menus/assets/js/plugins/perfect-scrollbar.jquery.min.js HTTP/1.1" 404 -
INFO:werkzeug:127.0.0.1 - - [08/Dec/2019 22:54:20] "GET /menus/assets/js/plugins/chartist.min.js HTTP/1.1" 404 -
INFO:werkzeug:127.0.0.1 - - [08/Dec/2019 22:54:20] "GET /menus/assets/js/plugins/bootstrap-notify.js HTTP/1.1" 404 -
INFO:werkzeug:127.0.0.1 - - [08/Dec/2019 22:54:20] "GET /menus/assets/js/material-dashboard.js?v=2.1.1 HTTP/1.1" 404 -
INFO:werkzeug:127.0.0.1 - - [08/Dec/2019 22:54:21] "GET /assets/js/core/popper.min.js HTTP/1.1" 404 -
INFO:werkzeug:127.0.0.1 - - [08/Dec/2019 22:54:21] "GET /assets/js/core/bootstrap-material-design.min.js HTTP/1.1" 404 -
INFO:werkzeug:127.0.0.1 - - [08/Dec/2019 22:54:21] "GET /assets/js/plugins/perfect-scrollbar.jquery.min.js HTTP/1.1" 404 -
INFO:werkzeug:127.0.0.1 - - [08/Dec/2019 22:54:25] "GET /img HTTP/1.1" 200 -
INFO:werkzeug:127.0.0.1 - - [08/Dec/2019 22:54:25] "GET /assets/js/core/jquery.min.js HTTP/1.1" 404 -
INFO:werkzeug:127.0.0.1 - - [08/Dec/2019 22:54:25] "GET /assets/js/core/popper.min.js HTTP/1.1" 404 -
INFO:werkzeug:127.0.0.1 - - [08/Dec/2019 22:54:25] "GET /assets/js/core/popper.min.js HTTP/1.1" 404 -
INFO:werkzeug:127.0.0.1 - - [08/Dec/2019 22:54:25] "GET /assets/js/core/bootstrap-material-design.min.js HTTP/1.1" 404 -
INFO:werkzeug:127.0.0.1 - - [08/Dec/2019 22:54:25] "GET /assets/js/plugins/perfect-scrollbar.jquery.min.js HTTP/1.1" 404 -
INFO:werkzeug:127.0.0.1 - - [08/Dec/2019 22:54:25] "GET /assets/js/plugins/chartist.min.js HTTP/1.1" 404 -
INFO:werkzeug:127.0.0.1 - - [08/Dec/2019 22:54:25] "GET /assets/js/plugins/bootstrap-notify.js HTTP/1.1" 404 -
INFO:werkzeug:127.0.0.1 - - [08/Dec/2019 22:54:25] "GET /assets/js/material-dashboard.js?v=2.1.1 HTTP/1.1" 404 -
INFO:werkzeug:127.0.0.1 - - [08/Dec/2019 22:54:29] "POST /submit_message HTTP/1.1" 302 -
INFO:werkzeug:127.0.0.1 - - [08/Dec/2019 22:54:29] "GET /img HTTP/1.1" 200 -
INFO:werkzeug:127.0.0.1 - - [08/Dec/2019 22:54:29] "GET /assets/js/core/popper.min.js HTTP/1.1" 404 -
INFO:werkzeug:127.0.0.1 - - [08/Dec/2019 22:54:29] "GET /assets/js/core/jquery.min.js HTTP/1.1" 404 -
INFO:werkzeug:127.0.0.1 - - [08/Dec/2019 22:54:29] "GET /assets/js/core/bootstrap-material-design.min.js HTTP/1.1" 404 -
INFO:werkzeug:127.0.0.1 - - [08/Dec/2019 22:54:29] "GET /assets/js/plugins/perfect-scrollbar.jquery.min.js HTTP/1.1" 404 -
INFO:werkzeug:127.0.0.1 - - [08/Dec/2019 22:54:29] "GET /assets/js/plugins/chartist.min.js HTTP/1.1" 404 -
INFO:werkzeug:127.0.0.1 - - [08/Dec/2019 22:54:29] "GET /assets/js/plugins/bootstrap-notify.js HTTP/1.1" 404 -
INFO:werkzeug:127.0.0.1 - - [08/Dec/2019 22:54:29] "GET /assets/js/material-dashboard.js?v=2.1.1 HTTP/1.1" 404 -
INFO:werkzeug:127.0.0.1 - - [08/Dec/2019 22:54:30] "GET /assets/js/core/popper.min.js HTTP/1.1" 404 -
INFO:werkzeug:127.0.0.1 - - [08/Dec/2019 22:54:30] "GET /assets/js/core/bootstrap-material-design.min.js HTTP/1.1" 404 -
INFO:werkzeug:127.0.0.1 - - [08/Dec/2019 22:54:30] "GET /assets/js/plugins/perfect-scrollbar.jquery.min.js HTTP/1.1" 404 -
INFO:werkzeug:127.0.0.1 - - [08/Dec/2019 22:54:30] "GET /assets/js/plugins/chartist.min.js HTTP/1.1" 404 -
INFO:werkzeug:127.0.0.1 - - [08/Dec/2019 22:54:31] "GET /assets/js/plugins/bootstrap-notify.js HTTP/1.1" 404 -
INFO:werkzeug:127.0.0.1 - - [08/Dec/2019 22:54:31] "GET /assets/js/material-dashboard.js?v=2.1.1 HTTP/1.1" 404 -
INFO:werkzeug: * Restarting with stat
WARNING:werkzeug: * Debugger is active!
INFO:werkzeug: * Debugger PIN: 248-030-515
INFO:werkzeug: * Running on http://localhost:8080/ (Press CTRL+C to quit)
INFO:werkzeug:127.0.0.1 - - [10/Dec/2019 11:25:59] "GET / HTTP/1.1" 200 -
INFO:werkzeug:127.0.0.1 - - [10/Dec/2019 11:25:59] "GET /static/assets/css/material-dashboard.css?v=2.1.1 HTTP/1.1" 200 -
INFO:werkzeug:127.0.0.1 - - [10/Dec/2019 11:25:59] "GET /assets/js/plugins/chartist.min.js HTTP/1.1" 404 -
INFO:werkzeug:127.0.0.1 - - [10/Dec/2019 11:25:59] "GET /assets/js/plugins/perfect-scrollbar.jquery.min.js HTTP/1.1" 404 -
INFO:werkzeug:127.0.0.1 - - [10/Dec/2019 11:25:59] "GET /assets/js/plugins/bootstrap-notify.js HTTP/1.1" 404 -
INFO:werkzeug:127.0.0.1 - - [10/Dec/2019 11:25:59] "GET /assets/js/material-dashboard.js?v=2.1.1 HTTP/1.1" 404 -
INFO:werkzeug:127.0.0.1 - - [10/Dec/2019 11:25:59] "GET /static/css/mainpage.css HTTP/1.1" 200 -
INFO:werkzeug:127.0.0.1 - - [10/Dec/2019 11:25:59] "GET /static/css/upload.css HTTP/1.1" 200 -
INFO:werkzeug:127.0.0.1 - - [10/Dec/2019 11:25:59] "GET /static/css/img.css HTTP/1.1" 200 -
INFO:werkzeug:127.0.0.1 - - [10/Dec/2019 11:25:59] "GET /assets/js/core/jquery.min.js HTTP/1.1" 404 -
INFO:werkzeug:127.0.0.1 - - [10/Dec/2019 11:25:59] "GET /assets/js/core/popper.min.js HTTP/1.1" 404 -
INFO:werkzeug:127.0.0.1 - - [10/Dec/2019 11:25:59] "GET /assets/js/core/bootstrap-material-design.min.js HTTP/1.1" 404 -
INFO:werkzeug:127.0.0.1 - - [10/Dec/2019 11:25:59] "GET /assets/js/plugins/perfect-scrollbar.jquery.min.js HTTP/1.1" 404 -
INFO:werkzeug:127.0.0.1 - - [10/Dec/2019 11:25:59] "GET /assets/js/plugins/chartist.min.js HTTP/1.1" 404 -
INFO:werkzeug:127.0.0.1 - - [10/Dec/2019 11:25:59] "GET /assets/js/plugins/bootstrap-notify.js HTTP/1.1" 404 -
INFO:werkzeug:127.0.0.1 - - [10/Dec/2019 11:25:59] "GET /assets/js/material-dashboard.js?v=2.1.1 HTTP/1.1" 404 -
INFO:werkzeug:127.0.0.1 - - [10/Dec/2019 11:26:00] "GET /favicon.ico HTTP/1.1" 404 -
INFO:werkzeug:127.0.0.1 - - [10/Dec/2019 11:26:01] "GET /auth/login HTTP/1.1" 200 -
INFO:werkzeug:127.0.0.1 - - [10/Dec/2019 11:26:01] "GET /auth/assets/js/core/jquery.min.js HTTP/1.1" 404 -
INFO:werkzeug:127.0.0.1 - - [10/Dec/2019 11:26:01] "GET /auth/assets/js/core/bootstrap-material-design.min.js HTTP/1.1" 404 -
INFO:werkzeug:127.0.0.1 - - [10/Dec/2019 11:26:01] "GET /auth/assets/js/core/popper.min.js HTTP/1.1" 404 -
INFO:werkzeug:127.0.0.1 - - [10/Dec/2019 11:26:01] "GET /auth/assets/js/plugins/perfect-scrollbar.jquery.min.js HTTP/1.1" 404 -
INFO:werkzeug:127.0.0.1 - - [10/Dec/2019 11:26:02] "GET /auth/assets/js/plugins/chartist.min.js HTTP/1.1" 404 -
INFO:werkzeug:127.0.0.1 - - [10/Dec/2019 11:26:02] "GET /auth/assets/js/plugins/bootstrap-notify.js HTTP/1.1" 404 -
INFO:werkzeug:127.0.0.1 - - [10/Dec/2019 11:26:02] "GET /auth/assets/js/material-dashboard.js?v=2.1.1 HTTP/1.1" 404 -
INFO:werkzeug:127.0.0.1 - - [10/Dec/2019 11:26:02] "GET /auth/assets/js/core/bootstrap-material-design.min.js HTTP/1.1" 404 -
INFO:werkzeug:127.0.0.1 - - [10/Dec/2019 11:26:02] "GET /static/images/kakao_account_login_btn_medium_narrow.png HTTP/1.1" 304 -
INFO:werkzeug:127.0.0.1 - - [10/Dec/2019 11:26:02] "GET /auth/assets/js/plugins/perfect-scrollbar.jquery.min.js HTTP/1.1" 404 -
INFO:werkzeug:127.0.0.1 - - [10/Dec/2019 11:26:02] "GET /auth/assets/js/plugins/chartist.min.js HTTP/1.1" 404 -
INFO:werkzeug:127.0.0.1 - - [10/Dec/2019 11:26:03] "GET /auth/assets/js/plugins/bootstrap-notify.js HTTP/1.1" 404 -
INFO:werkzeug:127.0.0.1 - - [10/Dec/2019 11:26:03] "GET /auth/assets/js/material-dashboard.js?v=2.1.1 HTTP/1.1" 404 -
INFO:werkzeug:127.0.0.1 - - [10/Dec/2019 11:26:12] "GET /auth/kakao_oauth_redirect?code=mVlvieYec4IjtUdJQSOeFbDr4JJeEBLPkhBSPhz7w8B9PnASyPfhdAaS5Ret96rrsLV6qgo9dZoAAAFu7aFTKA HTTP/1.1" 302 -
INFO:werkzeug:127.0.0.1 - - [10/Dec/2019 11:26:12] "GET /auth/login HTTP/1.1" 200 -
INFO:werkzeug:127.0.0.1 - - [10/Dec/2019 11:26:12] "GET /auth/assets/js/core/popper.min.js HTTP/1.1" 404 -
INFO:werkzeug:127.0.0.1 - - [10/Dec/2019 11:26:12] "GET /auth/assets/js/core/jquery.min.js HTTP/1.1" 404 -
INFO:werkzeug:127.0.0.1 - - [10/Dec/2019 11:26:12] "GET /auth/assets/js/core/bootstrap-material-design.min.js HTTP/1.1" 404 -
INFO:werkzeug:127.0.0.1 - - [10/Dec/2019 11:26:12] "GET /auth/assets/js/plugins/perfect-scrollbar.jquery.min.js HTTP/1.1" 404 -
INFO:werkzeug:127.0.0.1 - - [10/Dec/2019 11:26:12] "GET /auth/assets/js/plugins/chartist.min.js HTTP/1.1" 404 -
INFO:werkzeug:127.0.0.1 - - [10/Dec/2019 11:26:12] "GET /auth/assets/js/plugins/bootstrap-notify.js HTTP/1.1" 404 -
INFO:werkzeug:127.0.0.1 - - [10/Dec/2019 11:26:12] "GET /auth/assets/js/material-dashboard.js?v=2.1.1 HTTP/1.1" 404 -
INFO:werkzeug:127.0.0.1 - - [10/Dec/2019 11:26:13] "GET /auth/assets/js/core/popper.min.js HTTP/1.1" 404 -
INFO:werkzeug:127.0.0.1 - - [10/Dec/2019 11:26:13] "GET /auth/assets/js/core/bootstrap-material-design.min.js HTTP/1.1" 404 -
INFO:werkzeug:127.0.0.1 - - [10/Dec/2019 11:26:13] "GET /auth/assets/js/plugins/perfect-scrollbar.jquery.min.js HTTP/1.1" 404 -
INFO:werkzeug:127.0.0.1 - - [10/Dec/2019 11:26:13] "GET /auth/assets/js/plugins/chartist.min.js HTTP/1.1" 404 -
INFO:werkzeug:127.0.0.1 - - [10/Dec/2019 11:26:13] "GET /auth/assets/js/plugins/bootstrap-notify.js HTTP/1.1" 404 -
INFO:werkzeug:127.0.0.1 - - [10/Dec/2019 11:26:13] "GET /auth/assets/js/material-dashboard.js?v=2.1.1 HTTP/1.1" 404 -
INFO:werkzeug:127.0.0.1 - - [10/Dec/2019 11:26:20] "POST /auth/login HTTP/1.1" 302 -
INFO:werkzeug:127.0.0.1 - - [10/Dec/2019 11:26:20] "GET / HTTP/1.1" 200 -
INFO:werkzeug:127.0.0.1 - - [10/Dec/2019 11:26:20] "GET /assets/js/plugins/chartist.min.js HTTP/1.1" 404 -
INFO:werkzeug:127.0.0.1 - - [10/Dec/2019 11:26:20] "GET /assets/js/plugins/perfect-scrollbar.jquery.min.js HTTP/1.1" 404 -
INFO:werkzeug:127.0.0.1 - - [10/Dec/2019 11:26:20] "GET /assets/js/core/popper.min.js HTTP/1.1" 404 -
INFO:werkzeug:127.0.0.1 - - [10/Dec/2019 11:26:20] "GET /assets/js/core/jquery.min.js HTTP/1.1" 404 -
INFO:werkzeug:127.0.0.1 - - [10/Dec/2019 11:26:20] "GET /assets/js/core/bootstrap-material-design.min.js HTTP/1.1" 404 -
INFO:werkzeug:127.0.0.1 - - [10/Dec/2019 11:26:20] "GET /assets/js/plugins/bootstrap-notify.js HTTP/1.1" 404 -
INFO:werkzeug:127.0.0.1 - - [10/Dec/2019 11:26:20] "GET /assets/js/material-dashboard.js?v=2.1.1 HTTP/1.1" 404 -
INFO:werkzeug:127.0.0.1 - - [10/Dec/2019 11:26:20] "GET /assets/js/core/popper.min.js HTTP/1.1" 404 -
INFO:werkzeug:127.0.0.1 - - [10/Dec/2019 11:26:21] "GET /assets/js/core/bootstrap-material-design.min.js HTTP/1.1" 404 -
INFO:werkzeug:127.0.0.1 - - [10/Dec/2019 11:26:21] "GET /assets/js/plugins/perfect-scrollbar.jquery.min.js HTTP/1.1" 404 -
INFO:werkzeug:127.0.0.1 - - [10/Dec/2019 11:26:21] "GET /assets/js/plugins/chartist.min.js HTTP/1.1" 404 -
INFO:werkzeug:127.0.0.1 - - [10/Dec/2019 11:26:21] "GET /assets/js/plugins/bootstrap-notify.js HTTP/1.1" 404 -
INFO:werkzeug:127.0.0.1 - - [10/Dec/2019 11:26:21] "GET /assets/js/material-dashboard.js?v=2.1.1 HTTP/1.1" 404 -
INFO:werkzeug: * Restarting with stat
WARNING:werkzeug: * Debugger is active!
INFO:werkzeug: * Debugger PIN: 248-030-515
INFO:werkzeug: * Running on http://localhost:8080/ (Press CTRL+C to quit)
INFO:werkzeug:127.0.0.1 - - [10/Dec/2019 12:05:14] "GET / HTTP/1.1" 200 -
INFO:werkzeug:127.0.0.1 - - [10/Dec/2019 12:05:14] "GET /assets/js/core/jquery.min.js HTTP/1.1" 404 -
INFO:werkzeug:127.0.0.1 - - [10/Dec/2019 12:05:14] "GET /assets/js/core/popper.min.js HTTP/1.1" 404 -
INFO:werkzeug:127.0.0.1 - - [10/Dec/2019 12:05:14] "GET /assets/js/core/bootstrap-material-design.min.js HTTP/1.1" 404 -
INFO:werkzeug:127.0.0.1 - - [10/Dec/2019 12:05:14] "GET /assets/js/plugins/chartist.min.js HTTP/1.1" 404 -
INFO:werkzeug:127.0.0.1 - - [10/Dec/2019 12:05:14] "GET /assets/js/plugins/bootstrap-notify.js HTTP/1.1" 404 -
INFO:werkzeug:127.0.0.1 - - [10/Dec/2019 12:05:14] "GET /assets/js/plugins/perfect-scrollbar.jquery.min.js HTTP/1.1" 404 -
INFO:werkzeug:127.0.0.1 - - [10/Dec/2019 12:05:14] "GET /assets/js/material-dashboard.js?v=2.1.1 HTTP/1.1" 404 -
INFO:werkzeug:127.0.0.1 - - [10/Dec/2019 12:05:15] "GET /assets/js/plugins/chartist.min.js HTTP/1.1" 404 -
INFO:werkzeug:127.0.0.1 - - [10/Dec/2019 12:05:15] "GET /assets/js/plugins/bootstrap-notify.js HTTP/1.1" 404 -
INFO:werkzeug:127.0.0.1 - - [10/Dec/2019 12:05:15] "GET /assets/js/material-dashboard.js?v=2.1.1 HTTP/1.1" 404 -
INFO:werkzeug:127.0.0.1 - - [10/Dec/2019 12:05:16] "GET / HTTP/1.1" 200 -
INFO:werkzeug:127.0.0.1 - - [10/Dec/2019 12:05:16] "GET /assets/js/core/jquery.min.js HTTP/1.1" 404 -
INFO:werkzeug:127.0.0.1 - - [10/Dec/2019 12:05:16] "GET /assets/js/core/popper.min.js HTTP/1.1" 404 -
INFO:werkzeug:127.0.0.1 - - [10/Dec/2019 12:05:16] "GET /assets/js/core/bootstrap-material-design.min.js HTTP/1.1" 404 -
INFO:werkzeug:127.0.0.1 - - [10/Dec/2019 12:05:16] "GET /assets/js/plugins/perfect-scrollbar.jquery.min.js HTTP/1.1" 404 -
INFO:werkzeug:127.0.0.1 - - [10/Dec/2019 12:05:16] "GET /assets/js/plugins/chartist.min.js HTTP/1.1" 404 -
INFO:werkzeug:127.0.0.1 - - [10/Dec/2019 12:05:16] "GET /assets/js/plugins/bootstrap-notify.js HTTP/1.1" 404 -
INFO:werkzeug:127.0.0.1 - - [10/Dec/2019 12:05:16] "GET /assets/js/material-dashboard.js?v=2.1.1 HTTP/1.1" 404 -
INFO:werkzeug:127.0.0.1 - - [10/Dec/2019 12:05:16] "GET /assets/js/core/bootstrap-material-design.min.js HTTP/1.1" 404 -
INFO:werkzeug:127.0.0.1 - - [10/Dec/2019 12:05:17] "GET /assets/js/plugins/perfect-scrollbar.jquery.min.js HTTP/1.1" 404 -
INFO:werkzeug:127.0.0.1 - - [10/Dec/2019 12:05:17] "GET /assets/js/plugins/chartist.min.js HTTP/1.1" 404 -
INFO:werkzeug:127.0.0.1 - - [10/Dec/2019 12:05:17] "GET /assets/js/plugins/bootstrap-notify.js HTTP/1.1" 404 -
INFO:werkzeug:127.0.0.1 - - [10/Dec/2019 12:05:17] "GET /assets/js/material-dashboard.js?v=2.1.1 HTTP/1.1" 404 -
INFO:werkzeug:127.0.0.1 - - [10/Dec/2019 12:05:18] "GET /auth/login HTTP/1.1" 200 -
INFO:werkzeug:127.0.0.1 - - [10/Dec/2019 12:05:18] "GET /auth/assets/js/core/jquery.min.js HTTP/1.1" 404 -
INFO:werkzeug:127.0.0.1 - - [10/Dec/2019 12:05:18] "GET /auth/assets/js/core/popper.min.js HTTP/1.1" 404 -
INFO:werkzeug:127.0.0.1 - - [10/Dec/2019 12:05:18] "GET /auth/assets/js/plugins/perfect-scrollbar.jquery.min.js HTTP/1.1" 404 -
INFO:werkzeug:127.0.0.1 - - [10/Dec/2019 12:05:18] "GET /auth/assets/js/plugins/chartist.min.js HTTP/1.1" 404 -
INFO:werkzeug:127.0.0.1 - - [10/Dec/2019 12:05:18] "GET /auth/assets/js/core/bootstrap-material-design.min.js HTTP/1.1" 404 -
INFO:werkzeug:127.0.0.1 - - [10/Dec/2019 12:05:18] "GET /auth/assets/js/plugins/bootstrap-notify.js HTTP/1.1" 404 -
INFO:werkzeug:127.0.0.1 - - [10/Dec/2019 12:05:18] "GET /auth/assets/js/material-dashboard.js?v=2.1.1 HTTP/1.1" 404 -
INFO:werkzeug:127.0.0.1 - - [10/Dec/2019 12:05:18] "GET /auth/assets/js/core/bootstrap-material-design.min.js HTTP/1.1" 404 -
INFO:werkzeug:127.0.0.1 - - [10/Dec/2019 12:05:19] "GET /auth/assets/js/plugins/perfect-scrollbar.jquery.min.js HTTP/1.1" 404 -
INFO:werkzeug:127.0.0.1 - - [10/Dec/2019 12:05:19] "GET /auth/assets/js/plugins/chartist.min.js HTTP/1.1" 404 -
INFO:werkzeug:127.0.0.1 - - [10/Dec/2019 12:05:19] "GET /auth/assets/js/plugins/bootstrap-notify.js HTTP/1.1" 404 -
INFO:werkzeug:127.0.0.1 - - [10/Dec/2019 12:05:19] "GET /auth/assets/js/material-dashboard.js?v=2.1.1 HTTP/1.1" 404 -
INFO:werkzeug:127.0.0.1 - - [10/Dec/2019 12:05:25] "POST /auth/login HTTP/1.1" 302 -
INFO:werkzeug:127.0.0.1 - - [10/Dec/2019 12:05:25] "GET / HTTP/1.1" 200 -
INFO:werkzeug:127.0.0.1 - - [10/Dec/2019 12:05:25] "GET /assets/js/core/jquery.min.js HTTP/1.1" 404 -
INFO:werkzeug:127.0.0.1 - - [10/Dec/2019 12:05:25] "GET /assets/js/plugins/chartist.min.js HTTP/1.1" 404 -
INFO:werkzeug:127.0.0.1 - - [10/Dec/2019 12:05:25] "GET /assets/js/core/bootstrap-material-design.min.js HTTP/1.1" 404 -
INFO:werkzeug:127.0.0.1 - - [10/Dec/2019 12:05:25] "GET /assets/js/plugins/bootstrap-notify.js HTTP/1.1" 404 -
INFO:werkzeug:127.0.0.1 - - [10/Dec/2019 12:05:25] "GET /assets/js/core/popper.min.js HTTP/1.1" 404 -
INFO:werkzeug:127.0.0.1 - - [10/Dec/2019 12:05:25] "GET /assets/js/plugins/perfect-scrollbar.jquery.min.js HTTP/1.1" 404 -
INFO:werkzeug:127.0.0.1 - - [10/Dec/2019 12:05:26] "GET /assets/js/material-dashboard.js?v=2.1.1 HTTP/1.1" 404 -
INFO:werkzeug:127.0.0.1 - - [10/Dec/2019 12:05:26] "GET /assets/js/core/bootstrap-material-design.min.js HTTP/1.1" 404 -
INFO:werkzeug:127.0.0.1 - - [10/Dec/2019 12:05:26] "GET /assets/js/plugins/perfect-scrollbar.jquery.min.js HTTP/1.1" 404 -
INFO:werkzeug:127.0.0.1 - - [10/Dec/2019 12:05:26] "GET /assets/js/plugins/chartist.min.js HTTP/1.1" 404 -
INFO:werkzeug:127.0.0.1 - - [10/Dec/2019 12:05:26] "GET /assets/js/plugins/bootstrap-notify.js HTTP/1.1" 404 -
INFO:werkzeug:127.0.0.1 - - [10/Dec/2019 12:05:26] "GET /assets/js/material-dashboard.js?v=2.1.1 HTTP/1.1" 404 -
INFO:werkzeug:127.0.0.1 - - [10/Dec/2019 12:05:28] "GET /auth/logout HTTP/1.1" 302 -
INFO:werkzeug:127.0.0.1 - - [10/Dec/2019 12:05:29] "GET / HTTP/1.1" 200 -
INFO:werkzeug:127.0.0.1 - - [10/Dec/2019 12:05:29] "GET /assets/js/core/jquery.min.js HTTP/1.1" 404 -
INFO:werkzeug:127.0.0.1 - - [10/Dec/2019 12:05:29] "GET /assets/js/core/popper.min.js HTTP/1.1" 404 -
INFO:werkzeug:127.0.0.1 - - [10/Dec/2019 12:05:29] "GET /assets/js/plugins/chartist.min.js HTTP/1.1" 404 -
INFO:werkzeug:127.0.0.1 - - [10/Dec/2019 12:05:29] "GET /assets/js/plugins/perfect-scrollbar.jquery.min.js HTTP/1.1" 404 -
INFO:werkzeug:127.0.0.1 - - [10/Dec/2019 12:05:29] "GET /assets/js/plugins/bootstrap-notify.js HTTP/1.1" 404 -
INFO:werkzeug:127.0.0.1 - - [10/Dec/2019 12:05:29] "GET /assets/js/core/bootstrap-material-design.min.js HTTP/1.1" 404 -
INFO:werkzeug:127.0.0.1 - - [10/Dec/2019 12:05:29] "GET /assets/js/material-dashboard.js?v=2.1.1 HTTP/1.1" 404 -
INFO:werkzeug:127.0.0.1 - - [10/Dec/2019 12:05:29] "GET /assets/js/plugins/perfect-scrollbar.jquery.min.js HTTP/1.1" 404 -
INFO:werkzeug:127.0.0.1 - - [10/Dec/2019 12:05:30] "GET /assets/js/plugins/chartist.min.js HTTP/1.1" 404 -
INFO:werkzeug:127.0.0.1 - - [10/Dec/2019 12:05:30] "GET /assets/js/plugins/bootstrap-notify.js HTTP/1.1" 404 -
INFO:werkzeug:127.0.0.1 - - [10/Dec/2019 12:05:30] "GET /assets/js/material-dashboard.js?v=2.1.1 HTTP/1.1" 404 -
INFO:werkzeug:127.0.0.1 - - [10/Dec/2019 12:05:31] "GET /auth/login HTTP/1.1" 200 -
INFO:werkzeug:127.0.0.1 - - [10/Dec/2019 12:05:31] "GET /auth/assets/js/core/jquery.min.js HTTP/1.1" 404 -
INFO:werkzeug:127.0.0.1 - - [10/Dec/2019 12:05:31] "GET /auth/assets/js/core/popper.min.js HTTP/1.1" 404 -
INFO:werkzeug:127.0.0.1 - - [10/Dec/2019 12:05:31] "GET /auth/assets/js/core/bootstrap-material-design.min.js HTTP/1.1" 404 -
INFO:werkzeug:127.0.0.1 - - [10/Dec/2019 12:05:31] "GET /auth/assets/js/plugins/perfect-scrollbar.jquery.min.js HTTP/1.1" 404 -
INFO:werkzeug:127.0.0.1 - - [10/Dec/2019 12:05:31] "GET /auth/assets/js/plugins/bootstrap-notify.js HTTP/1.1" 404 -
INFO:werkzeug:127.0.0.1 - - [10/Dec/2019 12:05:31] "GET /auth/assets/js/plugins/chartist.min.js HTTP/1.1" 404 -
INFO:werkzeug:127.0.0.1 - - [10/Dec/2019 12:05:31] "GET /auth/assets/js/material-dashboard.js?v=2.1.1 HTTP/1.1" 404 -
INFO:werkzeug:127.0.0.1 - - [10/Dec/2019 12:05:31] "GET /auth/assets/js/core/bootstrap-material-design.min.js HTTP/1.1" 404 -
INFO:werkzeug:127.0.0.1 - - [10/Dec/2019 12:05:32] "GET /auth/assets/js/plugins/perfect-scrollbar.jquery.min.js HTTP/1.1" 404 -
INFO:werkzeug:127.0.0.1 - - [10/Dec/2019 12:05:32] "GET /auth/assets/js/plugins/chartist.min.js HTTP/1.1" 404 -
INFO:werkzeug:127.0.0.1 - - [10/Dec/2019 12:05:32] "GET /auth/assets/js/plugins/bootstrap-notify.js HTTP/1.1" 404 -
INFO:werkzeug:127.0.0.1 - - [10/Dec/2019 12:05:32] "GET /auth/assets/js/material-dashboard.js?v=2.1.1 HTTP/1.1" 404 -
INFO:werkzeug:127.0.0.1 - - [10/Dec/2019 12:05:34] "GET /auth/kakao_oauth_redirect?code=GJ4aA6hAL7cIppRQrVXPH_3cFZbw7nKEW4r5Euraj4mHicIGhqLtLFoSbjs4H4QKz9kSFwopyNgAAAFu7cVdaA HTTP/1.1" 302 -
INFO:werkzeug:127.0.0.1 - - [10/Dec/2019 12:05:34] "GET /auth/login HTTP/1.1" 200 -
INFO:werkzeug:127.0.0.1 - - [10/Dec/2019 12:05:34] "GET /auth/assets/js/core/popper.min.js HTTP/1.1" 404 -
INFO:werkzeug:127.0.0.1 - - [10/Dec/2019 12:05:34] "GET /auth/assets/js/core/jquery.min.js HTTP/1.1" 404 -
INFO:werkzeug:127.0.0.1 - - [10/Dec/2019 12:05:34] "GET /auth/assets/js/core/bootstrap-material-design.min.js HTTP/1.1" 404 -
INFO:werkzeug:127.0.0.1 - - [10/Dec/2019 12:05:34] "GET /auth/assets/js/plugins/chartist.min.js HTTP/1.1" 404 -
INFO:werkzeug:127.0.0.1 - - [10/Dec/2019 12:05:34] "GET /auth/assets/js/plugins/perfect-scrollbar.jquery.min.js HTTP/1.1" 404 -
INFO:werkzeug:127.0.0.1 - - [10/Dec/2019 12:05:34] "GET /auth/assets/js/plugins/bootstrap-notify.js HTTP/1.1" 404 -
INFO:werkzeug:127.0.0.1 - - [10/Dec/2019 12:05:34] "GET /auth/assets/js/material-dashboard.js?v=2.1.1 HTTP/1.1" 404 -
INFO:werkzeug:127.0.0.1 - - [10/Dec/2019 12:05:34] "GET /auth/assets/js/core/popper.min.js HTTP/1.1" 404 -
INFO:werkzeug:127.0.0.1 - - [10/Dec/2019 12:05:35] "GET /auth/assets/js/core/bootstrap-material-design.min.js HTTP/1.1" 404 -
INFO:werkzeug:127.0.0.1 - - [10/Dec/2019 12:05:35] "GET /auth/assets/js/plugins/perfect-scrollbar.jquery.min.js HTTP/1.1" 404 -
INFO:werkzeug:127.0.0.1 - - [10/Dec/2019 12:05:35] "GET /auth/assets/js/plugins/chartist.min.js HTTP/1.1" 404 -
INFO:werkzeug:127.0.0.1 - - [10/Dec/2019 12:05:35] "GET /auth/assets/js/plugins/bootstrap-notify.js HTTP/1.1" 404 -
INFO:werkzeug:127.0.0.1 - - [10/Dec/2019 12:05:35] "GET /auth/assets/js/material-dashboard.js?v=2.1.1 HTTP/1.1" 404 -
INFO:werkzeug:127.0.0.1 - - [10/Dec/2019 12:05:41] "POST /auth/login HTTP/1.1" 302 -
INFO:werkzeug:127.0.0.1 - - [10/Dec/2019 12:05:41] "GET / HTTP/1.1" 200 -
INFO:werkzeug:127.0.0.1 - - [10/Dec/2019 12:05:41] "GET /assets/js/core/jquery.min.js HTTP/1.1" 404 -
INFO:werkzeug:127.0.0.1 - - [10/Dec/2019 12:05:41] "GET /assets/js/core/bootstrap-material-design.min.js HTTP/1.1" 404 -
INFO:werkzeug:127.0.0.1 - - [10/Dec/2019 12:05:41] "GET /assets/js/core/popper.min.js HTTP/1.1" 404 -
INFO:werkzeug:127.0.0.1 - - [10/Dec/2019 12:05:41] "GET /assets/js/plugins/perfect-scrollbar.jquery.min.js HTTP/1.1" 404 -
INFO:werkzeug:127.0.0.1 - - [10/Dec/2019 12:05:41] "GET /assets/js/plugins/chartist.min.js HTTP/1.1" 404 -
INFO:werkzeug:127.0.0.1 - - [10/Dec/2019 12:05:41] "GET /assets/js/plugins/bootstrap-notify.js HTTP/1.1" 404 -
INFO:werkzeug:127.0.0.1 - - [10/Dec/2019 12:05:41] "GET /assets/js/material-dashboard.js?v=2.1.1 HTTP/1.1" 404 -
INFO:werkzeug:127.0.0.1 - - [10/Dec/2019 12:05:41] "GET /assets/js/core/bootstrap-material-design.min.js HTTP/1.1" 404 -
INFO:werkzeug:127.0.0.1 - - [10/Dec/2019 12:05:42] "GET /assets/js/plugins/perfect-scrollbar.jquery.min.js HTTP/1.1" 404 -
INFO:werkzeug:127.0.0.1 - - [10/Dec/2019 12:05:42] "GET /assets/js/plugins/chartist.min.js HTTP/1.1" 404 -
INFO:werkzeug:127.0.0.1 - - [10/Dec/2019 12:05:42] "GET /assets/js/plugins/bootstrap-notify.js HTTP/1.1" 404 -
INFO:werkzeug:127.0.0.1 - - [10/Dec/2019 12:05:42] "GET /assets/js/material-dashboard.js?v=2.1.1 HTTP/1.1" 404 -
INFO:werkzeug:127.0.0.1 - - [10/Dec/2019 12:05:46] "GET /img HTTP/1.1" 200 -
INFO:werkzeug:127.0.0.1 - - [10/Dec/2019 12:05:46] "GET /assets/js/core/jquery.min.js HTTP/1.1" 404 -
INFO:werkzeug:127.0.0.1 - - [10/Dec/2019 12:05:46] "GET /assets/js/core/bootstrap-material-design.min.js HTTP/1.1" 404 -
INFO:werkzeug:127.0.0.1 - - [10/Dec/2019 12:05:46] "GET /assets/js/plugins/chartist.min.js HTTP/1.1" 404 -
INFO:werkzeug:127.0.0.1 - - [10/Dec/2019 12:05:46] "GET /assets/js/plugins/perfect-scrollbar.jquery.min.js HTTP/1.1" 404 -
INFO:werkzeug:127.0.0.1 - - [10/Dec/2019 12:05:46] "GET /assets/js/core/popper.min.js HTTP/1.1" 404 -
INFO:werkzeug:127.0.0.1 - - [10/Dec/2019 12:05:46] "GET /assets/js/plugins/bootstrap-notify.js HTTP/1.1" 404 -
INFO:werkzeug:127.0.0.1 - - [10/Dec/2019 12:05:47] "GET /assets/js/material-dashboard.js?v=2.1.1 HTTP/1.1" 404 -
INFO:werkzeug:127.0.0.1 - - [10/Dec/2019 12:05:47] "GET /assets/js/core/bootstrap-material-design.min.js HTTP/1.1" 404 -
INFO:werkzeug:127.0.0.1 - - [10/Dec/2019 12:05:47] "GET /assets/js/plugins/perfect-scrollbar.jquery.min.js HTTP/1.1" 404 -
INFO:werkzeug:127.0.0.1 - - [10/Dec/2019 12:05:47] "GET /assets/js/plugins/chartist.min.js HTTP/1.1" 404 -
INFO:werkzeug:127.0.0.1 - - [10/Dec/2019 12:05:47] "GET /assets/js/plugins/bootstrap-notify.js HTTP/1.1" 404 -
INFO:werkzeug:127.0.0.1 - - [10/Dec/2019 12:05:48] "GET /assets/js/material-dashboard.js?v=2.1.1 HTTP/1.1" 404 -
INFO:werkzeug:127.0.0.1 - - [10/Dec/2019 12:05:52] "POST /submit_message HTTP/1.1" 302 -
INFO:werkzeug:127.0.0.1 - - [10/Dec/2019 12:05:53] "GET /img HTTP/1.1" 200 -
INFO:werkzeug:127.0.0.1 - - [10/Dec/2019 12:05:53] "GET /assets/js/core/jquery.min.js HTTP/1.1" 404 -
INFO:werkzeug:127.0.0.1 - - [10/Dec/2019 12:05:53] "GET /assets/js/plugins/perfect-scrollbar.jquery.min.js HTTP/1.1" 404 -
INFO:werkzeug:127.0.0.1 - - [10/Dec/2019 12:05:53] "GET /assets/js/plugins/chartist.min.js HTTP/1.1" 404 -
INFO:werkzeug:127.0.0.1 - - [10/Dec/2019 12:05:53] "GET /assets/js/core/popper.min.js HTTP/1.1" 404 -
INFO:werkzeug:127.0.0.1 - - [10/Dec/2019 12:05:53] "GET /assets/js/plugins/bootstrap-notify.js HTTP/1.1" 404 -
INFO:werkzeug:127.0.0.1 - - [10/Dec/2019 12:05:53] "GET /assets/js/core/bootstrap-material-design.min.js HTTP/1.1" 404 -
INFO:werkzeug:127.0.0.1 - - [10/Dec/2019 12:05:53] "GET /assets/js/material-dashboard.js?v=2.1.1 HTTP/1.1" 404 -
INFO:werkzeug:127.0.0.1 - - [10/Dec/2019 12:05:53] "GET /assets/js/core/bootstrap-material-design.min.js HTTP/1.1" 404 -
INFO:werkzeug:127.0.0.1 - - [10/Dec/2019 12:05:54] "GET /assets/js/plugins/perfect-scrollbar.jquery.min.js HTTP/1.1" 404 -
INFO:werkzeug:127.0.0.1 - - [10/Dec/2019 12:05:54] "GET /assets/js/plugins/chartist.min.js HTTP/1.1" 404 -
INFO:werkzeug:127.0.0.1 - - [10/Dec/2019 12:05:54] "GET /assets/js/plugins/bootstrap-notify.js HTTP/1.1" 404 -
INFO:werkzeug:127.0.0.1 - - [10/Dec/2019 12:05:54] "GET /assets/js/material-dashboard.js?v=2.1.1 HTTP/1.1" 404 -
INFO:werkzeug:127.0.0.1 - - [10/Dec/2019 12:08:45] "POST /submit_message HTTP/1.1" 302 -
INFO:werkzeug:127.0.0.1 - - [10/Dec/2019 12:08:45] "GET /img HTTP/1.1" 200 -
INFO:werkzeug:127.0.0.1 - - [10/Dec/2019 12:08:45] "GET /assets/js/core/jquery.min.js HTTP/1.1" 404 -
INFO:werkzeug:127.0.0.1 - - [10/Dec/2019 12:08:45] "GET /assets/js/core/popper.min.js HTTP/1.1" 404 -
INFO:werkzeug:127.0.0.1 - - [10/Dec/2019 12:08:45] "GET /assets/js/plugins/perfect-scrollbar.jquery.min.js HTTP/1.1" 404 -
INFO:werkzeug:127.0.0.1 - - [10/Dec/2019 12:08:45] "GET /assets/js/core/bootstrap-material-design.min.js HTTP/1.1" 404 -
INFO:werkzeug:127.0.0.1 - - [10/Dec/2019 12:08:45] "GET /assets/js/plugins/chartist.min.js HTTP/1.1" 404 -
INFO:werkzeug:127.0.0.1 - - [10/Dec/2019 12:08:45] "GET /assets/js/plugins/bootstrap-notify.js HTTP/1.1" 404 -
INFO:werkzeug:127.0.0.1 - - [10/Dec/2019 12:08:46] "GET /assets/js/material-dashboard.js?v=2.1.1 HTTP/1.1" 404 -
INFO:werkzeug:127.0.0.1 - - [10/Dec/2019 12:08:46] "GET /assets/js/core/bootstrap-material-design.min.js HTTP/1.1" 404 -
INFO:werkzeug:127.0.0.1 - - [10/Dec/2019 12:08:46] "GET /assets/js/plugins/perfect-scrollbar.jquery.min.js HTTP/1.1" 404 -
INFO:werkzeug:127.0.0.1 - - [10/Dec/2019 12:08:46] "GET /assets/js/plugins/chartist.min.js HTTP/1.1" 404 -
INFO:werkzeug:127.0.0.1 - - [10/Dec/2019 12:08:46] "GET /assets/js/plugins/bootstrap-notify.js HTTP/1.1" 404 -
INFO:werkzeug:127.0.0.1 - - [10/Dec/2019 12:08:47] "GET /assets/js/material-dashboard.js?v=2.1.1 HTTP/1.1" 404 -
INFO:werkzeug: * Detected change in 'C:\\Users\\admin\\Desktop\\web_service_2_new_ver\\app.py', reloading
INFO:werkzeug: * Restarting with stat
WARNING:werkzeug: * Debugger is active!
INFO:werkzeug: * Debugger PIN: 248-030-515
INFO:werkzeug: * Running on http://localhost:8080/ (Press CTRL+C to quit)
INFO:werkzeug:127.0.0.1 - - [10/Dec/2019 12:09:18] "GET /img HTTP/1.1" 200 -
INFO:werkzeug:127.0.0.1 - - [10/Dec/2019 12:09:18] "GET /assets/js/core/jquery.min.js HTTP/1.1" 404 -
INFO:werkzeug:127.0.0.1 - - [10/Dec/2019 12:09:18] "GET /assets/js/core/popper.min.js HTTP/1.1" 404 -
INFO:werkzeug:127.0.0.1 - - [10/Dec/2019 12:09:18] "GET /assets/js/core/bootstrap-material-design.min.js HTTP/1.1" 404 -
INFO:werkzeug:127.0.0.1 - - [10/Dec/2019 12:09:18] "GET /assets/js/plugins/perfect-scrollbar.jquery.min.js HTTP/1.1" 404 -
INFO:werkzeug:127.0.0.1 - - [10/Dec/2019 12:09:18] "GET /assets/js/plugins/chartist.min.js HTTP/1.1" 404 -
INFO:werkzeug:127.0.0.1 - - [10/Dec/2019 12:09:18] "GET /assets/js/plugins/bootstrap-notify.js HTTP/1.1" 404 -
INFO:werkzeug:127.0.0.1 - - [10/Dec/2019 12:09:19] "GET /assets/js/material-dashboard.js?v=2.1.1 HTTP/1.1" 404 -
INFO:werkzeug:127.0.0.1 - - [10/Dec/2019 12:09:26] "GET /img HTTP/1.1" 200 -
INFO:werkzeug:127.0.0.1 - - [10/Dec/2019 12:09:26] "GET /assets/js/core/jquery.min.js HTTP/1.1" 404 -
INFO:werkzeug:127.0.0.1 - - [10/Dec/2019 12:09:26] "GET /assets/js/core/bootstrap-material-design.min.js HTTP/1.1" 404 -
INFO:werkzeug:127.0.0.1 - - [10/Dec/2019 12:09:26] "GET /assets/js/core/popper.min.js HTTP/1.1" 404 -
INFO:werkzeug:127.0.0.1 - - [10/Dec/2019 12:09:26] "GET /assets/js/plugins/perfect-scrollbar.jquery.min.js HTTP/1.1" 404 -
INFO:werkzeug:127.0.0.1 - - [10/Dec/2019 12:09:26] "GET /assets/js/plugins/chartist.min.js HTTP/1.1" 404 -
INFO:werkzeug:127.0.0.1 - - [10/Dec/2019 12:09:26] "GET /assets/js/plugins/bootstrap-notify.js HTTP/1.1" 404 -
INFO:werkzeug:127.0.0.1 - - [10/Dec/2019 12:09:26] "GET /assets/js/material-dashboard.js?v=2.1.1 HTTP/1.1" 404 -
INFO:werkzeug:127.0.0.1 - - [10/Dec/2019 12:09:26] "GET /assets/js/core/bootstrap-material-design.min.js HTTP/1.1" 404 -
INFO:werkzeug:127.0.0.1 - - [10/Dec/2019 12:09:27] "GET /assets/js/plugins/perfect-scrollbar.jquery.min.js HTTP/1.1" 404 -
INFO:werkzeug:127.0.0.1 - - [10/Dec/2019 12:09:27] "GET /assets/js/plugins/chartist.min.js HTTP/1.1" 404 -
INFO:werkzeug:127.0.0.1 - - [10/Dec/2019 12:09:27] "GET /assets/js/plugins/bootstrap-notify.js HTTP/1.1" 404 -
INFO:werkzeug:127.0.0.1 - - [10/Dec/2019 12:09:27] "GET /assets/js/material-dashboard.js?v=2.1.1 HTTP/1.1" 404 -
INFO:werkzeug:127.0.0.1 - - [10/Dec/2019 12:09:31] "GET / HTTP/1.1" 200 -
INFO:werkzeug:127.0.0.1 - - [10/Dec/2019 12:09:31] "GET /assets/js/core/jquery.min.js HTTP/1.1" 404 -
INFO:werkzeug:127.0.0.1 - - [10/Dec/2019 12:09:31] "GET /assets/js/core/popper.min.js HTTP/1.1" 404 -
INFO:werkzeug:127.0.0.1 - - [10/Dec/2019 12:09:31] "GET /assets/js/core/bootstrap-material-design.min.js HTTP/1.1" 404 -
INFO:werkzeug:127.0.0.1 - - [10/Dec/2019 12:09:31] "GET /assets/js/plugins/perfect-scrollbar.jquery.min.js HTTP/1.1" 404 -
INFO:werkzeug:127.0.0.1 - - [10/Dec/2019 12:09:31] "GET /assets/js/plugins/chartist.min.js HTTP/1.1" 404 -
INFO:werkzeug:127.0.0.1 - - [10/Dec/2019 12:09:31] "GET /assets/js/plugins/bootstrap-notify.js HTTP/1.1" 404 -
INFO:werkzeug:127.0.0.1 - - [10/Dec/2019 12:09:31] "GET /assets/js/material-dashboard.js?v=2.1.1 HTTP/1.1" 404 -
INFO:werkzeug:127.0.0.1 - - [10/Dec/2019 12:09:31] "GET /assets/js/core/bootstrap-material-design.min.js HTTP/1.1" 404 -
INFO:werkzeug:127.0.0.1 - - [10/Dec/2019 12:09:32] "GET /assets/js/plugins/perfect-scrollbar.jquery.min.js HTTP/1.1" 404 -
INFO:werkzeug:127.0.0.1 - - [10/Dec/2019 12:09:32] "GET /assets/js/plugins/chartist.min.js HTTP/1.1" 404 -
INFO:werkzeug:127.0.0.1 - - [10/Dec/2019 12:09:32] "GET /assets/js/plugins/bootstrap-notify.js HTTP/1.1" 404 -
INFO:werkzeug:127.0.0.1 - - [10/Dec/2019 12:09:32] "GET /assets/js/material-dashboard.js?v=2.1.1 HTTP/1.1" 404 -
INFO:werkzeug:127.0.0.1 - - [10/Dec/2019 12:09:34] "GET /auth/login HTTP/1.1" 200 -
INFO:werkzeug:127.0.0.1 - - [10/Dec/2019 12:09:34] "GET /auth/assets/js/core/jquery.min.js HTTP/1.1" 404 -
INFO:werkzeug:127.0.0.1 - - [10/Dec/2019 12:09:34] "GET /auth/assets/js/core/popper.min.js HTTP/1.1" 404 -
INFO:werkzeug:127.0.0.1 - - [10/Dec/2019 12:09:34] "GET /auth/assets/js/core/bootstrap-material-design.min.js HTTP/1.1" 404 -
INFO:werkzeug:127.0.0.1 - - [10/Dec/2019 12:09:34] "GET /auth/assets/js/plugins/perfect-scrollbar.jquery.min.js HTTP/1.1" 404 -
INFO:werkzeug:127.0.0.1 - - [10/Dec/2019 12:09:34] "GET /auth/assets/js/plugins/chartist.min.js HTTP/1.1" 404 -
INFO:werkzeug:127.0.0.1 - - [10/Dec/2019 12:09:34] "GET /auth/assets/js/plugins/bootstrap-notify.js HTTP/1.1" 404 -
INFO:werkzeug:127.0.0.1 - - [10/Dec/2019 12:09:35] "GET /auth/assets/js/material-dashboard.js?v=2.1.1 HTTP/1.1" 404 -
INFO:werkzeug:127.0.0.1 - - [10/Dec/2019 12:09:35] "GET /auth/assets/js/plugins/chartist.min.js HTTP/1.1" 404 -
INFO:werkzeug:127.0.0.1 - - [10/Dec/2019 12:09:35] "GET /auth/assets/js/plugins/bootstrap-notify.js HTTP/1.1" 404 -
INFO:werkzeug:127.0.0.1 - - [10/Dec/2019 12:09:35] "GET /auth/assets/js/material-dashboard.js?v=2.1.1 HTTP/1.1" 404 -
INFO:werkzeug:127.0.0.1 - - [10/Dec/2019 12:09:36] "GET /auth/kakao_oauth_redirect?code=FendzBWcPGcfgFwKQi3WnUs1LYjRSn14kdN2rhwYwRruZt-a45efGxLWXmIxf17R3NRihgorDKgAAAFu7ckRvA HTTP/1.1" 302 -
INFO:werkzeug:127.0.0.1 - - [10/Dec/2019 12:09:37] "GET /auth/login HTTP/1.1" 200 -
INFO:werkzeug:127.0.0.1 - - [10/Dec/2019 12:09:37] "GET /auth/assets/js/core/jquery.min.js HTTP/1.1" 404 -
INFO:werkzeug:127.0.0.1 - - [10/Dec/2019 12:09:37] "GET /auth/assets/js/core/popper.min.js HTTP/1.1" 404 -
INFO:werkzeug:127.0.0.1 - - [10/Dec/2019 12:09:37] "GET /auth/assets/js/core/bootstrap-material-design.min.js HTTP/1.1" 404 -
INFO:werkzeug:127.0.0.1 - - [10/Dec/2019 12:09:37] "GET /auth/assets/js/plugins/perfect-scrollbar.jquery.min.js HTTP/1.1" 404 -
INFO:werkzeug:127.0.0.1 - - [10/Dec/2019 12:09:37] "GET /auth/assets/js/plugins/chartist.min.js HTTP/1.1" 404 -
INFO:werkzeug:127.0.0.1 - - [10/Dec/2019 12:09:37] "GET /auth/assets/js/plugins/bootstrap-notify.js HTTP/1.1" 404 -
INFO:werkzeug:127.0.0.1 - - [10/Dec/2019 12:09:37] "GET /auth/assets/js/material-dashboard.js?v=2.1.1 HTTP/1.1" 404 -
INFO:werkzeug:127.0.0.1 - - [10/Dec/2019 12:09:37] "GET /auth/assets/js/core/bootstrap-material-design.min.js HTTP/1.1" 404 -
INFO:werkzeug:127.0.0.1 - - [10/Dec/2019 12:09:38] "GET /auth/assets/js/plugins/perfect-scrollbar.jquery.min.js HTTP/1.1" 404 -
INFO:werkzeug:127.0.0.1 - - [10/Dec/2019 12:09:38] "GET /auth/assets/js/plugins/chartist.min.js HTTP/1.1" 404 -
INFO:werkzeug:127.0.0.1 - - [10/Dec/2019 12:09:38] "GET /auth/assets/js/plugins/bootstrap-notify.js HTTP/1.1" 404 -
INFO:werkzeug:127.0.0.1 - - [10/Dec/2019 12:09:38] "GET /auth/assets/js/material-dashboard.js?v=2.1.1 HTTP/1.1" 404 -
INFO:werkzeug:127.0.0.1 - - [10/Dec/2019 12:09:42] "POST /auth/login HTTP/1.1" 302 -
INFO:werkzeug:127.0.0.1 - - [10/Dec/2019 12:09:43] "GET / HTTP/1.1" 200 -
INFO:werkzeug:127.0.0.1 - - [10/Dec/2019 12:09:43] "GET /assets/js/core/popper.min.js HTTP/1.1" 404 -
INFO:werkzeug:127.0.0.1 - - [10/Dec/2019 12:09:43] "GET /assets/js/core/bootstrap-material-design.min.js HTTP/1.1" 404 -
INFO:werkzeug:127.0.0.1 - - [10/Dec/2019 12:09:43] "GET /assets/js/plugins/chartist.min.js HTTP/1.1" 404 -
INFO:werkzeug:127.0.0.1 - - [10/Dec/2019 12:09:43] "GET /assets/js/core/jquery.min.js HTTP/1.1" 404 -
INFO:werkzeug:127.0.0.1 - - [10/Dec/2019 12:09:43] "GET /assets/js/plugins/perfect-scrollbar.jquery.min.js HTTP/1.1" 404 -
INFO:werkzeug:127.0.0.1 - - [10/Dec/2019 12:09:43] "GET /assets/js/plugins/bootstrap-notify.js HTTP/1.1" 404 -
INFO:werkzeug:127.0.0.1 - - [10/Dec/2019 12:09:43] "GET /assets/js/material-dashboard.js?v=2.1.1 HTTP/1.1" 404 -
INFO:werkzeug:127.0.0.1 - - [10/Dec/2019 12:09:43] "GET /assets/js/core/popper.min.js HTTP/1.1" 404 -
INFO:werkzeug:127.0.0.1 - - [10/Dec/2019 12:09:43] "GET /assets/js/core/bootstrap-material-design.min.js HTTP/1.1" 404 -
INFO:werkzeug:127.0.0.1 - - [10/Dec/2019 12:09:44] "GET /assets/js/plugins/perfect-scrollbar.jquery.min.js HTTP/1.1" 404 -
INFO:werkzeug:127.0.0.1 - - [10/Dec/2019 12:09:44] "GET /assets/js/plugins/chartist.min.js HTTP/1.1" 404 -
INFO:werkzeug:127.0.0.1 - - [10/Dec/2019 12:09:44] "GET /assets/js/plugins/bootstrap-notify.js HTTP/1.1" 404 -
INFO:werkzeug:127.0.0.1 - - [10/Dec/2019 12:09:44] "GET /assets/js/material-dashboard.js?v=2.1.1 HTTP/1.1" 404 -
INFO:werkzeug:127.0.0.1 - - [10/Dec/2019 12:09:51] "GET /img HTTP/1.1" 200 -
INFO:werkzeug:127.0.0.1 - - [10/Dec/2019 12:09:51] "GET /assets/js/core/jquery.min.js HTTP/1.1" 404 -
INFO:werkzeug:127.0.0.1 - - [10/Dec/2019 12:09:51] "GET /assets/js/core/popper.min.js HTTP/1.1" 404 -
INFO:werkzeug:127.0.0.1 - - [10/Dec/2019 12:09:51] "GET /assets/js/core/bootstrap-material-design.min.js HTTP/1.1" 404 -
INFO:werkzeug:127.0.0.1 - - [10/Dec/2019 12:09:51] "GET /assets/js/plugins/chartist.min.js HTTP/1.1" 404 -
INFO:werkzeug:127.0.0.1 - - [10/Dec/2019 12:09:51] "GET /assets/js/plugins/perfect-scrollbar.jquery.min.js HTTP/1.1" 404 -
INFO:werkzeug:127.0.0.1 - - [10/Dec/2019 12:09:51] "GET /assets/js/plugins/bootstrap-notify.js HTTP/1.1" 404 -
INFO:werkzeug:127.0.0.1 - - [10/Dec/2019 12:09:52] "GET /assets/js/material-dashboard.js?v=2.1.1 HTTP/1.1" 404 -
INFO:werkzeug:127.0.0.1 - - [10/Dec/2019 12:09:52] "GET /assets/js/plugins/perfect-scrollbar.jquery.min.js HTTP/1.1" 404 -
INFO:werkzeug:127.0.0.1 - - [10/Dec/2019 12:09:52] "GET /assets/js/plugins/chartist.min.js HTTP/1.1" 404 -
INFO:werkzeug:127.0.0.1 - - [10/Dec/2019 12:09:52] "GET /assets/js/plugins/bootstrap-notify.js HTTP/1.1" 404 -
INFO:werkzeug:127.0.0.1 - - [10/Dec/2019 12:09:52] "GET /assets/js/material-dashboard.js?v=2.1.1 HTTP/1.1" 404 -
INFO:werkzeug:127.0.0.1 - - [10/Dec/2019 12:10:04] "POST /submit_message HTTP/1.1" 302 -
INFO:werkzeug:127.0.0.1 - - [10/Dec/2019 12:10:04] "GET /img HTTP/1.1" 200 -
INFO:werkzeug:127.0.0.1 - - [10/Dec/2019 12:10:04] "GET /assets/js/core/jquery.min.js HTTP/1.1" 404 -
INFO:werkzeug:127.0.0.1 - - [10/Dec/2019 12:10:04] "GET /assets/js/core/popper.min.js HTTP/1.1" 404 -
INFO:werkzeug:127.0.0.1 - - [10/Dec/2019 12:10:04] "GET /assets/js/core/bootstrap-material-design.min.js HTTP/1.1" 404 -
INFO:werkzeug:127.0.0.1 - - [10/Dec/2019 12:10:04] "GET /assets/js/plugins/chartist.min.js HTTP/1.1" 404 -
INFO:werkzeug:127.0.0.1 - - [10/Dec/2019 12:10:04] "GET /assets/js/plugins/perfect-scrollbar.jquery.min.js HTTP/1.1" 404 -
INFO:werkzeug:127.0.0.1 - - [10/Dec/2019 12:10:04] "GET /assets/js/plugins/bootstrap-notify.js HTTP/1.1" 404 -
INFO:werkzeug:127.0.0.1 - - [10/Dec/2019 12:10:04] "GET /assets/js/material-dashboard.js?v=2.1.1 HTTP/1.1" 404 -
INFO:werkzeug:127.0.0.1 - - [10/Dec/2019 12:10:04] "GET /assets/js/plugins/chartist.min.js HTTP/1.1" 404 -
INFO:werkzeug:127.0.0.1 - - [10/Dec/2019 12:10:05] "GET /assets/js/plugins/bootstrap-notify.js HTTP/1.1" 404 -
INFO:werkzeug:127.0.0.1 - - [10/Dec/2019 12:10:05] "GET /assets/js/material-dashboard.js?v=2.1.1 HTTP/1.1" 404 -
INFO:werkzeug:127.0.0.1 - - [10/Dec/2019 12:10:16] "POST /submit_message HTTP/1.1" 302 -
INFO:werkzeug:127.0.0.1 - - [10/Dec/2019 12:10:16] "GET /img HTTP/1.1" 200 -
INFO:werkzeug:127.0.0.1 - - [10/Dec/2019 12:10:17] "GET /assets/js/core/jquery.min.js HTTP/1.1" 404 -
INFO:werkzeug:127.0.0.1 - - [10/Dec/2019 12:10:17] "GET /assets/js/core/bootstrap-material-design.min.js HTTP/1.1" 404 -
INFO:werkzeug:127.0.0.1 - - [10/Dec/2019 12:10:17] "GET /assets/js/plugins/perfect-scrollbar.jquery.min.js HTTP/1.1" 404 -
INFO:werkzeug:127.0.0.1 - - [10/Dec/2019 12:10:17] "GET /assets/js/core/popper.min.js HTTP/1.1" 404 -
INFO:werkzeug:127.0.0.1 - - [10/Dec/2019 12:10:17] "GET /assets/js/plugins/chartist.min.js HTTP/1.1" 404 -
INFO:werkzeug:127.0.0.1 - - [10/Dec/2019 12:10:17] "GET /assets/js/plugins/bootstrap-notify.js HTTP/1.1" 404 -
INFO:werkzeug:127.0.0.1 - - [10/Dec/2019 12:10:17] "GET /assets/js/material-dashboard.js?v=2.1.1 HTTP/1.1" 404 -
INFO:werkzeug:127.0.0.1 - - [10/Dec/2019 12:10:17] "GET /assets/js/core/bootstrap-material-design.min.js HTTP/1.1" 404 -
INFO:werkzeug:127.0.0.1 - - [10/Dec/2019 12:10:17] "GET /assets/js/plugins/perfect-scrollbar.jquery.min.js HTTP/1.1" 404 -
INFO:werkzeug:127.0.0.1 - - [10/Dec/2019 12:10:18] "GET /assets/js/plugins/chartist.min.js HTTP/1.1" 404 -
INFO:werkzeug:127.0.0.1 - - [10/Dec/2019 12:10:18] "GET /assets/js/plugins/bootstrap-notify.js HTTP/1.1" 404 -
INFO:werkzeug:127.0.0.1 - - [10/Dec/2019 12:10:18] "GET /assets/js/material-dashboard.js?v=2.1.1 HTTP/1.1" 404 -
